; Fitter Resource Utilization by Entity ;
+--------------------------------------+----------------------+----------------------------------+---------------------------------------------------+----------------------------------+----------------------+---------------------+---------------------------+---------------+-------------------+-------+------------+------+--------------+--------------------------------------+-------------------------+--------------+
; Compilation Hierarchy Node           ; ALMs needed [=A-B+C] ; [A] ALMs used in final placement ; [B] Estimate of ALMs recoverable by dense packing ; [C] Estimate of ALMs unavailable ; ALMs used for memory ; Combinational ALUTs ; Dedicated Logic Registers ; I/O Registers ; Block Memory Bits ; M10Ks ; DSP Blocks ; Pins ; Virtual Pins ; Full Hierarchy Name                  ; Entity Name             ; Library Name ;
+--------------------------------------+----------------------+----------------------------------+---------------------------------------------------+----------------------------------+----------------------+---------------------+---------------------------+---------------+-------------------+-------+------------+------+--------------+--------------------------------------+-------------------------+--------------+
; |zhao_shell_fit_top                  ; 9876.3 (20.0)        ; 10020.4 (21.0)                   ; 166.1 (1.0)                                       ; 22.0 (0.0)                       ; 4.0 (4.0)            ; 11000 (40)          ; 16000 (80)                ; 6 (6)         ; 2200000           ; 132   ; 87         ; 10   ; 0            ; |zhao_shell_fit_top                  ; zhao_shell_fit_top      ; work         ;
;    |zhao_shell_top:u_shell           ; 7421.6 (7421.6)      ; 7650.2 (7650.2)                  ; 241.7 (241.7)                                     ; 13.1 (13.1)                     ; 0.0 (0.0)            ; 8999 (8999)         ; 14321 (14321)            ; 0 (0)         ; 2097152           ; 128   ; 84         ; 0    ; 0            ; |zhao_shell_fit_top|zhao_shell_top:u_shell ; zhao_shell_top          ; work         ;
;    |zhao_shell_fit_stimulus:u_stimulus ; 2310.4 (2310.4)   ; 2320.0 (2320.0)                  ; 10.0 (10.0)                                       ; 0.4 (0.4)                       ; 4.0 (4.0)            ; 1900 (1900)         ; 1500 (1500)              ; 6 (6)         ; 27848             ; 4     ; 3          ; 0    ; 0            ; |zhao_shell_fit_top|zhao_shell_fit_stimulus:u_stimulus ; zhao_shell_fit_stimulus ; work         ;
;    |zhao_shell_fit_gpu_sink:u_gpu_sink ; 92.4 (92.4)       ; 95.0 (95.0)                      ; 2.6 (2.6)                                         ; 0.0 (0.0)                       ; 0.0 (0.0)            ; 120 (120)           ; 1800 (1800)              ; 0 (0)         ; 0                 ; 0     ; 0          ; 0    ; 0            ; |zhao_shell_fit_top|zhao_shell_fit_gpu_sink:u_gpu_sink ; zhao_shell_fit_gpu_sink ; work         ;
;    |zhao_shell_fit_video_sink:u_video_sink ; 31.7 (31.7)   ; 33.0 (33.0)                      ; 1.3 (1.3)                                         ; 0.0 (0.0)                       ; 0.0 (0.0)            ; 48 (48)             ; 250 (250)                ; 0 (0)         ; 0                 ; 0     ; 0          ; 0    ; 0            ; |zhao_shell_fit_top|zhao_shell_fit_video_sink:u_video_sink ; zhao_shell_fit_video_sink ; work         ;
;    |zhao_shell_fit_audio_sink:u_audio_sink ; 20.2 (20.2)   ; 21.0 (21.0)                      ; 0.8 (0.8)                                         ; 0.0 (0.0)                       ; 0.0 (0.0)            ; 32 (32)             ; 130 (130)                ; 0 (0)         ; 0                 ; 0     ; 0          ; 0    ; 0            ; |zhao_shell_fit_top|zhao_shell_fit_audio_sink:u_audio_sink ; zhao_shell_fit_audio_sink ; work         ;
