; Fitter Resource Utilization by Entity ;
; Compilation Hierarchy Node           ; ALMs needed [=A-B+C] ; [A] ALMs used in final placement ; [B] Estimate of ALMs recoverable by dense packing ; [C] Estimate of ALMs unavailable ; ALMs used for memory ; Combinational ALUTs ; Dedicated Logic Registers ; I/O Registers ; Block Memory Bits ; M10Ks ; DSP Blocks ; Pins ; Virtual Pins ; Full Hierarchy Name                  ; Entity Name             ; Library Name ;
; |zhao_shell_fit_top                  ; 9876.3 (20.0)        ; 10020.4 (21.0)                   ; 166.1 (1.0)                                       ; 22.0 (0.0)                       ; 4.0 (4.0)            ; 11000 (40)          ; 16000 (80)                ; 6 (6)         ; 2200000           ; 132   ; 87         ; 10   ; 0            ; |zhao_shell_fit_top                  ; zhao_shell_fit_top      ; work         ;
;    |zhao_shell_fit_stimulus:u_stimulus ; 2310.4 (2310.4)   ; 2320.0 (2320.0)                  ; 10.0 (10.0)                                       ; 0.4 (0.4)                       ; 4.0 (4.0)            ; 1900 (1900)         ; 1500 (1500)              ; 6 (6)         ; 27848             ; 4     ; 3          ; 0    ; 0            ; |zhao_shell_fit_top|zhao_shell_fit_stimulus:u_stimulus ; zhao_shell_fit_stimulus ; work         ;
