zhao: VERILATOR_ROOT=C:\programmieren\zencrifice\.tools\oss-cad-suite\share\verilator
zhao: PATH prepended: oss-cad-suite bin+lib, winlibs cmake/ninja/g++
LINT RC 0
[1/27] Generating CMakeFiles/test_raster_edgewalk_setupcost.dir/Vzhao_raster_edgewalk.dir/Vzhao_raster_edgewalk.cpp, CMakeFiles/test_raster_edgewalk_setupcost.dir/Vzhao_raster_edgewalk.dir/Vzhao_raster_edgewalk___024root__0.cpp, CMakeFiles/test_raster_edgewalk_setupcost.dir/Vzhao_raster_edgewalk.dir/Vzhao_raster_edgewalk___024root__Slow.cpp, CMakeFiles/test_raster_edgewalk_setupcost.dir/Vzhao_raster_edgewalk.dir/Vzhao_raster_edgewalk___024root__0__Slow.cpp, CMakeFiles/test_raster_edgewalk_setupcost.dir/Vzhao_raster_edgewalk.dir/Vzhao_raster_edgewalk__Syms__Slow.cpp, CMakeFiles/test_raster_edgewalk_setupcost.dir/Vzhao_raster_edgewalk.dir/Vzhao_raster_edgewalk.cmake
- V e r i l a t i o n   R e p o r t: Verilator 5.051 devel rev v5.050-176-g7da43d830 (mod)
- Verilator: Built from 0.067 MB sources in 3 modules, into 0.213 MB in 5 C++ files needing 0.001 MB
- Verilator: Walltime 1.683 s (elab=0.059, cvt=0.560, bld=0.000); cpu 0.000 s on 1 threads; allocated 18.023 MB
[2/26] Generating CMakeFiles/test_render_textured_seam.dir/Vzhao_raster_edgewalk.dir/Vzhao_raster_edgewalk.cpp, CMakeFiles/test_render_textured_seam.dir/Vzhao_raster_edgewalk.dir/Vzhao_raster_edgewalk___024root__0.cpp, CMakeFiles/test_render_textured_seam.dir/Vzhao_raster_edgewalk.dir/Vzhao_raster_edgewalk___024root__Slow.cpp, CMakeFiles/test_render_textured_seam.dir/Vzhao_raster_edgewalk.dir/Vzhao_raster_edgewalk___024root__0__Slow.cpp, CMakeFiles/test_render_textured_seam.dir/Vzhao_raster_edgewalk.dir/Vzhao_raster_edgewalk__Syms__Slow.cpp, CMakeFiles/test_render_textured_seam.dir/Vzhao_raster_edgewalk.dir/Vzhao_raster_edgewalk.cmake
- V e r i l a t i o n   R e p o r t: Verilator 5.051 devel rev v5.050-176-g7da43d830 (mod)
- Verilator: Built from 0.067 MB sources in 3 modules, into 0.213 MB in 5 C++ files needing 0.001 MB
- Verilator: Walltime 1.446 s (elab=0.053, cvt=0.315, bld=0.000); cpu 0.328 s on 1 threads; allocated 17.984 MB
[3/25] Generating CMakeFiles/test_raster_edgewalk_directed.dir/Vzhao_raster_edgewalk.dir/Vzhao_raster_edgewalk.cpp, CMakeFiles/test_raster_edgewalk_directed.dir/Vzhao_raster_edgewalk.dir/Vzhao_raster_edgewalk___024root__0.cpp, CMakeFiles/test_raster_edgewalk_directed.dir/Vzhao_raster_edgewalk.dir/Vzhao_raster_edgewalk___024root__Slow.cpp, CMakeFiles/test_raster_edgewalk_directed.dir/Vzhao_raster_edgewalk.dir/Vzhao_raster_edgewalk___024root__0__Slow.cpp, CMakeFiles/test_raster_edgewalk_directed.dir/Vzhao_raster_edgewalk.dir/Vzhao_raster_edgewalk__Syms__Slow.cpp, CMakeFiles/test_raster_edgewalk_directed.dir/Vzhao_raster_edgewalk.dir/Vzhao_raster_edgewalk.cmake
- V e r i l a t i o n   R e p o r t: Verilator 5.051 devel rev v5.050-176-g7da43d830 (mod)
- Verilator: Built from 0.067 MB sources in 3 modules, into 0.213 MB in 5 C++ files needing 0.001 MB
- Verilator: Walltime 1.743 s (elab=0.151, cvt=0.510, bld=0.000); cpu 0.000 s on 1 threads; allocated 17.973 MB
[4/24] Generating CMakeFiles/test_raster_edgewalk_random.dir/Vzhao_raster_edgewalk.dir/Vzhao_raster_edgewalk.cpp, CMakeFiles/test_raster_edgewalk_random.dir/Vzhao_raster_edgewalk.dir/Vzhao_raster_edgewalk___024root__0.cpp, CMakeFiles/test_raster_edgewalk_random.dir/Vzhao_raster_edgewalk.dir/Vzhao_raster_edgewalk___024root__Slow.cpp, CMakeFiles/test_raster_edgewalk_random.dir/Vzhao_raster_edgewalk.dir/Vzhao_raster_edgewalk___024root__0__Slow.cpp, CMakeFiles/test_raster_edgewalk_random.dir/Vzhao_raster_edgewalk.dir/Vzhao_raster_edgewalk__Syms__Slow.cpp, CMakeFiles/test_raster_edgewalk_random.dir/Vzhao_raster_edgewalk.dir/Vzhao_raster_edgewalk.cmake
- V e r i l a t i o n   R e p o r t: Verilator 5.051 devel rev v5.050-176-g7da43d830 (mod)
- Verilator: Built from 0.067 MB sources in 3 modules, into 0.213 MB in 5 C++ files needing 0.001 MB
- Verilator: Walltime 1.659 s (elab=0.192, cvt=0.574, bld=0.000); cpu 0.281 s on 1 threads; allocated 17.949 MB
[5/23] Generating CMakeFiles/test_render_pipe_directed.dir/Vzhao_geom_bin_pipe.dir/Vzhao_geom_bin_pipe.cpp, CMakeFiles/test_render_pipe_directed.dir/Vzhao_geom_bin_pipe.dir/Vzhao_geom_bin_pipe___024root__0.cpp, CMakeFiles/test_render_pipe_directed.dir/Vzhao_geom_bin_pipe.dir/Vzhao_geom_bin_pipe__ConstPool__0__Slow.cpp, CMakeFiles/test_render_pipe_directed.dir/Vzhao_geom_bin_pipe.dir/Vzhao_geom_bin_pipe___024root__Slow.cpp, CMakeFiles/test_render_pipe_directed.dir/Vzhao_geom_bin_pipe.dir/Vzhao_geom_bin_pipe___024root__0__Slow.cpp, CMakeFiles/test_render_pipe_directed.dir/Vzhao_geom_bin_pipe.dir/Vzhao_geom_bin_pipe__Syms__Slow.cpp, CMakeFiles/test_render_pipe_directed.dir/Vzhao_geom_bin_pipe.dir/Vzhao_geom_bin_pipe.cmake
- V e r i l a t i o n   R e p o r t: Verilator 5.051 devel rev v5.050-176-g7da43d830 (mod)
- Verilator: Built from 3.544 MB sources in 18 modules, into 0.650 MB in 6 C++ files needing 0.003 MB
- Verilator: Walltime 2.673 s (elab=0.264, cvt=0.747, bld=0.000); cpu 1.016 s on 1 threads; allocated 29.484 MB
[6/22] Generating CMakeFiles/test_raster_tile_pipe_random.dir/Vzhao_raster_tile_pipe.dir/Vzhao_raster_tile_pipe.cpp, CMakeFiles/test_raster_tile_pipe_random.dir/Vzhao_raster_tile_pipe.dir/Vzhao_raster_tile_pipe___024root__0.cpp, CMakeFiles/test_raster_tile_pipe_random.dir/Vzhao_raster_tile_pipe.dir/Vzhao_raster_tile_pipe__ConstPool__0__Slow.cpp, CMakeFiles/test_raster_tile_pipe_random.dir/Vzhao_raster_tile_pipe.dir/Vzhao_raster_tile_pipe___024root__Slow.cpp, CMakeFiles/test_raster_tile_pipe_random.dir/Vzhao_raster_tile_pipe.dir/Vzhao_raster_tile_pipe___024root__0__Slow.cpp, CMakeFiles/test_raster_tile_pipe_random.dir/Vzhao_raster_tile_pipe.dir/Vzhao_raster_tile_pipe__Syms__Slow.cpp, CMakeFiles/test_raster_tile_pipe_random.dir/Vzhao_raster_tile_pipe.dir/Vzhao_raster_tile_pipe.cmake
- V e r i l a t i o n   R e p o r t: Verilator 5.051 devel rev v5.050-176-g7da43d830 (mod)
- Verilator: Built from 2.351 MB sources in 15 modules, into 0.468 MB in 6 C++ files needing 0.002 MB
- Verilator: Walltime 2.022 s (elab=0.220, cvt=0.616, bld=0.000); cpu 0.000 s on 1 threads; allocated 28.609 MB
[7/21] Generating CMakeFiles/test_render_fb_directed.dir/Vzhao_probe_render_fb.dir/Vzhao_probe_render_fb.cpp, CMakeFiles/test_render_fb_directed.dir/Vzhao_probe_render_fb.dir/Vzhao_probe_render_fb___024root__0.cpp, CMakeFiles/test_render_fb_directed.dir/Vzhao_probe_render_fb.dir/Vzhao_probe_render_fb__ConstPool__0__Slow.cpp, CMakeFiles/test_render_fb_directed.dir/Vzhao_probe_render_fb.dir/Vzhao_probe_render_fb___024root__Slow.cpp, CMakeFiles/test_render_fb_directed.dir/Vzhao_probe_render_fb.dir/Vzhao_probe_render_fb___024root__0__Slow.cpp, CMakeFiles/test_render_fb_directed.dir/Vzhao_probe_render_fb.dir/Vzhao_probe_render_fb__Syms__Slow.cpp, CMakeFiles/test_render_fb_directed.dir/Vzhao_probe_render_fb.dir/Vzhao_probe_render_fb.cmake
- V e r i l a t i o n   R e p o r t: Verilator 5.051 devel rev v5.050-176-g7da43d830 (mod)
- Verilator: Built from 4.453 MB sources in 21 modules, into 0.746 MB in 6 C++ files needing 0.003 MB
- Verilator: Walltime 3.332 s (elab=0.604, cvt=0.790, bld=0.000); cpu 0.000 s on 1 threads; allocated 30.738 MB
[8/20] Generating CMakeFiles/test_raster_tile_pipe_directed.dir/Vzhao_raster_tile_pipe.dir/Vzhao_raster_tile_pipe.cpp, CMakeFiles/test_raster_tile_pipe_directed.dir/Vzhao_raster_tile_pipe.dir/Vzhao_raster_tile_pipe___024root__0.cpp, CMakeFiles/test_raster_tile_pipe_directed.dir/Vzhao_raster_tile_pipe.dir/Vzhao_raster_tile_pipe__ConstPool__0__Slow.cpp, CMakeFiles/test_raster_tile_pipe_directed.dir/Vzhao_raster_tile_pipe.dir/Vzhao_raster_tile_pipe___024root__Slow.cpp, CMakeFiles/test_raster_tile_pipe_directed.dir/Vzhao_raster_tile_pipe.dir/Vzhao_raster_tile_pipe___024root__0__Slow.cpp, CMakeFiles/test_raster_tile_pipe_directed.dir/Vzhao_raster_tile_pipe.dir/Vzhao_raster_tile_pipe__Syms__Slow.cpp, CMakeFiles/test_raster_tile_pipe_directed.dir/Vzhao_raster_tile_pipe.dir/Vzhao_raster_tile_pipe.cmake
- V e r i l a t i o n   R e p o r t: Verilator 5.051 devel rev v5.050-176-g7da43d830 (mod)
- Verilator: Built from 2.351 MB sources in 15 modules, into 0.468 MB in 6 C++ files needing 0.002 MB
- Verilator: Walltime 2.179 s (elab=0.246, cvt=0.607, bld=0.000); cpu 0.000 s on 1 threads; allocated 28.609 MB
[9/19] Generating CMakeFiles/test_terrain_project_chain.dir/Vzhao_geom_bin_pipe.dir/Vzhao_geom_bin_pipe.cpp, CMakeFiles/test_terrain_project_chain.dir/Vzhao_geom_bin_pipe.dir/Vzhao_geom_bin_pipe___024root__0.cpp, CMakeFiles/test_terrain_project_chain.dir/Vzhao_geom_bin_pipe.dir/Vzhao_geom_bin_pipe__ConstPool__0__Slow.cpp, CMakeFiles/test_terrain_project_chain.dir/Vzhao_geom_bin_pipe.dir/Vzhao_geom_bin_pipe___024root__Slow.cpp, CMakeFiles/test_terrain_project_chain.dir/Vzhao_geom_bin_pipe.dir/Vzhao_geom_bin_pipe___024root__0__Slow.cpp, CMakeFiles/test_terrain_project_chain.dir/Vzhao_geom_bin_pipe.dir/Vzhao_geom_bin_pipe__Syms__Slow.cpp, CMakeFiles/test_terrain_project_chain.dir/Vzhao_geom_bin_pipe.dir/Vzhao_geom_bin_pipe.cmake
- V e r i l a t i o n   R e p o r t: Verilator 5.051 devel rev v5.050-176-g7da43d830 (mod)
- Verilator: Built from 3.071 MB sources in 18 modules, into 0.651 MB in 6 C++ files needing 0.003 MB
- Verilator: Walltime 3.234 s (elab=0.658, cvt=0.991, bld=0.000); cpu 0.000 s on 1 threads; allocated 31.008 MB
[10/18] Generating CMakeFiles/test_geom_bin_pipe_directed.dir/Vzhao_geom_bin_pipe.dir/Vzhao_geom_bin_pipe.cpp, CMakeFiles/test_geom_bin_pipe_directed.dir/Vzhao_geom_bin_pipe.dir/Vzhao_geom_bin_pipe___024root__0.cpp, CMakeFiles/test_geom_bin_pipe_directed.dir/Vzhao_geom_bin_pipe.dir/Vzhao_geom_bin_pipe__ConstPool__0__Slow.cpp, CMakeFiles/test_geom_bin_pipe_directed.dir/Vzhao_geom_bin_pipe.dir/Vzhao_geom_bin_pipe___024root__Slow.cpp, CMakeFiles/test_geom_bin_pipe_directed.dir/Vzhao_geom_bin_pipe.dir/Vzhao_geom_bin_pipe___024root__0__Slow.cpp, CMakeFiles/test_geom_bin_pipe_directed.dir/Vzhao_geom_bin_pipe.dir/Vzhao_geom_bin_pipe__Syms__Slow.cpp, CMakeFiles/test_geom_bin_pipe_directed.dir/Vzhao_geom_bin_pipe.dir/Vzhao_geom_bin_pipe.cmake
- V e r i l a t i o n   R e p o r t: Verilator 5.051 devel rev v5.050-176-g7da43d830 (mod)
- Verilator: Built from 3.071 MB sources in 18 modules, into 0.651 MB in 6 C++ files needing 0.003 MB
- Verilator: Walltime 3.094 s (elab=0.532, cvt=0.944, bld=0.000); cpu 0.000 s on 1 threads; allocated 30.945 MB
[11/17] Generating CMakeFiles/shell_golden.dir/Vtb_zhao_shell.dir/Vtb_zhao_shell.cpp, CMakeFiles/shell_golden.dir/Vtb_zhao_shell.dir/Vtb_zhao_shell___024root__0.cpp, CMakeFiles/shell_golden.dir/Vtb_zhao_shell.dir/Vtb_zhao_shell___024root__1.cpp, CMakeFiles/shell_golden.dir/Vtb_zhao_shell.dir/Vtb_zhao_shell___024root__2.cpp, CMakeFiles/shell_golden.dir/Vtb_zhao_shell.dir/Vtb_zhao_shell__ConstPool__0__Slow.cpp, CMakeFiles/shell_golden.dir/Vtb_zhao_shell.dir/Vtb_zhao_shell___024root__Slow.cpp, CMakeFiles/shell_golden.dir/Vtb_zhao_shell.dir/Vtb_zhao_shell___024root__0__Slow.cpp, CMakeFiles/shell_golden.dir/Vtb_zhao_shell.dir/Vtb_zhao_shell___024root__1__Slow.cpp, CMakeFiles/shell_golden.dir/Vtb_zhao_shell.dir/Vtb_zhao_shell_zhao_pkg__Slow.cpp, CMakeFiles/shell_golden.dir/Vtb_zhao_shell.dir/Vtb_zhao_shell__Syms__Slow.cpp, CMakeFiles/shell_golden.dir/Vtb_zhao_shell.dir/Vtb_zhao_shell.cmake
- V e r i l a t i o n   R e p o r t: Verilator 5.051 devel rev v5.050-176-g7da43d830 (mod)
- Verilator: Built from 14.769 MB sources in 48 modules, into 3.409 MB in 10 C++ files needing 0.005 MB
- Verilator: Walltime 46.294 s (elab=0.505, cvt=43.416, bld=0.000); cpu 0.000 s on 1 threads; allocated 839.418 MB
[12/16] Generating CMakeFiles/demo_duo_markers.dir/Vtb_zhao_shell.dir/Vtb_zhao_shell.cpp, CMakeFiles/demo_duo_markers.dir/Vtb_zhao_shell.dir/Vtb_zhao_shell___024root__0.cpp, CMakeFiles/demo_duo_markers.dir/Vtb_zhao_shell.dir/Vtb_zhao_shell___024root__1.cpp, CMakeFiles/demo_duo_markers.dir/Vtb_zhao_shell.dir/Vtb_zhao_shell___024root__2.cpp, CMakeFiles/demo_duo_markers.dir/Vtb_zhao_shell.dir/Vtb_zhao_shell__ConstPool__0__Slow.cpp, CMakeFiles/demo_duo_markers.dir/Vtb_zhao_shell.dir/Vtb_zhao_shell___024root__Slow.cpp, CMakeFiles/demo_duo_markers.dir/Vtb_zhao_shell.dir/Vtb_zhao_shell___024root__0__Slow.cpp, CMakeFiles/demo_duo_markers.dir/Vtb_zhao_shell.dir/Vtb_zhao_shell___024root__1__Slow.cpp, CMakeFiles/demo_duo_markers.dir/Vtb_zhao_shell.dir/Vtb_zhao_shell_zhao_pkg__Slow.cpp, CMakeFiles/demo_duo_markers.dir/Vtb_zhao_shell.dir/Vtb_zhao_shell__Syms__Slow.cpp, CMakeFiles/demo_duo_markers.dir/Vtb_zhao_shell.dir/Vtb_zhao_shell.cmake
- V e r i l a t i o n   R e p o r t: Verilator 5.051 devel rev v5.050-176-g7da43d830 (mod)
- Verilator: Built from 14.769 MB sources in 48 modules, into 3.409 MB in 10 C++ files needing 0.005 MB
- Verilator: Walltime 47.196 s (elab=0.560, cvt=44.294, bld=0.000); cpu 0.000 s on 1 threads; allocated 837.508 MB
[13/15] Generating CMakeFiles/shell_probe.dir/Vtb_zhao_shell.dir/Vtb_zhao_shell.cpp, CMakeFiles/shell_probe.dir/Vtb_zhao_shell.dir/Vtb_zhao_shell___024root__0.cpp, CMakeFiles/shell_probe.dir/Vtb_zhao_shell.dir/Vtb_zhao_shell___024root__1.cpp, CMakeFiles/shell_probe.dir/Vtb_zhao_shell.dir/Vtb_zhao_shell___024root__2.cpp, CMakeFiles/shell_probe.dir/Vtb_zhao_shell.dir/Vtb_zhao_shell__ConstPool__0__Slow.cpp, CMakeFiles/shell_probe.dir/Vtb_zhao_shell.dir/Vtb_zhao_shell___024root__Slow.cpp, CMakeFiles/shell_probe.dir/Vtb_zhao_shell.dir/Vtb_zhao_shell___024root__0__Slow.cpp, CMakeFiles/shell_probe.dir/Vtb_zhao_shell.dir/Vtb_zhao_shell___024root__1__Slow.cpp, CMakeFiles/shell_probe.dir/Vtb_zhao_shell.dir/Vtb_zhao_shell_zhao_pkg__Slow.cpp, CMakeFiles/shell_probe.dir/Vtb_zhao_shell.dir/Vtb_zhao_shell__Syms__Slow.cpp, CMakeFiles/shell_probe.dir/Vtb_zhao_shell.dir/Vtb_zhao_shell.cmake
- V e r i l a t i o n   R e p o r t: Verilator 5.051 devel rev v5.050-176-g7da43d830 (mod)
- Verilator: Built from 14.769 MB sources in 48 modules, into 3.409 MB in 10 C++ files needing 0.005 MB
- Verilator: Walltime 47.750 s (elab=0.602, cvt=45.222, bld=0.000); cpu 29.625 s on 1 threads; allocated 840.648 MB
[1/51] Building CXX object tests/CMakeFiles/test_render_pipe_directed.dir/CMakeFiles/test_render_pipe_directed.dir/Vzhao_geom_bin_pipe.dir/Vzhao_geom_bin_pipe___024root__0.cpp.obj
[2/51] Building CXX object tests/CMakeFiles/test_render_pipe_directed.dir/CMakeFiles/test_render_pipe_directed.dir/Vzhao_geom_bin_pipe.dir/Vzhao_geom_bin_pipe.cpp.obj
[3/51] Building CXX object tests/CMakeFiles/test_render_pipe_directed.dir/CMakeFiles/test_render_pipe_directed.dir/Vzhao_geom_bin_pipe.dir/Vzhao_geom_bin_pipe__ConstPool__0__Slow.cpp.obj
[4/51] Building CXX object tests/CMakeFiles/test_render_pipe_directed.dir/CMakeFiles/test_render_pipe_directed.dir/Vzhao_geom_bin_pipe.dir/Vzhao_geom_bin_pipe___024root__Slow.cpp.obj
[5/51] Building CXX object tests/CMakeFiles/test_render_pipe_directed.dir/render/render_pipe_directed.cpp.obj
[6/51] Building CXX object tests/CMakeFiles/test_render_pipe_directed.dir/CMakeFiles/test_render_pipe_directed.dir/Vzhao_geom_bin_pipe.dir/Vzhao_geom_bin_pipe___024root__0__Slow.cpp.obj
[7/51] Building CXX object tests/CMakeFiles/test_raster_edgewalk_directed.dir/raster/raster_edgewalk_directed.cpp.obj
[8/51] Building CXX object tests/CMakeFiles/test_raster_edgewalk_directed.dir/CMakeFiles/test_raster_edgewalk_directed.dir/Vzhao_raster_edgewalk.dir/Vzhao_raster_edgewalk___024root__0.cpp.obj
[9/51] Building CXX object tests/CMakeFiles/test_render_pipe_directed.dir/CMakeFiles/test_render_pipe_directed.dir/Vzhao_geom_bin_pipe.dir/Vzhao_geom_bin_pipe__Syms__Slow.cpp.obj
[10/51] Building CXX object tests/CMakeFiles/test_raster_edgewalk_directed.dir/CMakeFiles/test_raster_edgewalk_directed.dir/Vzhao_raster_edgewalk.dir/Vzhao_raster_edgewalk___024root__Slow.cpp.obj
[11/51] Building CXX object tests/CMakeFiles/test_raster_edgewalk_directed.dir/CMakeFiles/test_raster_edgewalk_directed.dir/Vzhao_raster_edgewalk.dir/Vzhao_raster_edgewalk___024root__0__Slow.cpp.obj
[12/51] Building CXX object tests/CMakeFiles/test_raster_edgewalk_directed.dir/CMakeFiles/test_raster_edgewalk_directed.dir/Vzhao_raster_edgewalk.dir/Vzhao_raster_edgewalk__Syms__Slow.cpp.obj
[13/51] Building CXX object tests/CMakeFiles/test_raster_edgewalk_directed.dir/CMakeFiles/test_raster_edgewalk_directed.dir/Vzhao_raster_edgewalk.dir/Vzhao_raster_edgewalk.cpp.obj
[14/51] Building CXX object tests/CMakeFiles/test_raster_edgewalk_random.dir/raster/raster_edgewalk_random.cpp.obj
[15/51] Building CXX object tests/CMakeFiles/test_raster_edgewalk_random.dir/CMakeFiles/test_raster_edgewalk_random.dir/Vzhao_raster_edgewalk.dir/Vzhao_raster_edgewalk___024root__0.cpp.obj
[16/51] Building CXX object tests/CMakeFiles/test_raster_edgewalk_random.dir/CMakeFiles/test_raster_edgewalk_random.dir/Vzhao_raster_edgewalk.dir/Vzhao_raster_edgewalk.cpp.obj
[17/51] Building CXX object tests/CMakeFiles/test_raster_edgewalk_random.dir/CMakeFiles/test_raster_edgewalk_random.dir/Vzhao_raster_edgewalk.dir/Vzhao_raster_edgewalk___024root__Slow.cpp.obj
[18/51] Building CXX object tests/CMakeFiles/test_raster_tile_pipe_directed.dir/CMakeFiles/test_raster_tile_pipe_directed.dir/Vzhao_raster_tile_pipe.dir/Vzhao_raster_tile_pipe.cpp.obj
[19/51] Building CXX object tests/CMakeFiles/test_raster_tile_pipe_directed.dir/raster/raster_tile_pipe_directed.cpp.obj
[20/51] Building CXX object tests/CMakeFiles/test_raster_edgewalk_random.dir/CMakeFiles/test_raster_edgewalk_random.dir/Vzhao_raster_edgewalk.dir/Vzhao_raster_edgewalk__Syms__Slow.cpp.obj
[21/51] Building CXX object tests/CMakeFiles/test_raster_tile_pipe_directed.dir/CMakeFiles/test_raster_tile_pipe_directed.dir/Vzhao_raster_tile_pipe.dir/Vzhao_raster_tile_pipe___024root__0.cpp.obj
[22/51] Building CXX object tests/CMakeFiles/test_raster_edgewalk_random.dir/CMakeFiles/test_raster_edgewalk_random.dir/Vzhao_raster_edgewalk.dir/Vzhao_raster_edgewalk___024root__0__Slow.cpp.obj
[23/51] Building CXX object tests/CMakeFiles/test_raster_tile_pipe_directed.dir/CMakeFiles/test_raster_tile_pipe_directed.dir/Vzhao_raster_tile_pipe.dir/Vzhao_raster_tile_pipe__ConstPool__0__Slow.cpp.obj
[24/51] Building CXX object tests/CMakeFiles/test_raster_tile_pipe_directed.dir/CMakeFiles/test_raster_tile_pipe_directed.dir/Vzhao_raster_tile_pipe.dir/Vzhao_raster_tile_pipe___024root__Slow.cpp.obj
[25/51] Building CXX object tests/CMakeFiles/test_raster_tile_pipe_directed.dir/CMakeFiles/test_raster_tile_pipe_directed.dir/Vzhao_raster_tile_pipe.dir/Vzhao_raster_tile_pipe___024root__0__Slow.cpp.obj
[26/51] Building CXX object tests/CMakeFiles/test_raster_tile_pipe_directed.dir/CMakeFiles/test_raster_tile_pipe_directed.dir/Vzhao_raster_tile_pipe.dir/Vzhao_raster_tile_pipe__Syms__Slow.cpp.obj
[27/51] Building CXX object tests/CMakeFiles/test_raster_tile_pipe_random.dir/CMakeFiles/test_raster_tile_pipe_random.dir/Vzhao_raster_tile_pipe.dir/Vzhao_raster_tile_pipe.cpp.obj
[28/51] Building CXX object tests/CMakeFiles/test_raster_tile_pipe_random.dir/CMakeFiles/test_raster_tile_pipe_random.dir/Vzhao_raster_tile_pipe.dir/Vzhao_raster_tile_pipe___024root__0.cpp.obj
[29/51] Building CXX object tests/CMakeFiles/test_raster_tile_pipe_random.dir/CMakeFiles/test_raster_tile_pipe_random.dir/Vzhao_raster_tile_pipe.dir/Vzhao_raster_tile_pipe__ConstPool__0__Slow.cpp.obj
[30/51] Building CXX object tests/CMakeFiles/test_raster_tile_pipe_random.dir/raster/raster_tile_pipe_random.cpp.obj
[31/51] Building CXX object tests/CMakeFiles/test_raster_tile_pipe_random.dir/CMakeFiles/test_raster_tile_pipe_random.dir/Vzhao_raster_tile_pipe.dir/Vzhao_raster_tile_pipe___024root__0__Slow.cpp.obj
[32/51] Building CXX object tests/CMakeFiles/test_raster_tile_pipe_random.dir/CMakeFiles/test_raster_tile_pipe_random.dir/Vzhao_raster_tile_pipe.dir/Vzhao_raster_tile_pipe___024root__Slow.cpp.obj
[33/51] Building CXX object tests/CMakeFiles/test_raster_tile_pipe_random.dir/CMakeFiles/test_raster_tile_pipe_random.dir/Vzhao_raster_tile_pipe.dir/Vzhao_raster_tile_pipe__Syms__Slow.cpp.obj
[34/51] Linking CXX executable tests\test_raster_tile_pipe_directed.exe
[35/51] Linking CXX executable tests\test_raster_tile_pipe_random.exe
[36/51] Linking CXX executable tests\test_raster_edgewalk_random.exe
[37/51] Linking CXX executable tests\test_render_pipe_directed.exe
[38/51] Linking CXX executable tests\test_raster_edgewalk_directed.exe
=== NINJA RC 0 ===
--- test_raster_edgewalk_directed ---
[raster_edgewalk_directed] 146 checks passed
RC=0
--- test_raster_edgewalk_random ---
[raster_edgewalk_random] 6 checks passed
RC=0
--- test_raster_tile_pipe_directed ---
[raster_tile_pipe_directed] 74 checks passed
RC=0
--- test_raster_tile_pipe_random ---
[raster_tile_pipe_random] 12 checks passed
RC=0
--- test_render_pipe_directed ---
[render_pipe_directed] 16 checks passed
RC=0
