zhao: VERILATOR_ROOT=C:\programmieren\zencrifice\.tools\oss-cad-suite\share\verilator
zhao: PATH prepended: oss-cad-suite bin+lib, winlibs cmake/ninja/g++
[1/23] Generating CMakeFiles/test_raster_earlyz_directed.dir/Vzhao_raster_earlyz.dir/Vzhao_raster_earlyz.cpp, CMakeFiles/test_raster_earlyz_directed.dir/Vzhao_raster_earlyz.dir/Vzhao_raster_earlyz___024root__0.cpp, CMakeFiles/test_raster_earlyz_directed.dir/Vzhao_raster_earlyz.dir/Vzhao_raster_earlyz__ConstPool__0__Slow.cpp, CMakeFiles/test_raster_earlyz_directed.dir/Vzhao_raster_earlyz.dir/Vzhao_raster_earlyz___024root__Slow.cpp, CMakeFiles/test_raster_earlyz_directed.dir/Vzhao_raster_earlyz.dir/Vzhao_raster_earlyz___024root__0__Slow.cpp, CMakeFiles/test_raster_earlyz_directed.dir/Vzhao_raster_earlyz.dir/Vzhao_raster_earlyz__Syms__Slow.cpp, CMakeFiles/test_raster_earlyz_directed.dir/Vzhao_raster_earlyz.dir/Vzhao_raster_earlyz.cmake
- V e r i l a t i o n   R e p o r t: Verilator 5.051 devel rev v5.050-176-g7da43d830 (mod)
- Verilator: Built from 0.042 MB sources in 2 modules, into 0.061 MB in 6 C++ files needing 0.000 MB
- Verilator: Walltime 0.851 s (elab=0.008, cvt=0.132, bld=0.000); cpu 0.000 s on 1 threads; allocated 15.281 MB
[2/22] Generating CMakeFiles/test_raster_earlyz_random.dir/Vzhao_raster_earlyz.dir/Vzhao_raster_earlyz.cpp, CMakeFiles/test_raster_earlyz_random.dir/Vzhao_raster_earlyz.dir/Vzhao_raster_earlyz___024root__0.cpp, CMakeFiles/test_raster_earlyz_random.dir/Vzhao_raster_earlyz.dir/Vzhao_raster_earlyz__ConstPool__0__Slow.cpp, CMakeFiles/test_raster_earlyz_random.dir/Vzhao_raster_earlyz.dir/Vzhao_raster_earlyz___024root__Slow.cpp, CMakeFiles/test_raster_earlyz_random.dir/Vzhao_raster_earlyz.dir/Vzhao_raster_earlyz___024root__0__Slow.cpp, CMakeFiles/test_raster_earlyz_random.dir/Vzhao_raster_earlyz.dir/Vzhao_raster_earlyz__Syms__Slow.cpp, CMakeFiles/test_raster_earlyz_random.dir/Vzhao_raster_earlyz.dir/Vzhao_raster_earlyz.cmake
- V e r i l a t i o n   R e p o r t: Verilator 5.051 devel rev v5.050-176-g7da43d830 (mod)
- Verilator: Built from 0.042 MB sources in 2 modules, into 0.061 MB in 6 C++ files needing 0.000 MB
- Verilator: Walltime 0.902 s (elab=0.014, cvt=0.168, bld=0.000); cpu 0.000 s on 1 threads; allocated 15.277 MB
[3/21] Generating CMakeFiles/test_render_pipe_directed.dir/Vzhao_geom_bin_pipe.dir/Vzhao_geom_bin_pipe.cpp, CMakeFiles/test_render_pipe_directed.dir/Vzhao_geom_bin_pipe.dir/Vzhao_geom_bin_pipe___024root__0.cpp, CMakeFiles/test_render_pipe_directed.dir/Vzhao_geom_bin_pipe.dir/Vzhao_geom_bin_pipe__ConstPool__0__Slow.cpp, CMakeFiles/test_render_pipe_directed.dir/Vzhao_geom_bin_pipe.dir/Vzhao_geom_bin_pipe___024root__Slow.cpp, CMakeFiles/test_render_pipe_directed.dir/Vzhao_geom_bin_pipe.dir/Vzhao_geom_bin_pipe___024root__0__Slow.cpp, CMakeFiles/test_render_pipe_directed.dir/Vzhao_geom_bin_pipe.dir/Vzhao_geom_bin_pipe__Syms__Slow.cpp, CMakeFiles/test_render_pipe_directed.dir/Vzhao_geom_bin_pipe.dir/Vzhao_geom_bin_pipe.cmake
- V e r i l a t i o n   R e p o r t: Verilator 5.051 devel rev v5.050-176-g7da43d830 (mod)
- Verilator: Built from 3.549 MB sources in 18 modules, into 0.646 MB in 6 C++ files needing 0.003 MB
- Verilator: Walltime 3.880 s (elab=0.680, cvt=0.614, bld=0.000); cpu 0.000 s on 1 threads; allocated 29.348 MB
[4/20] Generating CMakeFiles/test_raster_tile_pipe_directed.dir/Vzhao_raster_tile_pipe.dir/Vzhao_raster_tile_pipe.cpp, CMakeFiles/test_raster_tile_pipe_directed.dir/Vzhao_raster_tile_pipe.dir/Vzhao_raster_tile_pipe___024root__0.cpp, CMakeFiles/test_raster_tile_pipe_directed.dir/Vzhao_raster_tile_pipe.dir/Vzhao_raster_tile_pipe__ConstPool__0__Slow.cpp, CMakeFiles/test_raster_tile_pipe_directed.dir/Vzhao_raster_tile_pipe.dir/Vzhao_raster_tile_pipe___024root__Slow.cpp, CMakeFiles/test_raster_tile_pipe_directed.dir/Vzhao_raster_tile_pipe.dir/Vzhao_raster_tile_pipe___024root__0__Slow.cpp, CMakeFiles/test_raster_tile_pipe_directed.dir/Vzhao_raster_tile_pipe.dir/Vzhao_raster_tile_pipe__Syms__Slow.cpp, CMakeFiles/test_raster_tile_pipe_directed.dir/Vzhao_raster_tile_pipe.dir/Vzhao_raster_tile_pipe.cmake
- V e r i l a t i o n   R e p o r t: Verilator 5.051 devel rev v5.050-176-g7da43d830 (mod)
- Verilator: Built from 2.356 MB sources in 15 modules, into 0.464 MB in 6 C++ files needing 0.002 MB
- Verilator: Walltime 4.190 s (elab=0.539, cvt=1.285, bld=0.000); cpu 0.000 s on 1 threads; allocated 26.156 MB
[5/19] Generating CMakeFiles/test_terrain_project_chain.dir/Vzhao_geom_bin_pipe.dir/Vzhao_geom_bin_pipe.cpp, CMakeFiles/test_terrain_project_chain.dir/Vzhao_geom_bin_pipe.dir/Vzhao_geom_bin_pipe___024root__0.cpp, CMakeFiles/test_terrain_project_chain.dir/Vzhao_geom_bin_pipe.dir/Vzhao_geom_bin_pipe__ConstPool__0__Slow.cpp, CMakeFiles/test_terrain_project_chain.dir/Vzhao_geom_bin_pipe.dir/Vzhao_geom_bin_pipe___024root__Slow.cpp, CMakeFiles/test_terrain_project_chain.dir/Vzhao_geom_bin_pipe.dir/Vzhao_geom_bin_pipe___024root__0__Slow.cpp, CMakeFiles/test_terrain_project_chain.dir/Vzhao_geom_bin_pipe.dir/Vzhao_geom_bin_pipe__Syms__Slow.cpp, CMakeFiles/test_terrain_project_chain.dir/Vzhao_geom_bin_pipe.dir/Vzhao_geom_bin_pipe.cmake
- V e r i l a t i o n   R e p o r t: Verilator 5.051 devel rev v5.050-176-g7da43d830 (mod)
- Verilator: Built from 3.079 MB sources in 18 modules, into 0.647 MB in 6 C++ files needing 0.003 MB
- Verilator: Walltime 4.682 s (elab=0.706, cvt=1.497, bld=0.000); cpu 0.000 s on 1 threads; allocated 28.820 MB
[6/18] Generating CMakeFiles/test_geom_bin_pipe_directed.dir/Vzhao_geom_bin_pipe.dir/Vzhao_geom_bin_pipe.cpp, CMakeFiles/test_geom_bin_pipe_directed.dir/Vzhao_geom_bin_pipe.dir/Vzhao_geom_bin_pipe___024root__0.cpp, CMakeFiles/test_geom_bin_pipe_directed.dir/Vzhao_geom_bin_pipe.dir/Vzhao_geom_bin_pipe__ConstPool__0__Slow.cpp, CMakeFiles/test_geom_bin_pipe_directed.dir/Vzhao_geom_bin_pipe.dir/Vzhao_geom_bin_pipe___024root__Slow.cpp, CMakeFiles/test_geom_bin_pipe_directed.dir/Vzhao_geom_bin_pipe.dir/Vzhao_geom_bin_pipe___024root__0__Slow.cpp, CMakeFiles/test_geom_bin_pipe_directed.dir/Vzhao_geom_bin_pipe.dir/Vzhao_geom_bin_pipe__Syms__Slow.cpp, CMakeFiles/test_geom_bin_pipe_directed.dir/Vzhao_geom_bin_pipe.dir/Vzhao_geom_bin_pipe.cmake
- V e r i l a t i o n   R e p o r t: Verilator 5.051 devel rev v5.050-176-g7da43d830 (mod)
- Verilator: Built from 3.079 MB sources in 18 modules, into 0.647 MB in 6 C++ files needing 0.003 MB
- Verilator: Walltime 4.800 s (elab=0.671, cvt=1.505, bld=0.000); cpu 0.875 s on 1 threads; allocated 28.801 MB
[7/17] Generating CMakeFiles/test_raster_tile_pipe_random.dir/Vzhao_raster_tile_pipe.dir/Vzhao_raster_tile_pipe.cpp, CMakeFiles/test_raster_tile_pipe_random.dir/Vzhao_raster_tile_pipe.dir/Vzhao_raster_tile_pipe___024root__0.cpp, CMakeFiles/test_raster_tile_pipe_random.dir/Vzhao_raster_tile_pipe.dir/Vzhao_raster_tile_pipe__ConstPool__0__Slow.cpp, CMakeFiles/test_raster_tile_pipe_random.dir/Vzhao_raster_tile_pipe.dir/Vzhao_raster_tile_pipe___024root__Slow.cpp, CMakeFiles/test_raster_tile_pipe_random.dir/Vzhao_raster_tile_pipe.dir/Vzhao_raster_tile_pipe___024root__0__Slow.cpp, CMakeFiles/test_raster_tile_pipe_random.dir/Vzhao_raster_tile_pipe.dir/Vzhao_raster_tile_pipe__Syms__Slow.cpp, CMakeFiles/test_raster_tile_pipe_random.dir/Vzhao_raster_tile_pipe.dir/Vzhao_raster_tile_pipe.cmake
- V e r i l a t i o n   R e p o r t: Verilator 5.051 devel rev v5.050-176-g7da43d830 (mod)
- Verilator: Built from 2.356 MB sources in 15 modules, into 0.464 MB in 6 C++ files needing 0.002 MB
- Verilator: Walltime 4.958 s (elab=0.540, cvt=1.226, bld=0.000); cpu 0.859 s on 1 threads; allocated 26.395 MB
[8/16] Generating CMakeFiles/test_render_fb_directed.dir/Vzhao_probe_render_fb.dir/Vzhao_probe_render_fb.cpp, CMakeFiles/test_render_fb_directed.dir/Vzhao_probe_render_fb.dir/Vzhao_probe_render_fb___024root__0.cpp, CMakeFiles/test_render_fb_directed.dir/Vzhao_probe_render_fb.dir/Vzhao_probe_render_fb__ConstPool__0__Slow.cpp, CMakeFiles/test_render_fb_directed.dir/Vzhao_probe_render_fb.dir/Vzhao_probe_render_fb___024root__Slow.cpp, CMakeFiles/test_render_fb_directed.dir/Vzhao_probe_render_fb.dir/Vzhao_probe_render_fb___024root__0__Slow.cpp, CMakeFiles/test_render_fb_directed.dir/Vzhao_probe_render_fb.dir/Vzhao_probe_render_fb__Syms__Slow.cpp, CMakeFiles/test_render_fb_directed.dir/Vzhao_probe_render_fb.dir/Vzhao_probe_render_fb.cmake
- V e r i l a t i o n   R e p o r t: Verilator 5.051 devel rev v5.050-176-g7da43d830 (mod)
- Verilator: Built from 4.458 MB sources in 21 modules, into 0.742 MB in 6 C++ files needing 0.003 MB
- Verilator: Walltime 4.666 s (elab=0.729, cvt=1.602, bld=0.000); cpu 0.000 s on 1 threads; allocated 30.492 MB
[9/15] Generating CMakeFiles/demo_duo_markers.dir/Vtb_zhao_shell.dir/Vtb_zhao_shell.cpp, CMakeFiles/demo_duo_markers.dir/Vtb_zhao_shell.dir/Vtb_zhao_shell___024root__0.cpp, CMakeFiles/demo_duo_markers.dir/Vtb_zhao_shell.dir/Vtb_zhao_shell___024root__1.cpp, CMakeFiles/demo_duo_markers.dir/Vtb_zhao_shell.dir/Vtb_zhao_shell___024root__2.cpp, CMakeFiles/demo_duo_markers.dir/Vtb_zhao_shell.dir/Vtb_zhao_shell__ConstPool__0__Slow.cpp, CMakeFiles/demo_duo_markers.dir/Vtb_zhao_shell.dir/Vtb_zhao_shell___024root__Slow.cpp, CMakeFiles/demo_duo_markers.dir/Vtb_zhao_shell.dir/Vtb_zhao_shell___024root__0__Slow.cpp, CMakeFiles/demo_duo_markers.dir/Vtb_zhao_shell.dir/Vtb_zhao_shell___024root__1__Slow.cpp, CMakeFiles/demo_duo_markers.dir/Vtb_zhao_shell.dir/Vtb_zhao_shell_zhao_pkg__Slow.cpp, CMakeFiles/demo_duo_markers.dir/Vtb_zhao_shell.dir/Vtb_zhao_shell__Syms__Slow.cpp, CMakeFiles/demo_duo_markers.dir/Vtb_zhao_shell.dir/Vtb_zhao_shell.cmake
- V e r i l a t i o n   R e p o r t: Verilator 5.051 devel rev v5.050-176-g7da43d830 (mod)
- Verilator: Built from 14.776 MB sources in 48 modules, into 3.404 MB in 10 C++ files needing 0.005 MB
- Verilator: Walltime 42.842 s (elab=0.489, cvt=36.195, bld=0.000); cpu 30.203 s on 1 threads; allocated 843.422 MB
[10/14] Generating CMakeFiles/shell_probe.dir/Vtb_zhao_shell.dir/Vtb_zhao_shell.cpp, CMakeFiles/shell_probe.dir/Vtb_zhao_shell.dir/Vtb_zhao_shell___024root__0.cpp, CMakeFiles/shell_probe.dir/Vtb_zhao_shell.dir/Vtb_zhao_shell___024root__1.cpp, CMakeFiles/shell_probe.dir/Vtb_zhao_shell.dir/Vtb_zhao_shell___024root__2.cpp, CMakeFiles/shell_probe.dir/Vtb_zhao_shell.dir/Vtb_zhao_shell__ConstPool__0__Slow.cpp, CMakeFiles/shell_probe.dir/Vtb_zhao_shell.dir/Vtb_zhao_shell___024root__Slow.cpp, CMakeFiles/shell_probe.dir/Vtb_zhao_shell.dir/Vtb_zhao_shell___024root__0__Slow.cpp, CMakeFiles/shell_probe.dir/Vtb_zhao_shell.dir/Vtb_zhao_shell___024root__1__Slow.cpp, CMakeFiles/shell_probe.dir/Vtb_zhao_shell.dir/Vtb_zhao_shell_zhao_pkg__Slow.cpp, CMakeFiles/shell_probe.dir/Vtb_zhao_shell.dir/Vtb_zhao_shell__Syms__Slow.cpp, CMakeFiles/shell_probe.dir/Vtb_zhao_shell.dir/Vtb_zhao_shell.cmake
- V e r i l a t i o n   R e p o r t: Verilator 5.051 devel rev v5.050-176-g7da43d830 (mod)
- Verilator: Built from 14.776 MB sources in 48 modules, into 3.404 MB in 10 C++ files needing 0.005 MB
- Verilator: Walltime 43.413 s (elab=0.786, cvt=36.472, bld=0.000); cpu 0.000 s on 1 threads; allocated 838.621 MB
[11/13] Generating CMakeFiles/shell_golden.dir/Vtb_zhao_shell.dir/Vtb_zhao_shell.cpp, CMakeFiles/shell_golden.dir/Vtb_zhao_shell.dir/Vtb_zhao_shell___024root__0.cpp, CMakeFiles/shell_golden.dir/Vtb_zhao_shell.dir/Vtb_zhao_shell___024root__1.cpp, CMakeFiles/shell_golden.dir/Vtb_zhao_shell.dir/Vtb_zhao_shell___024root__2.cpp, CMakeFiles/shell_golden.dir/Vtb_zhao_shell.dir/Vtb_zhao_shell__ConstPool__0__Slow.cpp, CMakeFiles/shell_golden.dir/Vtb_zhao_shell.dir/Vtb_zhao_shell___024root__Slow.cpp, CMakeFiles/shell_golden.dir/Vtb_zhao_shell.dir/Vtb_zhao_shell___024root__0__Slow.cpp, CMakeFiles/shell_golden.dir/Vtb_zhao_shell.dir/Vtb_zhao_shell___024root__1__Slow.cpp, CMakeFiles/shell_golden.dir/Vtb_zhao_shell.dir/Vtb_zhao_shell_zhao_pkg__Slow.cpp, CMakeFiles/shell_golden.dir/Vtb_zhao_shell.dir/Vtb_zhao_shell__Syms__Slow.cpp, CMakeFiles/shell_golden.dir/Vtb_zhao_shell.dir/Vtb_zhao_shell.cmake
- V e r i l a t i o n   R e p o r t: Verilator 5.051 devel rev v5.050-176-g7da43d830 (mod)
- Verilator: Built from 14.776 MB sources in 48 modules, into 3.404 MB in 10 C++ files needing 0.005 MB
- Verilator: Walltime 42.014 s (elab=0.771, cvt=37.465, bld=0.000); cpu 0.000 s on 1 threads; allocated 844.855 MB
[1/51] Building CXX object tests/CMakeFiles/test_raster_earlyz_directed.dir/raster/raster_earlyz_directed.cpp.obj
[2/51] Building CXX object tests/CMakeFiles/test_render_pipe_directed.dir/render/render_pipe_directed.cpp.obj
[3/51] Building CXX object tests/CMakeFiles/test_render_pipe_directed.dir/CMakeFiles/test_render_pipe_directed.dir/Vzhao_geom_bin_pipe.dir/Vzhao_geom_bin_pipe__ConstPool__0__Slow.cpp.obj
[4/51] Building CXX object tests/CMakeFiles/test_raster_earlyz_directed.dir/CMakeFiles/test_raster_earlyz_directed.dir/Vzhao_raster_earlyz.dir/Vzhao_raster_earlyz__ConstPool__0__Slow.cpp.obj
[5/51] Building CXX object tests/CMakeFiles/test_raster_earlyz_directed.dir/CMakeFiles/test_raster_earlyz_directed.dir/Vzhao_raster_earlyz.dir/Vzhao_raster_earlyz.cpp.obj
[6/51] Building CXX object tests/CMakeFiles/test_raster_earlyz_directed.dir/CMakeFiles/test_raster_earlyz_directed.dir/Vzhao_raster_earlyz.dir/Vzhao_raster_earlyz___024root__0.cpp.obj
[7/51] Building CXX object tests/CMakeFiles/test_render_pipe_directed.dir/CMakeFiles/test_render_pipe_directed.dir/Vzhao_geom_bin_pipe.dir/Vzhao_geom_bin_pipe.cpp.obj
[8/51] Building CXX object tests/CMakeFiles/test_raster_earlyz_directed.dir/CMakeFiles/test_raster_earlyz_directed.dir/Vzhao_raster_earlyz.dir/Vzhao_raster_earlyz___024root__0__Slow.cpp.obj
[9/51] Building CXX object tests/CMakeFiles/test_render_pipe_directed.dir/CMakeFiles/test_render_pipe_directed.dir/Vzhao_geom_bin_pipe.dir/Vzhao_geom_bin_pipe__Syms__Slow.cpp.obj
[10/51] Building CXX object tests/CMakeFiles/test_render_pipe_directed.dir/CMakeFiles/test_render_pipe_directed.dir/Vzhao_geom_bin_pipe.dir/Vzhao_geom_bin_pipe___024root__Slow.cpp.obj
[11/51] Building CXX object tests/CMakeFiles/test_raster_earlyz_random.dir/CMakeFiles/test_raster_earlyz_random.dir/Vzhao_raster_earlyz.dir/Vzhao_raster_earlyz__ConstPool__0__Slow.cpp.obj
[12/51] Building CXX object tests/CMakeFiles/test_raster_earlyz_random.dir/raster/raster_earlyz_random.cpp.obj
[13/51] Building CXX object tests/CMakeFiles/test_raster_earlyz_directed.dir/CMakeFiles/test_raster_earlyz_directed.dir/Vzhao_raster_earlyz.dir/Vzhao_raster_earlyz__Syms__Slow.cpp.obj
[14/51] Building CXX object tests/CMakeFiles/test_raster_tile_pipe_directed.dir/raster/raster_tile_pipe_directed.cpp.obj
[15/51] Building CXX object tests/CMakeFiles/test_render_pipe_directed.dir/CMakeFiles/test_render_pipe_directed.dir/Vzhao_geom_bin_pipe.dir/Vzhao_geom_bin_pipe___024root__0__Slow.cpp.obj
[16/51] Building CXX object tests/CMakeFiles/test_raster_tile_pipe_directed.dir/CMakeFiles/test_raster_tile_pipe_directed.dir/Vzhao_raster_tile_pipe.dir/Vzhao_raster_tile_pipe__ConstPool__0__Slow.cpp.obj
[17/51] Building CXX object tests/CMakeFiles/test_raster_earlyz_directed.dir/CMakeFiles/test_raster_earlyz_directed.dir/Vzhao_raster_earlyz.dir/Vzhao_raster_earlyz___024root__Slow.cpp.obj
[18/51] Building CXX object tests/CMakeFiles/test_render_pipe_directed.dir/CMakeFiles/test_render_pipe_directed.dir/Vzhao_geom_bin_pipe.dir/Vzhao_geom_bin_pipe___024root__0.cpp.obj
[19/51] Building CXX object tests/CMakeFiles/test_raster_earlyz_random.dir/CMakeFiles/test_raster_earlyz_random.dir/Vzhao_raster_earlyz.dir/Vzhao_raster_earlyz.cpp.obj
[20/51] Building CXX object tests/CMakeFiles/test_raster_earlyz_random.dir/CMakeFiles/test_raster_earlyz_random.dir/Vzhao_raster_earlyz.dir/Vzhao_raster_earlyz___024root__0.cpp.obj
[21/51] Building CXX object tests/CMakeFiles/test_raster_tile_pipe_random.dir/raster/raster_tile_pipe_random.cpp.obj
[22/51] Building CXX object tests/CMakeFiles/test_raster_earlyz_random.dir/CMakeFiles/test_raster_earlyz_random.dir/Vzhao_raster_earlyz.dir/Vzhao_raster_earlyz___024root__0__Slow.cpp.obj
[23/51] Building CXX object tests/CMakeFiles/test_raster_tile_pipe_directed.dir/CMakeFiles/test_raster_tile_pipe_directed.dir/Vzhao_raster_tile_pipe.dir/Vzhao_raster_tile_pipe.cpp.obj
[24/51] Building CXX object tests/CMakeFiles/test_raster_tile_pipe_random.dir/CMakeFiles/test_raster_tile_pipe_random.dir/Vzhao_raster_tile_pipe.dir/Vzhao_raster_tile_pipe__ConstPool__0__Slow.cpp.obj
[25/51] Building CXX object tests/CMakeFiles/test_raster_earlyz_random.dir/CMakeFiles/test_raster_earlyz_random.dir/Vzhao_raster_earlyz.dir/Vzhao_raster_earlyz___024root__Slow.cpp.obj
[26/51] Building CXX object tests/CMakeFiles/test_raster_earlyz_random.dir/CMakeFiles/test_raster_earlyz_random.dir/Vzhao_raster_earlyz.dir/Vzhao_raster_earlyz__Syms__Slow.cpp.obj
[27/51] Building CXX object tests/CMakeFiles/test_raster_tile_pipe_directed.dir/CMakeFiles/test_raster_tile_pipe_directed.dir/Vzhao_raster_tile_pipe.dir/Vzhao_raster_tile_pipe___024root__Slow.cpp.obj
[28/51] Building CXX object tests/CMakeFiles/test_raster_tile_pipe_directed.dir/CMakeFiles/test_raster_tile_pipe_directed.dir/Vzhao_raster_tile_pipe.dir/Vzhao_raster_tile_pipe___024root__0__Slow.cpp.obj
[29/51] Building CXX object tests/CMakeFiles/test_raster_tile_pipe_directed.dir/CMakeFiles/test_raster_tile_pipe_directed.dir/Vzhao_raster_tile_pipe.dir/Vzhao_raster_tile_pipe__Syms__Slow.cpp.obj
[30/51] Linking CXX executable tests\test_render_pipe_directed.exe
[31/51] Linking CXX executable tests\test_raster_earlyz_directed.exe
[32/51] Building CXX object tests/CMakeFiles/test_raster_tile_pipe_directed.dir/CMakeFiles/test_raster_tile_pipe_directed.dir/Vzhao_raster_tile_pipe.dir/Vzhao_raster_tile_pipe___024root__0.cpp.obj
[33/51] Linking CXX executable tests\test_raster_earlyz_random.exe
[34/51] Linking CXX executable tests\test_raster_tile_pipe_directed.exe
[35/51] Building CXX object tests/CMakeFiles/test_raster_tile_pipe_random.dir/CMakeFiles/test_raster_tile_pipe_random.dir/Vzhao_raster_tile_pipe.dir/Vzhao_raster_tile_pipe.cpp.obj
[36/51] Building CXX object tests/CMakeFiles/test_raster_tile_pipe_random.dir/CMakeFiles/test_raster_tile_pipe_random.dir/Vzhao_raster_tile_pipe.dir/Vzhao_raster_tile_pipe___024root__Slow.cpp.obj
[37/51] Building CXX object tests/CMakeFiles/test_raster_tile_pipe_random.dir/CMakeFiles/test_raster_tile_pipe_random.dir/Vzhao_raster_tile_pipe.dir/Vzhao_raster_tile_pipe__Syms__Slow.cpp.obj
[38/51] Building CXX object tests/CMakeFiles/test_raster_tile_pipe_random.dir/CMakeFiles/test_raster_tile_pipe_random.dir/Vzhao_raster_tile_pipe.dir/Vzhao_raster_tile_pipe___024root__0.cpp.obj
[39/51] Building CXX object tests/CMakeFiles/test_raster_tile_pipe_random.dir/CMakeFiles/test_raster_tile_pipe_random.dir/Vzhao_raster_tile_pipe.dir/Vzhao_raster_tile_pipe___024root__0__Slow.cpp.obj
[40/51] Linking CXX executable tests\test_raster_tile_pipe_random.exe
=== NINJA RC 0 ===
--- test_raster_earlyz_directed ---
[raster_earlyz_directed] 67 checks passed
RC=0
--- test_raster_earlyz_random ---
[raster_earlyz_random] 6 checks passed
RC=0
--- test_raster_tile_pipe_directed ---
[raster_tile_pipe_directed] 74 checks passed
RC=0
--- test_raster_tile_pipe_random ---
[raster_tile_pipe_random] 12 checks passed
RC=0
--- test_render_pipe_directed ---
[render_pipe_directed] 16 checks passed
RC=0
