Warning (125079): The project setting files are read-only and will not be updated with any changes made.
Info: *******************************************************************
Info: Running Quartus Prime Fitter
    Info: Version 17.0.2 Build 602 07/19/2017 SJ Lite Edition
    Info: Copyright (C) 2017  Intel Corporation. All rights reserved.
    Info: Your use of Intel Corporation's design tools, logic functions 
    Info: and other software and tools, and its AMPP partner logic 
    Info: functions, and any output files from any of the foregoing 
    Info: (including device programming or simulation files), and any 
    Info: associated documentation or information are expressly subject 
    Info: to the terms and conditions of the Intel Program License 
    Info: Subscription Agreement, the Intel Quartus Prime License Agreement,
    Info: the Intel MegaCore Function License Agreement, or other 
    Info: applicable license agreement, including, without limitation, 
    Info: that your use is for the sole purpose of programming logic 
    Info: devices manufactured by Intel and sold by Intel or its 
    Info: authorized distributors.  Please refer to the applicable 
    Info: agreement for further details.
    Info: Processing started: Sun Sep 13 23:20:21 2026
Info: Command: quartus_fit zhao_shell_fit --parallel=4
Info: qfit2_default_script.tcl version: #1
Info: Project  = zhao_shell_fit
Info: Revision = zhao_shell_fit
Info (16303): High Performance Effort optimization mode selected -- timing performance will be prioritized at the potential cost of increased compilation time
    Info (16304): Mode behavior is affected by advanced setting Perform Register Retiming for Performance (default for this mode is On)
    Info (16304): Mode behavior is affected by advanced setting Placement Effort Multiplier (default for this mode is 4.0)
Warning (18236): Number of processors has not been specified which may cause overloading on shared machines.  Set the global assignment NUM_PARALLEL_PROCESSORS in your QSF to an appropriate value for best performance.
Info (20032): Parallel compilation is enabled and will use up to 4 processors
Info (119006): Selected device 5CSEBA6U23I7 for design "zhao_shell_fit"
Info (21076): High junction temperature operating condition is not set. Assuming a default value of '100'.
Info (21076): Low junction temperature operating condition is not set. Assuming a default value of '-40'.
Info (171004): Fitter is performing a Standard Fit compilation using maximum Fitter effort to optimize design performance
Warning (292013): Feature LogicLock is only available with a valid subscription license. You can purchase a software subscription to gain full access to this feature.
Warning (15714): Some pins have incomplete I/O assignments. Refer to the I/O Assignment Warnings report for details
Info (176045): Design uses memory blocks. Violating setup or hold times of memory block address registers for either read or write operations could cause memory contents to be corrupted. Make sure that all memory block address registers meet the setup and hold time requirements.
Critical Warning (169085): No exact pin location assignment(s) for 10 pins of 10 total pins. For the list of pins please refer to the I/O Assignment Warnings table in the fitter report.
Info (184020): Starting Fitter periphery placement operations
Info (11178): Promoted 1 clock (1 global)
    Info (11162): gpu_clk~inputCLKENA0 with 18178 fanout uses global clock CLKCTRL_G8
Info (11191): Automatically promoted 3 clocks (3 global)
    Info (11162): rst_n~inputCLKENA0 with 14372 fanout uses global clock CLKCTRL_G11
    Info (11162): vid_clk~inputCLKENA0 with 1045 fanout uses global clock CLKCTRL_G10
    Info (11162): audio_clk~inputCLKENA0 with 320 fanout uses global clock CLKCTRL_G9
Info (184021): Fitter periphery placement operations ending: elapsed time is 00:00:00
Info (176233): Starting register packing
Info (332104): Reading SDC File: 'zhao_shell_fit.sdc'
Info (332143): No user constrained clock uncertainty found in the design. Calling "derive_clock_uncertainty"
Info (332123): Deriving Clock Uncertainty. Please refer to report_sdc in TimeQuest to see clock uncertainties.
Info (332129): Detected timing requirements -- optimizing circuit to achieve only the specified requirements
Info (332111): Found 3 clocks
    Info (332111):   Period   Clock Name
    Info (332111): ======== ============
    Info (332111):   40.000    audio_clk
    Info (332111):   10.000      gpu_clk
    Info (332111):   20.000      vid_clk
Info (176235): Finished register packing
    Extra Info (176218): Packed 126 registers into blocks of type Block RAM
    Extra Info (176218): Packed 323 registers into blocks of type DSP block
    Extra Info (176220): Created 191 register duplicates
Info (128000): Starting physical synthesis optimizations for speed
Info (128002): Starting physical synthesis algorithm combinational resynthesis using boolean division
Info (128003): Physical synthesis algorithm combinational resynthesis using boolean division complete: estimated slack improvement of 0 ps
Info (128002): Starting physical synthesis algorithm combinational resynthesis using boolean division
Info (128003): Physical synthesis algorithm combinational resynthesis using boolean division complete: estimated slack improvement of 0 ps
Info (128001): Physical synthesis optimizations for speed complete: elapsed time is 00:00:14
Info (176233): Starting register packing
Info (176235): Finished register packing
    Extra Info (176219): No registers were packed into other blocks
Info (11798): Fitter preparation operations ending: elapsed time is 00:00:25
Info (170189): Fitter placement preparation operations beginning
Info (14951): The Fitter is using Advanced Physical Optimization.
Info (170190): Fitter placement preparation operations ending: elapsed time is 00:00:30
Info (170191): Fitter placement operations beginning
Info (170137): Fitter placement was successful
Info (170192): Fitter placement operations ending: elapsed time is 00:00:30
Info (170193): Fitter routing operations beginning
Info (170195): Router estimated average interconnect usage is 10% of the available device resources
    Info (170196): Router estimated peak interconnect usage is 26% of the available device resources in the region that extends from location X22_Y35 to location X32_Y45
Info (170194): Fitter routing operations ending: elapsed time is 00:00:54
Info (11888): Total time spent on timing analysis during the Fitter is 34.45 seconds.
Info (334003): Started post-fitting delay annotation
Info (334004): Delay annotation completed successfully
Info (334003): Started post-fitting delay annotation
Info (334004): Delay annotation completed successfully
Info (11801): Fitter post-fit operations ending: elapsed time is 00:00:27
Info (144001): Generated suppressed messages file C:/Users/Fabs/AppData/Local/Temp/zhao-shell-fit-724-d3d48ddc4bc7486786e57dc43040f562/source/fpga/quartus/shell_fit/output_files/zhao_shell_fit.fit.smsg
Info: Quartus Prime Fitter was successful. 0 errors, 5 warnings
    Info: Peak virtual memory: 6973 megabytes
    Info: Processing ended: Sun Sep 13 23:24:04 2026
    Info: Elapsed time: 00:03:43
    Info: Total CPU time (on all processors): 00:09:03
