+------------------------------------------------------------------------------------------------------------------------------------------------------------+
; Report Timing                                                                                                                                              ;
+--------+--------------------------------------+--------------------------------------+--------------+-------------+--------------+------------+------------+
; Slack  ; From Node                            ; To Node                              ; Launch Clock ; Latch Clock ; Relationship ; Clock Skew ; Data Delay ;
+--------+--------------------------------------+--------------------------------------+--------------+-------------+--------------+------------+------------+
; -0.680 ; fogf_i[29]                           ; g_o[3]~reg0                          ; clk          ; clk         ; 10.000       ; 3.301      ; 13.921     ;
; -0.680 ; fogf_i[29]                           ; g_o[4]~reg0                          ; clk          ; clk         ; 10.000       ; 3.301      ; 13.921     ;
; -0.679 ; fogf_i[29]                           ; g_o[0]~reg0                          ; clk          ; clk         ; 10.000       ; 3.300      ; 13.919     ;
; -0.679 ; fogf_i[29]                           ; g_o[5]~reg0                          ; clk          ; clk         ; 10.000       ; 3.300      ; 13.919     ;
; -0.674 ; fogf_i[29]                           ; g_o[1]~reg0                          ; clk          ; clk         ; 10.000       ; 3.305      ; 13.919     ;
; -0.674 ; fogf_i[29]                           ; g_o[2]~reg0                          ; clk          ; clk         ; 10.000       ; 3.307      ; 13.921     ;
; -0.674 ; fogf_i[29]                           ; g_o[6]~reg0                          ; clk          ; clk         ; 10.000       ; 3.307      ; 13.921     ;
; -0.674 ; fogf_i[29]                           ; g_o[7]~reg0                          ; clk          ; clk         ; 10.000       ; 3.305      ; 13.919     ;
; -0.647 ; fogf_i[29]                           ; r_o[7]~reg0                          ; clk          ; clk         ; 10.000       ; 3.321      ; 13.908     ;
; -0.646 ; fogf_i[29]                           ; r_o[0]~reg0                          ; clk          ; clk         ; 10.000       ; 3.320      ; 13.906     ;
; -0.646 ; fogf_i[29]                           ; r_o[6]~reg0                          ; clk          ; clk         ; 10.000       ; 3.320      ; 13.906     ;
; -0.641 ; fogf_i[29]                           ; r_o[1]~reg0                          ; clk          ; clk         ; 10.000       ; 3.325      ; 13.906     ;
; -0.641 ; fogf_i[29]                           ; r_o[2]~reg0                          ; clk          ; clk         ; 10.000       ; 3.327      ; 13.908     ;
; -0.641 ; fogf_i[29]                           ; r_o[3]~reg0                          ; clk          ; clk         ; 10.000       ; 3.325      ; 13.906     ;
; -0.641 ; fogf_i[29]                           ; r_o[4]~reg0                          ; clk          ; clk         ; 10.000       ; 3.325      ; 13.906     ;
; -0.641 ; fogf_i[29]                           ; r_o[5]~reg0                          ; clk          ; clk         ; 10.000       ; 3.327      ; 13.908     ;
; -0.597 ; fogf_i[29]                           ; b_o[1]~reg0                          ; clk          ; clk         ; 10.000       ; 3.320      ; 13.857     ;
; -0.597 ; fogf_i[29]                           ; b_o[4]~reg0                          ; clk          ; clk         ; 10.000       ; 3.320      ; 13.857     ;
; -0.597 ; fogf_i[29]                           ; b_o[5]~reg0                          ; clk          ; clk         ; 10.000       ; 3.320      ; 13.857     ;
; -0.597 ; fogf_i[29]                           ; b_o[6]~reg0                          ; clk          ; clk         ; 10.000       ; 3.320      ; 13.857     ;
; -0.592 ; fogf_i[29]                           ; b_o[0]~reg0                          ; clk          ; clk         ; 10.000       ; 3.325      ; 13.857     ;
; -0.592 ; fogf_i[29]                           ; b_o[2]~reg0                          ; clk          ; clk         ; 10.000       ; 3.325      ; 13.857     ;
; -0.592 ; fogf_i[29]                           ; b_o[3]~reg0                          ; clk          ; clk         ; 10.000       ; 3.325      ; 13.857     ;
; -0.592 ; fogf_i[29]                           ; b_o[7]~reg0                          ; clk          ; clk         ; 10.000       ; 3.325      ; 13.857     ;
; 1.682  ; fogf_i[29]                           ; clear_fragments_o[2]~reg0            ; clk          ; clk         ; 10.000       ; 3.318      ; 11.576     ;
; 1.682  ; fogf_i[29]                           ; clear_fragments_o[4]~reg0            ; clk          ; clk         ; 10.000       ; 3.318      ; 11.576     ;
; 1.682  ; fogf_i[29]                           ; clear_fragments_o[6]~reg0            ; clk          ; clk         ; 10.000       ; 3.318      ; 11.576     ;
; 1.682  ; fogf_i[29]                           ; clear_fragments_o[12]~reg0           ; clk          ; clk         ; 10.000       ; 3.318      ; 11.576     ;
; 1.682  ; fogf_i[29]                           ; clear_fragments_o[14]~reg0           ; clk          ; clk         ; 10.000       ; 3.318      ; 11.576     ;
; 1.682  ; fogf_i[29]                           ; clear_fragments_o[16]~reg0           ; clk          ; clk         ; 10.000       ; 3.318      ; 11.576     ;
; 1.682  ; fogf_i[29]                           ; clear_fragments_o[18]~reg0           ; clk          ; clk         ; 10.000       ; 3.318      ; 11.576     ;
; 1.683  ; fogf_i[29]                           ; clear_fragments_o[1]~reg0            ; clk          ; clk         ; 10.000       ; 3.313      ; 11.570     ;
; 1.683  ; fogf_i[29]                           ; clear_fragments_o[3]~reg0            ; clk          ; clk         ; 10.000       ; 3.317      ; 11.574     ;
; 1.683  ; fogf_i[29]                           ; clear_fragments_o[5]~reg0            ; clk          ; clk         ; 10.000       ; 3.317      ; 11.574     ;
; 1.683  ; fogf_i[29]                           ; clear_fragments_o[7]~reg0            ; clk          ; clk         ; 10.000       ; 3.313      ; 11.570     ;
; 1.683  ; fogf_i[29]                           ; clear_fragments_o[8]~reg0            ; clk          ; clk         ; 10.000       ; 3.311      ; 11.568     ;
; 1.683  ; fogf_i[29]                           ; clear_fragments_o[9]~reg0            ; clk          ; clk         ; 10.000       ; 3.313      ; 11.570     ;
; 1.683  ; fogf_i[29]                           ; clear_fragments_o[10]~reg0           ; clk          ; clk         ; 10.000       ; 3.311      ; 11.568     ;
; 1.683  ; fogf_i[29]                           ; clear_fragments_o[11]~reg0           ; clk          ; clk         ; 10.000       ; 3.313      ; 11.570     ;
; 1.683  ; fogf_i[29]                           ; clear_fragments_o[13]~reg0           ; clk          ; clk         ; 10.000       ; 3.313      ; 11.570     ;
; 1.683  ; fogf_i[29]                           ; clear_fragments_o[15]~reg0           ; clk          ; clk         ; 10.000       ; 3.313      ; 11.570     ;
; 1.683  ; fogf_i[29]                           ; clear_fragments_o[17]~reg0           ; clk          ; clk         ; 10.000       ; 3.317      ; 11.574     ;
; 1.683  ; fogf_i[29]                           ; clear_fragments_o[19]~reg0           ; clk          ; clk         ; 10.000       ; 3.317      ; 11.574     ;
; 1.683  ; fogf_i[29]                           ; clear_fragments_o[20]~reg0           ; clk          ; clk         ; 10.000       ; 3.311      ; 11.568     ;
; 1.683  ; fogf_i[29]                           ; clear_fragments_o[4]~reg0DUPLICATE   ; clk          ; clk         ; 10.000       ; 3.311      ; 11.568     ;
; 1.683  ; fogf_i[29]                           ; clear_fragments_o[11]~reg0DUPLICATE  ; clk          ; clk         ; 10.000       ; 3.317      ; 11.574     ;
; 1.683  ; fogf_i[29]                           ; clear_fragments_o[18]~reg0DUPLICATE  ; clk          ; clk         ; 10.000       ; 3.311      ; 11.568     ;
; 1.730  ; cfg_en_i                             ; fogged_fragments_o[0]~reg0           ; clk          ; clk         ; 10.000       ; 3.320      ; 11.530     ;
; 1.967  ; cfg_en_i                             ; fogged_fragments_o[2]~reg0           ; clk          ; clk         ; 10.000       ; 3.319      ; 11.292     ;
; 1.967  ; cfg_en_i                             ; fogged_fragments_o[4]~reg0DUPLICATE  ; clk          ; clk         ; 10.000       ; 3.319      ; 11.292     ;
; 1.967  ; cfg_en_i                             ; fogged_fragments_o[12]~reg0          ; clk          ; clk         ; 10.000       ; 3.319      ; 11.292     ;
; 1.967  ; cfg_en_i                             ; fogged_fragments_o[16]~reg0          ; clk          ; clk         ; 10.000       ; 3.319      ; 11.292     ;
; 1.967  ; cfg_en_i                             ; fogged_fragments_o[18]~reg0          ; clk          ; clk         ; 10.000       ; 3.319      ; 11.292     ;
; 1.968  ; cfg_en_i                             ; fogged_fragments_o[1]~reg0DUPLICATE  ; clk          ; clk         ; 10.000       ; 3.314      ; 11.286     ;
; 1.968  ; cfg_en_i                             ; fogged_fragments_o[3]~reg0           ; clk          ; clk         ; 10.000       ; 3.318      ; 11.290     ;
; 1.968  ; cfg_en_i                             ; fogged_fragments_o[5]~reg0           ; clk          ; clk         ; 10.000       ; 3.314      ; 11.286     ;
; 1.968  ; cfg_en_i                             ; fogged_fragments_o[6]~reg0           ; clk          ; clk         ; 10.000       ; 3.312      ; 11.284     ;
; 1.968  ; cfg_en_i                             ; fogged_fragments_o[7]~reg0           ; clk          ; clk         ; 10.000       ; 3.314      ; 11.286     ;
; 1.968  ; cfg_en_i                             ; fogged_fragments_o[8]~reg0           ; clk          ; clk         ; 10.000       ; 3.312      ; 11.284     ;
; 1.968  ; cfg_en_i                             ; fogged_fragments_o[9]~reg0           ; clk          ; clk         ; 10.000       ; 3.318      ; 11.290     ;
; 1.968  ; cfg_en_i                             ; fogged_fragments_o[10]~reg0          ; clk          ; clk         ; 10.000       ; 3.312      ; 11.284     ;
; 1.968  ; cfg_en_i                             ; fogged_fragments_o[11]~reg0          ; clk          ; clk         ; 10.000       ; 3.318      ; 11.290     ;
; 1.968  ; cfg_en_i                             ; fogged_fragments_o[13]~reg0          ; clk          ; clk         ; 10.000       ; 3.314      ; 11.286     ;
; 1.968  ; cfg_en_i                             ; fogged_fragments_o[14]~reg0          ; clk          ; clk         ; 10.000       ; 3.312      ; 11.284     ;
; 1.968  ; cfg_en_i                             ; fogged_fragments_o[15]~reg0          ; clk          ; clk         ; 10.000       ; 3.318      ; 11.290     ;
; 1.968  ; cfg_en_i                             ; fogged_fragments_o[17]~reg0          ; clk          ; clk         ; 10.000       ; 3.318      ; 11.290     ;
; 1.968  ; cfg_en_i                             ; fogged_fragments_o[19]~reg0          ; clk          ; clk         ; 10.000       ; 3.318      ; 11.290     ;
; 1.968  ; cfg_en_i                             ; fogged_fragments_o[20]~reg0          ; clk          ; clk         ; 10.000       ; 3.312      ; 11.284     ;
; 1.968  ; cfg_en_i                             ; fogged_fragments_o[1]~reg0           ; clk          ; clk         ; 10.000       ; 3.318      ; 11.290     ;
; 1.968  ; cfg_en_i                             ; fogged_fragments_o[4]~reg0           ; clk          ; clk         ; 10.000       ; 3.312      ; 11.284     ;
; 1.968  ; cfg_en_i                             ; fogged_fragments_o[2]~reg0DUPLICATE  ; clk          ; clk         ; 10.000       ; 3.312      ; 11.284     ;
; 1.968  ; cfg_en_i                             ; fogged_fragments_o[5]~reg0DUPLICATE  ; clk          ; clk         ; 10.000       ; 3.318      ; 11.290     ;
; 1.968  ; cfg_en_i                             ; fogged_fragments_o[7]~reg0DUPLICATE  ; clk          ; clk         ; 10.000       ; 3.318      ; 11.290     ;
; 1.968  ; cfg_en_i                             ; fogged_fragments_o[12]~reg0DUPLICATE ; clk          ; clk         ; 10.000       ; 3.312      ; 11.284     ;
; 1.968  ; cfg_en_i                             ; fogged_fragments_o[13]~reg0DUPLICATE ; clk          ; clk         ; 10.000       ; 3.318      ; 11.290     ;
; 1.968  ; cfg_en_i                             ; fogged_fragments_o[16]~reg0DUPLICATE ; clk          ; clk         ; 10.000       ; 3.312      ; 11.284     ;
; 1.968  ; cfg_en_i                             ; fogged_fragments_o[18]~reg0DUPLICATE ; clk          ; clk         ; 10.000       ; 3.312      ; 11.284     ;
; 2.018  ; fogf_i[29]                           ; clear_fragments_o[0]~reg0            ; clk          ; clk         ; 10.000       ; 3.242      ; 11.164     ;
; 2.018  ; fogf_i[29]                           ; clear_fragments_o[21]~reg0           ; clk          ; clk         ; 10.000       ; 3.242      ; 11.164     ;
; 2.018  ; fogf_i[29]                           ; clear_fragments_o[23]~reg0           ; clk          ; clk         ; 10.000       ; 3.242      ; 11.164     ;
; 2.018  ; fogf_i[29]                           ; clear_fragments_o[29]~reg0           ; clk          ; clk         ; 10.000       ; 3.242      ; 11.164     ;
; 2.019  ; fogf_i[29]                           ; clear_fragments_o[22]~reg0           ; clk          ; clk         ; 10.000       ; 3.244      ; 11.165     ;
; 2.019  ; fogf_i[29]                           ; clear_fragments_o[25]~reg0           ; clk          ; clk         ; 10.000       ; 3.238      ; 11.159     ;
; 2.019  ; fogf_i[29]                           ; clear_fragments_o[26]~reg0           ; clk          ; clk         ; 10.000       ; 3.244      ; 11.165     ;
; 2.019  ; fogf_i[29]                           ; clear_fragments_o[27]~reg0           ; clk          ; clk         ; 10.000       ; 3.238      ; 11.159     ;
; 2.019  ; fogf_i[29]                           ; clear_fragments_o[31]~reg0           ; clk          ; clk         ; 10.000       ; 3.238      ; 11.159     ;
; 2.020  ; fogf_i[29]                           ; clear_fragments_o[24]~reg0           ; clk          ; clk         ; 10.000       ; 3.237      ; 11.157     ;
; 2.020  ; fogf_i[29]                           ; clear_fragments_o[28]~reg0           ; clk          ; clk         ; 10.000       ; 3.237      ; 11.157     ;
; 2.020  ; fogf_i[29]                           ; clear_fragments_o[30]~reg0           ; clk          ; clk         ; 10.000       ; 3.237      ; 11.157     ;
; 2.205  ; r_valid_o~reg0DUPLICATE              ; v_ready_o                            ; clk          ; clk         ; 10.000       ; -5.961     ; 1.774      ;
; 2.279  ; cfg_en_i                             ; fogged_fragments_o[21]~reg0          ; clk          ; clk         ; 10.000       ; 3.252      ; 10.913     ;
; 2.279  ; cfg_en_i                             ; fogged_fragments_o[22]~reg0          ; clk          ; clk         ; 10.000       ; 3.253      ; 10.914     ;
; 2.279  ; cfg_en_i                             ; fogged_fragments_o[24]~reg0DUPLICATE ; clk          ; clk         ; 10.000       ; 3.253      ; 10.914     ;
; 2.279  ; cfg_en_i                             ; fogged_fragments_o[25]~reg0          ; clk          ; clk         ; 10.000       ; 3.252      ; 10.913     ;
; 2.279  ; cfg_en_i                             ; fogged_fragments_o[26]~reg0          ; clk          ; clk         ; 10.000       ; 3.253      ; 10.914     ;
; 2.279  ; cfg_en_i                             ; fogged_fragments_o[27]~reg0          ; clk          ; clk         ; 10.000       ; 3.252      ; 10.913     ;
; 2.279  ; cfg_en_i                             ; fogged_fragments_o[28]~reg0          ; clk          ; clk         ; 10.000       ; 3.253      ; 10.914     ;
; 2.279  ; cfg_en_i                             ; fogged_fragments_o[30]~reg0          ; clk          ; clk         ; 10.000       ; 3.253      ; 10.914     ;
; 2.279  ; cfg_en_i                             ; fogged_fragments_o[24]~reg0          ; clk          ; clk         ; 10.000       ; 3.247      ; 10.908     ;
; 2.279  ; cfg_en_i                             ; fogged_fragments_o[22]~reg0DUPLICATE ; clk          ; clk         ; 10.000       ; 3.247      ; 10.908     ;
; 2.279  ; cfg_en_i                             ; fogged_fragments_o[23]~reg0DUPLICATE ; clk          ; clk         ; 10.000       ; 3.252      ; 10.913     ;
; 2.279  ; cfg_en_i                             ; fogged_fragments_o[26]~reg0DUPLICATE ; clk          ; clk         ; 10.000       ; 3.247      ; 10.908     ;
; 2.279  ; cfg_en_i                             ; fogged_fragments_o[28]~reg0DUPLICATE ; clk          ; clk         ; 10.000       ; 3.247      ; 10.908     ;
; 2.279  ; cfg_en_i                             ; fogged_fragments_o[29]~reg0DUPLICATE ; clk          ; clk         ; 10.000       ; 3.252      ; 10.913     ;
; 2.279  ; cfg_en_i                             ; fogged_fragments_o[30]~reg0DUPLICATE ; clk          ; clk         ; 10.000       ; 3.247      ; 10.908     ;
; 2.279  ; cfg_en_i                             ; fogged_fragments_o[31]~reg0DUPLICATE ; clk          ; clk         ; 10.000       ; 3.252      ; 10.913     ;
; 2.280  ; cfg_en_i                             ; fogged_fragments_o[23]~reg0          ; clk          ; clk         ; 10.000       ; 3.249      ; 10.909     ;
; 2.280  ; cfg_en_i                             ; fogged_fragments_o[29]~reg0          ; clk          ; clk         ; 10.000       ; 3.249      ; 10.909     ;
; 2.280  ; cfg_en_i                             ; fogged_fragments_o[31]~reg0          ; clk          ; clk         ; 10.000       ; 3.249      ; 10.909     ;
; 2.497  ; tag_i[11]                            ; tag_o[11]~reg0                       ; clk          ; clk         ; 10.000       ; 3.251      ; 10.694     ;
; 2.648  ; tag_i[4]                             ; tag_o[4]~reg0                        ; clk          ; clk         ; 10.000       ; 3.363      ; 10.655     ;
; 2.689  ; tag_i[5]                             ; tag_o[5]~reg0                        ; clk          ; clk         ; 10.000       ; 3.347      ; 10.598     ;
; 2.705  ; fogged_fragments_o[6]~reg0           ; fogged_fragments_o[6]                ; clk          ; clk         ; 10.000       ; -6.024     ; 1.211      ;
; 2.708  ; tag_i[9]                             ; tag_o[9]~reg0                        ; clk          ; clk         ; 10.000       ; 3.251      ; 10.483     ;
; 2.799  ; v_valid_i                            ; fragments_o[21]~reg0                 ; clk          ; clk         ; 10.000       ; 3.352      ; 10.493     ;
; 2.799  ; v_valid_i                            ; fragments_o[23]~reg0                 ; clk          ; clk         ; 10.000       ; 3.352      ; 10.493     ;
; 2.799  ; v_valid_i                            ; fragments_o[31]~reg0                 ; clk          ; clk         ; 10.000       ; 3.352      ; 10.493     ;
; 2.799  ; v_valid_i                            ; tag_o[10]~reg0                       ; clk          ; clk         ; 10.000       ; 3.352      ; 10.493     ;
; 2.799  ; v_valid_i                            ; tag_o[15]~reg0                       ; clk          ; clk         ; 10.000       ; 3.352      ; 10.493     ;
; 2.799  ; v_valid_i                            ; fragments_o[25]~reg0DUPLICATE        ; clk          ; clk         ; 10.000       ; 3.352      ; 10.493     ;
; 2.800  ; v_valid_i                            ; fragments_o[22]~reg0                 ; clk          ; clk         ; 10.000       ; 3.354      ; 10.494     ;
; 2.800  ; v_valid_i                            ; fragments_o[25]~reg0                 ; clk          ; clk         ; 10.000       ; 3.348      ; 10.488     ;
; 2.800  ; v_valid_i                            ; fragments_o[26]~reg0                 ; clk          ; clk         ; 10.000       ; 3.354      ; 10.494     ;
; 2.800  ; v_valid_i                            ; fragments_o[27]~reg0                 ; clk          ; clk         ; 10.000       ; 3.348      ; 10.488     ;
; 2.800  ; v_valid_i                            ; fragments_o[28]~reg0                 ; clk          ; clk         ; 10.000       ; 3.354      ; 10.494     ;
; 2.800  ; v_valid_i                            ; fragments_o[29]~reg0                 ; clk          ; clk         ; 10.000       ; 3.348      ; 10.488     ;
; 2.800  ; v_valid_i                            ; fragments_o[30]~reg0                 ; clk          ; clk         ; 10.000       ; 3.354      ; 10.494     ;
; 2.800  ; v_valid_i                            ; tag_o[8]~reg0                        ; clk          ; clk         ; 10.000       ; 3.354      ; 10.494     ;
; 2.800  ; v_valid_i                            ; tag_o[12]~reg0                       ; clk          ; clk         ; 10.000       ; 3.354      ; 10.494     ;
; 2.800  ; v_valid_i                            ; tag_o[13]~reg0                       ; clk          ; clk         ; 10.000       ; 3.348      ; 10.488     ;
; 2.801  ; v_valid_i                            ; fragments_o[24]~reg0                 ; clk          ; clk         ; 10.000       ; 3.347      ; 10.486     ;
; 2.801  ; v_valid_i                            ; tag_o[0]~reg0                        ; clk          ; clk         ; 10.000       ; 3.347      ; 10.486     ;
; 2.801  ; v_valid_i                            ; tag_o[6]~reg0                        ; clk          ; clk         ; 10.000       ; 3.347      ; 10.486     ;
; 2.801  ; v_valid_i                            ; fragments_o[22]~reg0DUPLICATE        ; clk          ; clk         ; 10.000       ; 3.347      ; 10.486     ;
; 2.801  ; v_valid_i                            ; fragments_o[26]~reg0DUPLICATE        ; clk          ; clk         ; 10.000       ; 3.347      ; 10.486     ;
; 2.802  ; clear_fragments_o[5]~reg0            ; clear_fragments_o[5]                 ; clk          ; clk         ; 10.000       ; -6.029     ; 1.109      ;
; 2.807  ; clear_fragments_o[16]~reg0           ; clear_fragments_o[16]                ; clk          ; clk         ; 10.000       ; -6.031     ; 1.102      ;
; 2.809  ; fogged_fragments_o[31]~reg0DUPLICATE ; fogged_fragments_o[31]               ; clk          ; clk         ; 10.000       ; -5.954     ; 1.177      ;
; 2.889  ; clear_fragments_o[4]~reg0DUPLICATE   ; clear_fragments_o[4]                 ; clk          ; clk         ; 10.000       ; -6.023     ; 1.028      ;
; 2.894  ; r_valid_o~reg0DUPLICATE              ; r_valid_o                            ; clk          ; clk         ; 10.000       ; -5.961     ; 1.085      ;
; 2.919  ; r_o[2]~reg0                          ; r_o[2]                               ; clk          ; clk         ; 10.000       ; -6.038     ; 0.983      ;
; 2.919  ; fragments_o[20]~reg0                 ; fragments_o[20]                      ; clk          ; clk         ; 10.000       ; -6.074     ; 0.947      ;
; 2.936  ; tag_i[3]                             ; tag_o[3]~reg0                        ; clk          ; clk         ; 10.000       ; 3.316      ; 10.320     ;
; 2.951  ; r_o[0]~reg0                          ; r_o[0]                               ; clk          ; clk         ; 10.000       ; -6.030     ; 0.959      ;
; 2.966  ; clear_fragments_o[20]~reg0           ; clear_fragments_o[20]                ; clk          ; clk         ; 10.000       ; -6.023     ; 0.951      ;
; 2.992  ; fogged_fragments_o[17]~reg0          ; fogged_fragments_o[17]               ; clk          ; clk         ; 10.000       ; -6.030     ; 0.918      ;
; 3.024  ; tag_o[1]~reg0                        ; tag_o[1]                             ; clk          ; clk         ; 10.000       ; -5.939     ; 0.977      ;
; 3.025  ; r_o[6]~reg0                          ; r_o[6]                               ; clk          ; clk         ; 10.000       ; -6.030     ; 0.885      ;
; 3.037  ; clear_fragments_o[12]~reg0           ; clear_fragments_o[12]                ; clk          ; clk         ; 10.000       ; -6.031     ; 0.872      ;
; 3.064  ; clear_fragments_o[3]~reg0            ; clear_fragments_o[3]                 ; clk          ; clk         ; 10.000       ; -6.029     ; 0.847      ;
; 3.070  ; r_o[1]~reg0                          ; r_o[1]                               ; clk          ; clk         ; 10.000       ; -6.037     ; 0.833      ;
; 3.075  ; clear_fragments_o[17]~reg0           ; clear_fragments_o[17]                ; clk          ; clk         ; 10.000       ; -6.029     ; 0.836      ;
; 3.093  ; clear_fragments_o[11]~reg0DUPLICATE  ; clear_fragments_o[11]                ; clk          ; clk         ; 10.000       ; -6.029     ; 0.818      ;
; 3.095  ; v_valid_i                            ; fragments_o[0]~reg0                  ; clk          ; clk         ; 10.000       ; 3.367      ; 10.212     ;
; 3.095  ; v_valid_i                            ; tag_o[7]~reg0                        ; clk          ; clk         ; 10.000       ; 3.361      ; 10.206     ;
; 3.131  ; fogged_fragments_o[9]~reg0           ; fogged_fragments_o[9]                ; clk          ; clk         ; 10.000       ; -6.030     ; 0.779      ;
; 3.134  ; g_o[1]~reg0                          ; g_o[1]                               ; clk          ; clk         ; 10.000       ; -6.016     ; 0.790      ;
; 3.135  ; clear_fragments_o[18]~reg0DUPLICATE  ; clear_fragments_o[18]                ; clk          ; clk         ; 10.000       ; -6.023     ; 0.782      ;
; 3.140  ; g_o[0]~reg0                          ; g_o[0]                               ; clk          ; clk         ; 10.000       ; -6.009     ; 0.791      ;
; 3.145  ; r_o[5]~reg0                          ; r_o[5]                               ; clk          ; clk         ; 10.000       ; -6.038     ; 0.757      ;
; 3.147  ; g_o[7]~reg0                          ; g_o[7]                               ; clk          ; clk         ; 10.000       ; -6.016     ; 0.777      ;
; 3.149  ; fogged_fragments_o[15]~reg0          ; fogged_fragments_o[15]               ; clk          ; clk         ; 10.000       ; -6.030     ; 0.761      ;
; 3.165  ; clear_fragments_o[8]~reg0            ; clear_fragments_o[8]                 ; clk          ; clk         ; 10.000       ; -6.023     ; 0.752      ;
; 3.168  ; r_o[4]~reg0                          ; r_o[4]                               ; clk          ; clk         ; 10.000       ; -6.037     ; 0.735      ;
; 3.185  ; clear_fragments_o[19]~reg0           ; clear_fragments_o[19]                ; clk          ; clk         ; 10.000       ; -6.029     ; 0.726      ;
; 3.222  ; fogged_fragments_o[0]~reg0           ; fogged_fragments_o[0]                ; clk          ; clk         ; 10.000       ; -6.032     ; 0.686      ;
; 3.230  ; r_o[7]~reg0                          ; r_o[7]                               ; clk          ; clk         ; 10.000       ; -6.032     ; 0.678      ;
; 3.232  ; v_valid_i                            ; fragments_o[2]~reg0                  ; clk          ; clk         ; 10.000       ; 3.367      ; 10.075     ;
; 3.232  ; v_valid_i                            ; fragments_o[4]~reg0                  ; clk          ; clk         ; 10.000       ; 3.367      ; 10.075     ;
; 3.232  ; v_valid_i                            ; fragments_o[6]~reg0                  ; clk          ; clk         ; 10.000       ; 3.367      ; 10.075     ;
; 3.232  ; v_valid_i                            ; fragments_o[12]~reg0                 ; clk          ; clk         ; 10.000       ; 3.367      ; 10.075     ;
; 3.232  ; v_valid_i                            ; fragments_o[14]~reg0                 ; clk          ; clk         ; 10.000       ; 3.367      ; 10.075     ;
; 3.232  ; v_valid_i                            ; fragments_o[16]~reg0                 ; clk          ; clk         ; 10.000       ; 3.367      ; 10.075     ;
; 3.232  ; v_valid_i                            ; fragments_o[18]~reg0                 ; clk          ; clk         ; 10.000       ; 3.367      ; 10.075     ;
; 3.233  ; v_valid_i                            ; fragments_o[1]~reg0                  ; clk          ; clk         ; 10.000       ; 3.362      ; 10.069     ;
; 3.233  ; v_valid_i                            ; fragments_o[3]~reg0                  ; clk          ; clk         ; 10.000       ; 3.366      ; 10.073     ;
; 3.233  ; v_valid_i                            ; fragments_o[5]~reg0                  ; clk          ; clk         ; 10.000       ; 3.366      ; 10.073     ;
; 3.233  ; v_valid_i                            ; fragments_o[7]~reg0                  ; clk          ; clk         ; 10.000       ; 3.362      ; 10.069     ;
; 3.233  ; v_valid_i                            ; fragments_o[8]~reg0                  ; clk          ; clk         ; 10.000       ; 3.360      ; 10.067     ;
; 3.233  ; v_valid_i                            ; fragments_o[9]~reg0                  ; clk          ; clk         ; 10.000       ; 3.362      ; 10.069     ;
; 3.233  ; v_valid_i                            ; fragments_o[10]~reg0                 ; clk          ; clk         ; 10.000       ; 3.360      ; 10.067     ;
; 3.233  ; v_valid_i                            ; fragments_o[11]~reg0                 ; clk          ; clk         ; 10.000       ; 3.366      ; 10.073     ;
; 3.233  ; v_valid_i                            ; fragments_o[13]~reg0                 ; clk          ; clk         ; 10.000       ; 3.366      ; 10.073     ;
; 3.233  ; v_valid_i                            ; fragments_o[15]~reg0                 ; clk          ; clk         ; 10.000       ; 3.362      ; 10.069     ;
; 3.233  ; v_valid_i                            ; fragments_o[17]~reg0                 ; clk          ; clk         ; 10.000       ; 3.366      ; 10.073     ;
; 3.233  ; v_valid_i                            ; fragments_o[19]~reg0                 ; clk          ; clk         ; 10.000       ; 3.366      ; 10.073     ;
; 3.233  ; v_valid_i                            ; fragments_o[20]~reg0                 ; clk          ; clk         ; 10.000       ; 3.360      ; 10.067     ;
; 3.233  ; v_valid_i                            ; fragments_o[1]~reg0DUPLICATE         ; clk          ; clk         ; 10.000       ; 3.366      ; 10.073     ;
; 3.233  ; v_valid_i                            ; fragments_o[2]~reg0DUPLICATE         ; clk          ; clk         ; 10.000       ; 3.360      ; 10.067     ;
; 3.233  ; v_valid_i                            ; fragments_o[4]~reg0DUPLICATE         ; clk          ; clk         ; 10.000       ; 3.360      ; 10.067     ;
; 3.233  ; v_valid_i                            ; fragments_o[6]~reg0DUPLICATE         ; clk          ; clk         ; 10.000       ; 3.360      ; 10.067     ;
; 3.233  ; v_valid_i                            ; fragments_o[7]~reg0DUPLICATE         ; clk          ; clk         ; 10.000       ; 3.366      ; 10.073     ;
; 3.237  ; fragments_o[19]~reg0                 ; fragments_o[19]                      ; clk          ; clk         ; 10.000       ; -6.080     ; 0.623      ;
; 3.249  ; clear_fragments_o[24]~reg0           ; clear_fragments_o[24]                ; clk          ; clk         ; 10.000       ; -5.937     ; 0.754      ;
; 3.257  ; v_valid_i                            ; tag_o[2]~reg0                        ; clk          ; clk         ; 10.000       ; 3.321      ; 10.004     ;
; 3.258  ; clear_fragments_o[29]~reg0           ; clear_fragments_o[29]                ; clk          ; clk         ; 10.000       ; -5.944     ; 0.738      ;
; 3.261  ; clear_fragments_o[10]~reg0           ; clear_fragments_o[10]                ; clk          ; clk         ; 10.000       ; -6.023     ; 0.656      ;
; 3.262  ; clear_fragments_o[28]~reg0           ; clear_fragments_o[28]                ; clk          ; clk         ; 10.000       ; -5.937     ; 0.741      ;
; 3.266  ; tag_o[7]~reg0                        ; tag_o[7]                             ; clk          ; clk         ; 10.000       ; -6.075     ; 0.599      ;
; 3.268  ; fragments_o[31]~reg0                 ; fragments_o[31]                      ; clk          ; clk         ; 10.000       ; -6.067     ; 0.605      ;
; 3.276  ; fragments_o[0]~reg0                  ; fragments_o[0]                       ; clk          ; clk         ; 10.000       ; -6.081     ; 0.583      ;
; 3.280  ; clear_fragments_o[21]~reg0           ; clear_fragments_o[21]                ; clk          ; clk         ; 10.000       ; -5.944     ; 0.716      ;
; 3.282  ; tag_o[10]~reg0                       ; tag_o[10]                            ; clk          ; clk         ; 10.000       ; -6.067     ; 0.591      ;
; 3.288  ; clear_fragments_o[23]~reg0           ; clear_fragments_o[23]                ; clk          ; clk         ; 10.000       ; -5.944     ; 0.708      ;
; 3.306  ; fogged_fragments_o[27]~reg0          ; fogged_fragments_o[27]               ; clk          ; clk         ; 10.000       ; -5.954     ; 0.680      ;
; 3.316  ; clear_fragments_o[0]~reg0            ; clear_fragments_o[0]                 ; clk          ; clk         ; 10.000       ; -5.944     ; 0.680      ;
; 3.323  ; clear_fragments_o[30]~reg0           ; clear_fragments_o[30]                ; clk          ; clk         ; 10.000       ; -5.937     ; 0.680      ;
; 3.338  ; fragments_o[24]~reg0                 ; fragments_o[24]                      ; clk          ; clk         ; 10.000       ; -6.060     ; 0.542      ;
; 3.357  ; g_o[5]~reg0                          ; g_o[5]                               ; clk          ; clk         ; 10.000       ; -6.009     ; 0.574      ;
; 3.378  ; v_valid_i                            ; tag_o[14]~reg0                       ; clk          ; clk         ; 10.000       ; 3.244      ; 9.806      ;
; 3.379  ; fogged_fragments_o[24]~reg0          ; fogged_fragments_o[24]               ; clk          ; clk         ; 10.000       ; -5.950     ; 0.611      ;
; 3.380  ; v_valid_i                            ; tag_o[1]~reg0                        ; clk          ; clk         ; 10.000       ; 3.239      ; 9.799      ;
; 3.391  ; tag_o[14]~reg0                       ; tag_o[14]                            ; clk          ; clk         ; 10.000       ; -5.946     ; 0.603      ;
; 3.394  ; clear_fragments_o[14]~reg0           ; clear_fragments_o[14]                ; clk          ; clk         ; 10.000       ; -6.031     ; 0.515      ;
; 3.407  ; clear_fragments_o[6]~reg0            ; clear_fragments_o[6]                 ; clk          ; clk         ; 10.000       ; -6.031     ; 0.502      ;
; 3.416  ; clear_fragments_o[2]~reg0            ; clear_fragments_o[2]                 ; clk          ; clk         ; 10.000       ; -6.031     ; 0.493      ;
; 3.428  ; fragments_o[14]~reg0                 ; fragments_o[14]                      ; clk          ; clk         ; 10.000       ; -6.082     ; 0.430      ;
; 3.444  ; fragments_o[12]~reg0                 ; fragments_o[12]                      ; clk          ; clk         ; 10.000       ; -6.082     ; 0.414      ;
; 3.445  ; fragments_o[18]~reg0                 ; fragments_o[18]                      ; clk          ; clk         ; 10.000       ; -6.082     ; 0.413      ;
; 3.448  ; tag_o[4]~reg0                        ; tag_o[4]                             ; clk          ; clk         ; 10.000       ; -6.076     ; 0.416      ;
; 3.449  ; tag_o[12]~reg0                       ; tag_o[12]                            ; clk          ; clk         ; 10.000       ; -6.068     ; 0.423      ;
; 3.449  ; fragments_o[16]~reg0                 ; fragments_o[16]                      ; clk          ; clk         ; 10.000       ; -6.082     ; 0.409      ;
; 3.451  ; tag_o[8]~reg0                        ; tag_o[8]                             ; clk          ; clk         ; 10.000       ; -6.068     ; 0.421      ;
; 3.452  ; tag_o[13]~reg0                       ; tag_o[13]                            ; clk          ; clk         ; 10.000       ; -6.062     ; 0.426      ;
; 3.452  ; fragments_o[9]~reg0                  ; fragments_o[9]                       ; clk          ; clk         ; 10.000       ; -6.075     ; 0.413      ;
; 3.453  ; fragments_o[28]~reg0                 ; fragments_o[28]                      ; clk          ; clk         ; 10.000       ; -6.068     ; 0.419      ;
; 3.454  ; clear_fragments_o[15]~reg0           ; clear_fragments_o[15]                ; clk          ; clk         ; 10.000       ; -6.024     ; 0.462      ;
; 3.456  ; fragments_o[15]~reg0                 ; fragments_o[15]                      ; clk          ; clk         ; 10.000       ; -6.075     ; 0.409      ;
; 3.458  ; fragments_o[8]~reg0                  ; fragments_o[8]                       ; clk          ; clk         ; 10.000       ; -6.074     ; 0.408      ;
; 3.459  ; fragments_o[27]~reg0                 ; fragments_o[27]                      ; clk          ; clk         ; 10.000       ; -6.062     ; 0.419      ;
; 3.460  ; clear_fragments_o[9]~reg0            ; clear_fragments_o[9]                 ; clk          ; clk         ; 10.000       ; -6.024     ; 0.456      ;
; 3.461  ; clear_fragments_o[7]~reg0            ; clear_fragments_o[7]                 ; clk          ; clk         ; 10.000       ; -6.024     ; 0.455      ;
; 3.464  ; fragments_o[29]~reg0                 ; fragments_o[29]                      ; clk          ; clk         ; 10.000       ; -6.062     ; 0.414      ;
; 3.465  ; fragments_o[6]~reg0DUPLICATE         ; fragments_o[6]                       ; clk          ; clk         ; 10.000       ; -6.074     ; 0.401      ;
; 3.465  ; fragments_o[11]~reg0                 ; fragments_o[11]                      ; clk          ; clk         ; 10.000       ; -6.080     ; 0.395      ;
; 3.466  ; fragments_o[13]~reg0                 ; fragments_o[13]                      ; clk          ; clk         ; 10.000       ; -6.080     ; 0.394      ;
; 3.467  ; clear_fragments_o[1]~reg0            ; clear_fragments_o[1]                 ; clk          ; clk         ; 10.000       ; -6.024     ; 0.449      ;
; 3.468  ; fragments_o[5]~reg0                  ; fragments_o[5]                       ; clk          ; clk         ; 10.000       ; -6.080     ; 0.392      ;
; 3.468  ; fogged_fragments_o[2]~reg0DUPLICATE  ; fogged_fragments_o[2]                ; clk          ; clk         ; 10.000       ; -6.024     ; 0.448      ;
; 3.471  ; fragments_o[30]~reg0                 ; fragments_o[30]                      ; clk          ; clk         ; 10.000       ; -6.068     ; 0.401      ;
; 3.472  ; clear_fragments_o[13]~reg0           ; clear_fragments_o[13]                ; clk          ; clk         ; 10.000       ; -6.024     ; 0.444      ;
; 3.474  ; fragments_o[23]~reg0                 ; fragments_o[23]                      ; clk          ; clk         ; 10.000       ; -6.067     ; 0.399      ;
; 3.477  ; tag_o[2]~reg0                        ; tag_o[2]                             ; clk          ; clk         ; 10.000       ; -6.034     ; 0.429      ;
; 3.482  ; fragments_o[2]~reg0DUPLICATE         ; fragments_o[2]                       ; clk          ; clk         ; 10.000       ; -6.074     ; 0.384      ;
; 3.484  ; fragments_o[21]~reg0                 ; fragments_o[21]                      ; clk          ; clk         ; 10.000       ; -6.067     ; 0.389      ;
; 3.484  ; fogged_fragments_o[5]~reg0DUPLICATE  ; fogged_fragments_o[5]                ; clk          ; clk         ; 10.000       ; -6.030     ; 0.426      ;
; 3.485  ; fogged_fragments_o[7]~reg0DUPLICATE  ; fogged_fragments_o[7]                ; clk          ; clk         ; 10.000       ; -6.030     ; 0.425      ;
; 3.485  ; fogged_fragments_o[18]~reg0DUPLICATE ; fogged_fragments_o[18]               ; clk          ; clk         ; 10.000       ; -6.024     ; 0.431      ;
; 3.486  ; fragments_o[7]~reg0DUPLICATE         ; fragments_o[7]                       ; clk          ; clk         ; 10.000       ; -6.080     ; 0.374      ;
; 3.486  ; fogged_fragments_o[11]~reg0          ; fogged_fragments_o[11]               ; clk          ; clk         ; 10.000       ; -6.030     ; 0.424      ;
; 3.486  ; fogged_fragments_o[14]~reg0          ; fogged_fragments_o[14]               ; clk          ; clk         ; 10.000       ; -6.024     ; 0.430      ;
; 3.487  ; fragments_o[4]~reg0DUPLICATE         ; fragments_o[4]                       ; clk          ; clk         ; 10.000       ; -6.074     ; 0.379      ;
; 3.488  ; fragments_o[26]~reg0DUPLICATE        ; fragments_o[26]                      ; clk          ; clk         ; 10.000       ; -6.060     ; 0.392      ;
; 3.489  ; fogged_fragments_o[4]~reg0           ; fogged_fragments_o[4]                ; clk          ; clk         ; 10.000       ; -6.024     ; 0.427      ;
; 3.490  ; tag_o[15]~reg0                       ; tag_o[15]                            ; clk          ; clk         ; 10.000       ; -6.067     ; 0.383      ;
; 3.490  ; fragments_o[10]~reg0                 ; fragments_o[10]                      ; clk          ; clk         ; 10.000       ; -6.074     ; 0.376      ;
; 3.491  ; tag_o[3]~reg0                        ; tag_o[3]                             ; clk          ; clk         ; 10.000       ; -6.027     ; 0.422      ;
; 3.492  ; g_o[2]~reg0                          ; g_o[2]                               ; clk          ; clk         ; 10.000       ; -6.017     ; 0.431      ;
; 3.492  ; fogged_fragments_o[19]~reg0          ; fogged_fragments_o[19]               ; clk          ; clk         ; 10.000       ; -6.030     ; 0.418      ;
; 3.492  ; clear_fragments_o[22]~reg0           ; clear_fragments_o[22]                ; clk          ; clk         ; 10.000       ; -5.945     ; 0.503      ;
; 3.493  ; fragments_o[1]~reg0DUPLICATE         ; fragments_o[1]                       ; clk          ; clk         ; 10.000       ; -6.080     ; 0.367      ;
; 3.493  ; fogged_fragments_o[13]~reg0DUPLICATE ; fogged_fragments_o[13]               ; clk          ; clk         ; 10.000       ; -6.030     ; 0.417      ;
; 3.495  ; fogged_fragments_o[1]~reg0           ; fogged_fragments_o[1]                ; clk          ; clk         ; 10.000       ; -6.030     ; 0.415      ;
; 3.496  ; fogged_fragments_o[12]~reg0DUPLICATE ; fogged_fragments_o[12]               ; clk          ; clk         ; 10.000       ; -6.024     ; 0.420      ;
; 3.500  ; g_o[3]~reg0                          ; g_o[3]                               ; clk          ; clk         ; 10.000       ; -6.011     ; 0.429      ;
; 3.500  ; fragments_o[17]~reg0                 ; fragments_o[17]                      ; clk          ; clk         ; 10.000       ; -6.080     ; 0.360      ;
; 3.502  ; fragments_o[3]~reg0                  ; fragments_o[3]                       ; clk          ; clk         ; 10.000       ; -6.080     ; 0.358      ;
; 3.504  ; fragments_o[22]~reg0DUPLICATE        ; fragments_o[22]                      ; clk          ; clk         ; 10.000       ; -6.060     ; 0.376      ;
; 3.504  ; clear_fragments_o[26]~reg0           ; clear_fragments_o[26]                ; clk          ; clk         ; 10.000       ; -5.945     ; 0.491      ;
; 3.505  ; b_o[0]~reg0                          ; b_o[0]                               ; clk          ; clk         ; 10.000       ; -6.037     ; 0.398      ;
; 3.510  ; tag_o[0]~reg0                        ; tag_o[0]                             ; clk          ; clk         ; 10.000       ; -6.060     ; 0.370      ;
; 3.510  ; fogged_fragments_o[16]~reg0DUPLICATE ; fogged_fragments_o[16]               ; clk          ; clk         ; 10.000       ; -6.024     ; 0.406      ;
; 3.513  ; g_o[6]~reg0                          ; g_o[6]                               ; clk          ; clk         ; 10.000       ; -6.017     ; 0.410      ;
; 3.513  ; fogged_fragments_o[8]~reg0           ; fogged_fragments_o[8]                ; clk          ; clk         ; 10.000       ; -6.024     ; 0.403      ;
; 3.515  ; fragments_o[25]~reg0DUPLICATE        ; fragments_o[25]                      ; clk          ; clk         ; 10.000       ; -6.067     ; 0.358      ;
; 3.516  ; b_o[3]~reg0                          ; b_o[3]                               ; clk          ; clk         ; 10.000       ; -6.037     ; 0.387      ;
; 3.519  ; g_o[4]~reg0                          ; g_o[4]                               ; clk          ; clk         ; 10.000       ; -6.011     ; 0.410      ;
; 3.519  ; tag_o[5]~reg0                        ; tag_o[5]                             ; clk          ; clk         ; 10.000       ; -6.060     ; 0.361      ;
; 3.519  ; fogged_fragments_o[3]~reg0           ; fogged_fragments_o[3]                ; clk          ; clk         ; 10.000       ; -6.030     ; 0.391      ;
; 3.520  ; b_o[2]~reg0                          ; b_o[2]                               ; clk          ; clk         ; 10.000       ; -6.037     ; 0.383      ;
; 3.520  ; b_o[7]~reg0                          ; b_o[7]                               ; clk          ; clk         ; 10.000       ; -6.037     ; 0.383      ;
; 3.524  ; r_o[3]~reg0                          ; r_o[3]                               ; clk          ; clk         ; 10.000       ; -6.037     ; 0.379      ;
; 3.524  ; b_o[4]~reg0                          ; b_o[4]                               ; clk          ; clk         ; 10.000       ; -6.030     ; 0.386      ;
; 3.524  ; fogged_fragments_o[10]~reg0          ; fogged_fragments_o[10]               ; clk          ; clk         ; 10.000       ; -6.024     ; 0.392      ;
; 3.526  ; b_o[6]~reg0                          ; b_o[6]                               ; clk          ; clk         ; 10.000       ; -6.030     ; 0.384      ;
; 3.526  ; fogged_fragments_o[20]~reg0          ; fogged_fragments_o[20]               ; clk          ; clk         ; 10.000       ; -6.024     ; 0.390      ;
; 3.530  ; tag_o[6]~reg0                        ; tag_o[6]                             ; clk          ; clk         ; 10.000       ; -6.060     ; 0.350      ;
; 3.531  ; b_o[1]~reg0                          ; b_o[1]                               ; clk          ; clk         ; 10.000       ; -6.030     ; 0.379      ;
; 3.538  ; b_o[5]~reg0                          ; b_o[5]                               ; clk          ; clk         ; 10.000       ; -6.030     ; 0.372      ;
; 3.547  ; clear_fragments_o[27]~reg0           ; clear_fragments_o[27]                ; clk          ; clk         ; 10.000       ; -5.939     ; 0.454      ;
; 3.550  ; clear_fragments_o[25]~reg0           ; clear_fragments_o[25]                ; clk          ; clk         ; 10.000       ; -5.939     ; 0.451      ;
; 3.557  ; fogged_fragments_o[21]~reg0          ; fogged_fragments_o[21]               ; clk          ; clk         ; 10.000       ; -5.954     ; 0.429      ;
; 3.563  ; clear_fragments_o[31]~reg0           ; clear_fragments_o[31]                ; clk          ; clk         ; 10.000       ; -5.939     ; 0.438      ;
; 3.564  ; tag_o[11]~reg0                       ; tag_o[11]                            ; clk          ; clk         ; 10.000       ; -5.953     ; 0.423      ;
; 3.566  ; fogged_fragments_o[28]~reg0DUPLICATE ; fogged_fragments_o[28]               ; clk          ; clk         ; 10.000       ; -5.950     ; 0.424      ;
; 3.566  ; fogged_fragments_o[29]~reg0DUPLICATE ; fogged_fragments_o[29]               ; clk          ; clk         ; 10.000       ; -5.954     ; 0.420      ;
; 3.567  ; tag_o[9]~reg0                        ; tag_o[9]                             ; clk          ; clk         ; 10.000       ; -5.953     ; 0.420      ;
; 3.571  ; fogged_fragments_o[30]~reg0DUPLICATE ; fogged_fragments_o[30]               ; clk          ; clk         ; 10.000       ; -5.950     ; 0.419      ;
; 3.583  ; fogged_fragments_o[22]~reg0DUPLICATE ; fogged_fragments_o[22]               ; clk          ; clk         ; 10.000       ; -5.950     ; 0.407      ;
; 3.583  ; fogged_fragments_o[26]~reg0DUPLICATE ; fogged_fragments_o[26]               ; clk          ; clk         ; 10.000       ; -5.950     ; 0.407      ;
; 3.586  ; fogged_fragments_o[25]~reg0          ; fogged_fragments_o[25]               ; clk          ; clk         ; 10.000       ; -5.954     ; 0.400      ;
; 3.609  ; fogged_fragments_o[23]~reg0DUPLICATE ; fogged_fragments_o[23]               ; clk          ; clk         ; 10.000       ; -5.954     ; 0.377      ;
; 4.613  ; v_valid_i                            ; r_valid_o~reg0DUPLICATE              ; clk          ; clk         ; 10.000       ; 3.276      ; 8.603      ;
; 4.619  ; v_valid_i                            ; r_valid_o~reg0                       ; clk          ; clk         ; 10.000       ; 3.280      ; 8.601      ;
+--------+--------------------------------------+--------------------------------------+--------------+-------------+--------------+------------+------------+
