+------------------------------------------------------------------------------------------------------------------------------------------------------------------------------------------+
; Report Timing                                                                                                                                                                            ;
+--------+-----------------------------------------------------+-----------------------------------------------------+--------------+-------------+--------------+------------+------------+
; Slack  ; From Node                                           ; To Node                                             ; Launch Clock ; Latch Clock ; Relationship ; Clock Skew ; Data Delay ;
+--------+-----------------------------------------------------+-----------------------------------------------------+--------------+-------------+--------------+------------+------------+
; -4.571 ; w_i[2]                                              ; fogf_o[16]~reg0_OTERM579                            ; clk          ; clk         ; 10.000       ; 3.248      ; 17.759     ;
; -4.516 ; w_i[2]                                              ; clear_vertices_o[0]~reg0_OTERM177_OTERM433_OTERM599 ; clk          ; clk         ; 10.000       ; 3.265      ; 17.721     ;
; -4.390 ; w_i[2]                                              ; fogf_o[16]~reg0_OTERM575                            ; clk          ; clk         ; 10.000       ; 3.256      ; 17.586     ;
; -4.353 ; w_i[2]                                              ; clear_vertices_o[0]~reg0_OTERM177_OTERM433_OTERM603 ; clk          ; clk         ; 10.000       ; 3.266      ; 17.559     ;
; -4.111 ; w_i[2]                                              ; clear_vertices_o[0]~reg0_OTERM177_OTERM425_OTERM585 ; clk          ; clk         ; 10.000       ; 3.264      ; 17.315     ;
; -3.820 ; w_i[2]                                              ; clear_vertices_o[0]~reg0_OTERM177_OTERM423_OTERM645 ; clk          ; clk         ; 10.000       ; 3.265      ; 17.025     ;
; -3.691 ; w_i[2]                                              ; clear_vertices_o[0]~reg0_OTERM177_OTERM433_OTERM601 ; clk          ; clk         ; 10.000       ; 3.274      ; 16.905     ;
; -3.551 ; w_i[2]                                              ; clear_vertices_o[0]~reg0_OTERM177_OTERM423_OTERM649 ; clk          ; clk         ; 10.000       ; 3.282      ; 16.773     ;
; -3.508 ; w_i[2]                                              ; fogf_o[15]~reg0_OTERM9                              ; clk          ; clk         ; 10.000       ; 3.250      ; 16.698     ;
; -3.485 ; w_i[2]                                              ; clear_vertices_o[0]~reg0_OTERM177_OTERM423_OTERM643 ; clk          ; clk         ; 10.000       ; 3.264      ; 16.689     ;
; -3.469 ; w_i[2]                                              ; fogf_o[15]~reg0_OTERM11                             ; clk          ; clk         ; 10.000       ; 3.245      ; 16.654     ;
; -3.306 ; w_i[2]                                              ; fogf_o[15]~reg0_OTERM5_OTERM639                     ; clk          ; clk         ; 10.000       ; 3.245      ; 16.491     ;
; -3.136 ; w_i[2]                                              ; fogf_o[16]~reg0_OTERM577                            ; clk          ; clk         ; 10.000       ; 3.243      ; 16.319     ;
; -3.098 ; w_i[2]                                              ; clear_vertices_o[0]~reg0_OTERM177_OTERM423_OTERM647 ; clk          ; clk         ; 10.000       ; 3.266      ; 16.304     ;
; -2.921 ; w_i[2]                                              ; clear_vertices_o[0]~reg0_OTERM177_OTERM425_OTERM583 ; clk          ; clk         ; 10.000       ; 3.268      ; 16.129     ;
; -2.866 ; w_i[2]                                              ; clear_vertices_o[0]~reg0_OTERM177_OTERM423_OTERM641 ; clk          ; clk         ; 10.000       ; 3.267      ; 16.073     ;
; -2.769 ; w_i[2]                                              ; fogf_o[15]~reg0_OTERM7_OTERM445                     ; clk          ; clk         ; 10.000       ; 3.275      ; 15.984     ;
; -2.517 ; w_i[2]                                              ; fogf_o[15]~reg0_OTERM1                              ; clk          ; clk         ; 10.000       ; 3.251      ; 15.708     ;
; -2.451 ; w_i[2]                                              ; fogf_o[14]~reg0_OTERM13                             ; clk          ; clk         ; 10.000       ; 3.270      ; 15.661     ;
; -1.854 ; w_i[2]                                              ; fogf_o[15]~reg0_OTERM7_OTERM443                     ; clk          ; clk         ; 10.000       ; 3.255      ; 15.049     ;
; -1.791 ; w_i[2]                                              ; fogf_o[15]~reg0_OTERM3                              ; clk          ; clk         ; 10.000       ; 3.268      ; 14.999     ;
; -1.758 ; w_i[2]                                              ; fogf_o[15]~reg0_OTERM7_OTERM437                     ; clk          ; clk         ; 10.000       ; 3.255      ; 14.953     ;
; -1.579 ; w_i[2]                                              ; fogf_o[15]~reg0_OTERM7_OTERM441                     ; clk          ; clk         ; 10.000       ; 3.249      ; 14.768     ;
; -1.549 ; w_i[2]                                              ; fogf_o[0]~reg0_OTERM41                              ; clk          ; clk         ; 10.000       ; 3.275      ; 14.764     ;
; -1.507 ; w_i[2]                                              ; fogf_o[2]~reg0_OTERM37                              ; clk          ; clk         ; 10.000       ; 3.268      ; 14.715     ;
; -1.499 ; w_i[2]                                              ; fogf_o[15]~reg0_OTERM7_OTERM439                     ; clk          ; clk         ; 10.000       ; 3.256      ; 14.695     ;
; -1.476 ; w_i[2]                                              ; clear_vertices_o[0]~reg0_OTERM177_OTERM429_OTERM625 ; clk          ; clk         ; 10.000       ; 3.284      ; 14.700     ;
; -1.475 ; w_i[2]                                              ; fogf_o[10]~reg0_OTERM21                             ; clk          ; clk         ; 10.000       ; 3.270      ; 14.685     ;
; -1.407 ; w_i[2]                                              ; clear_vertices_o[0]~reg0_OTERM177_OTERM425_OTERM591 ; clk          ; clk         ; 10.000       ; 3.286      ; 14.633     ;
; -1.403 ; w_i[2]                                              ; fogf_o[15]~reg0_OTERM7_OTERM435                     ; clk          ; clk         ; 10.000       ; 3.243      ; 14.586     ;
; -1.399 ; w_i[2]                                              ; fogf_o[7]~reg0_OTERM27                              ; clk          ; clk         ; 10.000       ; 3.270      ; 14.609     ;
; -1.312 ; w_i[2]                                              ; fogf_o[15]~reg0_OTERM5_OTERM629                     ; clk          ; clk         ; 10.000       ; 3.236      ; 14.488     ;
; -1.306 ; w_i[2]                                              ; fogf_o[13]~reg0_OTERM15                             ; clk          ; clk         ; 10.000       ; 3.268      ; 14.514     ;
; -1.275 ; w_i[2]                                              ; fogf_o[11]~reg0_OTERM19                             ; clk          ; clk         ; 10.000       ; 3.268      ; 14.483     ;
; -1.273 ; w_i[2]                                              ; fogf_o[5]~reg0_OTERM31                              ; clk          ; clk         ; 10.000       ; 3.268      ; 14.481     ;
; -1.188 ; w_i[2]                                              ; fogf_o[15]~reg0_OTERM5_OTERM635                     ; clk          ; clk         ; 10.000       ; 3.237      ; 14.365     ;
; -1.174 ; w_i[2]                                              ; fogf_o[9]~reg0_OTERM23                              ; clk          ; clk         ; 10.000       ; 3.274      ; 14.388     ;
; -1.151 ; w_i[2]                                              ; fogf_o[15]~reg0_OTERM5_OTERM631                     ; clk          ; clk         ; 10.000       ; 3.237      ; 14.328     ;
; -1.073 ; w_i[2]                                              ; fogf_o[12]~reg0_OTERM17                             ; clk          ; clk         ; 10.000       ; 3.270      ; 14.283     ;
; -1.069 ; w_i[2]                                              ; fogf_o[15]~reg0_OTERM5_OTERM637                     ; clk          ; clk         ; 10.000       ; 3.243      ; 14.252     ;
; -1.037 ; w_i[2]                                              ; fogf_o[8]~reg0_OTERM25                              ; clk          ; clk         ; 10.000       ; 3.270      ; 14.247     ;
; -1.001 ; w_i[2]                                              ; fogf_o[4]~reg0_OTERM33                              ; clk          ; clk         ; 10.000       ; 3.275      ; 14.216     ;
; -0.998 ; w_i[2]                                              ; fogf_o[15]~reg0_OTERM5_OTERM633                     ; clk          ; clk         ; 10.000       ; 3.236      ; 14.174     ;
; -0.991 ; w_i[2]                                              ; fogf_o[6]~reg0_OTERM29                              ; clk          ; clk         ; 10.000       ; 3.270      ; 14.201     ;
; -0.934 ; w_i[2]                                              ; fogf_o[3]~reg0_OTERM35                              ; clk          ; clk         ; 10.000       ; 3.270      ; 14.144     ;
; -0.921 ; w_i[2]                                              ; clear_vertices_o[0]~reg0_OTERM177_OTERM429_OTERM627 ; clk          ; clk         ; 10.000       ; 3.286      ; 14.147     ;
; -0.920 ; w_i[2]                                              ; fogf_o[1]~reg0_OTERM39                              ; clk          ; clk         ; 10.000       ; 3.275      ; 14.135     ;
; -0.732 ; w_i[2]                                              ; clear_vertices_o[0]~reg0_OTERM177_OTERM427_OTERM607 ; clk          ; clk         ; 10.000       ; 3.286      ; 13.958     ;
; -0.673 ; w_i[2]                                              ; clear_vertices_o[0]~reg0_OTERM177_OTERM427_OTERM609 ; clk          ; clk         ; 10.000       ; 3.286      ; 13.899     ;
; -0.612 ; w_i[2]                                              ; clear_vertices_o[0]~reg0_OTERM177_OTERM431_OTERM619 ; clk          ; clk         ; 10.000       ; 3.286      ; 13.838     ;
; -0.548 ; w_i[2]                                              ; clear_vertices_o[0]~reg0_OTERM177_OTERM427_OTERM605 ; clk          ; clk         ; 10.000       ; 3.282      ; 13.770     ;
; -0.466 ; w_i[2]                                              ; clear_vertices_o[0]~reg0_OTERM177_OTERM427_OTERM611 ; clk          ; clk         ; 10.000       ; 3.288      ; 13.694     ;
; -0.452 ; w_i[2]                                              ; clear_vertices_o[0]~reg0_OTERM177_OTERM431_OTERM615 ; clk          ; clk         ; 10.000       ; 3.286      ; 13.678     ;
; -0.409 ; w_i[2]                                              ; clear_vertices_o[0]~reg0_OTERM177_OTERM431_OTERM617 ; clk          ; clk         ; 10.000       ; 3.288      ; 13.637     ;
; -0.370 ; clear_vertices_o[0]~reg0_OTERM177_OTERM427_OTERM607 ; clear_vertices_o[8]                                 ; clk          ; clk         ; 10.000       ; -5.968     ; 4.342      ;
; -0.362 ; clear_vertices_o[0]~reg0_OTERM177_OTERM427_OTERM607 ; clear_vertices_o[24]                                ; clk          ; clk         ; 10.000       ; -5.968     ; 4.334      ;
; -0.354 ; clear_vertices_o[0]~reg0_OTERM177_OTERM429_OTERM625 ; opaque_vertices_o[5]                                ; clk          ; clk         ; 10.000       ; -5.965     ; 4.329      ;
; -0.344 ; clear_vertices_o[0]~reg0_OTERM177_OTERM429_OTERM625 ; opaque_vertices_o[6]                                ; clk          ; clk         ; 10.000       ; -5.965     ; 4.319      ;
; -0.325 ; clear_vertices_o[0]~reg0_OTERM177_OTERM427_OTERM607 ; clear_vertices_o[19]                                ; clk          ; clk         ; 10.000       ; -5.968     ; 4.297      ;
; -0.320 ; clear_vertices_o[0]~reg0_OTERM177_OTERM427_OTERM607 ; clear_vertices_o[7]                                 ; clk          ; clk         ; 10.000       ; -5.968     ; 4.292      ;
; -0.303 ; clear_vertices_o[0]~reg0_OTERM177_OTERM429_OTERM625 ; opaque_vertices_o[11]                               ; clk          ; clk         ; 10.000       ; -5.965     ; 4.278      ;
; -0.299 ; clear_vertices_o[0]~reg0_OTERM177_OTERM427_OTERM607 ; clear_vertices_o[12]                                ; clk          ; clk         ; 10.000       ; -5.968     ; 4.271      ;
; -0.297 ; w_i[2]                                              ; clear_vertices_o[0]~reg0_OTERM177_OTERM431_OTERM613 ; clk          ; clk         ; 10.000       ; 3.282      ; 13.519     ;
; -0.294 ; clear_vertices_o[0]~reg0_OTERM177_OTERM429_OTERM625 ; opaque_vertices_o[18]                               ; clk          ; clk         ; 10.000       ; -5.965     ; 4.269      ;
; -0.281 ; clear_vertices_o[0]~reg0_OTERM177_OTERM429_OTERM625 ; opaque_vertices_o[9]                                ; clk          ; clk         ; 10.000       ; -5.965     ; 4.256      ;
; -0.212 ; w_i[2]                                              ; clear_vertices_o[0]~reg0_OTERM177_OTERM429_OTERM623 ; clk          ; clk         ; 10.000       ; 3.284      ; 13.436     ;
; -0.199 ; clear_vertices_o[0]~reg0_OTERM177_OTERM427_OTERM607 ; clear_vertices_o[23]                                ; clk          ; clk         ; 10.000       ; -5.968     ; 4.171      ;
; -0.179 ; clear_vertices_o[0]~reg0_OTERM177_OTERM427_OTERM607 ; clear_vertices_o[29]                                ; clk          ; clk         ; 10.000       ; -5.968     ; 4.151      ;
; -0.173 ; clear_vertices_o[0]~reg0_OTERM177_OTERM427_OTERM607 ; clear_vertices_o[26]                                ; clk          ; clk         ; 10.000       ; -5.968     ; 4.145      ;
; -0.172 ; clear_vertices_o[0]~reg0_OTERM177_OTERM427_OTERM607 ; clear_vertices_o[31]                                ; clk          ; clk         ; 10.000       ; -5.968     ; 4.144      ;
; -0.168 ; clear_vertices_o[0]~reg0_OTERM177_OTERM427_OTERM607 ; clear_vertices_o[1]                                 ; clk          ; clk         ; 10.000       ; -5.968     ; 4.140      ;
; -0.168 ; clear_vertices_o[0]~reg0_OTERM177_OTERM429_OTERM625 ; opaque_vertices_o[16]                               ; clk          ; clk         ; 10.000       ; -5.965     ; 4.143      ;
; -0.155 ; clear_vertices_o[0]~reg0_OTERM177_OTERM427_OTERM607 ; clear_vertices_o[9]                                 ; clk          ; clk         ; 10.000       ; -5.968     ; 4.127      ;
; -0.109 ; clear_vertices_o[0]~reg0_OTERM177_OTERM429_OTERM625 ; opaque_vertices_o[19]                               ; clk          ; clk         ; 10.000       ; -5.965     ; 4.084      ;
; -0.106 ; clear_vertices_o[0]~reg0_OTERM177_OTERM429_OTERM627 ; opaque_vertices_o[28]                               ; clk          ; clk         ; 10.000       ; -5.968     ; 4.078      ;
; -0.095 ; clear_vertices_o[0]~reg0_OTERM177_OTERM429_OTERM625 ; opaque_vertices_o[3]                                ; clk          ; clk         ; 10.000       ; -5.965     ; 4.070      ;
; -0.094 ; clear_vertices_o[0]~reg0_OTERM177_OTERM429_OTERM625 ; opaque_vertices_o[21]                               ; clk          ; clk         ; 10.000       ; -5.965     ; 4.069      ;
; -0.086 ; clear_vertices_o[0]~reg0_OTERM177_OTERM429_OTERM625 ; opaque_vertices_o[7]                                ; clk          ; clk         ; 10.000       ; -5.965     ; 4.061      ;
; -0.082 ; clear_vertices_o[0]~reg0_OTERM177_OTERM429_OTERM627 ; opaque_vertices_o[24]                               ; clk          ; clk         ; 10.000       ; -5.968     ; 4.054      ;
; -0.070 ; clear_vertices_o[0]~reg0_OTERM177_OTERM427_OTERM607 ; clear_vertices_o[10]                                ; clk          ; clk         ; 10.000       ; -5.968     ; 4.042      ;
; -0.053 ; clear_vertices_o[0]~reg0_OTERM177_OTERM427_OTERM605 ; clear_vertices_o[30]                                ; clk          ; clk         ; 10.000       ; -5.963     ; 4.030      ;
; -0.046 ; clear_vertices_o[0]~reg0_OTERM177_OTERM429_OTERM627 ; opaque_vertices_o[22]                               ; clk          ; clk         ; 10.000       ; -5.968     ; 4.018      ;
; -0.045 ; clear_vertices_o[0]~reg0_OTERM177_OTERM427_OTERM605 ; clear_vertices_o[15]                                ; clk          ; clk         ; 10.000       ; -5.963     ; 4.022      ;
; -0.041 ; clear_vertices_o[0]~reg0_OTERM177_OTERM429_OTERM625 ; opaque_vertices_o[30]                               ; clk          ; clk         ; 10.000       ; -5.965     ; 4.016      ;
; -0.040 ; clear_vertices_o[0]~reg0_OTERM177_OTERM429_OTERM625 ; opaque_vertices_o[14]                               ; clk          ; clk         ; 10.000       ; -5.965     ; 4.015      ;
; -0.027 ; clear_vertices_o[0]~reg0_OTERM177_OTERM429_OTERM625 ; opaque_vertices_o[29]                               ; clk          ; clk         ; 10.000       ; -5.965     ; 4.002      ;
; -0.026 ; clear_vertices_o[0]~reg0_OTERM177_OTERM429_OTERM625 ; opaque_vertices_o[4]                                ; clk          ; clk         ; 10.000       ; -5.965     ; 4.001      ;
; -0.018 ; clear_vertices_o[0]~reg0_OTERM177_OTERM427_OTERM605 ; clear_vertices_o[5]                                 ; clk          ; clk         ; 10.000       ; -5.963     ; 3.995      ;
; -0.017 ; clear_vertices_o[0]~reg0_OTERM177_OTERM429_OTERM625 ; opaque_vertices_o[10]                               ; clk          ; clk         ; 10.000       ; -5.965     ; 3.992      ;
; -0.015 ; w_i[2]                                              ; clear_vertices_o[0]~reg0_OTERM177_OTERM429_OTERM621 ; clk          ; clk         ; 10.000       ; 3.288      ; 13.243     ;
; -0.009 ; clear_vertices_o[0]~reg0_OTERM177_OTERM427_OTERM607 ; clear_vertices_o[2]                                 ; clk          ; clk         ; 10.000       ; -5.968     ; 3.981      ;
; -0.008 ; clear_vertices_o[0]~reg0_OTERM177_OTERM429_OTERM625 ; opaque_vertices_o[8]                                ; clk          ; clk         ; 10.000       ; -5.965     ; 3.983      ;
; 0.001  ; clear_vertices_o[0]~reg0_OTERM177_OTERM427_OTERM607 ; clear_vertices_o[22]                                ; clk          ; clk         ; 10.000       ; -5.968     ; 3.971      ;
; 0.004  ; clear_vertices_o[0]~reg0_OTERM177_OTERM429_OTERM625 ; opaque_vertices_o[17]                               ; clk          ; clk         ; 10.000       ; -5.965     ; 3.971      ;
; 0.006  ; clear_vertices_o[0]~reg0_OTERM177_OTERM429_OTERM625 ; opaque_vertices_o[15]                               ; clk          ; clk         ; 10.000       ; -5.965     ; 3.969      ;
; 0.011  ; clear_vertices_o[0]~reg0_OTERM177_OTERM429_OTERM625 ; opaque_vertices_o[1]                                ; clk          ; clk         ; 10.000       ; -5.965     ; 3.964      ;
; 0.016  ; clear_vertices_o[0]~reg0_OTERM177_OTERM427_OTERM605 ; clear_vertices_o[13]                                ; clk          ; clk         ; 10.000       ; -5.963     ; 3.961      ;
; 0.021  ; clear_vertices_o[0]~reg0_OTERM177_OTERM427_OTERM607 ; clear_vertices_o[21]                                ; clk          ; clk         ; 10.000       ; -5.968     ; 3.951      ;
; 0.024  ; clear_vertices_o[0]~reg0_OTERM177_OTERM429_OTERM627 ; opaque_vertices_o[26]                               ; clk          ; clk         ; 10.000       ; -5.968     ; 3.948      ;
; 0.025  ; clear_vertices_o[0]~reg0_OTERM177_OTERM427_OTERM607 ; clear_vertices_o[27]                                ; clk          ; clk         ; 10.000       ; -5.968     ; 3.947      ;
; 0.030  ; clear_vertices_o[0]~reg0_OTERM177_OTERM427_OTERM607 ; clear_vertices_o[11]                                ; clk          ; clk         ; 10.000       ; -5.968     ; 3.942      ;
; 0.030  ; clear_vertices_o[0]~reg0_OTERM177_OTERM429_OTERM625 ; opaque_vertices_o[20]                               ; clk          ; clk         ; 10.000       ; -5.965     ; 3.945      ;
; 0.038  ; clear_vertices_o[0]~reg0_OTERM177_OTERM429_OTERM625 ; opaque_vertices_o[0]                                ; clk          ; clk         ; 10.000       ; -5.965     ; 3.937      ;
; 0.050  ; clear_vertices_o[0]~reg0_OTERM177_OTERM429_OTERM625 ; opaque_vertices_o[12]                               ; clk          ; clk         ; 10.000       ; -5.965     ; 3.925      ;
; 0.053  ; clear_vertices_o[0]~reg0_OTERM177_OTERM429_OTERM625 ; opaque_vertices_o[25]                               ; clk          ; clk         ; 10.000       ; -5.965     ; 3.922      ;
; 0.087  ; clear_vertices_o[0]~reg0_OTERM177_OTERM427_OTERM607 ; clear_vertices_o[4]                                 ; clk          ; clk         ; 10.000       ; -5.968     ; 3.885      ;
; 0.154  ; fogf_o[15]~reg0_OTERM5_OTERM631                     ; fogf_o[8]                                           ; clk          ; clk         ; 10.000       ; -5.935     ; 3.851      ;
; 0.155  ; clear_vertices_o[0]~reg0_OTERM177_OTERM429_OTERM625 ; opaque_vertices_o[2]                                ; clk          ; clk         ; 10.000       ; -5.965     ; 3.820      ;
; 0.169  ; clear_vertices_o[0]~reg0_OTERM177_OTERM427_OTERM605 ; clear_vertices_o[14]                                ; clk          ; clk         ; 10.000       ; -5.963     ; 3.808      ;
; 0.210  ; clear_vertices_o[0]~reg0_OTERM177_OTERM427_OTERM607 ; clear_vertices_o[0]                                 ; clk          ; clk         ; 10.000       ; -5.968     ; 3.762      ;
; 0.212  ; clear_vertices_o[0]~reg0_OTERM177_OTERM427_OTERM607 ; clear_vertices_o[3]                                 ; clk          ; clk         ; 10.000       ; -5.968     ; 3.760      ;
; 0.234  ; fogf_o[15]~reg0_OTERM5_OTERM631                     ; fogf_o[10]                                          ; clk          ; clk         ; 10.000       ; -5.935     ; 3.771      ;
; 0.240  ; clear_vertices_o[0]~reg0_OTERM177_OTERM429_OTERM625 ; opaque_vertices_o[13]                               ; clk          ; clk         ; 10.000       ; -5.965     ; 3.735      ;
; 0.258  ; clear_vertices_o[0]~reg0_OTERM177_OTERM427_OTERM607 ; clear_vertices_o[6]                                 ; clk          ; clk         ; 10.000       ; -5.968     ; 3.714      ;
; 0.276  ; clear_vertices_o[0]~reg0_OTERM177_OTERM429_OTERM627 ; opaque_vertices_o[23]                               ; clk          ; clk         ; 10.000       ; -5.968     ; 3.696      ;
; 0.339  ; fogf_o[15]~reg0_OTERM5_OTERM631                     ; fogf_o[9]                                           ; clk          ; clk         ; 10.000       ; -5.935     ; 3.666      ;
; 0.419  ; clear_vertices_o[0]~reg0_OTERM177_OTERM427_OTERM605 ; clear_vertices_o[18]                                ; clk          ; clk         ; 10.000       ; -5.963     ; 3.558      ;
; 0.419  ; clear_vertices_o[0]~reg0_OTERM177_OTERM429_OTERM627 ; opaque_vertices_o[27]                               ; clk          ; clk         ; 10.000       ; -5.968     ; 3.553      ;
; 0.441  ; clear_vertices_o[0]~reg0_OTERM177_OTERM427_OTERM605 ; clear_vertices_o[16]                                ; clk          ; clk         ; 10.000       ; -5.963     ; 3.536      ;
; 0.441  ; clear_vertices_o[0]~reg0_OTERM177_OTERM427_OTERM605 ; clear_vertices_o[20]                                ; clk          ; clk         ; 10.000       ; -5.963     ; 3.536      ;
; 0.453  ; clear_vertices_o[0]~reg0_OTERM177_OTERM427_OTERM605 ; clear_vertices_o[17]                                ; clk          ; clk         ; 10.000       ; -5.963     ; 3.524      ;
; 0.463  ; clear_vertices_o[0]~reg0_OTERM177_OTERM427_OTERM605 ; clear_vertices_o[28]                                ; clk          ; clk         ; 10.000       ; -5.963     ; 3.514      ;
; 0.471  ; clear_vertices_o[0]~reg0_OTERM177_OTERM427_OTERM605 ; clear_vertices_o[25]                                ; clk          ; clk         ; 10.000       ; -5.963     ; 3.506      ;
; 0.537  ; fogf_o[15]~reg0_OTERM5_OTERM631                     ; fogf_o[7]                                           ; clk          ; clk         ; 10.000       ; -5.935     ; 3.468      ;
; 0.538  ; fogf_o[15]~reg0_OTERM7_OTERM445                     ; fogf_o[15]                                          ; clk          ; clk         ; 10.000       ; -5.975     ; 3.427      ;
; 0.596  ; fogf_o[15]~reg0_OTERM5_OTERM631                     ; fogf_o[5]                                           ; clk          ; clk         ; 10.000       ; -5.935     ; 3.409      ;
; 0.598  ; fogf_o[15]~reg0_OTERM5_OTERM631                     ; fogf_o[4]                                           ; clk          ; clk         ; 10.000       ; -5.935     ; 3.407      ;
; 0.606  ; clear_vertices_o[0]~reg0_OTERM177_OTERM429_OTERM625 ; opaque_vertices_o[31]                               ; clk          ; clk         ; 10.000       ; -5.965     ; 3.369      ;
; 0.610  ; fogf_o[15]~reg0_OTERM5_OTERM631                     ; fogf_o[14]                                          ; clk          ; clk         ; 10.000       ; -5.935     ; 3.395      ;
; 0.611  ; fogf_o[15]~reg0_OTERM7_OTERM445                     ; fogf_o[13]                                          ; clk          ; clk         ; 10.000       ; -5.975     ; 3.354      ;
; 0.623  ; fogf_o[15]~reg0_OTERM5_OTERM631                     ; fogf_o[0]                                           ; clk          ; clk         ; 10.000       ; -5.935     ; 3.382      ;
; 0.641  ; fogf_o[15]~reg0_OTERM5_OTERM631                     ; fogf_o[1]                                           ; clk          ; clk         ; 10.000       ; -5.935     ; 3.364      ;
; 0.857  ; fogf_o[15]~reg0_OTERM5_OTERM631                     ; fogf_o[11]                                          ; clk          ; clk         ; 10.000       ; -5.935     ; 3.148      ;
; 1.034  ; fogf_o[15]~reg0_OTERM5_OTERM631                     ; fogf_o[12]                                          ; clk          ; clk         ; 10.000       ; -5.935     ; 2.971      ;
; 1.051  ; fogf_o[15]~reg0_OTERM5_OTERM631                     ; fogf_o[2]                                           ; clk          ; clk         ; 10.000       ; -5.935     ; 2.954      ;
; 1.056  ; fogf_o[15]~reg0_OTERM5_OTERM631                     ; fogf_o[6]                                           ; clk          ; clk         ; 10.000       ; -5.935     ; 2.949      ;
; 1.103  ; fogf_o[15]~reg0_OTERM5_OTERM631                     ; fogf_o[3]                                           ; clk          ; clk         ; 10.000       ; -5.935     ; 2.902      ;
; 1.278  ; cfg_near_i[15]                                      ; clear_vertices_o[0]~reg0_OTERM177_OTERM433_OTERM593 ; clk          ; clk         ; 10.000       ; 3.274      ; 11.936     ;
; 1.344  ; cfg_near_i[25]                                      ; fogf_o[16]~reg0_OTERM569                            ; clk          ; clk         ; 10.000       ; 3.245      ; 11.841     ;
; 1.951  ; fogf_o[16]~reg0_OTERM579                            ; fogf_o[16]                                          ; clk          ; clk         ; 10.000       ; -5.947     ; 2.042      ;
; 2.152  ; r_ready_i                                           ; r_valid_o~reg0DUPLICATE                             ; clk          ; clk         ; 10.000       ; 3.267      ; 11.055     ;
; 2.157  ; r_ready_i                                           ; r_valid_o~reg0                                      ; clk          ; clk         ; 10.000       ; 3.274      ; 11.057     ;
; 2.234  ; r_ready_i                                           ; clear_vertices_o[0]~reg0_OTERM177_OTERM425_OTERM587 ; clk          ; clk         ; 10.000       ; 3.268      ; 10.974     ;
; 2.270  ; tag_i[9]                                            ; tag_o[9]~reg0                                       ; clk          ; clk         ; 10.000       ; 3.297      ; 10.967     ;
; 2.380  ; r_valid_o~reg0DUPLICATE                             ; v_ready_o                                           ; clk          ; clk         ; 10.000       ; -5.948     ; 1.612      ;
; 2.552  ; r_ready_i                                           ; tag_o[3]~reg0                                       ; clk          ; clk         ; 10.000       ; 3.240      ; 10.628     ;
; 2.553  ; r_ready_i                                           ; tag_o[7]~reg0                                       ; clk          ; clk         ; 10.000       ; 3.242      ; 10.629     ;
; 2.686  ; tag_i[6]                                            ; tag_o[6]~reg0                                       ; clk          ; clk         ; 10.000       ; 3.259      ; 10.513     ;
; 2.693  ; clear_vertices_o[0]~reg0_OTERM177_OTERM427_OTERM607 ; clear_vertices_o[31]~reg0_OTERM301                  ; clk          ; clk         ; 10.000       ; -0.136     ; 7.111      ;
; 2.696  ; r_ready_i                                           ; tag_o[2]~reg0                                       ; clk          ; clk         ; 10.000       ; 3.241      ; 10.485     ;
; 2.697  ; r_ready_i                                           ; tag_o[0]~reg0                                       ; clk          ; clk         ; 10.000       ; 3.234      ; 10.477     ;
; 2.708  ; r_ready_i                                           ; tag_o[8]~reg0                                       ; clk          ; clk         ; 10.000       ; 3.239      ; 10.471     ;
; 2.741  ; tag_i[14]                                           ; tag_o[14]~reg0                                      ; clk          ; clk         ; 10.000       ; 3.292      ; 10.491     ;
; 2.793  ; clear_vertices_o[0]~reg0_OTERM177_OTERM427_OTERM607 ; clear_vertices_o[29]~reg0_OTERM309                  ; clk          ; clk         ; 10.000       ; -0.136     ; 7.011      ;
; 2.800  ; vertices_o[1]~reg0                                  ; vertices_o[1]                                       ; clk          ; clk         ; 10.000       ; -6.008     ; 1.132      ;
; 2.809  ; r_ready_i                                           ; vertices_o[1]~reg0                                  ; clk          ; clk         ; 10.000       ; 3.306      ; 10.437     ;
; 2.809  ; r_ready_i                                           ; vertices_o[3]~reg0                                  ; clk          ; clk         ; 10.000       ; 3.306      ; 10.437     ;
; 2.809  ; r_ready_i                                           ; vertices_o[9]~reg0                                  ; clk          ; clk         ; 10.000       ; 3.306      ; 10.437     ;
; 2.809  ; r_ready_i                                           ; vertices_o[11]~reg0                                 ; clk          ; clk         ; 10.000       ; 3.306      ; 10.437     ;
; 2.809  ; r_ready_i                                           ; vertices_o[15]~reg0                                 ; clk          ; clk         ; 10.000       ; 3.306      ; 10.437     ;
; 2.809  ; r_ready_i                                           ; vertices_o[19]~reg0                                 ; clk          ; clk         ; 10.000       ; 3.306      ; 10.437     ;
; 2.809  ; r_ready_i                                           ; vertices_o[7]~reg0DUPLICATE                         ; clk          ; clk         ; 10.000       ; 3.306      ; 10.437     ;
; 2.809  ; r_ready_i                                           ; vertices_o[17]~reg0DUPLICATE                        ; clk          ; clk         ; 10.000       ; 3.306      ; 10.437     ;
; 2.810  ; r_ready_i                                           ; vertices_o[2]~reg0                                  ; clk          ; clk         ; 10.000       ; 3.308      ; 10.438     ;
; 2.810  ; r_ready_i                                           ; vertices_o[4]~reg0                                  ; clk          ; clk         ; 10.000       ; 3.308      ; 10.438     ;
; 2.810  ; r_ready_i                                           ; vertices_o[5]~reg0                                  ; clk          ; clk         ; 10.000       ; 3.302      ; 10.432     ;
; 2.810  ; r_ready_i                                           ; vertices_o[7]~reg0                                  ; clk          ; clk         ; 10.000       ; 3.302      ; 10.432     ;
; 2.810  ; r_ready_i                                           ; vertices_o[12]~reg0                                 ; clk          ; clk         ; 10.000       ; 3.308      ; 10.438     ;
; 2.810  ; r_ready_i                                           ; vertices_o[13]~reg0                                 ; clk          ; clk         ; 10.000       ; 3.302      ; 10.432     ;
; 2.810  ; r_ready_i                                           ; vertices_o[16]~reg0                                 ; clk          ; clk         ; 10.000       ; 3.308      ; 10.438     ;
; 2.810  ; r_ready_i                                           ; vertices_o[17]~reg0                                 ; clk          ; clk         ; 10.000       ; 3.302      ; 10.432     ;
; 2.811  ; r_ready_i                                           ; vertices_o[6]~reg0                                  ; clk          ; clk         ; 10.000       ; 3.301      ; 10.430     ;
; 2.811  ; r_ready_i                                           ; vertices_o[8]~reg0                                  ; clk          ; clk         ; 10.000       ; 3.301      ; 10.430     ;
; 2.811  ; r_ready_i                                           ; vertices_o[10]~reg0                                 ; clk          ; clk         ; 10.000       ; 3.301      ; 10.430     ;
; 2.811  ; r_ready_i                                           ; vertices_o[14]~reg0                                 ; clk          ; clk         ; 10.000       ; 3.301      ; 10.430     ;
; 2.811  ; r_ready_i                                           ; vertices_o[18]~reg0                                 ; clk          ; clk         ; 10.000       ; 3.301      ; 10.430     ;
; 2.811  ; r_ready_i                                           ; vertices_o[20]~reg0                                 ; clk          ; clk         ; 10.000       ; 3.301      ; 10.430     ;
; 2.811  ; r_ready_i                                           ; vertices_o[4]~reg0DUPLICATE                         ; clk          ; clk         ; 10.000       ; 3.301      ; 10.430     ;
; 2.811  ; r_ready_i                                           ; vertices_o[12]~reg0DUPLICATE                        ; clk          ; clk         ; 10.000       ; 3.301      ; 10.430     ;
; 2.811  ; r_ready_i                                           ; vertices_o[16]~reg0DUPLICATE                        ; clk          ; clk         ; 10.000       ; 3.301      ; 10.430     ;
; 2.842  ; r_ready_i                                           ; tag_o[5]~reg0                                       ; clk          ; clk         ; 10.000       ; 3.292      ; 10.390     ;
; 2.842  ; r_ready_i                                           ; tag_o[10]~reg0                                      ; clk          ; clk         ; 10.000       ; 3.298      ; 10.396     ;
; 2.842  ; r_ready_i                                           ; tag_o[11]~reg0                                      ; clk          ; clk         ; 10.000       ; 3.294      ; 10.392     ;
; 2.842  ; r_ready_i                                           ; tag_o[12]~reg0                                      ; clk          ; clk         ; 10.000       ; 3.292      ; 10.390     ;
; 2.842  ; r_ready_i                                           ; tag_o[13]~reg0                                      ; clk          ; clk         ; 10.000       ; 3.298      ; 10.396     ;
; 2.842  ; r_ready_i                                           ; tag_o[15]~reg0                                      ; clk          ; clk         ; 10.000       ; 3.298      ; 10.396     ;
; 2.847  ; clear_vertices_o[0]~reg0_OTERM177_OTERM427_OTERM607 ; clear_vertices_o[27]~reg0_OTERM317                  ; clk          ; clk         ; 10.000       ; -0.140     ; 6.953      ;
; 2.855  ; r_ready_i                                           ; fogf_o[16]~reg0_OTERM571                            ; clk          ; clk         ; 10.000       ; 3.249      ; 10.334     ;
; 2.865  ; cfg_far_i[30]                                       ; clear_vertices_o[0]~reg0_OTERM177_OTERM433_OTERM595 ; clk          ; clk         ; 10.000       ; 3.274      ; 10.349     ;
; 2.883  ; clear_vertices_o[0]~reg0_OTERM177_OTERM427_OTERM607 ; clear_vertices_o[25]~reg0_OTERM325                  ; clk          ; clk         ; 10.000       ; -0.136     ; 6.921      ;
; 2.894  ; clear_vertices_o[0]~reg0_OTERM177_OTERM427_OTERM607 ; clear_vertices_o[21]~reg0_OTERM341                  ; clk          ; clk         ; 10.000       ; -0.140     ; 6.906      ;
; 2.902  ; tag_o[5]~reg0                                       ; tag_o[5]                                            ; clk          ; clk         ; 10.000       ; -5.993     ; 1.045      ;
; 2.907  ; vertices_o[5]~reg0                                  ; vertices_o[5]                                       ; clk          ; clk         ; 10.000       ; -6.003     ; 1.030      ;
; 2.924  ; vertices_o[3]~reg0                                  ; vertices_o[3]                                       ; clk          ; clk         ; 10.000       ; -6.008     ; 1.008      ;
; 2.943  ; clear_vertices_o[0]~reg0_OTERM177_OTERM427_OTERM607 ; clear_vertices_o[23]~reg0_OTERM333                  ; clk          ; clk         ; 10.000       ; -0.136     ; 6.861      ;
; 2.945  ; clear_vertices_o[0]~reg0_OTERM177_OTERM427_OTERM607 ; clear_vertices_o[30]~reg0_OTERM305                  ; clk          ; clk         ; 10.000       ; -0.141     ; 6.854      ;
; 2.980  ; clear_vertices_o[0]~reg0_OTERM177_OTERM427_OTERM607 ; clear_vertices_o[28]~reg0_OTERM313                  ; clk          ; clk         ; 10.000       ; -0.134     ; 6.826      ;
; 2.991  ; r_ready_i                                           ; fogf_o[16]~reg0_OTERM573                            ; clk          ; clk         ; 10.000       ; 3.245      ; 10.194     ;
; 2.992  ; cfg_en_i                                            ; clear_vertices_o[0]~reg0_OTERM177_OTERM433_OTERM597 ; clk          ; clk         ; 10.000       ; 3.267      ; 10.215     ;
; 2.996  ; r_ready_i                                           ; vertices_o[24]~reg0                                 ; clk          ; clk         ; 10.000       ; 3.304      ; 10.248     ;
; 2.996  ; r_ready_i                                           ; vertices_o[26]~reg0                                 ; clk          ; clk         ; 10.000       ; 3.304      ; 10.248     ;
; 2.996  ; r_ready_i                                           ; vertices_o[30]~reg0                                 ; clk          ; clk         ; 10.000       ; 3.304      ; 10.248     ;
; 2.997  ; r_ready_i                                           ; vertices_o[0]~reg0                                  ; clk          ; clk         ; 10.000       ; 3.297      ; 10.240     ;
; 2.997  ; r_ready_i                                           ; vertices_o[21]~reg0DUPLICATE                        ; clk          ; clk         ; 10.000       ; 3.303      ; 10.246     ;
; 2.997  ; r_ready_i                                           ; vertices_o[22]~reg0                                 ; clk          ; clk         ; 10.000       ; 3.297      ; 10.240     ;
; 2.997  ; r_ready_i                                           ; vertices_o[23]~reg0                                 ; clk          ; clk         ; 10.000       ; 3.303      ; 10.246     ;
; 2.997  ; r_ready_i                                           ; vertices_o[25]~reg0                                 ; clk          ; clk         ; 10.000       ; 3.299      ; 10.242     ;
; 2.997  ; r_ready_i                                           ; vertices_o[27]~reg0                                 ; clk          ; clk         ; 10.000       ; 3.299      ; 10.242     ;
; 2.997  ; r_ready_i                                           ; vertices_o[28]~reg0                                 ; clk          ; clk         ; 10.000       ; 3.297      ; 10.240     ;
; 2.997  ; r_ready_i                                           ; vertices_o[29]~reg0                                 ; clk          ; clk         ; 10.000       ; 3.299      ; 10.242     ;
; 2.997  ; r_ready_i                                           ; vertices_o[31]~reg0                                 ; clk          ; clk         ; 10.000       ; 3.299      ; 10.242     ;
; 2.997  ; r_ready_i                                           ; vertices_o[21]~reg0                                 ; clk          ; clk         ; 10.000       ; 3.299      ; 10.242     ;
; 3.009  ; vertices_o[2]~reg0                                  ; vertices_o[2]                                       ; clk          ; clk         ; 10.000       ; -6.009     ; 0.922      ;
; 3.047  ; r_valid_o~reg0DUPLICATE                             ; r_valid_o                                           ; clk          ; clk         ; 10.000       ; -5.948     ; 0.945      ;
; 3.048  ; vertices_o[6]~reg0                                  ; vertices_o[6]                                       ; clk          ; clk         ; 10.000       ; -6.001     ; 0.891      ;
; 3.052  ; clear_vertices_o[0]~reg0_OTERM177_OTERM427_OTERM607 ; clear_vertices_o[26]~reg0_OTERM321                  ; clk          ; clk         ; 10.000       ; -0.134     ; 6.754      ;
; 3.059  ; vertices_o[22]~reg0                                 ; vertices_o[22]                                      ; clk          ; clk         ; 10.000       ; -5.997     ; 0.884      ;
; 3.070  ; clear_vertices_o[0]~reg0_OTERM177_OTERM427_OTERM607 ; clear_vertices_o[24]~reg0_OTERM329                  ; clk          ; clk         ; 10.000       ; -0.134     ; 6.736      ;
; 3.098  ; clear_vertices_o[0]~reg0_OTERM177_OTERM427_OTERM607 ; clear_vertices_o[19]~reg0_OTERM349                  ; clk          ; clk         ; 10.000       ; -0.136     ; 6.706      ;
; 3.100  ; vertices_o[7]~reg0DUPLICATE                         ; vertices_o[7]                                       ; clk          ; clk         ; 10.000       ; -6.008     ; 0.832      ;
; 3.104  ; tag_o[3]~reg0                                       ; tag_o[3]                                            ; clk          ; clk         ; 10.000       ; -5.938     ; 0.898      ;
; 3.108  ; vertices_o[14]~reg0                                 ; vertices_o[14]                                      ; clk          ; clk         ; 10.000       ; -6.001     ; 0.831      ;
; 3.110  ; vertices_o[15]~reg0                                 ; vertices_o[15]                                      ; clk          ; clk         ; 10.000       ; -6.008     ; 0.822      ;
; 3.113  ; vertices_o[12]~reg0DUPLICATE                        ; vertices_o[12]                                      ; clk          ; clk         ; 10.000       ; -6.001     ; 0.826      ;
; 3.117  ; vertices_o[19]~reg0                                 ; vertices_o[19]                                      ; clk          ; clk         ; 10.000       ; -6.008     ; 0.815      ;
; 3.122  ; vertices_o[11]~reg0                                 ; vertices_o[11]                                      ; clk          ; clk         ; 10.000       ; -6.008     ; 0.810      ;
; 3.125  ; tag_i[4]                                            ; tag_o[4]~reg0                                       ; clk          ; clk         ; 10.000       ; 3.261      ; 10.076     ;
; 3.129  ; vertices_o[18]~reg0                                 ; vertices_o[18]                                      ; clk          ; clk         ; 10.000       ; -6.001     ; 0.810      ;
; 3.131  ; tag_o[6]~reg0                                       ; tag_o[6]                                            ; clk          ; clk         ; 10.000       ; -5.958     ; 0.851      ;
; 3.133  ; vertices_o[9]~reg0                                  ; vertices_o[9]                                       ; clk          ; clk         ; 10.000       ; -6.008     ; 0.799      ;
; 3.134  ; vertices_o[0]~reg0                                  ; vertices_o[0]                                       ; clk          ; clk         ; 10.000       ; -5.997     ; 0.809      ;
; 3.142  ; clear_vertices_o[0]~reg0_OTERM177_OTERM427_OTERM607 ; clear_vertices_o[22]~reg0_OTERM337                  ; clk          ; clk         ; 10.000       ; -0.134     ; 6.664      ;
; 3.152  ; clear_vertices_o[0]~reg0_OTERM177_OTERM427_OTERM607 ; clear_vertices_o[17]~reg0_OTERM357                  ; clk          ; clk         ; 10.000       ; -0.140     ; 6.648      ;
; 3.163  ; vertices_o[21]~reg0                                 ; vertices_o[21]                                      ; clk          ; clk         ; 10.000       ; -5.998     ; 0.779      ;
; 3.179  ; vertices_o[20]~reg0                                 ; vertices_o[20]                                      ; clk          ; clk         ; 10.000       ; -6.001     ; 0.760      ;
; 3.185  ; r_ready_i                                           ; tag_o[1]~reg0                                       ; clk          ; clk         ; 10.000       ; 3.255      ; 10.010     ;
; 3.188  ; clear_vertices_o[0]~reg0_OTERM177_OTERM427_OTERM607 ; clear_vertices_o[15]~reg0_OTERM365                  ; clk          ; clk         ; 10.000       ; -0.136     ; 6.616      ;
; 3.192  ; tag_o[0]~reg0                                       ; tag_o[0]                                            ; clk          ; clk         ; 10.000       ; -5.931     ; 0.817      ;
; 3.194  ; vertices_o[10]~reg0                                 ; vertices_o[10]                                      ; clk          ; clk         ; 10.000       ; -6.001     ; 0.745      ;
; 3.195  ; vertices_o[8]~reg0                                  ; vertices_o[8]                                       ; clk          ; clk         ; 10.000       ; -6.001     ; 0.744      ;
; 3.196  ; vertices_o[16]~reg0DUPLICATE                        ; vertices_o[16]                                      ; clk          ; clk         ; 10.000       ; -6.001     ; 0.743      ;
; 3.198  ; vertices_o[23]~reg0                                 ; vertices_o[23]                                      ; clk          ; clk         ; 10.000       ; -6.003     ; 0.739      ;
; 3.199  ; vertices_o[4]~reg0DUPLICATE                         ; vertices_o[4]                                       ; clk          ; clk         ; 10.000       ; -6.001     ; 0.740      ;
; 3.200  ; vertices_o[17]~reg0DUPLICATE                        ; vertices_o[17]                                      ; clk          ; clk         ; 10.000       ; -6.008     ; 0.732      ;
; 3.215  ; tag_o[15]~reg0                                      ; tag_o[15]                                           ; clk          ; clk         ; 10.000       ; -5.999     ; 0.726      ;
; 3.224  ; tag_o[9]~reg0                                       ; tag_o[9]                                            ; clk          ; clk         ; 10.000       ; -5.997     ; 0.719      ;
; 3.242  ; clear_vertices_o[0]~reg0_OTERM177_OTERM427_OTERM607 ; clear_vertices_o[13]~reg0_OTERM373                  ; clk          ; clk         ; 10.000       ; -0.140     ; 6.558      ;
; 3.264  ; clear_vertices_o[0]~reg0_OTERM177_OTERM427_OTERM607 ; clear_vertices_o[20]~reg0_OTERM345                  ; clk          ; clk         ; 10.000       ; -0.141     ; 6.535      ;
; 3.280  ; clear_vertices_o[0]~reg0_OTERM177_OTERM427_OTERM607 ; clear_vertices_o[18]~reg0_OTERM353                  ; clk          ; clk         ; 10.000       ; -0.141     ; 6.519      ;
; 3.302  ; clear_vertices_o[0]~reg0_OTERM177_OTERM427_OTERM607 ; clear_vertices_o[11]~reg0_OTERM381                  ; clk          ; clk         ; 10.000       ; -0.140     ; 6.498      ;
; 3.310  ; v_valid_i                                           ; clear_vertices_o[0]~reg0_OTERM177_OTERM425_OTERM589 ; clk          ; clk         ; 10.000       ; 3.274      ; 9.904      ;
; 3.327  ; tag_o[11]~reg0                                      ; tag_o[11]                                           ; clk          ; clk         ; 10.000       ; -5.994     ; 0.619      ;
; 3.357  ; clear_vertices_o[0]~reg0_OTERM177_OTERM427_OTERM607 ; clear_vertices_o[16]~reg0_OTERM361                  ; clk          ; clk         ; 10.000       ; -0.134     ; 6.449      ;
; 3.358  ; vertices_o[28]~reg0                                 ; vertices_o[28]                                      ; clk          ; clk         ; 10.000       ; -5.997     ; 0.585      ;
; 3.370  ; clear_vertices_o[0]~reg0_OTERM177_OTERM427_OTERM607 ; clear_vertices_o[14]~reg0_OTERM369                  ; clk          ; clk         ; 10.000       ; -0.141     ; 6.429      ;
; 3.391  ; tag_o[2]~reg0                                       ; tag_o[2]                                            ; clk          ; clk         ; 10.000       ; -5.939     ; 0.610      ;
; 3.402  ; clear_vertices_o[0]~reg0_OTERM177_OTERM427_OTERM607 ; clear_vertices_o[9]~reg0_OTERM389                   ; clk          ; clk         ; 10.000       ; -0.140     ; 6.398      ;
; 3.442  ; clear_vertices_o[0]~reg0_OTERM177_OTERM427_OTERM607 ; clear_vertices_o[12]~reg0_OTERM377                  ; clk          ; clk         ; 10.000       ; -0.141     ; 6.357      ;
; 3.462  ; clear_vertices_o[0]~reg0_OTERM177_OTERM427_OTERM607 ; clear_vertices_o[7]~reg0_OTERM397                   ; clk          ; clk         ; 10.000       ; -0.140     ; 6.338      ;
; 3.492  ; clear_vertices_o[0]~reg0_OTERM177_OTERM427_OTERM607 ; clear_vertices_o[5]~reg0_OTERM405                   ; clk          ; clk         ; 10.000       ; -0.140     ; 6.308      ;
; 3.507  ; vertices_o[13]~reg0                                 ; vertices_o[13]                                      ; clk          ; clk         ; 10.000       ; -6.003     ; 0.430      ;
; 3.507  ; vertices_o[30]~reg0                                 ; vertices_o[30]                                      ; clk          ; clk         ; 10.000       ; -6.005     ; 0.428      ;
; 3.518  ; tag_o[13]~reg0                                      ; tag_o[13]                                           ; clk          ; clk         ; 10.000       ; -5.999     ; 0.423      ;
; 3.523  ; vertices_o[29]~reg0                                 ; vertices_o[29]                                      ; clk          ; clk         ; 10.000       ; -5.998     ; 0.419      ;
; 3.525  ; vertices_o[25]~reg0                                 ; vertices_o[25]                                      ; clk          ; clk         ; 10.000       ; -5.998     ; 0.417      ;
; 3.527  ; tag_o[10]~reg0                                      ; tag_o[10]                                           ; clk          ; clk         ; 10.000       ; -5.999     ; 0.414      ;
; 3.536  ; vertices_o[27]~reg0                                 ; vertices_o[27]                                      ; clk          ; clk         ; 10.000       ; -5.998     ; 0.406      ;
; 3.539  ; vertices_o[26]~reg0                                 ; vertices_o[26]                                      ; clk          ; clk         ; 10.000       ; -6.005     ; 0.396      ;
; 3.541  ; vertices_o[24]~reg0                                 ; vertices_o[24]                                      ; clk          ; clk         ; 10.000       ; -6.005     ; 0.394      ;
; 3.542  ; tag_o[12]~reg0                                      ; tag_o[12]                                           ; clk          ; clk         ; 10.000       ; -5.993     ; 0.405      ;
; 3.548  ; vertices_o[31]~reg0                                 ; vertices_o[31]                                      ; clk          ; clk         ; 10.000       ; -5.998     ; 0.394      ;
; 3.552  ; tag_o[14]~reg0                                      ; tag_o[14]                                           ; clk          ; clk         ; 10.000       ; -5.993     ; 0.395      ;
; 3.565  ; clear_vertices_o[0]~reg0_OTERM177_OTERM427_OTERM607 ; clear_vertices_o[10]~reg0_OTERM385                  ; clk          ; clk         ; 10.000       ; -0.134     ; 6.241      ;
; 3.579  ; tag_o[4]~reg0                                       ; tag_o[4]                                            ; clk          ; clk         ; 10.000       ; -5.959     ; 0.402      ;
; 3.585  ; tag_o[7]~reg0                                       ; tag_o[7]                                            ; clk          ; clk         ; 10.000       ; -5.939     ; 0.416      ;
; 3.590  ; tag_o[1]~reg0                                       ; tag_o[1]                                            ; clk          ; clk         ; 10.000       ; -5.953     ; 0.397      ;
; 3.595  ; clear_vertices_o[0]~reg0_OTERM177_OTERM427_OTERM607 ; clear_vertices_o[8]~reg0_OTERM393                   ; clk          ; clk         ; 10.000       ; -0.134     ; 6.211      ;
; 3.612  ; tag_o[8]~reg0                                       ; tag_o[8]                                            ; clk          ; clk         ; 10.000       ; -5.937     ; 0.391      ;
; 3.667  ; clear_vertices_o[0]~reg0_OTERM177_OTERM427_OTERM607 ; clear_vertices_o[6]~reg0_OTERM401                   ; clk          ; clk         ; 10.000       ; -0.134     ; 6.139      ;
; 3.670  ; clear_vertices_o[0]~reg0_OTERM177_OTERM429_OTERM625 ; opaque_vertices_o[31]~reg0_OTERM179                 ; clk          ; clk         ; 10.000       ; -0.132     ; 6.138      ;
; 3.685  ; clear_vertices_o[0]~reg0_OTERM177_OTERM427_OTERM607 ; clear_vertices_o[4]~reg0_OTERM409                   ; clk          ; clk         ; 10.000       ; -0.134     ; 6.121      ;
; 3.751  ; clear_vertices_o[0]~reg0_OTERM177_OTERM429_OTERM625 ; opaque_vertices_o[29]~reg0_OTERM187                 ; clk          ; clk         ; 10.000       ; -0.145     ; 6.044      ;
; 3.804  ; clear_vertices_o[0]~reg0_OTERM177_OTERM427_OTERM607 ; clear_vertices_o[3]~reg0_OTERM413                   ; clk          ; clk         ; 10.000       ; -0.136     ; 6.000      ;
; 3.813  ; clear_vertices_o[0]~reg0_OTERM177_OTERM429_OTERM625 ; opaque_vertices_o[27]~reg0_OTERM195                 ; clk          ; clk         ; 10.000       ; -0.144     ; 5.983      ;
; 3.844  ; clear_vertices_o[0]~reg0_OTERM177_OTERM429_OTERM625 ; opaque_vertices_o[25]~reg0_OTERM203                 ; clk          ; clk         ; 10.000       ; -0.144     ; 5.952      ;
; 3.878  ; clear_vertices_o[0]~reg0_OTERM177_OTERM429_OTERM625 ; opaque_vertices_o[21]~reg0_OTERM219                 ; clk          ; clk         ; 10.000       ; -0.132     ; 5.930      ;
; 3.919  ; clear_vertices_o[0]~reg0_OTERM177_OTERM429_OTERM625 ; opaque_vertices_o[23]~reg0_OTERM211                 ; clk          ; clk         ; 10.000       ; -0.132     ; 5.889      ;
; 3.924  ; clear_vertices_o[0]~reg0_OTERM177_OTERM429_OTERM625 ; opaque_vertices_o[30]~reg0_OTERM183                 ; clk          ; clk         ; 10.000       ; -0.127     ; 5.889      ;
; 3.963  ; clear_vertices_o[0]~reg0_OTERM177_OTERM429_OTERM625 ; opaque_vertices_o[28]~reg0_OTERM191                 ; clk          ; clk         ; 10.000       ; -0.146     ; 5.831      ;
; 4.003  ; clear_vertices_o[0]~reg0_OTERM177_OTERM427_OTERM607 ; clear_vertices_o[2]~reg0_OTERM417                   ; clk          ; clk         ; 10.000       ; -0.134     ; 5.803      ;
; 4.023  ; clear_vertices_o[0]~reg0_OTERM177_OTERM429_OTERM625 ; opaque_vertices_o[26]~reg0_OTERM199                 ; clk          ; clk         ; 10.000       ; -0.130     ; 5.787      ;
; 4.029  ; clear_vertices_o[0]~reg0_OTERM177_OTERM429_OTERM625 ; opaque_vertices_o[24]~reg0_OTERM207                 ; clk          ; clk         ; 10.000       ; -0.146     ; 5.765      ;
; 4.078  ; clear_vertices_o[0]~reg0_OTERM177_OTERM429_OTERM625 ; opaque_vertices_o[19]~reg0_OTERM227                 ; clk          ; clk         ; 10.000       ; -0.125     ; 5.737      ;
; 4.101  ; clear_vertices_o[0]~reg0_OTERM177_OTERM429_OTERM625 ; opaque_vertices_o[22]~reg0_OTERM215                 ; clk          ; clk         ; 10.000       ; -0.146     ; 5.693      ;
; 4.135  ; clear_vertices_o[0]~reg0_OTERM177_OTERM429_OTERM625 ; opaque_vertices_o[17]~reg0_OTERM235                 ; clk          ; clk         ; 10.000       ; -0.129     ; 5.676      ;
; 4.166  ; clear_vertices_o[0]~reg0_OTERM177_OTERM429_OTERM625 ; opaque_vertices_o[15]~reg0_OTERM243                 ; clk          ; clk         ; 10.000       ; -0.129     ; 5.645      ;
; 4.227  ; clear_vertices_o[0]~reg0_OTERM177_OTERM429_OTERM625 ; opaque_vertices_o[13]~reg0_OTERM251                 ; clk          ; clk         ; 10.000       ; -0.129     ; 5.584      ;
; 4.227  ; clear_vertices_o[0]~reg0_OTERM177_OTERM429_OTERM625 ; opaque_vertices_o[20]~reg0_OTERM223                 ; clk          ; clk         ; 10.000       ; -0.143     ; 5.570      ;
; 4.271  ; clear_vertices_o[0]~reg0_OTERM177_OTERM429_OTERM625 ; opaque_vertices_o[18]~reg0_OTERM231                 ; clk          ; clk         ; 10.000       ; -0.143     ; 5.526      ;
; 4.287  ; clear_vertices_o[0]~reg0_OTERM177_OTERM429_OTERM625 ; opaque_vertices_o[11]~reg0_OTERM259                 ; clk          ; clk         ; 10.000       ; -0.129     ; 5.524      ;
; 4.291  ; clear_vertices_o[0]~reg0_OTERM177_OTERM429_OTERM625 ; opaque_vertices_o[16]~reg0_OTERM239                 ; clk          ; clk         ; 10.000       ; -0.143     ; 5.506      ;
; 4.363  ; clear_vertices_o[0]~reg0_OTERM177_OTERM429_OTERM625 ; opaque_vertices_o[14]~reg0_OTERM247                 ; clk          ; clk         ; 10.000       ; -0.143     ; 5.434      ;
; 4.368  ; clear_vertices_o[0]~reg0_OTERM177_OTERM429_OTERM625 ; opaque_vertices_o[9]~reg0_OTERM267                  ; clk          ; clk         ; 10.000       ; -0.142     ; 5.430      ;
; 4.409  ; clear_vertices_o[0]~reg0_OTERM177_OTERM429_OTERM625 ; opaque_vertices_o[12]~reg0_OTERM255                 ; clk          ; clk         ; 10.000       ; -0.143     ; 5.388      ;
; 4.444  ; clear_vertices_o[0]~reg0_OTERM177_OTERM429_OTERM625 ; opaque_vertices_o[7]~reg0_OTERM275                  ; clk          ; clk         ; 10.000       ; -0.129     ; 5.367      ;
; 4.487  ; clear_vertices_o[0]~reg0_OTERM177_OTERM429_OTERM625 ; opaque_vertices_o[5]~reg0_OTERM283                  ; clk          ; clk         ; 10.000       ; -0.129     ; 5.324      ;
; 4.524  ; clear_vertices_o[0]~reg0_OTERM177_OTERM429_OTERM625 ; opaque_vertices_o[10]~reg0_OTERM263                 ; clk          ; clk         ; 10.000       ; -0.143     ; 5.273      ;
; 4.554  ; clear_vertices_o[0]~reg0_OTERM177_OTERM429_OTERM625 ; opaque_vertices_o[3]~reg0_OTERM291                  ; clk          ; clk         ; 10.000       ; -0.129     ; 5.257      ;
; 4.580  ; clear_vertices_o[0]~reg0_OTERM177_OTERM429_OTERM625 ; opaque_vertices_o[8]~reg0_OTERM271                  ; clk          ; clk         ; 10.000       ; -0.143     ; 5.217      ;
; 4.652  ; clear_vertices_o[0]~reg0_OTERM177_OTERM429_OTERM625 ; opaque_vertices_o[6]~reg0_OTERM279                  ; clk          ; clk         ; 10.000       ; -0.127     ; 5.161      ;
; 4.664  ; clear_vertices_o[0]~reg0_OTERM177_OTERM429_OTERM625 ; opaque_vertices_o[4]~reg0_OTERM287                  ; clk          ; clk         ; 10.000       ; -0.143     ; 5.133      ;
; 4.854  ; clear_vertices_o[0]~reg0_OTERM177_OTERM429_OTERM625 ; opaque_vertices_o[2]~reg0_OTERM295                  ; clk          ; clk         ; 10.000       ; -0.143     ; 4.943      ;
; 5.412  ; clear_vertices_o[0]~reg0_OTERM177_OTERM427_OTERM607 ; clear_vertices_o[8]~reg0_OTERM395                   ; clk          ; clk         ; 10.000       ; -0.141     ; 4.387      ;
; 5.593  ; clear_vertices_o[0]~reg0_OTERM177_OTERM427_OTERM607 ; clear_vertices_o[7]~reg0_OTERM399                   ; clk          ; clk         ; 10.000       ; -0.140     ; 4.207      ;
; 5.601  ; clear_vertices_o[0]~reg0_OTERM177_OTERM427_OTERM607 ; clear_vertices_o[12]~reg0_OTERM379                  ; clk          ; clk         ; 10.000       ; -0.140     ; 4.199      ;
; 5.707  ; clear_vertices_o[0]~reg0_OTERM177_OTERM427_OTERM607 ; clear_vertices_o[29]~reg0_OTERM311                  ; clk          ; clk         ; 10.000       ; -0.134     ; 4.099      ;
; 5.709  ; clear_vertices_o[0]~reg0_OTERM177_OTERM427_OTERM607 ; clear_vertices_o[31]~reg0_OTERM303                  ; clk          ; clk         ; 10.000       ; -0.134     ; 4.097      ;
; 5.714  ; clear_vertices_o[0]~reg0_OTERM177_OTERM427_OTERM607 ; clear_vertices_o[23]~reg0_OTERM335                  ; clk          ; clk         ; 10.000       ; -0.134     ; 4.092      ;
; 5.716  ; clear_vertices_o[0]~reg0_OTERM177_OTERM427_OTERM607 ; clear_vertices_o[24]~reg0_OTERM331                  ; clk          ; clk         ; 10.000       ; -0.140     ; 4.084      ;
; 5.716  ; clear_vertices_o[0]~reg0_OTERM177_OTERM427_OTERM607 ; clear_vertices_o[26]~reg0_OTERM323                  ; clk          ; clk         ; 10.000       ; -0.140     ; 4.084      ;
; 5.772  ; clear_vertices_o[0]~reg0_OTERM177_OTERM429_OTERM627 ; opaque_vertices_o[28]~reg0_OTERM193                 ; clk          ; clk         ; 10.000       ; -0.133     ; 4.035      ;
; 5.773  ; clear_vertices_o[0]~reg0_OTERM177_OTERM429_OTERM627 ; opaque_vertices_o[24]~reg0_OTERM209                 ; clk          ; clk         ; 10.000       ; -0.133     ; 4.034      ;
; 5.783  ; clear_vertices_o[0]~reg0_OTERM177_OTERM427_OTERM607 ; clear_vertices_o[1]~reg0_OTERM421                   ; clk          ; clk         ; 10.000       ; -0.130     ; 4.027      ;
; 5.869  ; clear_vertices_o[0]~reg0_OTERM177_OTERM429_OTERM627 ; opaque_vertices_o[26]~reg0_OTERM201                 ; clk          ; clk         ; 10.000       ; -0.148     ; 3.923      ;
; 5.992  ; clear_vertices_o[0]~reg0_OTERM177_OTERM427_OTERM607 ; clear_vertices_o[4]~reg0_OTERM411                   ; clk          ; clk         ; 10.000       ; -0.140     ; 3.808      ;
; 5.995  ; clear_vertices_o[0]~reg0_OTERM177_OTERM427_OTERM607 ; clear_vertices_o[19]~reg0_OTERM351                  ; clk          ; clk         ; 10.000       ; -0.134     ; 3.811      ;
; 5.999  ; clear_vertices_o[0]~reg0_OTERM177_OTERM427_OTERM607 ; clear_vertices_o[9]~reg0_OTERM391                   ; clk          ; clk         ; 10.000       ; -0.134     ; 3.807      ;
; 5.999  ; clear_vertices_o[0]~reg0_OTERM177_OTERM429_OTERM625 ; opaque_vertices_o[18]~reg0_OTERM233                 ; clk          ; clk         ; 10.000       ; -0.138     ; 3.803      ;
; 6.003  ; clear_vertices_o[0]~reg0_OTERM177_OTERM429_OTERM625 ; opaque_vertices_o[16]~reg0_OTERM241                 ; clk          ; clk         ; 10.000       ; -0.138     ; 3.799      ;
; 6.004  ; clear_vertices_o[0]~reg0_OTERM177_OTERM429_OTERM625 ; opaque_vertices_o[6]~reg0_OTERM281                  ; clk          ; clk         ; 10.000       ; -0.138     ; 3.798      ;
; 6.016  ; clear_vertices_o[0]~reg0_OTERM177_OTERM429_OTERM625 ; opaque_vertices_o[11]~reg0_OTERM261                 ; clk          ; clk         ; 10.000       ; -0.132     ; 3.792      ;
; 6.016  ; clear_vertices_o[0]~reg0_OTERM177_OTERM429_OTERM625 ; opaque_vertices_o[19]~reg0_OTERM229                 ; clk          ; clk         ; 10.000       ; -0.132     ; 3.792      ;
; 6.053  ; clear_vertices_o[0]~reg0_OTERM177_OTERM429_OTERM625 ; opaque_vertices_o[7]~reg0_OTERM277                  ; clk          ; clk         ; 10.000       ; -0.132     ; 3.755      ;
; 6.062  ; clear_vertices_o[0]~reg0_OTERM177_OTERM429_OTERM625 ; opaque_vertices_o[9]~reg0_OTERM269                  ; clk          ; clk         ; 10.000       ; -0.132     ; 3.746      ;
; 6.092  ; clear_vertices_o[0]~reg0_OTERM177_OTERM427_OTERM607 ; clear_vertices_o[22]~reg0_OTERM339                  ; clk          ; clk         ; 10.000       ; -0.134     ; 3.714      ;
; 6.100  ; clear_vertices_o[0]~reg0_OTERM177_OTERM427_OTERM607 ; clear_vertices_o[27]~reg0_OTERM319                  ; clk          ; clk         ; 10.000       ; -0.140     ; 3.700      ;
; 6.104  ; clear_vertices_o[0]~reg0_OTERM177_OTERM427_OTERM607 ; clear_vertices_o[21]~reg0_OTERM343                  ; clk          ; clk         ; 10.000       ; -0.140     ; 3.696      ;
; 6.176  ; clear_vertices_o[0]~reg0_OTERM177_OTERM427_OTERM607 ; clear_vertices_o[11]~reg0_OTERM383                  ; clk          ; clk         ; 10.000       ; -0.124     ; 3.640      ;
; 6.179  ; clear_vertices_o[0]~reg0_OTERM177_OTERM427_OTERM607 ; clear_vertices_o[10]~reg0_OTERM387                  ; clk          ; clk         ; 10.000       ; -0.124     ; 3.637      ;
; 6.201  ; clear_vertices_o[0]~reg0_OTERM177_OTERM427_OTERM607 ; clear_vertices_o[0]~reg0_OTERM175                   ; clk          ; clk         ; 10.000       ; -0.126     ; 3.613      ;
; 6.203  ; clear_vertices_o[0]~reg0_OTERM177_OTERM429_OTERM627 ; opaque_vertices_o[22]~reg0_OTERM217                 ; clk          ; clk         ; 10.000       ; -0.137     ; 3.600      ;
; 6.204  ; clear_vertices_o[0]~reg0_OTERM177_OTERM429_OTERM627 ; opaque_vertices_o[23]~reg0_OTERM213                 ; clk          ; clk         ; 10.000       ; -0.137     ; 3.599      ;
; 6.209  ; clear_vertices_o[0]~reg0_OTERM177_OTERM427_OTERM607 ; clear_vertices_o[3]~reg0_OTERM415                   ; clk          ; clk         ; 10.000       ; -0.124     ; 3.607      ;
; 6.217  ; clear_vertices_o[0]~reg0_OTERM177_OTERM427_OTERM607 ; clear_vertices_o[6]~reg0_OTERM403                   ; clk          ; clk         ; 10.000       ; -0.130     ; 3.593      ;
; 6.220  ; clear_vertices_o[0]~reg0_OTERM177_OTERM427_OTERM607 ; clear_vertices_o[2]~reg0_OTERM419                   ; clk          ; clk         ; 10.000       ; -0.130     ; 3.590      ;
; 6.273  ; clear_vertices_o[0]~reg0_OTERM177_OTERM429_OTERM627 ; opaque_vertices_o[27]~reg0_OTERM197                 ; clk          ; clk         ; 10.000       ; -0.147     ; 3.520      ;
; 6.273  ; clear_vertices_o[0]~reg0_OTERM177_OTERM429_OTERM627 ; opaque_vertices_o[30]~reg0_OTERM185                 ; clk          ; clk         ; 10.000       ; -0.147     ; 3.520      ;
; 6.274  ; clear_vertices_o[0]~reg0_OTERM177_OTERM429_OTERM627 ; opaque_vertices_o[25]~reg0_OTERM205                 ; clk          ; clk         ; 10.000       ; -0.147     ; 3.519      ;
; 6.275  ; clear_vertices_o[0]~reg0_OTERM177_OTERM429_OTERM627 ; opaque_vertices_o[21]~reg0_OTERM221                 ; clk          ; clk         ; 10.000       ; -0.133     ; 3.532      ;
; 6.277  ; clear_vertices_o[0]~reg0_OTERM177_OTERM429_OTERM627 ; opaque_vertices_o[29]~reg0_OTERM189                 ; clk          ; clk         ; 10.000       ; -0.130     ; 3.533      ;
; 6.317  ; clear_vertices_o[0]~reg0_OTERM177_OTERM427_OTERM605 ; clear_vertices_o[16]~reg0_OTERM363                  ; clk          ; clk         ; 10.000       ; -0.130     ; 3.493      ;
; 6.323  ; clear_vertices_o[0]~reg0_OTERM177_OTERM427_OTERM605 ; clear_vertices_o[18]~reg0_OTERM355                  ; clk          ; clk         ; 10.000       ; -0.130     ; 3.487      ;
; 6.327  ; clear_vertices_o[0]~reg0_OTERM177_OTERM427_OTERM605 ; clear_vertices_o[5]~reg0_OTERM407                   ; clk          ; clk         ; 10.000       ; -0.130     ; 3.483      ;
; 6.327  ; clear_vertices_o[0]~reg0_OTERM177_OTERM427_OTERM605 ; clear_vertices_o[13]~reg0_OTERM375                  ; clk          ; clk         ; 10.000       ; -0.136     ; 3.477      ;
; 6.328  ; clear_vertices_o[0]~reg0_OTERM177_OTERM427_OTERM605 ; clear_vertices_o[17]~reg0_OTERM359                  ; clk          ; clk         ; 10.000       ; -0.136     ; 3.476      ;
; 6.333  ; clear_vertices_o[0]~reg0_OTERM177_OTERM427_OTERM605 ; clear_vertices_o[14]~reg0_OTERM371                  ; clk          ; clk         ; 10.000       ; -0.130     ; 3.477      ;
; 6.333  ; clear_vertices_o[0]~reg0_OTERM177_OTERM427_OTERM605 ; clear_vertices_o[28]~reg0_OTERM315                  ; clk          ; clk         ; 10.000       ; -0.130     ; 3.477      ;
; 6.334  ; clear_vertices_o[0]~reg0_OTERM177_OTERM427_OTERM605 ; clear_vertices_o[20]~reg0_OTERM347                  ; clk          ; clk         ; 10.000       ; -0.130     ; 3.476      ;
; 6.337  ; clear_vertices_o[0]~reg0_OTERM177_OTERM427_OTERM605 ; clear_vertices_o[15]~reg0_OTERM367                  ; clk          ; clk         ; 10.000       ; -0.136     ; 3.467      ;
; 6.342  ; clear_vertices_o[0]~reg0_OTERM177_OTERM427_OTERM605 ; clear_vertices_o[25]~reg0_OTERM327                  ; clk          ; clk         ; 10.000       ; -0.136     ; 3.462      ;
; 6.344  ; clear_vertices_o[0]~reg0_OTERM177_OTERM427_OTERM605 ; clear_vertices_o[30]~reg0_OTERM307                  ; clk          ; clk         ; 10.000       ; -0.136     ; 3.460      ;
; 6.364  ; clear_vertices_o[0]~reg0_OTERM177_OTERM429_OTERM625 ; opaque_vertices_o[4]~reg0_OTERM289                  ; clk          ; clk         ; 10.000       ; -0.132     ; 3.444      ;
; 6.366  ; clear_vertices_o[0]~reg0_OTERM177_OTERM429_OTERM625 ; opaque_vertices_o[12]~reg0_OTERM257                 ; clk          ; clk         ; 10.000       ; -0.132     ; 3.442      ;
; 6.367  ; clear_vertices_o[0]~reg0_OTERM177_OTERM429_OTERM625 ; opaque_vertices_o[17]~reg0_OTERM237                 ; clk          ; clk         ; 10.000       ; -0.132     ; 3.441      ;
; 6.373  ; clear_vertices_o[0]~reg0_OTERM177_OTERM429_OTERM625 ; opaque_vertices_o[14]~reg0_OTERM249                 ; clk          ; clk         ; 10.000       ; -0.132     ; 3.435      ;
; 6.383  ; clear_vertices_o[0]~reg0_OTERM177_OTERM429_OTERM625 ; opaque_vertices_o[13]~reg0_OTERM253                 ; clk          ; clk         ; 10.000       ; -0.132     ; 3.425      ;
; 6.386  ; clear_vertices_o[0]~reg0_OTERM177_OTERM429_OTERM625 ; opaque_vertices_o[20]~reg0_OTERM225                 ; clk          ; clk         ; 10.000       ; -0.138     ; 3.416      ;
; 6.387  ; clear_vertices_o[0]~reg0_OTERM177_OTERM429_OTERM625 ; opaque_vertices_o[5]~reg0_OTERM285                  ; clk          ; clk         ; 10.000       ; -0.138     ; 3.415      ;
; 6.390  ; clear_vertices_o[0]~reg0_OTERM177_OTERM429_OTERM625 ; opaque_vertices_o[1]~reg0_OTERM299                  ; clk          ; clk         ; 10.000       ; -0.138     ; 3.412      ;
; 6.392  ; clear_vertices_o[0]~reg0_OTERM177_OTERM429_OTERM625 ; opaque_vertices_o[15]~reg0_OTERM245                 ; clk          ; clk         ; 10.000       ; -0.138     ; 3.410      ;
; 6.393  ; clear_vertices_o[0]~reg0_OTERM177_OTERM429_OTERM625 ; opaque_vertices_o[0]~reg0_OTERM171                  ; clk          ; clk         ; 10.000       ; -0.134     ; 3.413      ;
; 6.395  ; clear_vertices_o[0]~reg0_OTERM177_OTERM429_OTERM625 ; opaque_vertices_o[3]~reg0_OTERM293                  ; clk          ; clk         ; 10.000       ; -0.132     ; 3.413      ;
; 6.399  ; clear_vertices_o[0]~reg0_OTERM177_OTERM429_OTERM625 ; opaque_vertices_o[8]~reg0_OTERM273                  ; clk          ; clk         ; 10.000       ; -0.138     ; 3.403      ;
; 6.402  ; clear_vertices_o[0]~reg0_OTERM177_OTERM429_OTERM625 ; opaque_vertices_o[10]~reg0_OTERM265                 ; clk          ; clk         ; 10.000       ; -0.138     ; 3.400      ;
; 6.466  ; clear_vertices_o[0]~reg0_OTERM177_OTERM429_OTERM625 ; opaque_vertices_o[2]~reg0_OTERM297                  ; clk          ; clk         ; 10.000       ; -0.121     ; 3.353      ;
; 6.496  ; clear_vertices_o[0]~reg0_OTERM177_OTERM429_OTERM625 ; opaque_vertices_o[31]~reg0_OTERM181                 ; clk          ; clk         ; 10.000       ; -0.136     ; 3.308      ;
; 8.916  ; r_valid_o~reg0                                      ; clear_vertices_o[0]~reg0_OTERM177_OTERM425_OTERM581 ; clk          ; clk         ; 10.000       ; -0.092     ; 0.932      ;
+--------+-----------------------------------------------------+-----------------------------------------------------+--------------+-------------+--------------+------------+------------+
