Analysis & Synthesis report for blockfit
Mon Sep 14 18:30:07 2026
Quartus Prime Version 17.0.2 Build 602 07/19/2017 SJ Lite Edition


---------------------
; Table of Contents ;
---------------------
  1. Legal Notice
  2. Analysis & Synthesis Summary
  3. Analysis & Synthesis Settings
  4. Parallel Compilation
  5. Analysis & Synthesis Messages
  6. Analysis & Synthesis Suppressed Messages



----------------
; Legal Notice ;
----------------
Copyright (C) 2017  Intel Corporation. All rights reserved.
Your use of Intel Corporation's design tools, logic functions 
and other software and tools, and its AMPP partner logic 
functions, and any output files from any of the foregoing 
(including device programming or simulation files), and any 
associated documentation or information are expressly subject 
to the terms and conditions of the Intel Program License 
Subscription Agreement, the Intel Quartus Prime License Agreement,
the Intel MegaCore Function License Agreement, or other 
applicable license agreement, including, without limitation, 
that your use is for the sole purpose of programming logic 
devices manufactured by Intel and sold by Intel or its 
authorized distributors.  Please refer to the applicable 
agreement for further details.



+---------------------------------------------------------------------------+
; Analysis & Synthesis Summary                                              ;
+-----------------------------+---------------------------------------------+
; Analysis & Synthesis Status ; Failed - Mon Sep 14 18:30:07 2026           ;
; Quartus Prime Version       ; 17.0.2 Build 602 07/19/2017 SJ Lite Edition ;
; Revision Name               ; blockfit                                    ;
; Top-level Entity Name       ; zhao_raster_texture_v3_fit_top              ;
; Family                      ; Cyclone V                                   ;
; Logic utilization (in ALMs) ; N/A until Partition Merge                   ;
; Total registers             ; N/A until Partition Merge                   ;
; Total pins                  ; N/A until Partition Merge                   ;
; Total virtual pins          ; N/A until Partition Merge                   ;
; Total block memory bits     ; N/A until Partition Merge                   ;
; Total PLLs                  ; N/A until Partition Merge                   ;
; Total DLLs                  ; N/A until Partition Merge                   ;
+-----------------------------+---------------------------------------------+


+---------------------------------------------------------------------------------------------------------------------------------------+
; Analysis & Synthesis Settings                                                                                                         ;
+---------------------------------------------------------------------------------+--------------------------------+--------------------+
; Option                                                                          ; Setting                        ; Default Value      ;
+---------------------------------------------------------------------------------+--------------------------------+--------------------+
; Device                                                                          ; 5CSEBA6U23I7                   ;                    ;
; Top-level entity name                                                           ; zhao_raster_texture_v3_fit_top ; blockfit           ;
; Family name                                                                     ; Cyclone V                      ; Cyclone V          ;
; Use smart compilation                                                           ; Off                            ; Off                ;
; Enable parallel Assembler and TimeQuest Timing Analyzer during compilation      ; On                             ; On                 ;
; Enable compact report table                                                     ; Off                            ; Off                ;
; Restructure Multiplexers                                                        ; Auto                           ; Auto               ;
; MLAB Add Timing Constraints For Mixed-Port Feed-Through Mode Setting Don't Care ; Off                            ; Off                ;
; Create Debugging Nodes for IP Cores                                             ; Off                            ; Off                ;
; Preserve fewer node names                                                       ; On                             ; On                 ;
; OpenCore Plus hardware evaluation                                               ; Enable                         ; Enable             ;
; Verilog Version                                                                 ; Verilog_2001                   ; Verilog_2001       ;
; VHDL Version                                                                    ; VHDL_1993                      ; VHDL_1993          ;
; State Machine Processing                                                        ; Auto                           ; Auto               ;
; Safe State Machine                                                              ; Off                            ; Off                ;
; Extract Verilog State Machines                                                  ; On                             ; On                 ;
; Extract VHDL State Machines                                                     ; On                             ; On                 ;
; Ignore Verilog initial constructs                                               ; Off                            ; Off                ;
; Iteration limit for constant Verilog loops                                      ; 5000                           ; 5000               ;
; Iteration limit for non-constant Verilog loops                                  ; 250                            ; 250                ;
; Add Pass-Through Logic to Inferred RAMs                                         ; On                             ; On                 ;
; Infer RAMs from Raw Logic                                                       ; On                             ; On                 ;
; Parallel Synthesis                                                              ; On                             ; On                 ;
; DSP Block Balancing                                                             ; Auto                           ; Auto               ;
; NOT Gate Push-Back                                                              ; On                             ; On                 ;
; Power-Up Don't Care                                                             ; On                             ; On                 ;
; Remove Redundant Logic Cells                                                    ; Off                            ; Off                ;
; Remove Duplicate Registers                                                      ; On                             ; On                 ;
; Ignore CARRY Buffers                                                            ; Off                            ; Off                ;
; Ignore CASCADE Buffers                                                          ; Off                            ; Off                ;
; Ignore GLOBAL Buffers                                                           ; Off                            ; Off                ;
; Ignore ROW GLOBAL Buffers                                                       ; Off                            ; Off                ;
; Ignore LCELL Buffers                                                            ; Off                            ; Off                ;
; Ignore SOFT Buffers                                                             ; On                             ; On                 ;
; Limit AHDL Integers to 32 Bits                                                  ; Off                            ; Off                ;
; Optimization Technique                                                          ; Balanced                       ; Balanced           ;
; Carry Chain Length                                                              ; 70                             ; 70                 ;
; Auto Carry Chains                                                               ; On                             ; On                 ;
; Auto Open-Drain Pins                                                            ; On                             ; On                 ;
; Perform WYSIWYG Primitive Resynthesis                                           ; Off                            ; Off                ;
; Auto ROM Replacement                                                            ; On                             ; On                 ;
; Auto RAM Replacement                                                            ; On                             ; On                 ;
; Auto DSP Block Replacement                                                      ; On                             ; On                 ;
; Auto Shift Register Replacement                                                 ; Auto                           ; Auto               ;
; Allow Shift Register Merging across Hierarchies                                 ; Auto                           ; Auto               ;
; Auto Clock Enable Replacement                                                   ; On                             ; On                 ;
; Strict RAM Replacement                                                          ; Off                            ; Off                ;
; Allow Synchronous Control Signals                                               ; On                             ; On                 ;
; Force Use of Synchronous Clear Signals                                          ; Off                            ; Off                ;
; Auto Resource Sharing                                                           ; Off                            ; Off                ;
; Allow Any RAM Size For Recognition                                              ; Off                            ; Off                ;
; Allow Any ROM Size For Recognition                                              ; Off                            ; Off                ;
; Allow Any Shift Register Size For Recognition                                   ; Off                            ; Off                ;
; Use LogicLock Constraints during Resource Balancing                             ; On                             ; On                 ;
; Ignore translate_off and synthesis_off directives                               ; Off                            ; Off                ;
; Timing-Driven Synthesis                                                         ; On                             ; On                 ;
; Report Parameter Settings                                                       ; On                             ; On                 ;
; Report Source Assignments                                                       ; On                             ; On                 ;
; Report Connectivity Checks                                                      ; On                             ; On                 ;
; Ignore Maximum Fan-Out Assignments                                              ; Off                            ; Off                ;
; Synchronization Register Chain Length                                           ; 3                              ; 3                  ;
; PowerPlay Power Optimization During Synthesis                                   ; Normal compilation             ; Normal compilation ;
; HDL message level                                                               ; Level2                         ; Level2             ;
; Suppress Register Optimization Related Messages                                 ; Off                            ; Off                ;
; Number of Removed Registers Reported in Synthesis Report                        ; 5000                           ; 5000               ;
; Number of Swept Nodes Reported in Synthesis Report                              ; 5000                           ; 5000               ;
; Number of Inverted Registers Reported in Synthesis Report                       ; 100                            ; 100                ;
; Clock MUX Protection                                                            ; On                             ; On                 ;
; Auto Gated Clock Conversion                                                     ; Off                            ; Off                ;
; Block Design Naming                                                             ; Auto                           ; Auto               ;
; SDC constraint protection                                                       ; Off                            ; Off                ;
; Synthesis Effort                                                                ; Auto                           ; Auto               ;
; Shift Register Replacement - Allow Asynchronous Clear Signal                    ; On                             ; On                 ;
; Pre-Mapping Resynthesis Optimization                                            ; Off                            ; Off                ;
; Analysis & Synthesis Message Level                                              ; Medium                         ; Medium             ;
; Disable Register Merging Across Hierarchies                                     ; Auto                           ; Auto               ;
; Resource Aware Inference For Block RAM                                          ; On                             ; On                 ;
; Automatic Parallel Synthesis                                                    ; On                             ; On                 ;
; Partial Reconfiguration Bitstream ID                                            ; Off                            ; Off                ;
+---------------------------------------------------------------------------------+--------------------------------+--------------------+


+------------------------------------------+
; Parallel Compilation                     ;
+----------------------------+-------------+
; Processors                 ; Number      ;
+----------------------------+-------------+
; Number detected on machine ; 24          ;
; Maximum allowed            ; 16          ;
;                            ;             ;
; Average used               ; 1.00        ;
; Maximum used               ; 1           ;
;                            ;             ;
; Usage by Processor         ; % Time Used ;
;     Processor 1            ; 100.0%      ;
+----------------------------+-------------+


+-------------------------------+
; Analysis & Synthesis Messages ;
+-------------------------------+
Info: *******************************************************************
Info: Running Quartus Prime Analysis & Synthesis
    Info: Version 17.0.2 Build 602 07/19/2017 SJ Lite Edition
    Info: Copyright (C) 2017  Intel Corporation. All rights reserved.
    Info: Your use of Intel Corporation's design tools, logic functions 
    Info: and other software and tools, and its AMPP partner logic 
    Info: functions, and any output files from any of the foregoing 
    Info: (including device programming or simulation files), and any 
    Info: associated documentation or information are expressly subject 
    Info: to the terms and conditions of the Intel Program License 
    Info: Subscription Agreement, the Intel Quartus Prime License Agreement,
    Info: the Intel MegaCore Function License Agreement, or other 
    Info: applicable license agreement, including, without limitation, 
    Info: that your use is for the sole purpose of programming logic 
    Info: devices manufactured by Intel and sold by Intel or its 
    Info: authorized distributors.  Please refer to the applicable 
    Info: agreement for further details.
    Info: Processing started: Mon Sep 14 18:29:49 2026
Info: Command: quartus_map blockfit
Info (16303): High Performance Effort optimization mode selected -- timing performance will be prioritized at the potential cost of increased compilation time
    Info (16304): Mode behavior is affected by advanced setting Perform Register Retiming for Performance (default for this mode is On)
    Info (16304): Mode behavior is affected by advanced setting Placement Effort Multiplier (default for this mode is 4.0)
Warning (18236): Number of processors has not been specified which may cause overloading on shared machines.  Set the global assignment NUM_PARALLEL_PROCESSORS in your QSF to an appropriate value for best performance.
Info (20030): Parallel compilation is enabled and will use 16 of the 24 processors detected
Info (12021): Found 1 design units, including 0 entities, in source file src/zhao_abi_pkg.sv
    Info (12022): Found design unit 1: zhao_abi_pkg (SystemVerilog) File: C:/Users/Fabs/AppData/Local/Temp/zhao-block-fit-8184-639250001871497659/zhao_raster_texture_v3_fit_top/src/zhao_abi_pkg.sv Line: 10
Info (12021): Found 2 design units, including 1 entities, in source file src/zhao_render_texture_pkg.sv
    Info (12022): Found design unit 1: zhao_render_texture_pkg (SystemVerilog) File: C:/Users/Fabs/AppData/Local/Temp/zhao-block-fit-8184-639250001871497659/zhao_raster_texture_v3_fit_top/src/zhao_render_texture_pkg.sv Line: 9
    Info (12023): Found entity 1: zhao_render_texture_layout_guard File: C:/Users/Fabs/AppData/Local/Temp/zhao-block-fit-8184-639250001871497659/zhao_raster_texture_v3_fit_top/src/zhao_render_texture_pkg.sv Line: 631
Info (12021): Found 1 design units, including 1 entities, in source file src/zhao_skid2.sv
    Info (12023): Found entity 1: zhao_skid2 File: C:/Users/Fabs/AppData/Local/Temp/zhao-block-fit-8184-639250001871497659/zhao_raster_texture_v3_fit_top/src/zhao_skid2.sv Line: 45
Info (12021): Found 1 design units, including 1 entities, in source file src/zhao_field_rcp24_rom.sv
    Info (12023): Found entity 1: zhao_field_rcp24_rom File: C:/Users/Fabs/AppData/Local/Temp/zhao-block-fit-8184-639250001871497659/zhao_raster_texture_v3_fit_top/src/zhao_field_rcp24_rom.sv Line: 17
Info (12021): Found 1 design units, including 1 entities, in source file src/zhao_raster_ticketq.sv
    Info (12023): Found entity 1: zhao_raster_ticketq File: C:/Users/Fabs/AppData/Local/Temp/zhao-block-fit-8184-639250001871497659/zhao_raster_texture_v3_fit_top/src/zhao_raster_ticketq.sv Line: 37
Info (12021): Found 1 design units, including 1 entities, in source file src/zhao_raster_ticketq_rh.sv
    Info (12023): Found entity 1: zhao_raster_ticketq_rh File: C:/Users/Fabs/AppData/Local/Temp/zhao-block-fit-8184-639250001871497659/zhao_raster_texture_v3_fit_top/src/zhao_raster_ticketq_rh.sv Line: 45
Info (12021): Found 1 design units, including 1 entities, in source file src/zhao_raster_rcp24_mul.sv
    Info (12023): Found entity 1: zhao_raster_rcp24_mul File: C:/Users/Fabs/AppData/Local/Temp/zhao-block-fit-8184-639250001871497659/zhao_raster_texture_v3_fit_top/src/zhao_raster_rcp24_mul.sv Line: 85
Info (12021): Found 1 design units, including 1 entities, in source file src/zhao_raster_rcp24_v4.sv
    Info (12023): Found entity 1: zhao_raster_rcp24_v4 File: C:/Users/Fabs/AppData/Local/Temp/zhao-block-fit-8184-639250001871497659/zhao_raster_texture_v3_fit_top/src/zhao_raster_rcp24_v4.sv Line: 12
Info (12021): Found 1 design units, including 1 entities, in source file src/zhao_raster_perspuv_pairpipe_v2.sv
    Info (12023): Found entity 1: zhao_raster_perspuv_pairpipe_v2 File: C:/Users/Fabs/AppData/Local/Temp/zhao-block-fit-8184-639250001871497659/zhao_raster_texture_v3_fit_top/src/zhao_raster_perspuv_pairpipe_v2.sv Line: 11
Info (12021): Found 1 design units, including 1 entities, in source file src/zhao_texture_mod255.sv
    Info (12023): Found entity 1: zhao_texture_mod255 File: C:/Users/Fabs/AppData/Local/Temp/zhao-block-fit-8184-639250001871497659/zhao_raster_texture_v3_fit_top/src/zhao_texture_mod255.sv Line: 50
Info (12021): Found 1 design units, including 1 entities, in source file src/zhao_texture_aux_div6.sv
    Info (12023): Found entity 1: zhao_texture_aux_div6 File: C:/Users/Fabs/AppData/Local/Temp/zhao-block-fit-8184-639250001871497659/zhao_raster_texture_v3_fit_top/src/zhao_texture_aux_div6.sv Line: 51
Info (12021): Found 1 design units, including 1 entities, in source file src/zhao_texture_bilerp_lane_v2.sv
    Info (12023): Found entity 1: zhao_texture_bilerp_lane_v2 File: C:/Users/Fabs/AppData/Local/Temp/zhao-block-fit-8184-639250001871497659/zhao_raster_texture_v3_fit_top/src/zhao_texture_bilerp_lane_v2.sv Line: 13
Info (12021): Found 1 design units, including 1 entities, in source file src/zhao_texture_mosaic_v2.sv
    Info (12023): Found entity 1: zhao_texture_mosaic_v2 File: C:/Users/Fabs/AppData/Local/Temp/zhao-block-fit-8184-639250001871497659/zhao_raster_texture_v3_fit_top/src/zhao_texture_mosaic_v2.sv Line: 20
Info (12021): Found 1 design units, including 1 entities, in source file src/zhao_texture_palette_res_v2.sv
    Info (12023): Found entity 1: zhao_texture_palette_res_v2 File: C:/Users/Fabs/AppData/Local/Temp/zhao-block-fit-8184-639250001871497659/zhao_raster_texture_v3_fit_top/src/zhao_texture_palette_res_v2.sv Line: 19
Info (12021): Found 1 design units, including 1 entities, in source file src/zhao_texture_tmu_plan_v2.sv
    Info (12023): Found entity 1: zhao_texture_tmu_plan_v2 File: C:/Users/Fabs/AppData/Local/Temp/zhao-block-fit-8184-639250001871497659/zhao_raster_texture_v3_fit_top/src/zhao_texture_tmu_plan_v2.sv Line: 59
Info (12021): Found 1 design units, including 1 entities, in source file src/zhao_texture_cache_pipe_v2.sv
    Info (12023): Found entity 1: zhao_texture_cache_pipe_v2 File: C:/Users/Fabs/AppData/Local/Temp/zhao-block-fit-8184-639250001871497659/zhao_raster_texture_v3_fit_top/src/zhao_texture_cache_pipe_v2.sv Line: 88
Info (12021): Found 1 design units, including 1 entities, in source file src/zhao_texture_v3bank.sv
    Info (12023): Found entity 1: zhao_texture_v3bank File: C:/Users/Fabs/AppData/Local/Temp/zhao-block-fit-8184-639250001871497659/zhao_raster_texture_v3_fit_top/src/zhao_texture_v3bank.sv Line: 74
Info (12021): Found 1 design units, including 1 entities, in source file src/zhao_texture_v3rq.sv
    Info (12023): Found entity 1: zhao_texture_v3rq File: C:/Users/Fabs/AppData/Local/Temp/zhao-block-fit-8184-639250001871497659/zhao_raster_texture_v3_fit_top/src/zhao_texture_v3rq.sv Line: 44
Info (12021): Found 1 design units, including 1 entities, in source file src/zhao_texture_v3own.sv
    Info (12023): Found entity 1: zhao_texture_v3own File: C:/Users/Fabs/AppData/Local/Temp/zhao-block-fit-8184-639250001871497659/zhao_raster_texture_v3_fit_top/src/zhao_texture_v3own.sv Line: 185
Info (12021): Found 1 design units, including 1 entities, in source file src/zhao_texture_metajoin_v2.sv
    Info (12023): Found entity 1: zhao_texture_metajoin_v2 File: C:/Users/Fabs/AppData/Local/Temp/zhao-block-fit-8184-639250001871497659/zhao_raster_texture_v3_fit_top/src/zhao_texture_metajoin_v2.sv Line: 10
Info (12021): Found 1 design units, including 1 entities, in source file src/zhao_texture_uv_join_v2.sv
    Info (12023): Found entity 1: zhao_texture_uv_join_v2 File: C:/Users/Fabs/AppData/Local/Temp/zhao-block-fit-8184-639250001871497659/zhao_raster_texture_v3_fit_top/src/zhao_texture_uv_join_v2.sv Line: 24
Info (12021): Found 1 design units, including 1 entities, in source file src/zhao_texture_early_desc_v2.sv
    Info (12023): Found entity 1: zhao_texture_early_desc_v2 File: C:/Users/Fabs/AppData/Local/Temp/zhao-block-fit-8184-639250001871497659/zhao_raster_texture_v3_fit_top/src/zhao_texture_early_desc_v2.sv Line: 9
Info (12021): Found 1 design units, including 1 entities, in source file src/zhao_texture_frag_expand_v2.sv
    Info (12023): Found entity 1: zhao_texture_frag_expand_v2 File: C:/Users/Fabs/AppData/Local/Temp/zhao-block-fit-8184-639250001871497659/zhao_raster_texture_v3_fit_top/src/zhao_texture_frag_expand_v2.sv Line: 10
Info (12021): Found 1 design units, including 1 entities, in source file src/zhao_texture_binding_resolver_v2.sv
    Info (12023): Found entity 1: zhao_texture_binding_resolver_v2 File: C:/Users/Fabs/AppData/Local/Temp/zhao-block-fit-8184-639250001871497659/zhao_raster_texture_v3_fit_top/src/zhao_texture_binding_resolver_v2.sv Line: 10
Info (12021): Found 1 design units, including 1 entities, in source file src/zhao_texture_rsp_dispatch_v2.sv
    Info (12023): Found entity 1: zhao_texture_rsp_dispatch_v2 File: C:/Users/Fabs/AppData/Local/Temp/zhao-block-fit-8184-639250001871497659/zhao_raster_texture_v3_fit_top/src/zhao_texture_rsp_dispatch_v2.sv Line: 25
Info (12021): Found 1 design units, including 1 entities, in source file src/zhao_texture_aux_pipe_v2.sv
    Info (12023): Found entity 1: zhao_texture_aux_pipe_v2 File: C:/Users/Fabs/AppData/Local/Temp/zhao-block-fit-8184-639250001871497659/zhao_raster_texture_v3_fit_top/src/zhao_texture_aux_pipe_v2.sv Line: 28
Info (12021): Found 1 design units, including 1 entities, in source file src/zhao_texture_material_combine_v3.sv
    Info (12023): Found entity 1: zhao_texture_material_combine_v3 File: C:/Users/Fabs/AppData/Local/Temp/zhao-block-fit-8184-639250001871497659/zhao_raster_texture_v3_fit_top/src/zhao_texture_material_combine_v3.sv Line: 35
Error (10170): Verilog HDL syntax error at zhao_texture_island_v3_top.sv(659) near text: "export";  expecting "endmodule". Check for and fix any syntax errors that appear immediately before or at the specified keyword. The Intel FPGA Knowledge Database contains many articles with specific details on how to resolve this error. Visit the Knowledge Database at https://www.altera.com/support/support-resources/knowledge-base/search.html and search for this specific error message number. File: C:/Users/Fabs/AppData/Local/Temp/zhao-block-fit-8184-639250001871497659/zhao_raster_texture_v3_fit_top/src/zhao_texture_island_v3_top.sv Line: 659
Error (10170): Verilog HDL syntax error at zhao_texture_island_v3_top.sv(660) near text: "export";  expecting ";". Check for and fix any syntax errors that appear immediately before or at the specified keyword. The Intel FPGA Knowledge Database contains many articles with specific details on how to resolve this error. Visit the Knowledge Database at https://www.altera.com/support/support-resources/knowledge-base/search.html and search for this specific error message number. File: C:/Users/Fabs/AppData/Local/Temp/zhao-block-fit-8184-639250001871497659/zhao_raster_texture_v3_fit_top/src/zhao_texture_island_v3_top.sv Line: 660
Error (10112): Ignored design unit "zhao_texture_island_v3_top" at zhao_texture_island_v3_top.sv(51) due to previous errors File: C:/Users/Fabs/AppData/Local/Temp/zhao-block-fit-8184-639250001871497659/zhao_raster_texture_v3_fit_top/src/zhao_texture_island_v3_top.sv Line: 51
Info (12021): Found 0 design units, including 0 entities, in source file src/zhao_texture_island_v3_top.sv
Info (12021): Found 1 design units, including 1 entities, in source file src/zhao_raster_texture_stage_v3.sv
    Info (12023): Found entity 1: zhao_raster_texture_stage_v3 File: C:/Users/Fabs/AppData/Local/Temp/zhao-block-fit-8184-639250001871497659/zhao_raster_texture_v3_fit_top/src/zhao_raster_texture_stage_v3.sv Line: 23
Info (12021): Found 1 design units, including 1 entities, in source file src/zhao_raster_fill.sv
    Info (12023): Found entity 1: zhao_raster_fill File: C:/Users/Fabs/AppData/Local/Temp/zhao-block-fit-8184-639250001871497659/zhao_raster_texture_v3_fit_top/src/zhao_raster_fill.sv Line: 27
Info (12021): Found 1 design units, including 1 entities, in source file src/zhao_raster_edgewalk.sv
    Info (12023): Found entity 1: zhao_raster_edgewalk File: C:/Users/Fabs/AppData/Local/Temp/zhao-block-fit-8184-639250001871497659/zhao_raster_texture_v3_fit_top/src/zhao_raster_edgewalk.sv Line: 89
Info (12021): Found 1 design units, including 1 entities, in source file src/zhao_raster_attrdiv_v2.sv
    Info (12023): Found entity 1: zhao_raster_attrdiv_v2 File: C:/Users/Fabs/AppData/Local/Temp/zhao-block-fit-8184-639250001871497659/zhao_raster_texture_v3_fit_top/src/zhao_raster_attrdiv_v2.sv Line: 18
Info (12021): Found 1 design units, including 1 entities, in source file src/zhao_raster_attrgrad_v2.sv
    Info (12023): Found entity 1: zhao_raster_attrgrad_v2 File: C:/Users/Fabs/AppData/Local/Temp/zhao-block-fit-8184-639250001871497659/zhao_raster_texture_v3_fit_top/src/zhao_raster_attrgrad_v2.sv Line: 17
Info (12021): Found 1 design units, including 1 entities, in source file src/zhao_raster_earlyz.sv
    Info (12023): Found entity 1: zhao_raster_earlyz File: C:/Users/Fabs/AppData/Local/Temp/zhao-block-fit-8184-639250001871497659/zhao_raster_texture_v3_fit_top/src/zhao_raster_earlyz.sv Line: 127
Info (12021): Found 1 design units, including 1 entities, in source file src/zhao_raster_blend_prod.sv
    Info (12023): Found entity 1: zhao_raster_blend_prod File: C:/Users/Fabs/AppData/Local/Temp/zhao-block-fit-8184-639250001871497659/zhao_raster_texture_v3_fit_top/src/zhao_raster_blend_prod.sv Line: 16
Info (12021): Found 1 design units, including 1 entities, in source file src/zhao_raster_blend_fin.sv
    Info (12023): Found entity 1: zhao_raster_blend_fin File: C:/Users/Fabs/AppData/Local/Temp/zhao-block-fit-8184-639250001871497659/zhao_raster_texture_v3_fit_top/src/zhao_raster_blend_fin.sv Line: 15
Info (12021): Found 1 design units, including 1 entities, in source file src/zhao_raster_fragment.sv
    Info (12023): Found entity 1: zhao_raster_fragment File: C:/Users/Fabs/AppData/Local/Temp/zhao-block-fit-8184-639250001871497659/zhao_raster_texture_v3_fit_top/src/zhao_raster_fragment.sv Line: 240
Info (12021): Found 1 design units, including 1 entities, in source file src/zhao_raster_tilestore.sv
    Info (12023): Found entity 1: zhao_raster_tilestore File: C:/Users/Fabs/AppData/Local/Temp/zhao-block-fit-8184-639250001871497659/zhao_raster_texture_v3_fit_top/src/zhao_raster_tilestore.sv Line: 102
Info (12021): Found 1 design units, including 1 entities, in source file src/zhao_raster_div255.sv
    Info (12023): Found entity 1: zhao_raster_div255 File: C:/Users/Fabs/AppData/Local/Temp/zhao-block-fit-8184-639250001871497659/zhao_raster_texture_v3_fit_top/src/zhao_raster_div255.sv Line: 55
Info (12021): Found 1 design units, including 1 entities, in source file src/zhao_raster_quant.sv
    Info (12023): Found entity 1: zhao_raster_quant File: C:/Users/Fabs/AppData/Local/Temp/zhao-block-fit-8184-639250001871497659/zhao_raster_texture_v3_fit_top/src/zhao_raster_quant.sv Line: 52
Info (12021): Found 1 design units, including 1 entities, in source file src/zhao_raster_resolve.sv
    Info (12023): Found entity 1: zhao_raster_resolve File: C:/Users/Fabs/AppData/Local/Temp/zhao-block-fit-8184-639250001871497659/zhao_raster_texture_v3_fit_top/src/zhao_raster_resolve.sv Line: 105
Info (12021): Found 1 design units, including 1 entities, in source file src/zhao_raster_tile_pipe_v2.sv
    Info (12023): Found entity 1: zhao_raster_tile_pipe_v2 File: C:/Users/Fabs/AppData/Local/Temp/zhao-block-fit-8184-639250001871497659/zhao_raster_texture_v3_fit_top/src/zhao_raster_tile_pipe_v2.sv Line: 32
Warning (10335): Unrecognized synthesis attribute "preserve_hierarchy" at src/zhao_raster_texture_v3_fit_top.sv(416) File: C:/Users/Fabs/AppData/Local/Temp/zhao-block-fit-8184-639250001871497659/zhao_raster_texture_v3_fit_top/src/zhao_raster_texture_v3_fit_top.sv Line: 416
Info (12021): Found 1 design units, including 1 entities, in source file src/zhao_raster_texture_v3_fit_top.sv
    Info (12023): Found entity 1: zhao_raster_texture_v3_fit_top File: C:/Users/Fabs/AppData/Local/Temp/zhao-block-fit-8184-639250001871497659/zhao_raster_texture_v3_fit_top/src/zhao_raster_texture_v3_fit_top.sv Line: 9
Info (144001): Generated suppressed messages file C:/Users/Fabs/AppData/Local/Temp/zhao-block-fit-8184-639250001871497659/zhao_raster_texture_v3_fit_top/output_files/blockfit.map.smsg
Error: Quartus Prime Analysis & Synthesis was unsuccessful. 3 errors, 2 warnings
    Error: Peak virtual memory: 4782 megabytes
    Error: Processing ended: Mon Sep 14 18:30:07 2026
    Error: Elapsed time: 00:00:18
    Error: Total CPU time (on all processors): 00:00:24


+------------------------------------------+
; Analysis & Synthesis Suppressed Messages ;
+------------------------------------------+
The suppressed messages can be found in C:/Users/Fabs/AppData/Local/Temp/zhao-block-fit-8184-639250001871497659/zhao_raster_texture_v3_fit_top/output_files/blockfit.map.smsg.


