Info: *******************************************************************
Info: Running Quartus Prime Analysis & Synthesis
    Info: Version 17.0.2 Build 602 07/19/2017 SJ Lite Edition
    Info: Copyright (C) 2017  Intel Corporation. All rights reserved.
    Info: Your use of Intel Corporation's design tools, logic functions 
    Info: and other software and tools, and its AMPP partner logic 
    Info: functions, and any output files from any of the foregoing 
    Info: (including device programming or simulation files), and any 
    Info: associated documentation or information are expressly subject 
    Info: to the terms and conditions of the Intel Program License 
    Info: Subscription Agreement, the Intel Quartus Prime License Agreement,
    Info: the Intel MegaCore Function License Agreement, or other 
    Info: applicable license agreement, including, without limitation, 
    Info: that your use is for the sole purpose of programming logic 
    Info: devices manufactured by Intel and sold by Intel or its 
    Info: authorized distributors.  Please refer to the applicable 
    Info: agreement for further details.
    Info: Processing started: Tue Sep 15 22:30:19 2026
Info: Command: quartus_map blockfit
Info (16303): High Performance Effort optimization mode selected -- timing performance will be prioritized at the potential cost of increased compilation time
    Info (16304): Mode behavior is affected by advanced setting Perform Register Retiming for Performance (default for this mode is On)
    Info (16304): Mode behavior is affected by advanced setting Placement Effort Multiplier (default for this mode is 4.0)
Warning (18236): Number of processors has not been specified which may cause overloading on shared machines.  Set the global assignment NUM_PARALLEL_PROCESSORS in your QSF to an appropriate value for best performance.
Info (20030): Parallel compilation is enabled and will use 16 of the 24 processors detected
Info (12021): Found 1 design units, including 0 entities, in source file /programmieren/zencrifice/zhaozhou-g8a-bil2-d87001c5/fpga/rtl/generated/zhao_abi_pkg.sv
    Info (12022): Found design unit 1: zhao_abi_pkg (SystemVerilog) File: C:/programmieren/zencrifice/zhaozhou-g8a-bil2-d87001c5/fpga/rtl/generated/zhao_abi_pkg.sv Line: 10
Info (12021): Found 1 design units, including 0 entities, in source file /programmieren/zencrifice/zhaozhou-g8a-bil2-d87001c5/fpga/rtl/common/zhao_pkg.sv
    Info (12022): Found design unit 1: zhao_pkg (SystemVerilog) File: C:/programmieren/zencrifice/zhaozhou-g8a-bil2-d87001c5/fpga/rtl/common/zhao_pkg.sv Line: 25
Info (12021): Found 1 design units, including 0 entities, in source file /programmieren/zencrifice/zhaozhou-g8a-bil2-d87001c5/fpga/rtl/memory/zhao_sdram_params_pkg.sv
    Info (12022): Found design unit 1: zhao_sdram_params_pkg (SystemVerilog) File: C:/programmieren/zencrifice/zhaozhou-g8a-bil2-d87001c5/fpga/rtl/memory/zhao_sdram_params_pkg.sv Line: 26
Info (12021): Found 1 design units, including 1 entities, in source file /programmieren/zencrifice/zhaozhou-g8a-bil2-d87001c5/fpga/rtl/common/zhao_crc32c_fold.sv
    Info (12023): Found entity 1: zhao_crc32c_fold File: C:/programmieren/zencrifice/zhaozhou-g8a-bil2-d87001c5/fpga/rtl/common/zhao_crc32c_fold.sv Line: 48
Info (12021): Found 1 design units, including 1 entities, in source file /programmieren/zencrifice/zhaozhou-g8a-bil2-d87001c5/fpga/rtl/common/zhao_cdc_snapshot.sv
    Info (12023): Found entity 1: zhao_cdc_snapshot File: C:/programmieren/zencrifice/zhaozhou-g8a-bil2-d87001c5/fpga/rtl/common/zhao_cdc_snapshot.sv Line: 60
Info (12021): Found 1 design units, including 1 entities, in source file /programmieren/zencrifice/zhaozhou-g8a-bil2-d87001c5/fpga/rtl/video/zhao_video_mode.sv
    Info (12023): Found entity 1: zhao_video_mode File: C:/programmieren/zencrifice/zhaozhou-g8a-bil2-d87001c5/fpga/rtl/video/zhao_video_mode.sv Line: 47
Info (12021): Found 1 design units, including 1 entities, in source file /programmieren/zencrifice/zhaozhou-g8a-bil2-d87001c5/fpga/rtl/video/zhao_video_framectl.sv
    Info (12023): Found entity 1: zhao_video_framectl File: C:/programmieren/zencrifice/zhaozhou-g8a-bil2-d87001c5/fpga/rtl/video/zhao_video_framectl.sv Line: 38
Info (12021): Found 1 design units, including 1 entities, in source file /programmieren/zencrifice/zhaozhou-g8a-bil2-d87001c5/fpga/rtl/video/zhao_video_scaler.sv
    Info (12023): Found entity 1: zhao_video_scaler File: C:/programmieren/zencrifice/zhaozhou-g8a-bil2-d87001c5/fpga/rtl/video/zhao_video_scaler.sv Line: 23
Info (12021): Found 1 design units, including 1 entities, in source file /programmieren/zencrifice/zhaozhou-g8a-bil2-d87001c5/fpga/rtl/video/zhao_scanout_fetch.sv
    Info (12023): Found entity 1: zhao_scanout_fetch File: C:/programmieren/zencrifice/zhaozhou-g8a-bil2-d87001c5/fpga/rtl/video/zhao_scanout_fetch.sv Line: 44
Info (12021): Found 1 design units, including 1 entities, in source file /programmieren/zencrifice/zhaozhou-g8a-bil2-d87001c5/fpga/rtl/common/zhao_dc_sdp_ram.sv
    Info (12023): Found entity 1: zhao_dc_sdp_ram File: C:/programmieren/zencrifice/zhaozhou-g8a-bil2-d87001c5/fpga/rtl/common/zhao_dc_sdp_ram.sv Line: 31
Info (12021): Found 1 design units, including 1 entities, in source file /programmieren/zencrifice/zhaozhou-g8a-bil2-d87001c5/fpga/rtl/video/zhao_scanout_linebuf.sv
    Info (12023): Found entity 1: zhao_scanout_linebuf File: C:/programmieren/zencrifice/zhaozhou-g8a-bil2-d87001c5/fpga/rtl/video/zhao_scanout_linebuf.sv Line: 69
Info (12021): Found 1 design units, including 1 entities, in source file /programmieren/zencrifice/zhaozhou-g8a-bil2-d87001c5/fpga/rtl/video/zhao_scanout_serializer.sv
    Info (12023): Found entity 1: zhao_scanout_serializer File: C:/programmieren/zencrifice/zhaozhou-g8a-bil2-d87001c5/fpga/rtl/video/zhao_scanout_serializer.sv Line: 37
Info (12021): Found 1 design units, including 1 entities, in source file /programmieren/zencrifice/zhaozhou-g8a-bil2-d87001c5/fpga/rtl/video/zhao_video_scanout.sv
    Info (12023): Found entity 1: zhao_video_scanout File: C:/programmieren/zencrifice/zhaozhou-g8a-bil2-d87001c5/fpga/rtl/video/zhao_video_scanout.sv Line: 37
Info (12021): Found 1 design units, including 1 entities, in source file /programmieren/zencrifice/zhaozhou-g8a-bil2-d87001c5/fpga/rtl/command/zhao_cmd_scheduler.sv
    Info (12023): Found entity 1: zhao_cmd_scheduler File: C:/programmieren/zencrifice/zhaozhou-g8a-bil2-d87001c5/fpga/rtl/command/zhao_cmd_scheduler.sv Line: 46
Info (12021): Found 1 design units, including 1 entities, in source file /programmieren/zencrifice/zhaozhou-g8a-bil2-d87001c5/fpga/rtl/command/zhao_cmd_dma.sv
    Info (12023): Found entity 1: zhao_cmd_dma File: C:/programmieren/zencrifice/zhaozhou-g8a-bil2-d87001c5/fpga/rtl/command/zhao_cmd_dma.sv Line: 64
Info (12021): Found 1 design units, including 1 entities, in source file /programmieren/zencrifice/zhaozhou-g8a-bil2-d87001c5/fpga/rtl/debug/zhao_debug_counters.sv
    Info (12023): Found entity 1: zhao_debug_counters File: C:/programmieren/zencrifice/zhaozhou-g8a-bil2-d87001c5/fpga/rtl/debug/zhao_debug_counters.sv Line: 41
Info (12021): Found 1 design units, including 1 entities, in source file /programmieren/zencrifice/zhaozhou-g8a-bil2-d87001c5/fpga/rtl/debug/zhao_debug_crc.sv
    Info (12023): Found entity 1: zhao_debug_crc File: C:/programmieren/zencrifice/zhaozhou-g8a-bil2-d87001c5/fpga/rtl/debug/zhao_debug_crc.sv Line: 65
Info (12021): Found 1 design units, including 1 entities, in source file /programmieren/zencrifice/zhaozhou-g8a-bil2-d87001c5/fpga/rtl/input/zhao_input_snapshot.sv
    Info (12023): Found entity 1: zhao_input_snapshot File: C:/programmieren/zencrifice/zhaozhou-g8a-bil2-d87001c5/fpga/rtl/input/zhao_input_snapshot.sv Line: 34
Info (12021): Found 1 design units, including 1 entities, in source file /programmieren/zencrifice/zhaozhou-g8a-bil2-d87001c5/fpga/rtl/input/zhao_input_rumble.sv
    Info (12023): Found entity 1: zhao_input_rumble File: C:/programmieren/zencrifice/zhaozhou-g8a-bil2-d87001c5/fpga/rtl/input/zhao_input_rumble.sv Line: 30
Info (12021): Found 1 design units, including 1 entities, in source file /programmieren/zencrifice/zhaozhou-g8a-bil2-d87001c5/fpga/rtl/audio/zhao_audio_fifo.sv
    Info (12023): Found entity 1: zhao_audio_fifo File: C:/programmieren/zencrifice/zhaozhou-g8a-bil2-d87001c5/fpga/rtl/audio/zhao_audio_fifo.sv Line: 49
Info (12021): Found 1 design units, including 1 entities, in source file /programmieren/zencrifice/zhaozhou-g8a-bil2-d87001c5/fpga/rtl/memory/zhao_sdram_ctrl.sv
    Info (12023): Found entity 1: zhao_sdram_ctrl File: C:/programmieren/zencrifice/zhaozhou-g8a-bil2-d87001c5/fpga/rtl/memory/zhao_sdram_ctrl.sv Line: 55
Info (12021): Found 1 design units, including 1 entities, in source file /programmieren/zencrifice/zhaozhou-g8a-bil2-d87001c5/fpga/rtl/memory/zhao_vram_arbiter.sv
    Info (12023): Found entity 1: zhao_vram_arbiter File: C:/programmieren/zencrifice/zhaozhou-g8a-bil2-d87001c5/fpga/rtl/memory/zhao_vram_arbiter.sv Line: 71
Info (12021): Found 1 design units, including 1 entities, in source file /programmieren/zencrifice/zhaozhou-g8a-bil2-d87001c5/fpga/rtl/memory/zhao_mem_guard.sv
    Info (12023): Found entity 1: zhao_mem_guard File: C:/programmieren/zencrifice/zhaozhou-g8a-bil2-d87001c5/fpga/rtl/memory/zhao_mem_guard.sv Line: 55
Info (12021): Found 1 design units, including 1 entities, in source file /programmieren/zencrifice/zhaozhou-g8a-bil2-d87001c5/fpga/rtl/memory/zhao_hps_bridge.sv
    Info (12023): Found entity 1: zhao_hps_bridge File: C:/programmieren/zencrifice/zhaozhou-g8a-bil2-d87001c5/fpga/rtl/memory/zhao_hps_bridge.sv Line: 29
Info (12021): Found 1 design units, including 1 entities, in source file /programmieren/zencrifice/zhaozhou-g8a-bil2-d87001c5/fpga/rtl/memory/zhao_hps_arbiter.sv
    Info (12023): Found entity 1: zhao_hps_arbiter File: C:/programmieren/zencrifice/zhaozhou-g8a-bil2-d87001c5/fpga/rtl/memory/zhao_hps_arbiter.sv Line: 93
Info (12021): Found 1 design units, including 1 entities, in source file /programmieren/zencrifice/zhaozhou-g8a-bil2-d87001c5/fpga/rtl/debug/zhao_debug_frameblit.sv
    Info (12023): Found entity 1: zhao_debug_frameblit File: C:/programmieren/zencrifice/zhaozhou-g8a-bil2-d87001c5/fpga/rtl/debug/zhao_debug_frameblit.sv Line: 137
Info (12021): Found 1 design units, including 1 entities, in source file /programmieren/zencrifice/zhaozhou-g8a-bil2-d87001c5/fpga/rtl/video/zhao_video_slotmgr.sv
    Info (12023): Found entity 1: zhao_video_slotmgr File: C:/programmieren/zencrifice/zhaozhou-g8a-bil2-d87001c5/fpga/rtl/video/zhao_video_slotmgr.sv Line: 73
Info (12021): Found 1 design units, including 1 entities, in source file /programmieren/zencrifice/zhaozhou-g8a-bil2-d87001c5/fpga/rtl/raster/zhao_raster_fbwrite.sv
    Info (12023): Found entity 1: zhao_raster_fbwrite File: C:/programmieren/zencrifice/zhaozhou-g8a-bil2-d87001c5/fpga/rtl/raster/zhao_raster_fbwrite.sv Line: 69
Info (12021): Found 1 design units, including 1 entities, in source file /programmieren/zencrifice/zhaozhou-g8a-bil2-d87001c5/fpga/rtl/geometry/zhao_geom_bin_pipe.sv
    Info (12023): Found entity 1: zhao_geom_bin_pipe File: C:/programmieren/zencrifice/zhaozhou-g8a-bil2-d87001c5/fpga/rtl/geometry/zhao_geom_bin_pipe.sv Line: 76
Info (12021): Found 1 design units, including 1 entities, in source file /programmieren/zencrifice/zhaozhou-g8a-bil2-d87001c5/fpga/rtl/geometry/zhao_geom_binner.sv
    Info (12023): Found entity 1: zhao_geom_binner File: C:/programmieren/zencrifice/zhaozhou-g8a-bil2-d87001c5/fpga/rtl/geometry/zhao_geom_binner.sv Line: 205
Info (12021): Found 1 design units, including 1 entities, in source file /programmieren/zencrifice/zhaozhou-g8a-bil2-d87001c5/fpga/rtl/geometry/zhao_geom_arena.sv
    Info (12023): Found entity 1: zhao_geom_arena File: C:/programmieren/zencrifice/zhaozhou-g8a-bil2-d87001c5/fpga/rtl/geometry/zhao_geom_arena.sv Line: 24
Info (12021): Found 1 design units, including 1 entities, in source file /programmieren/zencrifice/zhaozhou-g8a-bil2-d87001c5/fpga/rtl/raster/zhao_raster_tile_pipe.sv
    Info (12023): Found entity 1: zhao_raster_tile_pipe File: C:/programmieren/zencrifice/zhaozhou-g8a-bil2-d87001c5/fpga/rtl/raster/zhao_raster_tile_pipe.sv Line: 145
Info (12021): Found 1 design units, including 1 entities, in source file /programmieren/zencrifice/zhaozhou-g8a-bil2-d87001c5/fpga/rtl/common/zhao_skid2.sv
    Info (12023): Found entity 1: zhao_skid2 File: C:/programmieren/zencrifice/zhaozhou-g8a-bil2-d87001c5/fpga/rtl/common/zhao_skid2.sv Line: 45
Info (12021): Found 1 design units, including 1 entities, in source file /programmieren/zencrifice/zhaozhou-g8a-bil2-d87001c5/fpga/rtl/raster/zhao_raster_edgewalk.sv
    Info (12023): Found entity 1: zhao_raster_edgewalk File: C:/programmieren/zencrifice/zhaozhou-g8a-bil2-d87001c5/fpga/rtl/raster/zhao_raster_edgewalk.sv Line: 89
Info (12021): Found 1 design units, including 1 entities, in source file /programmieren/zencrifice/zhaozhou-g8a-bil2-d87001c5/fpga/rtl/raster/zhao_raster_earlyz.sv
    Info (12023): Found entity 1: zhao_raster_earlyz File: C:/programmieren/zencrifice/zhaozhou-g8a-bil2-d87001c5/fpga/rtl/raster/zhao_raster_earlyz.sv Line: 127
Info (12021): Found 1 design units, including 1 entities, in source file /programmieren/zencrifice/zhaozhou-g8a-bil2-d87001c5/fpga/rtl/raster/zhao_raster_fragment.sv
    Info (12023): Found entity 1: zhao_raster_fragment File: C:/programmieren/zencrifice/zhaozhou-g8a-bil2-d87001c5/fpga/rtl/raster/zhao_raster_fragment.sv Line: 240
Info (12021): Found 1 design units, including 1 entities, in source file /programmieren/zencrifice/zhaozhou-g8a-bil2-d87001c5/fpga/rtl/raster/zhao_raster_tilestore.sv
    Info (12023): Found entity 1: zhao_raster_tilestore File: C:/programmieren/zencrifice/zhaozhou-g8a-bil2-d87001c5/fpga/rtl/raster/zhao_raster_tilestore.sv Line: 102
Info (12021): Found 1 design units, including 1 entities, in source file /programmieren/zencrifice/zhaozhou-g8a-bil2-d87001c5/fpga/rtl/raster/zhao_raster_resolve.sv
    Info (12023): Found entity 1: zhao_raster_resolve File: C:/programmieren/zencrifice/zhaozhou-g8a-bil2-d87001c5/fpga/rtl/raster/zhao_raster_resolve.sv Line: 105
Info (12021): Found 1 design units, including 1 entities, in source file /programmieren/zencrifice/zhaozhou-g8a-bil2-d87001c5/fpga/rtl/raster/zhao_raster_blend.sv
    Info (12023): Found entity 1: zhao_raster_blend File: C:/programmieren/zencrifice/zhaozhou-g8a-bil2-d87001c5/fpga/rtl/raster/zhao_raster_blend.sv Line: 80
Info (12021): Found 1 design units, including 1 entities, in source file /programmieren/zencrifice/zhaozhou-g8a-bil2-d87001c5/fpga/rtl/raster/zhao_raster_blend_prod.sv
    Info (12023): Found entity 1: zhao_raster_blend_prod File: C:/programmieren/zencrifice/zhaozhou-g8a-bil2-d87001c5/fpga/rtl/raster/zhao_raster_blend_prod.sv Line: 16
Info (12021): Found 1 design units, including 1 entities, in source file /programmieren/zencrifice/zhaozhou-g8a-bil2-d87001c5/fpga/rtl/raster/zhao_raster_blend_fin.sv
    Info (12023): Found entity 1: zhao_raster_blend_fin File: C:/programmieren/zencrifice/zhaozhou-g8a-bil2-d87001c5/fpga/rtl/raster/zhao_raster_blend_fin.sv Line: 15
Info (12021): Found 1 design units, including 1 entities, in source file /programmieren/zencrifice/zhaozhou-g8a-bil2-d87001c5/fpga/rtl/raster/zhao_raster_div255.sv
    Info (12023): Found entity 1: zhao_raster_div255 File: C:/programmieren/zencrifice/zhaozhou-g8a-bil2-d87001c5/fpga/rtl/raster/zhao_raster_div255.sv Line: 55
Info (12021): Found 1 design units, including 1 entities, in source file /programmieren/zencrifice/zhaozhou-g8a-bil2-d87001c5/fpga/rtl/raster/zhao_raster_quant.sv
    Info (12023): Found entity 1: zhao_raster_quant File: C:/programmieren/zencrifice/zhaozhou-g8a-bil2-d87001c5/fpga/rtl/raster/zhao_raster_quant.sv Line: 52
Info (12021): Found 1 design units, including 1 entities, in source file /programmieren/zencrifice/zhaozhou-g8a-bil2-d87001c5/fpga/rtl/raster/zhao_raster_fill.sv
    Info (12023): Found entity 1: zhao_raster_fill File: C:/programmieren/zencrifice/zhaozhou-g8a-bil2-d87001c5/fpga/rtl/raster/zhao_raster_fill.sv Line: 27
Info (12021): Found 1 design units, including 1 entities, in source file /programmieren/zencrifice/zhaozhou-g8a-bil2-d87001c5/fpga/rtl/geometry/zhao_geom_setup.sv
    Info (12023): Found entity 1: zhao_geom_setup File: C:/programmieren/zencrifice/zhaozhou-g8a-bil2-d87001c5/fpga/rtl/geometry/zhao_geom_setup.sv Line: 130
Info (12021): Found 1 design units, including 1 entities, in source file /programmieren/zencrifice/zhaozhou-g8a-bil2-d87001c5/fpga/rtl/geometry/zhao_geom_meshfetch.sv
    Info (12023): Found entity 1: zhao_geom_meshfetch File: C:/programmieren/zencrifice/zhaozhou-g8a-bil2-d87001c5/fpga/rtl/geometry/zhao_geom_meshfetch.sv Line: 67
Info (12021): Found 1 design units, including 1 entities, in source file /programmieren/zencrifice/zhaozhou-g8a-bil2-d87001c5/fpga/rtl/geometry/zhao_geom_assemble.sv
    Info (12023): Found entity 1: zhao_geom_assemble File: C:/programmieren/zencrifice/zhaozhou-g8a-bil2-d87001c5/fpga/rtl/geometry/zhao_geom_assemble.sv Line: 43
Info (12021): Found 1 design units, including 1 entities, in source file /programmieren/zencrifice/zhaozhou-g8a-bil2-d87001c5/fpga/rtl/geometry/zhao_geom_vdecode.sv
    Info (12023): Found entity 1: zhao_geom_vdecode File: C:/programmieren/zencrifice/zhaozhou-g8a-bil2-d87001c5/fpga/rtl/geometry/zhao_geom_vdecode.sv Line: 72
Info (12021): Found 1 design units, including 1 entities, in source file /programmieren/zencrifice/zhaozhou-g8a-bil2-d87001c5/fpga/rtl/geometry/zhao_geom_assetfetch.sv
    Info (12023): Found entity 1: zhao_geom_assetfetch File: C:/programmieren/zencrifice/zhaozhou-g8a-bil2-d87001c5/fpga/rtl/geometry/zhao_geom_assetfetch.sv Line: 38
Info (12021): Found 1 design units, including 1 entities, in source file /programmieren/zencrifice/zhaozhou-g8a-bil2-d87001c5/fpga/rtl/geometry/zhao_geom_project.sv
    Info (12023): Found entity 1: zhao_geom_project File: C:/programmieren/zencrifice/zhaozhou-g8a-bil2-d87001c5/fpga/rtl/geometry/zhao_geom_project.sv Line: 65
Info (12021): Found 1 design units, including 1 entities, in source file /programmieren/zencrifice/zhaozhou-g8a-bil2-d87001c5/fpga/rtl/geometry/zhao_geom_clip.sv
    Info (12023): Found entity 1: zhao_geom_clip File: C:/programmieren/zencrifice/zhaozhou-g8a-bil2-d87001c5/fpga/rtl/geometry/zhao_geom_clip.sv Line: 155
Info (12021): Found 1 design units, including 1 entities, in source file /programmieren/zencrifice/zhaozhou-g8a-bil2-d87001c5/fpga/rtl/geometry/zhao_geom_depthquant.sv
    Info (12023): Found entity 1: zhao_geom_depthquant File: C:/programmieren/zencrifice/zhaozhou-g8a-bil2-d87001c5/fpga/rtl/geometry/zhao_geom_depthquant.sv Line: 52
Info (12021): Found 1 design units, including 1 entities, in source file /programmieren/zencrifice/zhaozhou-g8a-bil2-d87001c5/fpga/rtl/raster/zhao_raster_rcp24_svc.sv
    Info (12023): Found entity 1: zhao_raster_rcp24_svc File: C:/programmieren/zencrifice/zhaozhou-g8a-bil2-d87001c5/fpga/rtl/raster/zhao_raster_rcp24_svc.sv Line: 53
Info (12021): Found 1 design units, including 1 entities, in source file /programmieren/zencrifice/zhaozhou-g8a-bil2-d87001c5/fpga/rtl/field/zhao_field_rcp24_rom.sv
    Info (12023): Found entity 1: zhao_field_rcp24_rom File: C:/programmieren/zencrifice/zhaozhou-g8a-bil2-d87001c5/fpga/rtl/field/zhao_field_rcp24_rom.sv Line: 17
Info (12021): Found 1 design units, including 1 entities, in source file /programmieren/zencrifice/zhaozhou-g8a-bil2-d87001c5/fpga/rtl/common/zhao_shell_top.sv
    Info (12023): Found entity 1: zhao_shell_top File: C:/programmieren/zencrifice/zhaozhou-g8a-bil2-d87001c5/fpga/rtl/common/zhao_shell_top.sv Line: 96
Info (12021): Found 5 design units, including 5 entities, in source file /programmieren/zencrifice/zhaozhou-g8a-bil2-d87001c5/fpga/rtl/generated/zhao_shell_fit_top.sv
    Info (12023): Found entity 1: zhao_shell_fit_top File: C:/programmieren/zencrifice/zhaozhou-g8a-bil2-d87001c5/fpga/rtl/generated/zhao_shell_fit_top.sv Line: 10
    Info (12023): Found entity 2: zhao_shell_fit_stimulus File: C:/programmieren/zencrifice/zhaozhou-g8a-bil2-d87001c5/fpga/rtl/generated/zhao_shell_fit_top.sv Line: 572
    Info (12023): Found entity 3: zhao_shell_fit_gpu_sink File: C:/programmieren/zencrifice/zhaozhou-g8a-bil2-d87001c5/fpga/rtl/generated/zhao_shell_fit_top.sv Line: 1867
    Info (12023): Found entity 4: zhao_shell_fit_video_sink File: C:/programmieren/zencrifice/zhaozhou-g8a-bil2-d87001c5/fpga/rtl/generated/zhao_shell_fit_top.sv Line: 2036
    Info (12023): Found entity 5: zhao_shell_fit_audio_sink File: C:/programmieren/zencrifice/zhaozhou-g8a-bil2-d87001c5/fpga/rtl/generated/zhao_shell_fit_top.sv Line: 2156
Warning (10335): Unrecognized synthesis attribute "preserve_hierarchy" at src/zhao_dual18_mul.sv(17) File: C:/Users/Fabs/AppData/Local/Temp/zhao-block-fit-8304-639251010191509151/zhao_texture_bilerp_lane_dsp2/src/zhao_dual18_mul.sv Line: 17
Info (12021): Found 1 design units, including 1 entities, in source file src/zhao_dual18_mul.sv
    Info (12023): Found entity 1: zhao_dual18_mul File: C:/Users/Fabs/AppData/Local/Temp/zhao-block-fit-8304-639251010191509151/zhao_texture_bilerp_lane_dsp2/src/zhao_dual18_mul.sv Line: 18
Warning (10335): Unrecognized synthesis attribute "preserve_hierarchy" at src/zhao_texture_bilerp_lane_dsp2.sv(13) File: C:/Users/Fabs/AppData/Local/Temp/zhao-block-fit-8304-639251010191509151/zhao_texture_bilerp_lane_dsp2/src/zhao_texture_bilerp_lane_dsp2.sv Line: 13
Info (12021): Found 1 design units, including 1 entities, in source file src/zhao_texture_bilerp_lane_dsp2.sv
    Info (12023): Found entity 1: zhao_texture_bilerp_lane_dsp2 File: C:/Users/Fabs/AppData/Local/Temp/zhao-block-fit-8304-639251010191509151/zhao_texture_bilerp_lane_dsp2/src/zhao_texture_bilerp_lane_dsp2.sv Line: 14
Info (12127): Elaborating entity "zhao_texture_bilerp_lane_dsp2" for the top level hierarchy
Info (12128): Elaborating entity "zhao_dual18_mul" for hierarchy "zhao_dual18_mul:u_horizontal_pair" File: C:/Users/Fabs/AppData/Local/Temp/zhao-block-fit-8304-639251010191509151/zhao_texture_bilerp_lane_dsp2/src/zhao_texture_bilerp_lane_dsp2.sv Line: 119
Info (286030): Timing-Driven Synthesis is running
Info (144001): Generated suppressed messages file C:/Users/Fabs/AppData/Local/Temp/zhao-block-fit-8304-639251010191509151/zhao_texture_bilerp_lane_dsp2/output_files/blockfit.map.smsg
Info (16010): Generating hard_block partition "hard_block:auto_generated_inst"
    Info (16011): Adding 0 node(s), including 0 DDIO, 0 PLL, 0 transceiver and 0 LCELL
Critical Warning (15725): clock port is fed by virtual pin "clk~input"; timing analysis treats input to the clock port as a ripple clock
Info (15717): Design contains 137 virtual pins; timing numbers associated with paths containing virtual pins are estimates
    Info (15719): Pin "job_ready_o" is virtual output pin File: C:/Users/Fabs/AppData/Local/Temp/zhao-block-fit-8304-639251010191509151/zhao_texture_bilerp_lane_dsp2/src/zhao_texture_bilerp_lane_dsp2.sv Line: 21
    Info (15719): Pin "out_valid_o" is virtual output pin File: C:/Users/Fabs/AppData/Local/Temp/zhao-block-fit-8304-639251010191509151/zhao_texture_bilerp_lane_dsp2/src/zhao_texture_bilerp_lane_dsp2.sv Line: 31
    Info (15719): Pin "out_o[0]" is virtual output pin File: C:/Users/Fabs/AppData/Local/Temp/zhao-block-fit-8304-639251010191509151/zhao_texture_bilerp_lane_dsp2/src/zhao_texture_bilerp_lane_dsp2.sv Line: 33
    Info (15719): Pin "out_o[1]" is virtual output pin File: C:/Users/Fabs/AppData/Local/Temp/zhao-block-fit-8304-639251010191509151/zhao_texture_bilerp_lane_dsp2/src/zhao_texture_bilerp_lane_dsp2.sv Line: 33
    Info (15719): Pin "out_o[2]" is virtual output pin File: C:/Users/Fabs/AppData/Local/Temp/zhao-block-fit-8304-639251010191509151/zhao_texture_bilerp_lane_dsp2/src/zhao_texture_bilerp_lane_dsp2.sv Line: 33
    Info (15719): Pin "out_o[3]" is virtual output pin File: C:/Users/Fabs/AppData/Local/Temp/zhao-block-fit-8304-639251010191509151/zhao_texture_bilerp_lane_dsp2/src/zhao_texture_bilerp_lane_dsp2.sv Line: 33
    Info (15719): Pin "out_o[4]" is virtual output pin File: C:/Users/Fabs/AppData/Local/Temp/zhao-block-fit-8304-639251010191509151/zhao_texture_bilerp_lane_dsp2/src/zhao_texture_bilerp_lane_dsp2.sv Line: 33
    Info (15719): Pin "out_o[5]" is virtual output pin File: C:/Users/Fabs/AppData/Local/Temp/zhao-block-fit-8304-639251010191509151/zhao_texture_bilerp_lane_dsp2/src/zhao_texture_bilerp_lane_dsp2.sv Line: 33
    Info (15719): Pin "out_o[6]" is virtual output pin File: C:/Users/Fabs/AppData/Local/Temp/zhao-block-fit-8304-639251010191509151/zhao_texture_bilerp_lane_dsp2/src/zhao_texture_bilerp_lane_dsp2.sv Line: 33
    Info (15719): Pin "out_o[7]" is virtual output pin File: C:/Users/Fabs/AppData/Local/Temp/zhao-block-fit-8304-639251010191509151/zhao_texture_bilerp_lane_dsp2/src/zhao_texture_bilerp_lane_dsp2.sv Line: 33
    Info (15719): Pin "out_tok_o[0]" is virtual output pin File: C:/Users/Fabs/AppData/Local/Temp/zhao-block-fit-8304-639251010191509151/zhao_texture_bilerp_lane_dsp2/src/zhao_texture_bilerp_lane_dsp2.sv Line: 34
    Info (15719): Pin "out_tok_o[1]" is virtual output pin File: C:/Users/Fabs/AppData/Local/Temp/zhao-block-fit-8304-639251010191509151/zhao_texture_bilerp_lane_dsp2/src/zhao_texture_bilerp_lane_dsp2.sv Line: 34
    Info (15719): Pin "out_tok_o[2]" is virtual output pin File: C:/Users/Fabs/AppData/Local/Temp/zhao-block-fit-8304-639251010191509151/zhao_texture_bilerp_lane_dsp2/src/zhao_texture_bilerp_lane_dsp2.sv Line: 34
    Info (15719): Pin "out_tok_o[3]" is virtual output pin File: C:/Users/Fabs/AppData/Local/Temp/zhao-block-fit-8304-639251010191509151/zhao_texture_bilerp_lane_dsp2/src/zhao_texture_bilerp_lane_dsp2.sv Line: 34
    Info (15719): Pin "out_tok_o[4]" is virtual output pin File: C:/Users/Fabs/AppData/Local/Temp/zhao-block-fit-8304-639251010191509151/zhao_texture_bilerp_lane_dsp2/src/zhao_texture_bilerp_lane_dsp2.sv Line: 34
    Info (15719): Pin "out_tok_o[5]" is virtual output pin File: C:/Users/Fabs/AppData/Local/Temp/zhao-block-fit-8304-639251010191509151/zhao_texture_bilerp_lane_dsp2/src/zhao_texture_bilerp_lane_dsp2.sv Line: 34
    Info (15719): Pin "out_tok_o[6]" is virtual output pin File: C:/Users/Fabs/AppData/Local/Temp/zhao-block-fit-8304-639251010191509151/zhao_texture_bilerp_lane_dsp2/src/zhao_texture_bilerp_lane_dsp2.sv Line: 34
    Info (15719): Pin "out_tok_o[7]" is virtual output pin File: C:/Users/Fabs/AppData/Local/Temp/zhao-block-fit-8304-639251010191509151/zhao_texture_bilerp_lane_dsp2/src/zhao_texture_bilerp_lane_dsp2.sv Line: 34
    Info (15719): Pin "out_tok_o[8]" is virtual output pin File: C:/Users/Fabs/AppData/Local/Temp/zhao-block-fit-8304-639251010191509151/zhao_texture_bilerp_lane_dsp2/src/zhao_texture_bilerp_lane_dsp2.sv Line: 34
    Info (15719): Pin "out_tok_o[9]" is virtual output pin File: C:/Users/Fabs/AppData/Local/Temp/zhao-block-fit-8304-639251010191509151/zhao_texture_bilerp_lane_dsp2/src/zhao_texture_bilerp_lane_dsp2.sv Line: 34
    Info (15719): Pin "out_tok_o[10]" is virtual output pin File: C:/Users/Fabs/AppData/Local/Temp/zhao-block-fit-8304-639251010191509151/zhao_texture_bilerp_lane_dsp2/src/zhao_texture_bilerp_lane_dsp2.sv Line: 34
    Info (15719): Pin "out_tok_o[11]" is virtual output pin File: C:/Users/Fabs/AppData/Local/Temp/zhao-block-fit-8304-639251010191509151/zhao_texture_bilerp_lane_dsp2/src/zhao_texture_bilerp_lane_dsp2.sv Line: 34
    Info (15719): Pin "out_tok_o[12]" is virtual output pin File: C:/Users/Fabs/AppData/Local/Temp/zhao-block-fit-8304-639251010191509151/zhao_texture_bilerp_lane_dsp2/src/zhao_texture_bilerp_lane_dsp2.sv Line: 34
    Info (15719): Pin "out_tok_o[13]" is virtual output pin File: C:/Users/Fabs/AppData/Local/Temp/zhao-block-fit-8304-639251010191509151/zhao_texture_bilerp_lane_dsp2/src/zhao_texture_bilerp_lane_dsp2.sv Line: 34
    Info (15719): Pin "out_tok_o[14]" is virtual output pin File: C:/Users/Fabs/AppData/Local/Temp/zhao-block-fit-8304-639251010191509151/zhao_texture_bilerp_lane_dsp2/src/zhao_texture_bilerp_lane_dsp2.sv Line: 34
    Info (15719): Pin "out_tok_o[15]" is virtual output pin File: C:/Users/Fabs/AppData/Local/Temp/zhao-block-fit-8304-639251010191509151/zhao_texture_bilerp_lane_dsp2/src/zhao_texture_bilerp_lane_dsp2.sv Line: 34
    Info (15719): Pin "out_tok_o[16]" is virtual output pin File: C:/Users/Fabs/AppData/Local/Temp/zhao-block-fit-8304-639251010191509151/zhao_texture_bilerp_lane_dsp2/src/zhao_texture_bilerp_lane_dsp2.sv Line: 34
    Info (15719): Pin "out_tok_o[17]" is virtual output pin File: C:/Users/Fabs/AppData/Local/Temp/zhao-block-fit-8304-639251010191509151/zhao_texture_bilerp_lane_dsp2/src/zhao_texture_bilerp_lane_dsp2.sv Line: 34
    Info (15719): Pin "out_chan_o[0]" is virtual output pin File: C:/Users/Fabs/AppData/Local/Temp/zhao-block-fit-8304-639251010191509151/zhao_texture_bilerp_lane_dsp2/src/zhao_texture_bilerp_lane_dsp2.sv Line: 35
    Info (15719): Pin "out_chan_o[1]" is virtual output pin File: C:/Users/Fabs/AppData/Local/Temp/zhao-block-fit-8304-639251010191509151/zhao_texture_bilerp_lane_dsp2/src/zhao_texture_bilerp_lane_dsp2.sv Line: 35
    Info (15719): Pin "idle_o" is virtual output pin File: C:/Users/Fabs/AppData/Local/Temp/zhao-block-fit-8304-639251010191509151/zhao_texture_bilerp_lane_dsp2/src/zhao_texture_bilerp_lane_dsp2.sv Line: 37
    Info (15719): Pin "jobs_o[0]" is virtual output pin File: C:/Users/Fabs/AppData/Local/Temp/zhao-block-fit-8304-639251010191509151/zhao_texture_bilerp_lane_dsp2/src/zhao_texture_bilerp_lane_dsp2.sv Line: 144
    Info (15719): Pin "jobs_o[1]" is virtual output pin File: C:/Users/Fabs/AppData/Local/Temp/zhao-block-fit-8304-639251010191509151/zhao_texture_bilerp_lane_dsp2/src/zhao_texture_bilerp_lane_dsp2.sv Line: 144
    Info (15719): Pin "jobs_o[2]" is virtual output pin File: C:/Users/Fabs/AppData/Local/Temp/zhao-block-fit-8304-639251010191509151/zhao_texture_bilerp_lane_dsp2/src/zhao_texture_bilerp_lane_dsp2.sv Line: 144
    Info (15719): Pin "jobs_o[3]" is virtual output pin File: C:/Users/Fabs/AppData/Local/Temp/zhao-block-fit-8304-639251010191509151/zhao_texture_bilerp_lane_dsp2/src/zhao_texture_bilerp_lane_dsp2.sv Line: 144
    Info (15719): Pin "jobs_o[4]" is virtual output pin File: C:/Users/Fabs/AppData/Local/Temp/zhao-block-fit-8304-639251010191509151/zhao_texture_bilerp_lane_dsp2/src/zhao_texture_bilerp_lane_dsp2.sv Line: 144
    Info (15719): Pin "jobs_o[5]" is virtual output pin File: C:/Users/Fabs/AppData/Local/Temp/zhao-block-fit-8304-639251010191509151/zhao_texture_bilerp_lane_dsp2/src/zhao_texture_bilerp_lane_dsp2.sv Line: 144
    Info (15719): Pin "jobs_o[6]" is virtual output pin File: C:/Users/Fabs/AppData/Local/Temp/zhao-block-fit-8304-639251010191509151/zhao_texture_bilerp_lane_dsp2/src/zhao_texture_bilerp_lane_dsp2.sv Line: 144
    Info (15719): Pin "jobs_o[7]" is virtual output pin File: C:/Users/Fabs/AppData/Local/Temp/zhao-block-fit-8304-639251010191509151/zhao_texture_bilerp_lane_dsp2/src/zhao_texture_bilerp_lane_dsp2.sv Line: 144
    Info (15719): Pin "jobs_o[8]" is virtual output pin File: C:/Users/Fabs/AppData/Local/Temp/zhao-block-fit-8304-639251010191509151/zhao_texture_bilerp_lane_dsp2/src/zhao_texture_bilerp_lane_dsp2.sv Line: 144
    Info (15719): Pin "jobs_o[9]" is virtual output pin File: C:/Users/Fabs/AppData/Local/Temp/zhao-block-fit-8304-639251010191509151/zhao_texture_bilerp_lane_dsp2/src/zhao_texture_bilerp_lane_dsp2.sv Line: 144
    Info (15719): Pin "jobs_o[10]" is virtual output pin File: C:/Users/Fabs/AppData/Local/Temp/zhao-block-fit-8304-639251010191509151/zhao_texture_bilerp_lane_dsp2/src/zhao_texture_bilerp_lane_dsp2.sv Line: 144
    Info (15719): Pin "jobs_o[11]" is virtual output pin File: C:/Users/Fabs/AppData/Local/Temp/zhao-block-fit-8304-639251010191509151/zhao_texture_bilerp_lane_dsp2/src/zhao_texture_bilerp_lane_dsp2.sv Line: 144
    Info (15719): Pin "jobs_o[12]" is virtual output pin File: C:/Users/Fabs/AppData/Local/Temp/zhao-block-fit-8304-639251010191509151/zhao_texture_bilerp_lane_dsp2/src/zhao_texture_bilerp_lane_dsp2.sv Line: 144
    Info (15719): Pin "jobs_o[13]" is virtual output pin File: C:/Users/Fabs/AppData/Local/Temp/zhao-block-fit-8304-639251010191509151/zhao_texture_bilerp_lane_dsp2/src/zhao_texture_bilerp_lane_dsp2.sv Line: 144
    Info (15719): Pin "jobs_o[14]" is virtual output pin File: C:/Users/Fabs/AppData/Local/Temp/zhao-block-fit-8304-639251010191509151/zhao_texture_bilerp_lane_dsp2/src/zhao_texture_bilerp_lane_dsp2.sv Line: 144
    Info (15719): Pin "jobs_o[15]" is virtual output pin File: C:/Users/Fabs/AppData/Local/Temp/zhao-block-fit-8304-639251010191509151/zhao_texture_bilerp_lane_dsp2/src/zhao_texture_bilerp_lane_dsp2.sv Line: 144
    Info (15719): Pin "jobs_o[16]" is virtual output pin File: C:/Users/Fabs/AppData/Local/Temp/zhao-block-fit-8304-639251010191509151/zhao_texture_bilerp_lane_dsp2/src/zhao_texture_bilerp_lane_dsp2.sv Line: 144
    Info (15719): Pin "jobs_o[17]" is virtual output pin File: C:/Users/Fabs/AppData/Local/Temp/zhao-block-fit-8304-639251010191509151/zhao_texture_bilerp_lane_dsp2/src/zhao_texture_bilerp_lane_dsp2.sv Line: 144
    Info (15719): Pin "jobs_o[18]" is virtual output pin File: C:/Users/Fabs/AppData/Local/Temp/zhao-block-fit-8304-639251010191509151/zhao_texture_bilerp_lane_dsp2/src/zhao_texture_bilerp_lane_dsp2.sv Line: 144
    Info (15719): Pin "jobs_o[19]" is virtual output pin File: C:/Users/Fabs/AppData/Local/Temp/zhao-block-fit-8304-639251010191509151/zhao_texture_bilerp_lane_dsp2/src/zhao_texture_bilerp_lane_dsp2.sv Line: 144
    Info (15719): Pin "jobs_o[20]" is virtual output pin File: C:/Users/Fabs/AppData/Local/Temp/zhao-block-fit-8304-639251010191509151/zhao_texture_bilerp_lane_dsp2/src/zhao_texture_bilerp_lane_dsp2.sv Line: 144
    Info (15719): Pin "jobs_o[21]" is virtual output pin File: C:/Users/Fabs/AppData/Local/Temp/zhao-block-fit-8304-639251010191509151/zhao_texture_bilerp_lane_dsp2/src/zhao_texture_bilerp_lane_dsp2.sv Line: 144
    Info (15719): Pin "jobs_o[22]" is virtual output pin File: C:/Users/Fabs/AppData/Local/Temp/zhao-block-fit-8304-639251010191509151/zhao_texture_bilerp_lane_dsp2/src/zhao_texture_bilerp_lane_dsp2.sv Line: 144
    Info (15719): Pin "jobs_o[23]" is virtual output pin File: C:/Users/Fabs/AppData/Local/Temp/zhao-block-fit-8304-639251010191509151/zhao_texture_bilerp_lane_dsp2/src/zhao_texture_bilerp_lane_dsp2.sv Line: 144
    Info (15719): Pin "jobs_o[24]" is virtual output pin File: C:/Users/Fabs/AppData/Local/Temp/zhao-block-fit-8304-639251010191509151/zhao_texture_bilerp_lane_dsp2/src/zhao_texture_bilerp_lane_dsp2.sv Line: 144
    Info (15719): Pin "jobs_o[25]" is virtual output pin File: C:/Users/Fabs/AppData/Local/Temp/zhao-block-fit-8304-639251010191509151/zhao_texture_bilerp_lane_dsp2/src/zhao_texture_bilerp_lane_dsp2.sv Line: 144
    Info (15719): Pin "jobs_o[26]" is virtual output pin File: C:/Users/Fabs/AppData/Local/Temp/zhao-block-fit-8304-639251010191509151/zhao_texture_bilerp_lane_dsp2/src/zhao_texture_bilerp_lane_dsp2.sv Line: 144
    Info (15719): Pin "jobs_o[27]" is virtual output pin File: C:/Users/Fabs/AppData/Local/Temp/zhao-block-fit-8304-639251010191509151/zhao_texture_bilerp_lane_dsp2/src/zhao_texture_bilerp_lane_dsp2.sv Line: 144
    Info (15719): Pin "jobs_o[28]" is virtual output pin File: C:/Users/Fabs/AppData/Local/Temp/zhao-block-fit-8304-639251010191509151/zhao_texture_bilerp_lane_dsp2/src/zhao_texture_bilerp_lane_dsp2.sv Line: 144
    Info (15719): Pin "jobs_o[29]" is virtual output pin File: C:/Users/Fabs/AppData/Local/Temp/zhao-block-fit-8304-639251010191509151/zhao_texture_bilerp_lane_dsp2/src/zhao_texture_bilerp_lane_dsp2.sv Line: 144
    Info (15719): Pin "jobs_o[30]" is virtual output pin File: C:/Users/Fabs/AppData/Local/Temp/zhao-block-fit-8304-639251010191509151/zhao_texture_bilerp_lane_dsp2/src/zhao_texture_bilerp_lane_dsp2.sv Line: 144
    Info (15719): Pin "jobs_o[31]" is virtual output pin File: C:/Users/Fabs/AppData/Local/Temp/zhao-block-fit-8304-639251010191509151/zhao_texture_bilerp_lane_dsp2/src/zhao_texture_bilerp_lane_dsp2.sv Line: 144
    Info (15719): Pin "occupancy_o[0]" is virtual output pin File: C:/Users/Fabs/AppData/Local/Temp/zhao-block-fit-8304-639251010191509151/zhao_texture_bilerp_lane_dsp2/src/zhao_texture_bilerp_lane_dsp2.sv Line: 40
    Info (15719): Pin "occupancy_o[1]" is virtual output pin File: C:/Users/Fabs/AppData/Local/Temp/zhao-block-fit-8304-639251010191509151/zhao_texture_bilerp_lane_dsp2/src/zhao_texture_bilerp_lane_dsp2.sv Line: 40
    Info (15718): Pin "out_ready_i" is virtual input pin File: C:/Users/Fabs/AppData/Local/Temp/zhao-block-fit-8304-639251010191509151/zhao_texture_bilerp_lane_dsp2/src/zhao_texture_bilerp_lane_dsp2.sv Line: 32
    Info (15718): Pin "clk" is virtual input pin File: C:/Users/Fabs/AppData/Local/Temp/zhao-block-fit-8304-639251010191509151/zhao_texture_bilerp_lane_dsp2/src/zhao_texture_bilerp_lane_dsp2.sv Line: 17
    Info (15718): Pin "rst_n" is virtual input pin File: C:/Users/Fabs/AppData/Local/Temp/zhao-block-fit-8304-639251010191509151/zhao_texture_bilerp_lane_dsp2/src/zhao_texture_bilerp_lane_dsp2.sv Line: 18
    Info (15718): Pin "job_valid_i" is virtual input pin File: C:/Users/Fabs/AppData/Local/Temp/zhao-block-fit-8304-639251010191509151/zhao_texture_bilerp_lane_dsp2/src/zhao_texture_bilerp_lane_dsp2.sv Line: 20
    Info (15718): Pin "tok_i[0]" is virtual input pin File: C:/Users/Fabs/AppData/Local/Temp/zhao-block-fit-8304-639251010191509151/zhao_texture_bilerp_lane_dsp2/src/zhao_texture_bilerp_lane_dsp2.sv Line: 28
    Info (15718): Pin "tok_i[1]" is virtual input pin File: C:/Users/Fabs/AppData/Local/Temp/zhao-block-fit-8304-639251010191509151/zhao_texture_bilerp_lane_dsp2/src/zhao_texture_bilerp_lane_dsp2.sv Line: 28
    Info (15718): Pin "tok_i[2]" is virtual input pin File: C:/Users/Fabs/AppData/Local/Temp/zhao-block-fit-8304-639251010191509151/zhao_texture_bilerp_lane_dsp2/src/zhao_texture_bilerp_lane_dsp2.sv Line: 28
    Info (15718): Pin "tok_i[3]" is virtual input pin File: C:/Users/Fabs/AppData/Local/Temp/zhao-block-fit-8304-639251010191509151/zhao_texture_bilerp_lane_dsp2/src/zhao_texture_bilerp_lane_dsp2.sv Line: 28
    Info (15718): Pin "tok_i[4]" is virtual input pin File: C:/Users/Fabs/AppData/Local/Temp/zhao-block-fit-8304-639251010191509151/zhao_texture_bilerp_lane_dsp2/src/zhao_texture_bilerp_lane_dsp2.sv Line: 28
    Info (15718): Pin "tok_i[5]" is virtual input pin File: C:/Users/Fabs/AppData/Local/Temp/zhao-block-fit-8304-639251010191509151/zhao_texture_bilerp_lane_dsp2/src/zhao_texture_bilerp_lane_dsp2.sv Line: 28
    Info (15718): Pin "tok_i[6]" is virtual input pin File: C:/Users/Fabs/AppData/Local/Temp/zhao-block-fit-8304-639251010191509151/zhao_texture_bilerp_lane_dsp2/src/zhao_texture_bilerp_lane_dsp2.sv Line: 28
    Info (15718): Pin "tok_i[7]" is virtual input pin File: C:/Users/Fabs/AppData/Local/Temp/zhao-block-fit-8304-639251010191509151/zhao_texture_bilerp_lane_dsp2/src/zhao_texture_bilerp_lane_dsp2.sv Line: 28
    Info (15718): Pin "tok_i[8]" is virtual input pin File: C:/Users/Fabs/AppData/Local/Temp/zhao-block-fit-8304-639251010191509151/zhao_texture_bilerp_lane_dsp2/src/zhao_texture_bilerp_lane_dsp2.sv Line: 28
    Info (15718): Pin "tok_i[9]" is virtual input pin File: C:/Users/Fabs/AppData/Local/Temp/zhao-block-fit-8304-639251010191509151/zhao_texture_bilerp_lane_dsp2/src/zhao_texture_bilerp_lane_dsp2.sv Line: 28
    Info (15718): Pin "tok_i[10]" is virtual input pin File: C:/Users/Fabs/AppData/Local/Temp/zhao-block-fit-8304-639251010191509151/zhao_texture_bilerp_lane_dsp2/src/zhao_texture_bilerp_lane_dsp2.sv Line: 28
    Info (15718): Pin "tok_i[11]" is virtual input pin File: C:/Users/Fabs/AppData/Local/Temp/zhao-block-fit-8304-639251010191509151/zhao_texture_bilerp_lane_dsp2/src/zhao_texture_bilerp_lane_dsp2.sv Line: 28
    Info (15718): Pin "tok_i[12]" is virtual input pin File: C:/Users/Fabs/AppData/Local/Temp/zhao-block-fit-8304-639251010191509151/zhao_texture_bilerp_lane_dsp2/src/zhao_texture_bilerp_lane_dsp2.sv Line: 28
    Info (15718): Pin "tok_i[13]" is virtual input pin File: C:/Users/Fabs/AppData/Local/Temp/zhao-block-fit-8304-639251010191509151/zhao_texture_bilerp_lane_dsp2/src/zhao_texture_bilerp_lane_dsp2.sv Line: 28
    Info (15718): Pin "tok_i[14]" is virtual input pin File: C:/Users/Fabs/AppData/Local/Temp/zhao-block-fit-8304-639251010191509151/zhao_texture_bilerp_lane_dsp2/src/zhao_texture_bilerp_lane_dsp2.sv Line: 28
    Info (15718): Pin "tok_i[15]" is virtual input pin File: C:/Users/Fabs/AppData/Local/Temp/zhao-block-fit-8304-639251010191509151/zhao_texture_bilerp_lane_dsp2/src/zhao_texture_bilerp_lane_dsp2.sv Line: 28
    Info (15718): Pin "tok_i[16]" is virtual input pin File: C:/Users/Fabs/AppData/Local/Temp/zhao-block-fit-8304-639251010191509151/zhao_texture_bilerp_lane_dsp2/src/zhao_texture_bilerp_lane_dsp2.sv Line: 28
    Info (15718): Pin "tok_i[17]" is virtual input pin File: C:/Users/Fabs/AppData/Local/Temp/zhao-block-fit-8304-639251010191509151/zhao_texture_bilerp_lane_dsp2/src/zhao_texture_bilerp_lane_dsp2.sv Line: 28
    Info (15718): Pin "chan_i[0]" is virtual input pin File: C:/Users/Fabs/AppData/Local/Temp/zhao-block-fit-8304-639251010191509151/zhao_texture_bilerp_lane_dsp2/src/zhao_texture_bilerp_lane_dsp2.sv Line: 29
    Info (15718): Pin "chan_i[1]" is virtual input pin File: C:/Users/Fabs/AppData/Local/Temp/zhao-block-fit-8304-639251010191509151/zhao_texture_bilerp_lane_dsp2/src/zhao_texture_bilerp_lane_dsp2.sv Line: 29
    Info (15718): Pin "fv_i[0]" is virtual input pin File: C:/Users/Fabs/AppData/Local/Temp/zhao-block-fit-8304-639251010191509151/zhao_texture_bilerp_lane_dsp2/src/zhao_texture_bilerp_lane_dsp2.sv Line: 27
    Info (15718): Pin "fv_i[1]" is virtual input pin File: C:/Users/Fabs/AppData/Local/Temp/zhao-block-fit-8304-639251010191509151/zhao_texture_bilerp_lane_dsp2/src/zhao_texture_bilerp_lane_dsp2.sv Line: 27
    Info (15718): Pin "fv_i[2]" is virtual input pin File: C:/Users/Fabs/AppData/Local/Temp/zhao-block-fit-8304-639251010191509151/zhao_texture_bilerp_lane_dsp2/src/zhao_texture_bilerp_lane_dsp2.sv Line: 27
    Info (15718): Pin "fv_i[3]" is virtual input pin File: C:/Users/Fabs/AppData/Local/Temp/zhao-block-fit-8304-639251010191509151/zhao_texture_bilerp_lane_dsp2/src/zhao_texture_bilerp_lane_dsp2.sv Line: 27
    Info (15718): Pin "fv_i[4]" is virtual input pin File: C:/Users/Fabs/AppData/Local/Temp/zhao-block-fit-8304-639251010191509151/zhao_texture_bilerp_lane_dsp2/src/zhao_texture_bilerp_lane_dsp2.sv Line: 27
    Info (15718): Pin "fv_i[5]" is virtual input pin File: C:/Users/Fabs/AppData/Local/Temp/zhao-block-fit-8304-639251010191509151/zhao_texture_bilerp_lane_dsp2/src/zhao_texture_bilerp_lane_dsp2.sv Line: 27
    Info (15718): Pin "fv_i[6]" is virtual input pin File: C:/Users/Fabs/AppData/Local/Temp/zhao-block-fit-8304-639251010191509151/zhao_texture_bilerp_lane_dsp2/src/zhao_texture_bilerp_lane_dsp2.sv Line: 27
    Info (15718): Pin "fv_i[7]" is virtual input pin File: C:/Users/Fabs/AppData/Local/Temp/zhao-block-fit-8304-639251010191509151/zhao_texture_bilerp_lane_dsp2/src/zhao_texture_bilerp_lane_dsp2.sv Line: 27
    Info (15718): Pin "t00_i[0]" is virtual input pin File: C:/Users/Fabs/AppData/Local/Temp/zhao-block-fit-8304-639251010191509151/zhao_texture_bilerp_lane_dsp2/src/zhao_texture_bilerp_lane_dsp2.sv Line: 22
    Info (15718): Pin "t00_i[1]" is virtual input pin File: C:/Users/Fabs/AppData/Local/Temp/zhao-block-fit-8304-639251010191509151/zhao_texture_bilerp_lane_dsp2/src/zhao_texture_bilerp_lane_dsp2.sv Line: 22
    Info (15718): Pin "t00_i[2]" is virtual input pin File: C:/Users/Fabs/AppData/Local/Temp/zhao-block-fit-8304-639251010191509151/zhao_texture_bilerp_lane_dsp2/src/zhao_texture_bilerp_lane_dsp2.sv Line: 22
    Info (15718): Pin "t00_i[3]" is virtual input pin File: C:/Users/Fabs/AppData/Local/Temp/zhao-block-fit-8304-639251010191509151/zhao_texture_bilerp_lane_dsp2/src/zhao_texture_bilerp_lane_dsp2.sv Line: 22
    Info (15718): Pin "t00_i[4]" is virtual input pin File: C:/Users/Fabs/AppData/Local/Temp/zhao-block-fit-8304-639251010191509151/zhao_texture_bilerp_lane_dsp2/src/zhao_texture_bilerp_lane_dsp2.sv Line: 22
    Info (15718): Pin "t00_i[5]" is virtual input pin File: C:/Users/Fabs/AppData/Local/Temp/zhao-block-fit-8304-639251010191509151/zhao_texture_bilerp_lane_dsp2/src/zhao_texture_bilerp_lane_dsp2.sv Line: 22
    Info (15718): Pin "t00_i[6]" is virtual input pin File: C:/Users/Fabs/AppData/Local/Temp/zhao-block-fit-8304-639251010191509151/zhao_texture_bilerp_lane_dsp2/src/zhao_texture_bilerp_lane_dsp2.sv Line: 22
    Info (15718): Pin "t00_i[7]" is virtual input pin File: C:/Users/Fabs/AppData/Local/Temp/zhao-block-fit-8304-639251010191509151/zhao_texture_bilerp_lane_dsp2/src/zhao_texture_bilerp_lane_dsp2.sv Line: 22
    Info (15718): Pin "fu_i[0]" is virtual input pin File: C:/Users/Fabs/AppData/Local/Temp/zhao-block-fit-8304-639251010191509151/zhao_texture_bilerp_lane_dsp2/src/zhao_texture_bilerp_lane_dsp2.sv Line: 26
    Info (15718): Pin "fu_i[1]" is virtual input pin File: C:/Users/Fabs/AppData/Local/Temp/zhao-block-fit-8304-639251010191509151/zhao_texture_bilerp_lane_dsp2/src/zhao_texture_bilerp_lane_dsp2.sv Line: 26
    Info (15718): Pin "fu_i[2]" is virtual input pin File: C:/Users/Fabs/AppData/Local/Temp/zhao-block-fit-8304-639251010191509151/zhao_texture_bilerp_lane_dsp2/src/zhao_texture_bilerp_lane_dsp2.sv Line: 26
    Info (15718): Pin "fu_i[3]" is virtual input pin File: C:/Users/Fabs/AppData/Local/Temp/zhao-block-fit-8304-639251010191509151/zhao_texture_bilerp_lane_dsp2/src/zhao_texture_bilerp_lane_dsp2.sv Line: 26
    Info (15718): Pin "fu_i[4]" is virtual input pin File: C:/Users/Fabs/AppData/Local/Temp/zhao-block-fit-8304-639251010191509151/zhao_texture_bilerp_lane_dsp2/src/zhao_texture_bilerp_lane_dsp2.sv Line: 26
    Info (15718): Pin "fu_i[5]" is virtual input pin File: C:/Users/Fabs/AppData/Local/Temp/zhao-block-fit-8304-639251010191509151/zhao_texture_bilerp_lane_dsp2/src/zhao_texture_bilerp_lane_dsp2.sv Line: 26
    Info (15718): Pin "fu_i[6]" is virtual input pin File: C:/Users/Fabs/AppData/Local/Temp/zhao-block-fit-8304-639251010191509151/zhao_texture_bilerp_lane_dsp2/src/zhao_texture_bilerp_lane_dsp2.sv Line: 26
    Info (15718): Pin "fu_i[7]" is virtual input pin File: C:/Users/Fabs/AppData/Local/Temp/zhao-block-fit-8304-639251010191509151/zhao_texture_bilerp_lane_dsp2/src/zhao_texture_bilerp_lane_dsp2.sv Line: 26
    Info (15718): Pin "t01_i[0]" is virtual input pin File: C:/Users/Fabs/AppData/Local/Temp/zhao-block-fit-8304-639251010191509151/zhao_texture_bilerp_lane_dsp2/src/zhao_texture_bilerp_lane_dsp2.sv Line: 24
    Info (15718): Pin "t01_i[1]" is virtual input pin File: C:/Users/Fabs/AppData/Local/Temp/zhao-block-fit-8304-639251010191509151/zhao_texture_bilerp_lane_dsp2/src/zhao_texture_bilerp_lane_dsp2.sv Line: 24
    Info (15718): Pin "t01_i[2]" is virtual input pin File: C:/Users/Fabs/AppData/Local/Temp/zhao-block-fit-8304-639251010191509151/zhao_texture_bilerp_lane_dsp2/src/zhao_texture_bilerp_lane_dsp2.sv Line: 24
    Info (15718): Pin "t01_i[3]" is virtual input pin File: C:/Users/Fabs/AppData/Local/Temp/zhao-block-fit-8304-639251010191509151/zhao_texture_bilerp_lane_dsp2/src/zhao_texture_bilerp_lane_dsp2.sv Line: 24
    Info (15718): Pin "t01_i[4]" is virtual input pin File: C:/Users/Fabs/AppData/Local/Temp/zhao-block-fit-8304-639251010191509151/zhao_texture_bilerp_lane_dsp2/src/zhao_texture_bilerp_lane_dsp2.sv Line: 24
    Info (15718): Pin "t01_i[5]" is virtual input pin File: C:/Users/Fabs/AppData/Local/Temp/zhao-block-fit-8304-639251010191509151/zhao_texture_bilerp_lane_dsp2/src/zhao_texture_bilerp_lane_dsp2.sv Line: 24
    Info (15718): Pin "t01_i[6]" is virtual input pin File: C:/Users/Fabs/AppData/Local/Temp/zhao-block-fit-8304-639251010191509151/zhao_texture_bilerp_lane_dsp2/src/zhao_texture_bilerp_lane_dsp2.sv Line: 24
    Info (15718): Pin "t01_i[7]" is virtual input pin File: C:/Users/Fabs/AppData/Local/Temp/zhao-block-fit-8304-639251010191509151/zhao_texture_bilerp_lane_dsp2/src/zhao_texture_bilerp_lane_dsp2.sv Line: 24
    Info (15718): Pin "t10_i[0]" is virtual input pin File: C:/Users/Fabs/AppData/Local/Temp/zhao-block-fit-8304-639251010191509151/zhao_texture_bilerp_lane_dsp2/src/zhao_texture_bilerp_lane_dsp2.sv Line: 23
    Info (15718): Pin "t10_i[1]" is virtual input pin File: C:/Users/Fabs/AppData/Local/Temp/zhao-block-fit-8304-639251010191509151/zhao_texture_bilerp_lane_dsp2/src/zhao_texture_bilerp_lane_dsp2.sv Line: 23
    Info (15718): Pin "t10_i[2]" is virtual input pin File: C:/Users/Fabs/AppData/Local/Temp/zhao-block-fit-8304-639251010191509151/zhao_texture_bilerp_lane_dsp2/src/zhao_texture_bilerp_lane_dsp2.sv Line: 23
    Info (15718): Pin "t10_i[3]" is virtual input pin File: C:/Users/Fabs/AppData/Local/Temp/zhao-block-fit-8304-639251010191509151/zhao_texture_bilerp_lane_dsp2/src/zhao_texture_bilerp_lane_dsp2.sv Line: 23
    Info (15718): Pin "t10_i[4]" is virtual input pin File: C:/Users/Fabs/AppData/Local/Temp/zhao-block-fit-8304-639251010191509151/zhao_texture_bilerp_lane_dsp2/src/zhao_texture_bilerp_lane_dsp2.sv Line: 23
    Info (15718): Pin "t10_i[5]" is virtual input pin File: C:/Users/Fabs/AppData/Local/Temp/zhao-block-fit-8304-639251010191509151/zhao_texture_bilerp_lane_dsp2/src/zhao_texture_bilerp_lane_dsp2.sv Line: 23
    Info (15718): Pin "t10_i[6]" is virtual input pin File: C:/Users/Fabs/AppData/Local/Temp/zhao-block-fit-8304-639251010191509151/zhao_texture_bilerp_lane_dsp2/src/zhao_texture_bilerp_lane_dsp2.sv Line: 23
    Info (15718): Pin "t10_i[7]" is virtual input pin File: C:/Users/Fabs/AppData/Local/Temp/zhao-block-fit-8304-639251010191509151/zhao_texture_bilerp_lane_dsp2/src/zhao_texture_bilerp_lane_dsp2.sv Line: 23
    Info (15718): Pin "t11_i[0]" is virtual input pin File: C:/Users/Fabs/AppData/Local/Temp/zhao-block-fit-8304-639251010191509151/zhao_texture_bilerp_lane_dsp2/src/zhao_texture_bilerp_lane_dsp2.sv Line: 25
    Info (15718): Pin "t11_i[1]" is virtual input pin File: C:/Users/Fabs/AppData/Local/Temp/zhao-block-fit-8304-639251010191509151/zhao_texture_bilerp_lane_dsp2/src/zhao_texture_bilerp_lane_dsp2.sv Line: 25
    Info (15718): Pin "t11_i[2]" is virtual input pin File: C:/Users/Fabs/AppData/Local/Temp/zhao-block-fit-8304-639251010191509151/zhao_texture_bilerp_lane_dsp2/src/zhao_texture_bilerp_lane_dsp2.sv Line: 25
    Info (15718): Pin "t11_i[3]" is virtual input pin File: C:/Users/Fabs/AppData/Local/Temp/zhao-block-fit-8304-639251010191509151/zhao_texture_bilerp_lane_dsp2/src/zhao_texture_bilerp_lane_dsp2.sv Line: 25
    Info (15718): Pin "t11_i[4]" is virtual input pin File: C:/Users/Fabs/AppData/Local/Temp/zhao-block-fit-8304-639251010191509151/zhao_texture_bilerp_lane_dsp2/src/zhao_texture_bilerp_lane_dsp2.sv Line: 25
    Info (15718): Pin "t11_i[5]" is virtual input pin File: C:/Users/Fabs/AppData/Local/Temp/zhao-block-fit-8304-639251010191509151/zhao_texture_bilerp_lane_dsp2/src/zhao_texture_bilerp_lane_dsp2.sv Line: 25
    Info (15718): Pin "t11_i[6]" is virtual input pin File: C:/Users/Fabs/AppData/Local/Temp/zhao-block-fit-8304-639251010191509151/zhao_texture_bilerp_lane_dsp2/src/zhao_texture_bilerp_lane_dsp2.sv Line: 25
    Info (15718): Pin "t11_i[7]" is virtual input pin File: C:/Users/Fabs/AppData/Local/Temp/zhao-block-fit-8304-639251010191509151/zhao_texture_bilerp_lane_dsp2/src/zhao_texture_bilerp_lane_dsp2.sv Line: 25
Warning (15752): Ignored 312 Virtual Pin logic option assignments
    Warning (15720): Ignored Virtual Pin assignment to node "Add8~1"
    Warning (15720): Ignored Virtual Pin assignment to node "Add8~5"
    Warning (15720): Ignored Virtual Pin assignment to node "Add8~9"
    Warning (15720): Ignored Virtual Pin assignment to node "Add8~13"
    Warning (15720): Ignored Virtual Pin assignment to node "Add8~17"
    Warning (15720): Ignored Virtual Pin assignment to node "Add8~21"
    Warning (15720): Ignored Virtual Pin assignment to node "Add8~25"
    Warning (15720): Ignored Virtual Pin assignment to node "Add8~29"
    Warning (15720): Ignored Virtual Pin assignment to node "Add9~1"
    Warning (15720): Ignored Virtual Pin assignment to node "Add9~5"
    Warning (15720): Ignored Virtual Pin assignment to node "Add9~9"
    Warning (15720): Ignored Virtual Pin assignment to node "Add9~13"
    Warning (15720): Ignored Virtual Pin assignment to node "Add9~17"
    Warning (15720): Ignored Virtual Pin assignment to node "Add9~21"
    Warning (15720): Ignored Virtual Pin assignment to node "Add9~25"
    Warning (15720): Ignored Virtual Pin assignment to node "Add9~29"
    Warning (15720): Ignored Virtual Pin assignment to node "Add9~33"
    Warning (15720): Ignored Virtual Pin assignment to node "Add9~37"
    Warning (15720): Ignored Virtual Pin assignment to node "Add9~41"
    Warning (15720): Ignored Virtual Pin assignment to node "Add9~45"
    Warning (15720): Ignored Virtual Pin assignment to node "Add9~49"
    Warning (15720): Ignored Virtual Pin assignment to node "Add9~53"
    Warning (15720): Ignored Virtual Pin assignment to node "Add9~57"
    Warning (15720): Ignored Virtual Pin assignment to node "Add9~61"
    Warning (15720): Ignored Virtual Pin assignment to node "Add9~65"
    Warning (15720): Ignored Virtual Pin assignment to node "Add9~69"
    Warning (15720): Ignored Virtual Pin assignment to node "Add9~73"
    Warning (15720): Ignored Virtual Pin assignment to node "Add9~77"
    Warning (15720): Ignored Virtual Pin assignment to node "Add9~81"
    Warning (15720): Ignored Virtual Pin assignment to node "Add9~85"
    Warning (15720): Ignored Virtual Pin assignment to node "Add9~89"
    Warning (15720): Ignored Virtual Pin assignment to node "Add9~93"
    Warning (15720): Ignored Virtual Pin assignment to node "Add9~97"
    Warning (15720): Ignored Virtual Pin assignment to node "Add9~101"
    Warning (15720): Ignored Virtual Pin assignment to node "Add9~105"
    Warning (15720): Ignored Virtual Pin assignment to node "Add9~109"
    Warning (15720): Ignored Virtual Pin assignment to node "Add9~113"
    Warning (15720): Ignored Virtual Pin assignment to node "Add9~117"
    Warning (15720): Ignored Virtual Pin assignment to node "Add9~121"
    Warning (15720): Ignored Virtual Pin assignment to node "Mult0~8"
    Warning (15720): Ignored Virtual Pin assignment to node "Add8~34"
    Warning (15720): Ignored Virtual Pin assignment to node "dv_c[0]~1"
    Warning (15720): Ignored Virtual Pin assignment to node "dv_c[1]~5"
    Warning (15720): Ignored Virtual Pin assignment to node "dv_c[2]~9"
    Warning (15720): Ignored Virtual Pin assignment to node "dv_c[3]~13"
    Warning (15720): Ignored Virtual Pin assignment to node "dv_c[4]~17"
    Warning (15720): Ignored Virtual Pin assignment to node "dv_c[5]~21"
    Warning (15720): Ignored Virtual Pin assignment to node "dv_c[6]~25"
    Warning (15720): Ignored Virtual Pin assignment to node "dv_c[7]~29"
    Warning (15720): Ignored Virtual Pin assignment to node "dv_c[8]~33"
    Warning (15720): Ignored Virtual Pin assignment to node "dv_c[9]~37"
    Warning (15720): Ignored Virtual Pin assignment to node "dv_c[10]~41"
    Warning (15720): Ignored Virtual Pin assignment to node "dv_c[11]~45"
    Warning (15720): Ignored Virtual Pin assignment to node "dv_c[12]~49"
    Warning (15720): Ignored Virtual Pin assignment to node "dv_c[13]~53"
    Warning (15720): Ignored Virtual Pin assignment to node "dv_c[14]~57"
    Warning (15720): Ignored Virtual Pin assignment to node "dv_c[15]~61"
    Warning (15720): Ignored Virtual Pin assignment to node "dv_c[16]~65"
    Warning (15720): Ignored Virtual Pin assignment to node "dv_c[17]~69"
    Warning (15720): Ignored Virtual Pin assignment to node "Add4~1"
    Warning (15720): Ignored Virtual Pin assignment to node "Add8~38"
    Warning (15720): Ignored Virtual Pin assignment to node "Add4~5"
    Warning (15720): Ignored Virtual Pin assignment to node "Add4~9"
    Warning (15720): Ignored Virtual Pin assignment to node "Add4~13"
    Warning (15720): Ignored Virtual Pin assignment to node "Add4~17"
    Warning (15720): Ignored Virtual Pin assignment to node "Add4~21"
    Warning (15720): Ignored Virtual Pin assignment to node "Add4~25"
    Warning (15720): Ignored Virtual Pin assignment to node "Add4~29"
    Warning (15720): Ignored Virtual Pin assignment to node "zhao_dual18_mul:u_horizontal_pair|u_dual18_mac"
    Warning (15720): Ignored Virtual Pin assignment to node "Add8~42"
    Warning (15720): Ignored Virtual Pin assignment to node "Add5~1"
    Warning (15720): Ignored Virtual Pin assignment to node "Add5~5"
    Warning (15720): Ignored Virtual Pin assignment to node "Add5~9"
    Warning (15720): Ignored Virtual Pin assignment to node "Add5~13"
    Warning (15720): Ignored Virtual Pin assignment to node "Add5~17"
    Warning (15720): Ignored Virtual Pin assignment to node "Add5~21"
    Warning (15720): Ignored Virtual Pin assignment to node "Add5~25"
    Warning (15720): Ignored Virtual Pin assignment to node "Add5~29"
    Warning (15720): Ignored Virtual Pin assignment to node "Add4~33"
    Warning (15720): Ignored Virtual Pin assignment to node "Add5~33"
    Warning (15720): Ignored Virtual Pin assignment to node "Add4~37"
    Warning (15720): Ignored Virtual Pin assignment to node "Add5~37"
    Warning (15720): Ignored Virtual Pin assignment to node "du0_18_c[0]~1"
    Warning (15720): Ignored Virtual Pin assignment to node "du0_18_c[1]~5"
    Warning (15720): Ignored Virtual Pin assignment to node "du0_18_c[2]~9"
    Warning (15720): Ignored Virtual Pin assignment to node "du0_18_c[3]~13"
    Warning (15720): Ignored Virtual Pin assignment to node "du0_18_c[4]~17"
    Warning (15720): Ignored Virtual Pin assignment to node "du0_18_c[5]~21"
    Warning (15720): Ignored Virtual Pin assignment to node "du0_18_c[6]~25"
    Warning (15720): Ignored Virtual Pin assignment to node "du0_18_c[7]~29"
    Warning (15720): Ignored Virtual Pin assignment to node "du0_18_c[8]~33"
    Warning (15720): Ignored Virtual Pin assignment to node "du1_18_c[0]~1"
    Warning (15720): Ignored Virtual Pin assignment to node "du1_18_c[1]~5"
    Warning (15720): Ignored Virtual Pin assignment to node "du1_18_c[2]~9"
    Warning (15720): Ignored Virtual Pin assignment to node "du1_18_c[3]~13"
    Warning (15720): Ignored Virtual Pin assignment to node "du1_18_c[4]~17"
    Warning (15720): Ignored Virtual Pin assignment to node "du1_18_c[5]~21"
    Warning (15720): Ignored Virtual Pin assignment to node "du1_18_c[6]~25"
    Warning (15720): Ignored Virtual Pin assignment to node "du1_18_c[7]~29"
    Warning (15720): Ignored Virtual Pin assignment to node "du1_18_c[8]~33"
    Warning (15720): Ignored Virtual Pin assignment to node "Add8~46"
    Warning (15720): Ignored Virtual Pin assignment to node "Add8~50"
    Warning (15720): Ignored Virtual Pin assignment to node "Add8~54"
    Warning (15720): Ignored Virtual Pin assignment to node "Add8~58"
    Warning (15720): Ignored Virtual Pin assignment to node "Add8~62"
    Warning (15720): Ignored Virtual Pin assignment to node "b1_valid_q"
    Warning (15720): Ignored Virtual Pin assignment to node "b2_valid_q"
    Warning (15720): Ignored Virtual Pin assignment to node "b0_valid_q"
    Warning (15720): Ignored Virtual Pin assignment to node "b0_ready_c~0"
    Warning (15720): Ignored Virtual Pin assignment to node "b2_out_q[0]"
    Warning (15720): Ignored Virtual Pin assignment to node "b2_out_q[1]"
    Warning (15720): Ignored Virtual Pin assignment to node "b2_out_q[2]"
    Warning (15720): Ignored Virtual Pin assignment to node "b2_out_q[3]"
    Warning (15720): Ignored Virtual Pin assignment to node "b2_out_q[4]"
    Warning (15720): Ignored Virtual Pin assignment to node "b2_out_q[5]"
    Warning (15720): Ignored Virtual Pin assignment to node "b2_out_q[6]"
    Warning (15720): Ignored Virtual Pin assignment to node "b2_out_q[7]"
    Warning (15720): Ignored Virtual Pin assignment to node "b2_tok_q[0]"
    Warning (15720): Ignored Virtual Pin assignment to node "b2_tok_q[1]"
    Warning (15720): Ignored Virtual Pin assignment to node "b2_tok_q[2]"
    Warning (15720): Ignored Virtual Pin assignment to node "b2_tok_q[3]"
    Warning (15720): Ignored Virtual Pin assignment to node "b2_tok_q[4]"
    Warning (15720): Ignored Virtual Pin assignment to node "b2_tok_q[5]"
    Warning (15720): Ignored Virtual Pin assignment to node "b2_tok_q[6]"
    Warning (15720): Ignored Virtual Pin assignment to node "b2_tok_q[7]"
    Warning (15720): Ignored Virtual Pin assignment to node "b2_tok_q[8]"
    Warning (15720): Ignored Virtual Pin assignment to node "b2_tok_q[9]"
    Warning (15720): Ignored Virtual Pin assignment to node "b2_tok_q[10]"
    Warning (15720): Ignored Virtual Pin assignment to node "b2_tok_q[11]"
    Warning (15720): Ignored Virtual Pin assignment to node "b2_tok_q[12]"
    Warning (15720): Ignored Virtual Pin assignment to node "b2_tok_q[13]"
    Warning (15720): Ignored Virtual Pin assignment to node "b2_tok_q[14]"
    Warning (15720): Ignored Virtual Pin assignment to node "b2_tok_q[15]"
    Warning (15720): Ignored Virtual Pin assignment to node "b2_tok_q[16]"
    Warning (15720): Ignored Virtual Pin assignment to node "b2_tok_q[17]"
    Warning (15720): Ignored Virtual Pin assignment to node "b2_chan_q[0]"
    Warning (15720): Ignored Virtual Pin assignment to node "b2_chan_q[1]"
    Warning (15720): Ignored Virtual Pin assignment to node "idle_o~0"
    Warning (15720): Ignored Virtual Pin assignment to node "jobs_o[0]~reg0"
    Warning (15720): Ignored Virtual Pin assignment to node "jobs_o[1]~reg0"
    Warning (15720): Ignored Virtual Pin assignment to node "jobs_o[2]~reg0"
    Warning (15720): Ignored Virtual Pin assignment to node "jobs_o[3]~reg0"
    Warning (15720): Ignored Virtual Pin assignment to node "jobs_o[4]~reg0"
    Warning (15720): Ignored Virtual Pin assignment to node "jobs_o[5]~reg0"
    Warning (15720): Ignored Virtual Pin assignment to node "jobs_o[6]~reg0"
    Warning (15720): Ignored Virtual Pin assignment to node "jobs_o[7]~reg0"
    Warning (15720): Ignored Virtual Pin assignment to node "jobs_o[8]~reg0"
    Warning (15720): Ignored Virtual Pin assignment to node "jobs_o[9]~reg0"
    Warning (15720): Ignored Virtual Pin assignment to node "jobs_o[10]~reg0"
    Warning (15720): Ignored Virtual Pin assignment to node "jobs_o[11]~reg0"
    Warning (15720): Ignored Virtual Pin assignment to node "jobs_o[12]~reg0"
    Warning (15720): Ignored Virtual Pin assignment to node "jobs_o[13]~reg0"
    Warning (15720): Ignored Virtual Pin assignment to node "jobs_o[14]~reg0"
    Warning (15720): Ignored Virtual Pin assignment to node "jobs_o[15]~reg0"
    Warning (15720): Ignored Virtual Pin assignment to node "jobs_o[16]~reg0"
    Warning (15720): Ignored Virtual Pin assignment to node "jobs_o[17]~reg0"
    Warning (15720): Ignored Virtual Pin assignment to node "jobs_o[18]~reg0"
    Warning (15720): Ignored Virtual Pin assignment to node "jobs_o[19]~reg0"
    Warning (15720): Ignored Virtual Pin assignment to node "jobs_o[20]~reg0"
    Warning (15720): Ignored Virtual Pin assignment to node "jobs_o[21]~reg0"
    Warning (15720): Ignored Virtual Pin assignment to node "jobs_o[22]~reg0"
    Warning (15720): Ignored Virtual Pin assignment to node "jobs_o[23]~reg0"
    Warning (15720): Ignored Virtual Pin assignment to node "jobs_o[24]~reg0"
    Warning (15720): Ignored Virtual Pin assignment to node "jobs_o[25]~reg0"
    Warning (15720): Ignored Virtual Pin assignment to node "jobs_o[26]~reg0"
    Warning (15720): Ignored Virtual Pin assignment to node "jobs_o[27]~reg0"
    Warning (15720): Ignored Virtual Pin assignment to node "jobs_o[28]~reg0"
    Warning (15720): Ignored Virtual Pin assignment to node "jobs_o[29]~reg0"
    Warning (15720): Ignored Virtual Pin assignment to node "jobs_o[30]~reg0"
    Warning (15720): Ignored Virtual Pin assignment to node "jobs_o[31]~reg0"
    Warning (15720): Ignored Virtual Pin assignment to node "Add1~0"
    Warning (15720): Ignored Virtual Pin assignment to node "Add1~1"
    Warning (15720): Ignored Virtual Pin assignment to node "b1_valid_q~0"
    Warning (15720): Ignored Virtual Pin assignment to node "b2_valid_q~0"
    Warning (15720): Ignored Virtual Pin assignment to node "b0_valid_q~0"
    Warning (15720): Ignored Virtual Pin assignment to node "b2_out_q[0]~0"
    Warning (15720): Ignored Virtual Pin assignment to node "b1_tok_q[0]"
    Warning (15720): Ignored Virtual Pin assignment to node "b1_tok_q[1]"
    Warning (15720): Ignored Virtual Pin assignment to node "b1_tok_q[2]"
    Warning (15720): Ignored Virtual Pin assignment to node "b1_tok_q[3]"
    Warning (15720): Ignored Virtual Pin assignment to node "b1_tok_q[4]"
    Warning (15720): Ignored Virtual Pin assignment to node "b1_tok_q[5]"
    Warning (15720): Ignored Virtual Pin assignment to node "b1_tok_q[6]"
    Warning (15720): Ignored Virtual Pin assignment to node "b1_tok_q[7]"
    Warning (15720): Ignored Virtual Pin assignment to node "b1_tok_q[8]"
    Warning (15720): Ignored Virtual Pin assignment to node "b1_tok_q[9]"
    Warning (15720): Ignored Virtual Pin assignment to node "b1_tok_q[10]"
    Warning (15720): Ignored Virtual Pin assignment to node "b1_tok_q[11]"
    Warning (15720): Ignored Virtual Pin assignment to node "b1_tok_q[12]"
    Warning (15720): Ignored Virtual Pin assignment to node "b1_tok_q[13]"
    Warning (15720): Ignored Virtual Pin assignment to node "b1_tok_q[14]"
    Warning (15720): Ignored Virtual Pin assignment to node "b1_tok_q[15]"
    Warning (15720): Ignored Virtual Pin assignment to node "b1_tok_q[16]"
    Warning (15720): Ignored Virtual Pin assignment to node "b1_tok_q[17]"
    Warning (15720): Ignored Virtual Pin assignment to node "b1_chan_q[0]"
    Warning (15720): Ignored Virtual Pin assignment to node "b1_chan_q[1]"
    Warning (15720): Ignored Virtual Pin assignment to node "jobs_o[0]~0"
    Warning (15720): Ignored Virtual Pin assignment to node "b1_a_q[8]"
    Warning (15720): Ignored Virtual Pin assignment to node "b1_a_q[9]"
    Warning (15720): Ignored Virtual Pin assignment to node "b1_a_q[10]"
    Warning (15720): Ignored Virtual Pin assignment to node "b1_a_q[11]"
    Warning (15720): Ignored Virtual Pin assignment to node "b1_a_q[12]"
    Warning (15720): Ignored Virtual Pin assignment to node "b1_a_q[13]"
    Warning (15720): Ignored Virtual Pin assignment to node "b1_a_q[14]"
    Warning (15720): Ignored Virtual Pin assignment to node "b1_a_q[15]"
    Warning (15720): Ignored Virtual Pin assignment to node "b0_tok_q[0]"
    Warning (15720): Ignored Virtual Pin assignment to node "b1_tok_q[0]~0"
    Warning (15720): Ignored Virtual Pin assignment to node "b0_tok_q[1]"
    Warning (15720): Ignored Virtual Pin assignment to node "b0_tok_q[2]"
    Warning (15720): Ignored Virtual Pin assignment to node "b0_tok_q[3]"
    Warning (15720): Ignored Virtual Pin assignment to node "b0_tok_q[4]"
    Warning (15720): Ignored Virtual Pin assignment to node "b0_tok_q[5]"
    Warning (15720): Ignored Virtual Pin assignment to node "b0_tok_q[6]"
    Warning (15720): Ignored Virtual Pin assignment to node "b0_tok_q[7]"
    Warning (15720): Ignored Virtual Pin assignment to node "b0_tok_q[8]"
    Warning (15720): Ignored Virtual Pin assignment to node "b0_tok_q[9]"
    Warning (15720): Ignored Virtual Pin assignment to node "b0_tok_q[10]"
    Warning (15720): Ignored Virtual Pin assignment to node "b0_tok_q[11]"
    Warning (15720): Ignored Virtual Pin assignment to node "b0_tok_q[12]"
    Warning (15720): Ignored Virtual Pin assignment to node "b0_tok_q[13]"
    Warning (15720): Ignored Virtual Pin assignment to node "b0_tok_q[14]"
    Warning (15720): Ignored Virtual Pin assignment to node "b0_tok_q[15]"
    Warning (15720): Ignored Virtual Pin assignment to node "b0_tok_q[16]"
    Warning (15720): Ignored Virtual Pin assignment to node "b0_tok_q[17]"
    Warning (15720): Ignored Virtual Pin assignment to node "b0_chan_q[0]"
    Warning (15720): Ignored Virtual Pin assignment to node "b0_chan_q[1]"
    Warning (15720): Ignored Virtual Pin assignment to node "b1_fv_q[0]"
    Warning (15720): Ignored Virtual Pin assignment to node "b1_fv_q[1]"
    Warning (15720): Ignored Virtual Pin assignment to node "b1_fv_q[2]"
    Warning (15720): Ignored Virtual Pin assignment to node "b1_fv_q[3]"
    Warning (15720): Ignored Virtual Pin assignment to node "b1_fv_q[4]"
    Warning (15720): Ignored Virtual Pin assignment to node "b1_fv_q[5]"
    Warning (15720): Ignored Virtual Pin assignment to node "b1_fv_q[6]"
    Warning (15720): Ignored Virtual Pin assignment to node "b1_fv_q[7]"
    Warning (15720): Ignored Virtual Pin assignment to node "b1_a_q[7]"
    Warning (15720): Ignored Virtual Pin assignment to node "b0_tok_q[0]~0"
    Warning (15720): Ignored Virtual Pin assignment to node "b0_fv_q[0]"
    Warning (15720): Ignored Virtual Pin assignment to node "b0_fv_q[1]"
    Warning (15720): Ignored Virtual Pin assignment to node "b0_fv_q[2]"
    Warning (15720): Ignored Virtual Pin assignment to node "b0_fv_q[3]"
    Warning (15720): Ignored Virtual Pin assignment to node "b0_fv_q[4]"
    Warning (15720): Ignored Virtual Pin assignment to node "b0_fv_q[5]"
    Warning (15720): Ignored Virtual Pin assignment to node "b0_fv_q[6]"
    Warning (15720): Ignored Virtual Pin assignment to node "b0_fv_q[7]"
    Warning (15720): Ignored Virtual Pin assignment to node "b1_a_q[0]"
    Warning (15720): Ignored Virtual Pin assignment to node "b1_b_q[0]"
    Warning (15720): Ignored Virtual Pin assignment to node "b1_a_q[1]"
    Warning (15720): Ignored Virtual Pin assignment to node "b1_b_q[1]"
    Warning (15720): Ignored Virtual Pin assignment to node "b1_a_q[2]"
    Warning (15720): Ignored Virtual Pin assignment to node "b1_b_q[2]"
    Warning (15720): Ignored Virtual Pin assignment to node "b1_a_q[3]"
    Warning (15720): Ignored Virtual Pin assignment to node "b1_b_q[3]"
    Warning (15720): Ignored Virtual Pin assignment to node "b1_a_q[4]"
    Warning (15720): Ignored Virtual Pin assignment to node "b1_b_q[4]"
    Warning (15720): Ignored Virtual Pin assignment to node "b1_a_q[5]"
    Warning (15720): Ignored Virtual Pin assignment to node "b1_b_q[5]"
    Warning (15720): Ignored Virtual Pin assignment to node "b1_a_q[6]"
    Warning (15720): Ignored Virtual Pin assignment to node "b1_b_q[6]"
    Warning (15720): Ignored Virtual Pin assignment to node "b1_b_q[7]"
    Warning (15720): Ignored Virtual Pin assignment to node "b1_b_q[8]"
    Warning (15720): Ignored Virtual Pin assignment to node "b1_b_q[9]"
    Warning (15720): Ignored Virtual Pin assignment to node "b1_b_q[10]"
    Warning (15720): Ignored Virtual Pin assignment to node "b1_b_q[11]"
    Warning (15720): Ignored Virtual Pin assignment to node "b1_b_q[12]"
    Warning (15720): Ignored Virtual Pin assignment to node "b1_b_q[13]"
    Warning (15720): Ignored Virtual Pin assignment to node "b1_b_q[14]"
    Warning (15720): Ignored Virtual Pin assignment to node "b1_b_q[15]"
    Warning (15720): Ignored Virtual Pin assignment to node "b1_a_q[16]"
    Warning (15720): Ignored Virtual Pin assignment to node "b1_b_q[16]"
    Warning (15720): Ignored Virtual Pin assignment to node "b1_a_q[17]"
    Warning (15720): Ignored Virtual Pin assignment to node "b1_b_q[17]"
    Warning (15720): Ignored Virtual Pin assignment to node "b0_t00_q[0]"
    Warning (15720): Ignored Virtual Pin assignment to node "b0_t00_q[1]"
    Warning (15720): Ignored Virtual Pin assignment to node "b0_t00_q[2]"
    Warning (15720): Ignored Virtual Pin assignment to node "b0_t00_q[3]"
    Warning (15720): Ignored Virtual Pin assignment to node "b0_t00_q[4]"
    Warning (15720): Ignored Virtual Pin assignment to node "b0_t00_q[5]"
    Warning (15720): Ignored Virtual Pin assignment to node "b0_t00_q[6]"
    Warning (15720): Ignored Virtual Pin assignment to node "b0_t00_q[7]"
    Warning (15720): Ignored Virtual Pin assignment to node "b0_fu_q[0]"
    Warning (15720): Ignored Virtual Pin assignment to node "b0_fu_q[1]"
    Warning (15720): Ignored Virtual Pin assignment to node "b0_fu_q[2]"
    Warning (15720): Ignored Virtual Pin assignment to node "b0_fu_q[3]"
    Warning (15720): Ignored Virtual Pin assignment to node "b0_fu_q[4]"
    Warning (15720): Ignored Virtual Pin assignment to node "b0_fu_q[5]"
    Warning (15720): Ignored Virtual Pin assignment to node "b0_fu_q[6]"
    Warning (15720): Ignored Virtual Pin assignment to node "b0_fu_q[7]"
    Warning (15720): Ignored Virtual Pin assignment to node "b0_t01_q[0]"
    Warning (15720): Ignored Virtual Pin assignment to node "b0_t01_q[1]"
    Warning (15720): Ignored Virtual Pin assignment to node "b0_t01_q[2]"
    Warning (15720): Ignored Virtual Pin assignment to node "b0_t01_q[3]"
    Warning (15720): Ignored Virtual Pin assignment to node "b0_t01_q[4]"
    Warning (15720): Ignored Virtual Pin assignment to node "b0_t01_q[5]"
    Warning (15720): Ignored Virtual Pin assignment to node "b0_t01_q[6]"
    Warning (15720): Ignored Virtual Pin assignment to node "b0_t01_q[7]"
    Warning (15720): Ignored Virtual Pin assignment to node "b0_t10_q[0]"
    Warning (15720): Ignored Virtual Pin assignment to node "b0_t10_q[1]"
    Warning (15720): Ignored Virtual Pin assignment to node "b0_t10_q[2]"
    Warning (15720): Ignored Virtual Pin assignment to node "b0_t10_q[3]"
    Warning (15720): Ignored Virtual Pin assignment to node "b0_t10_q[4]"
    Warning (15720): Ignored Virtual Pin assignment to node "b0_t10_q[5]"
    Warning (15720): Ignored Virtual Pin assignment to node "b0_t10_q[6]"
    Warning (15720): Ignored Virtual Pin assignment to node "b0_t10_q[7]"
    Warning (15720): Ignored Virtual Pin assignment to node "b0_t11_q[0]"
    Warning (15720): Ignored Virtual Pin assignment to node "b0_t11_q[1]"
    Warning (15720): Ignored Virtual Pin assignment to node "b0_t11_q[2]"
    Warning (15720): Ignored Virtual Pin assignment to node "b0_t11_q[3]"
    Warning (15720): Ignored Virtual Pin assignment to node "b0_t11_q[4]"
    Warning (15720): Ignored Virtual Pin assignment to node "b0_t11_q[5]"
    Warning (15720): Ignored Virtual Pin assignment to node "b0_t11_q[6]"
    Warning (15720): Ignored Virtual Pin assignment to node "b0_t11_q[7]"
    Warning (15720): Ignored Virtual Pin assignment to node "jobs_o[0]~1"
Info (21057): Implemented 318 device resources after synthesis - the final resource count might be different
    Info (21058): Implemented 0 input pins
    Info (21059): Implemented 0 output pins
    Info (21061): Implemented 316 logic cells
    Info (21062): Implemented 2 DSP elements
Info: Quartus Prime Analysis & Synthesis was successful. 0 errors, 317 warnings
    Info: Peak virtual memory: 4929 megabytes
    Info: Processing ended: Tue Sep 15 22:30:27 2026
    Info: Elapsed time: 00:00:08
    Info: Total CPU time (on all processors): 00:00:15
