+----------------------------------------------------------------------------------------------------------------------------------------------------------------------------+
; Report Timing                                                                                                                                                              ;
+--------+----------------------------------------------+----------------------------------------------+--------------+-------------+--------------+------------+------------+
; Slack  ; From Node                                    ; To Node                                      ; Launch Clock ; Latch Clock ; Relationship ; Clock Skew ; Data Delay ;
+--------+----------------------------------------------+----------------------------------------------+--------------+-------------+--------------+------------+------------+
; -1.544 ; req_u_i[18]                                  ; zhao_texture_mod255:u_mod255|Add0~21_OTERM29 ; clk          ; clk         ; 10.000       ; 3.380      ; 14.864     ;
; -1.379 ; req_u_i[18]                                  ; zhao_texture_mod255:u_mod255|Add0~29_OTERM25 ; clk          ; clk         ; 10.000       ; 3.374      ; 14.693     ;
; -1.358 ; req_u_i[18]                                  ; zhao_texture_mod255:u_mod255|Add0~13_OTERM33 ; clk          ; clk         ; 10.000       ; 3.381      ; 14.679     ;
; -1.335 ; req_u_i[18]                                  ; zhao_texture_mod255:u_mod255|Add0~9_OTERM35  ; clk          ; clk         ; 10.000       ; 3.380      ; 14.655     ;
; -1.273 ; req_u_i[18]                                  ; zhao_texture_mod255:u_mod255|Add0~5_OTERM37  ; clk          ; clk         ; 10.000       ; 3.381      ; 14.594     ;
; -1.179 ; req_v_i[22]                                  ; zhao_texture_mod255:u_mod255|Add0~1_OTERM39  ; clk          ; clk         ; 10.000       ; 3.376      ; 14.495     ;
; -1.029 ; req_v_i[22]                                  ; zhao_texture_mod255:u_mod255|Add0~37_OTERM21 ; clk          ; clk         ; 10.000       ; 3.381      ; 14.350     ;
; -0.803 ; req_u_i[18]                                  ; zhao_texture_mod255:u_mod255|Add0~33_OTERM23 ; clk          ; clk         ; 10.000       ; 3.380      ; 14.123     ;
; -0.724 ; req_u_i[18]                                  ; zhao_texture_mod255:u_mod255|Add0~25_OTERM27 ; clk          ; clk         ; 10.000       ; 3.381      ; 14.045     ;
; -0.244 ; req_u_i[18]                                  ; zhao_texture_mod255:u_mod255|Add0~17_OTERM31 ; clk          ; clk         ; 10.000       ; 3.380      ; 13.564     ;
; 0.137  ; b_tile_r[7]_OTERM61_OTERM113_OTERM121        ; pick_tile_o[3]                               ; clk          ; clk         ; 10.000       ; -6.112     ; 3.691      ;
; 0.196  ; b_tile_r[7]_OTERM61_OTERM113_OTERM121        ; pick_tile_o[7]                               ; clk          ; clk         ; 10.000       ; -6.112     ; 3.632      ;
; 0.244  ; b_tile_r[7]_OTERM61_OTERM113_OTERM121        ; pick_tile_o[1]                               ; clk          ; clk         ; 10.000       ; -6.112     ; 3.584      ;
; 0.304  ; b_tile_r[7]_OTERM61_OTERM113_OTERM121        ; pick_tile_o[0]                               ; clk          ; clk         ; 10.000       ; -6.112     ; 3.524      ;
; 0.430  ; b_tile_r[7]_OTERM61_OTERM113_OTERM121        ; pick_tile_o[5]                               ; clk          ; clk         ; 10.000       ; -6.112     ; 3.398      ;
; 0.433  ; b_tile_r[7]_OTERM61_OTERM113_OTERM121        ; pick_tile_o[6]                               ; clk          ; clk         ; 10.000       ; -6.112     ; 3.395      ;
; 0.435  ; b_tile_r[7]_OTERM61_OTERM113_OTERM121        ; pick_tile_o[2]                               ; clk          ; clk         ; 10.000       ; -6.112     ; 3.393      ;
; 0.444  ; b_tile_r[7]_OTERM61_OTERM113_OTERM121        ; pick_tile_o[4]                               ; clk          ; clk         ; 10.000       ; -6.112     ; 3.384      ;
; 1.940  ; texture_samples_o[7]~reg0DUPLICATE           ; texture_samples_o[26]~reg0DUPLICATE          ; clk          ; clk         ; 10.000       ; -0.574     ; 7.426      ;
; 1.940  ; texture_samples_o[7]~reg0DUPLICATE           ; texture_samples_o[24]~reg0DUPLICATE          ; clk          ; clk         ; 10.000       ; -0.574     ; 7.426      ;
; 1.940  ; texture_samples_o[7]~reg0DUPLICATE           ; texture_samples_o[22]~reg0                   ; clk          ; clk         ; 10.000       ; -0.574     ; 7.426      ;
; 1.940  ; texture_samples_o[7]~reg0DUPLICATE           ; texture_samples_o[29]~reg0                   ; clk          ; clk         ; 10.000       ; -0.575     ; 7.425      ;
; 1.940  ; texture_samples_o[7]~reg0DUPLICATE           ; texture_samples_o[28]~reg0DUPLICATE          ; clk          ; clk         ; 10.000       ; -0.574     ; 7.426      ;
; 1.940  ; texture_samples_o[7]~reg0DUPLICATE           ; texture_samples_o[30]~reg0                   ; clk          ; clk         ; 10.000       ; -0.574     ; 7.426      ;
; 1.940  ; texture_samples_o[7]~reg0DUPLICATE           ; texture_samples_o[21]~reg0                   ; clk          ; clk         ; 10.000       ; -0.575     ; 7.425      ;
; 1.940  ; texture_samples_o[7]~reg0DUPLICATE           ; texture_samples_o[23]~reg0                   ; clk          ; clk         ; 10.000       ; -0.575     ; 7.425      ;
; 1.940  ; texture_samples_o[7]~reg0DUPLICATE           ; texture_samples_o[25]~reg0                   ; clk          ; clk         ; 10.000       ; -0.575     ; 7.425      ;
; 1.940  ; texture_samples_o[7]~reg0DUPLICATE           ; texture_samples_o[27]~reg0                   ; clk          ; clk         ; 10.000       ; -0.575     ; 7.425      ;
; 1.940  ; texture_samples_o[7]~reg0DUPLICATE           ; texture_samples_o[31]~reg0                   ; clk          ; clk         ; 10.000       ; -0.575     ; 7.425      ;
; 1.941  ; texture_samples_o[7]~reg0DUPLICATE           ; texture_samples_o[27]~reg0DUPLICATE          ; clk          ; clk         ; 10.000       ; -0.578     ; 7.421      ;
; 1.941  ; texture_samples_o[7]~reg0DUPLICATE           ; texture_samples_o[25]~reg0DUPLICATE          ; clk          ; clk         ; 10.000       ; -0.578     ; 7.421      ;
; 1.941  ; texture_samples_o[7]~reg0DUPLICATE           ; texture_samples_o[23]~reg0DUPLICATE          ; clk          ; clk         ; 10.000       ; -0.578     ; 7.421      ;
; 1.941  ; texture_samples_o[7]~reg0DUPLICATE           ; texture_samples_o[21]~reg0DUPLICATE          ; clk          ; clk         ; 10.000       ; -0.578     ; 7.421      ;
; 1.941  ; texture_samples_o[7]~reg0DUPLICATE           ; texture_samples_o[31]~reg0DUPLICATE          ; clk          ; clk         ; 10.000       ; -0.578     ; 7.421      ;
; 1.941  ; texture_samples_o[7]~reg0DUPLICATE           ; texture_samples_o[24]~reg0                   ; clk          ; clk         ; 10.000       ; -0.579     ; 7.420      ;
; 1.941  ; texture_samples_o[7]~reg0DUPLICATE           ; texture_samples_o[26]~reg0                   ; clk          ; clk         ; 10.000       ; -0.579     ; 7.420      ;
; 1.941  ; texture_samples_o[7]~reg0DUPLICATE           ; texture_samples_o[28]~reg0                   ; clk          ; clk         ; 10.000       ; -0.579     ; 7.420      ;
; 1.980  ; b_valid_r                                    ; req_ready_o                                  ; clk          ; clk         ; 10.000       ; -6.106     ; 1.854      ;
; 2.039  ; texture_samples_o[24]~reg0DUPLICATE          ; texture_samples_o[1]~reg0                    ; clk          ; clk         ; 10.000       ; -0.477     ; 7.424      ;
; 2.039  ; texture_samples_o[24]~reg0DUPLICATE          ; texture_samples_o[19]~reg0                   ; clk          ; clk         ; 10.000       ; -0.477     ; 7.424      ;
; 2.039  ; texture_samples_o[24]~reg0DUPLICATE          ; texture_samples_o[17]~reg0                   ; clk          ; clk         ; 10.000       ; -0.477     ; 7.424      ;
; 2.039  ; texture_samples_o[24]~reg0DUPLICATE          ; texture_samples_o[15]~reg0DUPLICATE          ; clk          ; clk         ; 10.000       ; -0.477     ; 7.424      ;
; 2.039  ; texture_samples_o[24]~reg0DUPLICATE          ; texture_samples_o[11]~reg0                   ; clk          ; clk         ; 10.000       ; -0.477     ; 7.424      ;
; 2.039  ; texture_samples_o[24]~reg0DUPLICATE          ; texture_samples_o[9]~reg0                    ; clk          ; clk         ; 10.000       ; -0.477     ; 7.424      ;
; 2.039  ; texture_samples_o[24]~reg0DUPLICATE          ; texture_samples_o[3]~reg0                    ; clk          ; clk         ; 10.000       ; -0.477     ; 7.424      ;
; 2.039  ; texture_samples_o[24]~reg0DUPLICATE          ; texture_samples_o[13]~reg0DUPLICATE          ; clk          ; clk         ; 10.000       ; -0.477     ; 7.424      ;
; 2.039  ; texture_samples_o[24]~reg0DUPLICATE          ; texture_samples_o[7]~reg0DUPLICATE           ; clk          ; clk         ; 10.000       ; -0.477     ; 7.424      ;
; 2.039  ; texture_samples_o[24]~reg0DUPLICATE          ; texture_samples_o[5]~reg0DUPLICATE           ; clk          ; clk         ; 10.000       ; -0.477     ; 7.424      ;
; 2.040  ; texture_samples_o[24]~reg0DUPLICATE          ; texture_samples_o[18]~reg0                   ; clk          ; clk         ; 10.000       ; -0.475     ; 7.425      ;
; 2.040  ; texture_samples_o[24]~reg0DUPLICATE          ; texture_samples_o[16]~reg0                   ; clk          ; clk         ; 10.000       ; -0.475     ; 7.425      ;
; 2.040  ; texture_samples_o[24]~reg0DUPLICATE          ; texture_samples_o[13]~reg0                   ; clk          ; clk         ; 10.000       ; -0.481     ; 7.419      ;
; 2.040  ; texture_samples_o[24]~reg0DUPLICATE          ; texture_samples_o[12]~reg0                   ; clk          ; clk         ; 10.000       ; -0.475     ; 7.425      ;
; 2.040  ; texture_samples_o[24]~reg0DUPLICATE          ; texture_samples_o[7]~reg0                    ; clk          ; clk         ; 10.000       ; -0.481     ; 7.419      ;
; 2.040  ; texture_samples_o[24]~reg0DUPLICATE          ; texture_samples_o[5]~reg0                    ; clk          ; clk         ; 10.000       ; -0.481     ; 7.419      ;
; 2.040  ; texture_samples_o[24]~reg0DUPLICATE          ; texture_samples_o[4]~reg0                    ; clk          ; clk         ; 10.000       ; -0.475     ; 7.425      ;
; 2.040  ; texture_samples_o[24]~reg0DUPLICATE          ; texture_samples_o[2]~reg0                    ; clk          ; clk         ; 10.000       ; -0.475     ; 7.425      ;
; 2.040  ; texture_samples_o[24]~reg0DUPLICATE          ; texture_samples_o[15]~reg0                   ; clk          ; clk         ; 10.000       ; -0.481     ; 7.419      ;
; 2.041  ; texture_samples_o[24]~reg0DUPLICATE          ; texture_samples_o[20]~reg0                   ; clk          ; clk         ; 10.000       ; -0.482     ; 7.417      ;
; 2.041  ; texture_samples_o[24]~reg0DUPLICATE          ; texture_samples_o[14]~reg0                   ; clk          ; clk         ; 10.000       ; -0.482     ; 7.417      ;
; 2.041  ; texture_samples_o[24]~reg0DUPLICATE          ; texture_samples_o[10]~reg0                   ; clk          ; clk         ; 10.000       ; -0.482     ; 7.417      ;
; 2.041  ; texture_samples_o[24]~reg0DUPLICATE          ; texture_samples_o[8]~reg0                    ; clk          ; clk         ; 10.000       ; -0.482     ; 7.417      ;
; 2.041  ; texture_samples_o[24]~reg0DUPLICATE          ; texture_samples_o[6]~reg0                    ; clk          ; clk         ; 10.000       ; -0.482     ; 7.417      ;
; 2.041  ; texture_samples_o[24]~reg0DUPLICATE          ; texture_samples_o[18]~reg0DUPLICATE          ; clk          ; clk         ; 10.000       ; -0.482     ; 7.417      ;
; 2.041  ; texture_samples_o[24]~reg0DUPLICATE          ; texture_samples_o[16]~reg0DUPLICATE          ; clk          ; clk         ; 10.000       ; -0.482     ; 7.417      ;
; 2.041  ; texture_samples_o[24]~reg0DUPLICATE          ; texture_samples_o[12]~reg0DUPLICATE          ; clk          ; clk         ; 10.000       ; -0.482     ; 7.417      ;
; 2.041  ; texture_samples_o[24]~reg0DUPLICATE          ; texture_samples_o[4]~reg0DUPLICATE           ; clk          ; clk         ; 10.000       ; -0.482     ; 7.417      ;
; 2.207  ; req_src_id_i[4]                              ; a_src_r[4]                                   ; clk          ; clk         ; 10.000       ; 3.435      ; 11.168     ;
; 2.318  ; req_mat_b_i[6]                               ; a_mat_b_r[6]                                 ; clk          ; clk         ; 10.000       ; 3.378      ; 11.000     ;
; 2.328  ; req_mat_b_i[7]                               ; a_mat_b_r[7]                                 ; clk          ; clk         ; 10.000       ; 3.382      ; 10.994     ;
; 2.349  ; a_valid_r                                    ; idle_o                                       ; clk          ; clk         ; 10.000       ; -6.104     ; 1.487      ;
; 2.361  ; texture_samples_o[2]~reg0                    ; texture_samples_o[2]                         ; clk          ; clk         ; 10.000       ; -6.166     ; 1.413      ;
; 2.403  ; texture_samples_o[1]~reg0                    ; texture_samples_o[1]                         ; clk          ; clk         ; 10.000       ; -6.165     ; 1.372      ;
; 2.409  ; req_mat_b_i[1]                               ; a_mat_b_r[1]                                 ; clk          ; clk         ; 10.000       ; 3.378      ; 10.909     ;
; 2.453  ; pick_ready_i                                 ; a_weight_r[7]                                ; clk          ; clk         ; 10.000       ; 3.371      ; 10.858     ;
; 2.453  ; pick_ready_i                                 ; a_weight_r[5]                                ; clk          ; clk         ; 10.000       ; 3.377      ; 10.864     ;
; 2.454  ; b_src_r[1]                                   ; pick_src_id_o[1]                             ; clk          ; clk         ; 10.000       ; -6.100     ; 1.386      ;
; 2.511  ; req_mat_b_i[4]                               ; a_mat_b_r[4]                                 ; clk          ; clk         ; 10.000       ; 3.385      ; 10.814     ;
; 2.524  ; b_src_r[13]                                  ; pick_src_id_o[13]                            ; clk          ; clk         ; 10.000       ; -6.116     ; 1.300      ;
; 2.525  ; pick_ready_i                                 ; b_tile_r[7]_OTERM59~DUPLICATE                ; clk          ; clk         ; 10.000       ; 3.385      ; 10.800     ;
; 2.529  ; pick_ready_i                                 ; b_tile_r[7]_OTERM59                          ; clk          ; clk         ; 10.000       ; 3.391      ; 10.802     ;
; 2.544  ; req_src_id_i[8]                              ; a_src_r[8]                                   ; clk          ; clk         ; 10.000       ; 3.380      ; 10.776     ;
; 2.568  ; req_weight_i[6]                              ; a_weight_r[6]                                ; clk          ; clk         ; 10.000       ; 3.388      ; 10.760     ;
; 2.577  ; b_ty_r[1]                                    ; pick_ty_o[1]                                 ; clk          ; clk         ; 10.000       ; -6.104     ; 1.259      ;
; 2.579  ; req_mat_a_i[7]                               ; a_mat_a_r[7]                                 ; clk          ; clk         ; 10.000       ; 3.373      ; 10.734     ;
; 2.650  ; pick_ready_i                                 ; b_tx_r[2]                                    ; clk          ; clk         ; 10.000       ; 3.395      ; 10.685     ;
; 2.650  ; pick_ready_i                                 ; a_tx_r[2]                                    ; clk          ; clk         ; 10.000       ; 3.394      ; 10.684     ;
; 2.650  ; pick_ready_i                                 ; b_tx_r[3]                                    ; clk          ; clk         ; 10.000       ; 3.395      ; 10.685     ;
; 2.650  ; pick_ready_i                                 ; a_tx_r[3]                                    ; clk          ; clk         ; 10.000       ; 3.395      ; 10.685     ;
; 2.650  ; pick_ready_i                                 ; b_tx_r[4]                                    ; clk          ; clk         ; 10.000       ; 3.394      ; 10.684     ;
; 2.651  ; pick_ready_i                                 ; a_tx_r[4]                                    ; clk          ; clk         ; 10.000       ; 3.390      ; 10.679     ;
; 2.671  ; pick_ready_i                                 ; a_tx_r[0]                                    ; clk          ; clk         ; 10.000       ; 3.433      ; 10.702     ;
; 2.671  ; pick_ready_i                                 ; b_tx_r[1]                                    ; clk          ; clk         ; 10.000       ; 3.433      ; 10.702     ;
; 2.671  ; pick_ready_i                                 ; b_tx_r[5]                                    ; clk          ; clk         ; 10.000       ; 3.433      ; 10.702     ;
; 2.671  ; pick_ready_i                                 ; b_src_r[5]                                   ; clk          ; clk         ; 10.000       ; 3.433      ; 10.702     ;
; 2.671  ; pick_ready_i                                 ; b_src_r[6]                                   ; clk          ; clk         ; 10.000       ; 3.433      ; 10.702     ;
; 2.671  ; pick_ready_i                                 ; b_src_r[7]                                   ; clk          ; clk         ; 10.000       ; 3.433      ; 10.702     ;
; 2.672  ; pick_ready_i                                 ; a_tx_r[1]                                    ; clk          ; clk         ; 10.000       ; 3.435      ; 10.703     ;
; 2.672  ; pick_ready_i                                 ; a_src_r[5]                                   ; clk          ; clk         ; 10.000       ; 3.435      ; 10.703     ;
; 2.672  ; pick_ready_i                                 ; a_src_r[6]                                   ; clk          ; clk         ; 10.000       ; 3.435      ; 10.703     ;
; 2.672  ; pick_ready_i                                 ; a_src_r[7]                                   ; clk          ; clk         ; 10.000       ; 3.435      ; 10.703     ;
; 2.672  ; pick_ready_i                                 ; b_src_r[9]                                   ; clk          ; clk         ; 10.000       ; 3.429      ; 10.697     ;
; 2.672  ; pick_ready_i                                 ; a_src_r[9]                                   ; clk          ; clk         ; 10.000       ; 3.429      ; 10.697     ;
; 2.673  ; pick_ready_i                                 ; b_tx_r[0]                                    ; clk          ; clk         ; 10.000       ; 3.428      ; 10.695     ;
; 2.673  ; pick_ready_i                                 ; a_tx_r[5]                                    ; clk          ; clk         ; 10.000       ; 3.428      ; 10.695     ;
; 2.673  ; pick_ready_i                                 ; b_src_r[4]                                   ; clk          ; clk         ; 10.000       ; 3.428      ; 10.695     ;
; 2.700  ; req_mat_a_i[2]                               ; a_mat_a_r[2]                                 ; clk          ; clk         ; 10.000       ; 3.377      ; 10.617     ;
; 2.709  ; pick_ready_i                                 ; b_src_r[14]                                  ; clk          ; clk         ; 10.000       ; 3.377      ; 10.608     ;
; 2.709  ; pick_ready_i                                 ; a_src_r[14]                                  ; clk          ; clk         ; 10.000       ; 3.378      ; 10.609     ;
; 2.709  ; pick_ready_i                                 ; a_mat_a_r[0]                                 ; clk          ; clk         ; 10.000       ; 3.378      ; 10.609     ;
; 2.709  ; pick_ready_i                                 ; a_mat_b_r[0]                                 ; clk          ; clk         ; 10.000       ; 3.378      ; 10.609     ;
; 2.709  ; pick_ready_i                                 ; a_weight_r[0]                                ; clk          ; clk         ; 10.000       ; 3.377      ; 10.608     ;
; 2.709  ; pick_ready_i                                 ; a_weight_r[1]                                ; clk          ; clk         ; 10.000       ; 3.378      ; 10.609     ;
; 2.709  ; pick_ready_i                                 ; a_mosaic_r                                   ; clk          ; clk         ; 10.000       ; 3.377      ; 10.608     ;
; 2.709  ; pick_ready_i                                 ; a_mat_a_r[1]                                 ; clk          ; clk         ; 10.000       ; 3.377      ; 10.608     ;
; 2.709  ; pick_ready_i                                 ; a_mat_b_r[3]                                 ; clk          ; clk         ; 10.000       ; 3.377      ; 10.608     ;
; 2.709  ; pick_ready_i                                 ; a_mat_b_r[5]                                 ; clk          ; clk         ; 10.000       ; 3.371      ; 10.602     ;
; 2.720  ; b_tx_r[0]                                    ; pick_tx_o[0]                                 ; clk          ; clk         ; 10.000       ; -6.158     ; 1.062      ;
; 2.736  ; b_src_r[5]                                   ; pick_src_id_o[5]                             ; clk          ; clk         ; 10.000       ; -6.165     ; 1.039      ;
; 2.781  ; req_mat_a_i[6]                               ; a_mat_a_r[6]                                 ; clk          ; clk         ; 10.000       ; 3.377      ; 10.536     ;
; 2.790  ; zhao_texture_mod255:u_mod255|Add0~29_OTERM25 ; b_tile_r[7]_OTERM61_OTERM117_OTERM131        ; clk          ; clk         ; 10.000       ; -0.115     ; 7.035      ;
; 2.795  ; zhao_texture_mod255:u_mod255|Add0~29_OTERM25 ; b_tile_r[7]_OTERM61_OTERM113_OTERM127        ; clk          ; clk         ; 10.000       ; -0.115     ; 7.030      ;
; 2.843  ; b_tx_r[1]                                    ; pick_tx_o[1]                                 ; clk          ; clk         ; 10.000       ; -6.165     ; 0.932      ;
; 2.903  ; b_src_r[9]                                   ; pick_src_id_o[9]                             ; clk          ; clk         ; 10.000       ; -6.160     ; 0.877      ;
; 2.926  ; req_mat_b_i[2]                               ; a_mat_b_r[2]                                 ; clk          ; clk         ; 10.000       ; 3.373      ; 10.387     ;
; 2.928  ; b_src_r[15]                                  ; pick_src_id_o[15]                            ; clk          ; clk         ; 10.000       ; -6.116     ; 0.896      ;
; 2.949  ; req_v_i[13]                                  ; a_ty_r[3]                                    ; clk          ; clk         ; 10.000       ; 3.382      ; 10.373     ;
; 2.952  ; req_v_i[12]                                  ; a_ty_r[2]                                    ; clk          ; clk         ; 10.000       ; 3.375      ; 10.363     ;
; 2.961  ; pick_ready_i                                 ; a_src_r[10]                                  ; clk          ; clk         ; 10.000       ; 3.392      ; 10.371     ;
; 2.961  ; pick_ready_i                                 ; a_src_r[11]                                  ; clk          ; clk         ; 10.000       ; 3.392      ; 10.371     ;
; 2.961  ; pick_ready_i                                 ; a_src_r[12]                                  ; clk          ; clk         ; 10.000       ; 3.392      ; 10.371     ;
; 2.961  ; pick_ready_i                                 ; a_src_r[13]                                  ; clk          ; clk         ; 10.000       ; 3.392      ; 10.371     ;
; 2.961  ; pick_ready_i                                 ; a_src_r[15]                                  ; clk          ; clk         ; 10.000       ; 3.392      ; 10.371     ;
; 2.962  ; pick_ready_i                                 ; b_src_r[10]                                  ; clk          ; clk         ; 10.000       ; 3.391      ; 10.369     ;
; 2.962  ; pick_ready_i                                 ; b_src_r[11]                                  ; clk          ; clk         ; 10.000       ; 3.391      ; 10.369     ;
; 2.962  ; pick_ready_i                                 ; b_src_r[12]                                  ; clk          ; clk         ; 10.000       ; 3.391      ; 10.369     ;
; 2.962  ; pick_ready_i                                 ; b_src_r[13]                                  ; clk          ; clk         ; 10.000       ; 3.391      ; 10.369     ;
; 2.962  ; pick_ready_i                                 ; b_src_r[15]                                  ; clk          ; clk         ; 10.000       ; 3.391      ; 10.369     ;
; 2.962  ; pick_ready_i                                 ; a_weight_r[4]                                ; clk          ; clk         ; 10.000       ; 3.385      ; 10.363     ;
; 2.962  ; pick_ready_i                                 ; a_mat_a_r[5]                                 ; clk          ; clk         ; 10.000       ; 3.387      ; 10.365     ;
; 2.964  ; b_src_r[6]                                   ; pick_src_id_o[6]                             ; clk          ; clk         ; 10.000       ; -6.165     ; 0.811      ;
; 2.990  ; b_src_r[10]                                  ; pick_src_id_o[10]                            ; clk          ; clk         ; 10.000       ; -6.116     ; 0.834      ;
; 3.020  ; pick_ready_i                                 ; texture_samples_o[0]~reg0                    ; clk          ; clk         ; 10.000       ; 3.393      ; 10.313     ;
; 3.024  ; pick_ready_i                                 ; b_src_r[8]                                   ; clk          ; clk         ; 10.000       ; 3.378      ; 10.294     ;
; 3.025  ; req_v_i[11]                                  ; a_ty_r[1]                                    ; clk          ; clk         ; 10.000       ; 3.382      ; 10.297     ;
; 3.033  ; req_weight_i[2]                              ; a_weight_r[2]                                ; clk          ; clk         ; 10.000       ; 3.371      ; 10.278     ;
; 3.037  ; pick_ready_i                                 ; b_valid_r                                    ; clk          ; clk         ; 10.000       ; 3.382      ; 10.285     ;
; 3.037  ; pick_ready_i                                 ; b_ty_r[0]                                    ; clk          ; clk         ; 10.000       ; 3.382      ; 10.285     ;
; 3.037  ; pick_ready_i                                 ; a_ty_r[5]                                    ; clk          ; clk         ; 10.000       ; 3.382      ; 10.285     ;
; 3.037  ; pick_ready_i                                 ; a_src_r[0]                                   ; clk          ; clk         ; 10.000       ; 3.382      ; 10.285     ;
; 3.038  ; pick_ready_i                                 ; a_valid_r                                    ; clk          ; clk         ; 10.000       ; 3.381      ; 10.283     ;
; 3.038  ; pick_ready_i                                 ; a_ty_r[0]                                    ; clk          ; clk         ; 10.000       ; 3.377      ; 10.279     ;
; 3.038  ; pick_ready_i                                 ; b_ty_r[1]                                    ; clk          ; clk         ; 10.000       ; 3.381      ; 10.283     ;
; 3.038  ; pick_ready_i                                 ; b_ty_r[2]                                    ; clk          ; clk         ; 10.000       ; 3.381      ; 10.283     ;
; 3.038  ; pick_ready_i                                 ; b_ty_r[3]                                    ; clk          ; clk         ; 10.000       ; 3.377      ; 10.279     ;
; 3.038  ; pick_ready_i                                 ; b_ty_r[4]                                    ; clk          ; clk         ; 10.000       ; 3.381      ; 10.283     ;
; 3.038  ; pick_ready_i                                 ; a_ty_r[4]                                    ; clk          ; clk         ; 10.000       ; 3.375      ; 10.277     ;
; 3.038  ; pick_ready_i                                 ; b_ty_r[5]                                    ; clk          ; clk         ; 10.000       ; 3.377      ; 10.279     ;
; 3.038  ; pick_ready_i                                 ; b_src_r[0]                                   ; clk          ; clk         ; 10.000       ; 3.375      ; 10.277     ;
; 3.038  ; pick_ready_i                                 ; b_src_r[1]                                   ; clk          ; clk         ; 10.000       ; 3.377      ; 10.279     ;
; 3.038  ; pick_ready_i                                 ; a_src_r[1]                                   ; clk          ; clk         ; 10.000       ; 3.375      ; 10.277     ;
; 3.038  ; pick_ready_i                                 ; b_src_r[2]                                   ; clk          ; clk         ; 10.000       ; 3.381      ; 10.283     ;
; 3.038  ; pick_ready_i                                 ; a_src_r[2]                                   ; clk          ; clk         ; 10.000       ; 3.377      ; 10.279     ;
; 3.038  ; pick_ready_i                                 ; b_src_r[3]                                   ; clk          ; clk         ; 10.000       ; 3.377      ; 10.279     ;
; 3.038  ; pick_ready_i                                 ; a_src_r[3]                                   ; clk          ; clk         ; 10.000       ; 3.377      ; 10.279     ;
; 3.038  ; pick_ready_i                                 ; b_valid_r~DUPLICATE                          ; clk          ; clk         ; 10.000       ; 3.375      ; 10.277     ;
; 3.045  ; pick_ready_i                                 ; a_mat_a_r[3]                                 ; clk          ; clk         ; 10.000       ; 3.378      ; 10.273     ;
; 3.045  ; pick_ready_i                                 ; a_mat_a_r[4]                                 ; clk          ; clk         ; 10.000       ; 3.371      ; 10.266     ;
; 3.046  ; pick_ready_i                                 ; a_weight_r[3]                                ; clk          ; clk         ; 10.000       ; 3.373      ; 10.267     ;
; 3.058  ; b_ty_r[5]                                    ; pick_ty_o[5]                                 ; clk          ; clk         ; 10.000       ; -6.100     ; 0.782      ;
; 3.070  ; b_ty_r[4]                                    ; pick_ty_o[4]                                 ; clk          ; clk         ; 10.000       ; -6.104     ; 0.766      ;
; 3.093  ; texture_samples_o[14]~reg0                   ; texture_samples_o[14]                        ; clk          ; clk         ; 10.000       ; -6.158     ; 0.689      ;
; 3.101  ; texture_samples_o[17]~reg0                   ; texture_samples_o[17]                        ; clk          ; clk         ; 10.000       ; -6.165     ; 0.674      ;
; 3.102  ; texture_samples_o[7]~reg0DUPLICATE           ; texture_samples_o[7]                         ; clk          ; clk         ; 10.000       ; -6.165     ; 0.673      ;
; 3.107  ; texture_samples_o[6]~reg0                    ; texture_samples_o[6]                         ; clk          ; clk         ; 10.000       ; -6.158     ; 0.675      ;
; 3.119  ; b_ty_r[0]                                    ; pick_ty_o[0]                                 ; clk          ; clk         ; 10.000       ; -6.106     ; 0.715      ;
; 3.126  ; texture_samples_o[11]~reg0                   ; texture_samples_o[11]                        ; clk          ; clk         ; 10.000       ; -6.165     ; 0.649      ;
; 3.148  ; b_src_r[12]                                  ; pick_src_id_o[12]                            ; clk          ; clk         ; 10.000       ; -6.116     ; 0.676      ;
; 3.152  ; b_src_r[2]                                   ; pick_src_id_o[2]                             ; clk          ; clk         ; 10.000       ; -6.104     ; 0.684      ;
; 3.152  ; texture_samples_o[5]~reg0DUPLICATE           ; texture_samples_o[5]                         ; clk          ; clk         ; 10.000       ; -6.165     ; 0.623      ;
; 3.154  ; texture_samples_o[8]~reg0                    ; texture_samples_o[8]                         ; clk          ; clk         ; 10.000       ; -6.158     ; 0.628      ;
; 3.154  ; texture_samples_o[10]~reg0                   ; texture_samples_o[10]                        ; clk          ; clk         ; 10.000       ; -6.158     ; 0.628      ;
; 3.156  ; texture_samples_o[16]~reg0DUPLICATE          ; texture_samples_o[16]                        ; clk          ; clk         ; 10.000       ; -6.158     ; 0.626      ;
; 3.156  ; texture_samples_o[18]~reg0DUPLICATE          ; texture_samples_o[18]                        ; clk          ; clk         ; 10.000       ; -6.158     ; 0.626      ;
; 3.157  ; texture_samples_o[19]~reg0                   ; texture_samples_o[19]                        ; clk          ; clk         ; 10.000       ; -6.165     ; 0.618      ;
; 3.158  ; texture_samples_o[15]~reg0                   ; texture_samples_o[15]                        ; clk          ; clk         ; 10.000       ; -6.160     ; 0.622      ;
; 3.158  ; texture_samples_o[20]~reg0                   ; texture_samples_o[20]                        ; clk          ; clk         ; 10.000       ; -6.158     ; 0.624      ;
; 3.162  ; texture_samples_o[4]~reg0DUPLICATE           ; texture_samples_o[4]                         ; clk          ; clk         ; 10.000       ; -6.158     ; 0.620      ;
; 3.163  ; b_src_r[3]                                   ; pick_src_id_o[3]                             ; clk          ; clk         ; 10.000       ; -6.100     ; 0.677      ;
; 3.170  ; b_ty_r[2]                                    ; pick_ty_o[2]                                 ; clk          ; clk         ; 10.000       ; -6.104     ; 0.666      ;
; 3.170  ; b_src_r[7]                                   ; pick_src_id_o[7]                             ; clk          ; clk         ; 10.000       ; -6.165     ; 0.605      ;
; 3.171  ; texture_samples_o[12]~reg0DUPLICATE          ; texture_samples_o[12]                        ; clk          ; clk         ; 10.000       ; -6.158     ; 0.611      ;
; 3.173  ; b_src_r[11]                                  ; pick_src_id_o[11]                            ; clk          ; clk         ; 10.000       ; -6.116     ; 0.651      ;
; 3.175  ; texture_samples_o[9]~reg0                    ; texture_samples_o[9]                         ; clk          ; clk         ; 10.000       ; -6.165     ; 0.600      ;
; 3.176  ; b_tx_r[4]                                    ; pick_tx_o[4]                                 ; clk          ; clk         ; 10.000       ; -6.117     ; 0.647      ;
; 3.182  ; texture_samples_o[3]~reg0                    ; texture_samples_o[3]                         ; clk          ; clk         ; 10.000       ; -6.165     ; 0.593      ;
; 3.185  ; texture_samples_o[13]~reg0DUPLICATE          ; texture_samples_o[13]                        ; clk          ; clk         ; 10.000       ; -6.165     ; 0.590      ;
; 3.186  ; b_valid_r~DUPLICATE                          ; pick_valid_o                                 ; clk          ; clk         ; 10.000       ; -6.098     ; 0.656      ;
; 3.186  ; b_src_r[8]                                   ; pick_src_id_o[8]                             ; clk          ; clk         ; 10.000       ; -6.103     ; 0.651      ;
; 3.196  ; b_src_r[4]                                   ; pick_src_id_o[4]                             ; clk          ; clk         ; 10.000       ; -6.158     ; 0.586      ;
; 3.205  ; zhao_texture_mod255:u_mod255|Add0~29_OTERM25 ; b_tile_r[7]_OTERM61_OTERM117_OTERM133        ; clk          ; clk         ; 10.000       ; -0.112     ; 6.623      ;
; 3.207  ; zhao_texture_mod255:u_mod255|Add0~29_OTERM25 ; b_tile_r[7]_OTERM61_OTERM109_OTERM147        ; clk          ; clk         ; 10.000       ; -0.112     ; 6.621      ;
; 3.211  ; zhao_texture_mod255:u_mod255|Add0~29_OTERM25 ; b_tile_r[7]_OTERM61_OTERM113_OTERM125        ; clk          ; clk         ; 10.000       ; -0.115     ; 6.614      ;
; 3.220  ; texture_samples_o[22]~reg0                   ; texture_samples_o[22]                        ; clk          ; clk         ; 10.000       ; -6.112     ; 0.608      ;
; 3.236  ; texture_samples_o[26]~reg0                   ; texture_samples_o[26]                        ; clk          ; clk         ; 10.000       ; -6.106     ; 0.598      ;
; 3.247  ; b_src_r[0]                                   ; pick_src_id_o[0]                             ; clk          ; clk         ; 10.000       ; -6.098     ; 0.595      ;
; 3.262  ; texture_samples_o[0]~reg0                    ; texture_samples_o[0]                         ; clk          ; clk         ; 10.000       ; -6.099     ; 0.579      ;
; 3.386  ; b_tx_r[5]                                    ; pick_tx_o[5]                                 ; clk          ; clk         ; 10.000       ; -6.165     ; 0.389      ;
; 3.404  ; b_tx_r[2]                                    ; pick_tx_o[2]                                 ; clk          ; clk         ; 10.000       ; -6.119     ; 0.417      ;
; 3.408  ; b_tx_r[3]                                    ; pick_tx_o[3]                                 ; clk          ; clk         ; 10.000       ; -6.119     ; 0.413      ;
; 3.419  ; texture_samples_o[23]~reg0                   ; texture_samples_o[23]                        ; clk          ; clk         ; 10.000       ; -6.111     ; 0.410      ;
; 3.427  ; texture_samples_o[24]~reg0                   ; texture_samples_o[24]                        ; clk          ; clk         ; 10.000       ; -6.106     ; 0.407      ;
; 3.427  ; texture_samples_o[27]~reg0                   ; texture_samples_o[27]                        ; clk          ; clk         ; 10.000       ; -6.111     ; 0.402      ;
; 3.428  ; texture_samples_o[21]~reg0                   ; texture_samples_o[21]                        ; clk          ; clk         ; 10.000       ; -6.111     ; 0.401      ;
; 3.428  ; texture_samples_o[30]~reg0                   ; texture_samples_o[30]                        ; clk          ; clk         ; 10.000       ; -6.112     ; 0.400      ;
; 3.436  ; texture_samples_o[29]~reg0                   ; texture_samples_o[29]                        ; clk          ; clk         ; 10.000       ; -6.111     ; 0.393      ;
; 3.442  ; texture_samples_o[31]~reg0                   ; texture_samples_o[31]                        ; clk          ; clk         ; 10.000       ; -6.111     ; 0.387      ;
; 3.444  ; texture_samples_o[25]~reg0                   ; texture_samples_o[25]                        ; clk          ; clk         ; 10.000       ; -6.111     ; 0.385      ;
; 3.457  ; b_ty_r[3]                                    ; pick_ty_o[3]                                 ; clk          ; clk         ; 10.000       ; -6.100     ; 0.383      ;
; 3.458  ; b_src_r[14]                                  ; pick_src_id_o[14]                            ; clk          ; clk         ; 10.000       ; -6.100     ; 0.382      ;
; 3.477  ; texture_samples_o[28]~reg0                   ; texture_samples_o[28]                        ; clk          ; clk         ; 10.000       ; -6.106     ; 0.357      ;
; 3.534  ; zhao_texture_mod255:u_mod255|Add0~25_OTERM27 ; b_tile_r[7]_OTERM61_OTERM115_OTERM139        ; clk          ; clk         ; 10.000       ; -0.123     ; 6.283      ;
; 3.544  ; zhao_texture_mod255:u_mod255|Add0~29_OTERM25 ; b_tile_r[7]_OTERM61_OTERM109_OTERM149        ; clk          ; clk         ; 10.000       ; -0.115     ; 6.281      ;
; 3.731  ; zhao_texture_mod255:u_mod255|Add0~29_OTERM25 ; b_tile_r[7]_OTERM61_OTERM113_OTERM121        ; clk          ; clk         ; 10.000       ; -0.075     ; 6.134      ;
; 3.990  ; zhao_texture_mod255:u_mod255|Add0~29_OTERM25 ; b_tile_r[7]_OTERM61_OTERM115_OTERM145        ; clk          ; clk         ; 10.000       ; -0.078     ; 5.872      ;
; 3.995  ; zhao_texture_mod255:u_mod255|Add0~29_OTERM25 ; b_tile_r[7]_OTERM61_OTERM113_OTERM123        ; clk          ; clk         ; 10.000       ; -0.078     ; 5.867      ;
; 4.209  ; zhao_texture_mod255:u_mod255|Add0~21_OTERM29 ; b_tile_r[7]_OTERM61_OTERM109_OTERM153        ; clk          ; clk         ; 10.000       ; -0.118     ; 5.613      ;
; 4.216  ; zhao_texture_mod255:u_mod255|Add0~21_OTERM29 ; b_tile_r[7]_OTERM61_OTERM109_OTERM151        ; clk          ; clk         ; 10.000       ; -0.121     ; 5.603      ;
; 4.287  ; zhao_texture_mod255:u_mod255|Add0~29_OTERM25 ; b_tile_r[7]_OTERM61_OTERM115_OTERM137        ; clk          ; clk         ; 10.000       ; -0.080     ; 5.573      ;
; 4.474  ; zhao_texture_mod255:u_mod255|Add0~29_OTERM25 ; b_tile_r[7]_OTERM61_OTERM111_OTERM163        ; clk          ; clk         ; 10.000       ; -0.075     ; 5.391      ;
; 4.513  ; zhao_texture_mod255:u_mod255|Add0~29_OTERM25 ; b_tile_r[7]_OTERM61_OTERM109_OTERM155        ; clk          ; clk         ; 10.000       ; -0.111     ; 5.316      ;
; 4.538  ; zhao_texture_mod255:u_mod255|Add0~29_OTERM25 ; b_tile_r[7]_OTERM61_OTERM111_OTERM165        ; clk          ; clk         ; 10.000       ; -0.078     ; 5.324      ;
; 4.574  ; zhao_texture_mod255:u_mod255|Add0~29_OTERM25 ; b_tile_r[7]_OTERM61_OTERM111_OTERM161        ; clk          ; clk         ; 10.000       ; -0.080     ; 5.286      ;
; 4.606  ; zhao_texture_mod255:u_mod255|Add0~29_OTERM25 ; b_tile_r[7]_OTERM61_OTERM111_OTERM167        ; clk          ; clk         ; 10.000       ; -0.080     ; 5.254      ;
; 4.867  ; zhao_texture_mod255:u_mod255|Add0~29_OTERM25 ; b_tile_r[7]_OTERM61_OTERM115_OTERM135        ; clk          ; clk         ; 10.000       ; -0.115     ; 4.958      ;
; 6.475  ; b_tile_r[7]_OTERM61_OTERM113_OTERM121        ; b_tile_r[5]_OTERM73                          ; clk          ; clk         ; 10.000       ; -0.131     ; 3.334      ;
; 6.478  ; b_tile_r[7]_OTERM61_OTERM113_OTERM121        ; b_tile_r[3]_OTERM85                          ; clk          ; clk         ; 10.000       ; -0.131     ; 3.331      ;
; 6.488  ; b_tile_r[7]_OTERM61_OTERM113_OTERM121        ; b_tile_r[6]_OTERM67                          ; clk          ; clk         ; 10.000       ; -0.127     ; 3.325      ;
; 6.491  ; b_tile_r[7]_OTERM61_OTERM113_OTERM121        ; b_tile_r[2]_OTERM91                          ; clk          ; clk         ; 10.000       ; -0.131     ; 3.318      ;
; 6.498  ; b_tile_r[7]_OTERM61_OTERM113_OTERM121        ; b_tile_r[1]_OTERM97                          ; clk          ; clk         ; 10.000       ; -0.127     ; 3.315      ;
; 6.501  ; b_tile_r[7]_OTERM61_OTERM113_OTERM121        ; b_tile_r[4]_OTERM79                          ; clk          ; clk         ; 10.000       ; -0.131     ; 3.308      ;
; 6.540  ; b_tile_r[7]_OTERM61_OTERM113_OTERM121        ; b_tile_r[7]_OTERM57                          ; clk          ; clk         ; 10.000       ; -0.127     ; 3.273      ;
; 6.589  ; b_tile_r[7]_OTERM61_OTERM113_OTERM121        ; b_tile_r[0]_OTERM103                         ; clk          ; clk         ; 10.000       ; -0.127     ; 3.224      ;
; 7.491  ; a_mat_a_r[4]                                 ; b_tile_r[4]_OTERM81                          ; clk          ; clk         ; 10.000       ; -0.096     ; 2.353      ;
; 7.816  ; a_mat_b_r[3]                                 ; b_tile_r[3]_OTERM89                          ; clk          ; clk         ; 10.000       ; -0.102     ; 2.022      ;
; 8.006  ; a_mat_a_r[6]                                 ; b_tile_r[6]_OTERM69                          ; clk          ; clk         ; 10.000       ; -0.100     ; 1.834      ;
; 8.534  ; a_mat_b_r[5]                                 ; b_tile_r[5]_OTERM77                          ; clk          ; clk         ; 10.000       ; -0.096     ; 1.310      ;
; 8.544  ; a_mat_b_r[2]                                 ; b_tile_r[2]_OTERM95                          ; clk          ; clk         ; 10.000       ; -0.092     ; 1.304      ;
; 8.553  ; a_weight_r[3]                                ; b_tile_r[7]_OTERM61_OTERM111_OTERM157        ; clk          ; clk         ; 10.000       ; -0.092     ; 1.295      ;
; 8.557  ; a_mat_a_r[7]                                 ; b_tile_r[7]_OTERM63                          ; clk          ; clk         ; 10.000       ; -0.093     ; 1.290      ;
; 8.583  ; a_mat_a_r[1]                                 ; b_tile_r[1]_OTERM99                          ; clk          ; clk         ; 10.000       ; -0.102     ; 1.255      ;
; 8.585  ; a_mat_b_r[7]                                 ; b_tile_r[7]_OTERM65                          ; clk          ; clk         ; 10.000       ; -0.104     ; 1.251      ;
; 8.611  ; a_weight_r[5]                                ; b_tile_r[7]_OTERM61_OTERM113_OTERM119        ; clk          ; clk         ; 10.000       ; -0.102     ; 1.227      ;
; 8.621  ; a_mosaic_r                                   ; b_tile_r[7]_OTERM61_OTERM115_OTERM143        ; clk          ; clk         ; 10.000       ; -0.100     ; 1.219      ;
; 8.705  ; a_weight_r[7]                                ; b_tile_r[7]_OTERM61_OTERM115_OTERM141        ; clk          ; clk         ; 10.000       ; -0.094     ; 1.141      ;
; 8.797  ; a_mat_a_r[2]                                 ; b_tile_r[2]_OTERM93                          ; clk          ; clk         ; 10.000       ; -0.102     ; 1.041      ;
; 8.798  ; a_mat_b_r[4]                                 ; b_tile_r[4]_OTERM83                          ; clk          ; clk         ; 10.000       ; -0.092     ; 1.050      ;
; 8.839  ; a_weight_r[2]                                ; b_tile_r[7]_OTERM61_OTERM111_OTERM159        ; clk          ; clk         ; 10.000       ; -0.096     ; 1.005      ;
; 8.909  ; a_mat_b_r[6]                                 ; b_tile_r[6]_OTERM71                          ; clk          ; clk         ; 10.000       ; -0.098     ; 0.933      ;
; 8.920  ; a_mat_a_r[3]                                 ; b_tile_r[3]_OTERM87                          ; clk          ; clk         ; 10.000       ; -0.098     ; 0.922      ;
; 8.925  ; a_mat_a_r[5]                                 ; b_tile_r[5]_OTERM75                          ; clk          ; clk         ; 10.000       ; -0.098     ; 0.917      ;
; 8.951  ; a_mat_b_r[1]                                 ; b_tile_r[1]_OTERM101                         ; clk          ; clk         ; 10.000       ; -0.098     ; 0.891      ;
; 8.978  ; a_mat_b_r[0]                                 ; b_tile_r[0]_OTERM107                         ; clk          ; clk         ; 10.000       ; -0.098     ; 0.864      ;
; 8.987  ; a_mat_a_r[0]                                 ; b_tile_r[0]_OTERM105                         ; clk          ; clk         ; 10.000       ; -0.099     ; 0.854      ;
+--------+----------------------------------------------+----------------------------------------------+--------------+-------------+--------------+------------+------------+
