+--------------------------------------------------------------------------------------------------------------------------------------------------------------------------------------------------------------------------------------------------------------+
; Report Timing                                                                                                                                                                                                                                                ;
+--------+---------------------------------------------------+---------------------------------------------------------------------------------------------------------------------------+--------------+-------------+--------------+------------+------------+
; Slack  ; From Node                                         ; To Node                                                                                                                   ; Launch Clock ; Latch Clock ; Relationship ; Clock Skew ; Data Delay ;
+--------+---------------------------------------------------+---------------------------------------------------------------------------------------------------------------------------+--------------+-------------+--------------+------------+------------+
; -0.534 ; zhao_forge_cliff_feed:u_feed|src_id_r[3]          ; cs_req_o                                                                                                                  ; clk          ; clk         ; 10.000       ; -6.019     ; 4.455      ;
; -0.465 ; zhao_forge_cliff_emit:u_emit|e_span_r[0]          ; lat_addr_o[9]                                                                                                             ; clk          ; clk         ; 10.000       ; -5.955     ; 4.450      ;
; -0.281 ; zhao_forge_cliff_feed:u_feed|src_id_r[3]          ; zhao_forge_cliff_ram:u_cliff|edge_span_r_rtl_0_bypass[6]                                                                  ; clk          ; clk         ; 10.000       ; -0.490     ; 9.731      ;
; -0.273 ; zhao_forge_cliff_emit:u_emit|e_span_r[0]          ; lat_addr_o[2]                                                                                                             ; clk          ; clk         ; 10.000       ; -5.955     ; 4.258      ;
; -0.244 ; zhao_forge_cliff_emit:u_emit|e_span_r[0]          ; lat_addr_o[1]                                                                                                             ; clk          ; clk         ; 10.000       ; -5.955     ; 4.229      ;
; -0.221 ; zhao_forge_cliff_emit:u_emit|fk_r[1]~DUPLICATE    ; lat_addr_o[8]                                                                                                             ; clk          ; clk         ; 10.000       ; -5.952     ; 4.209      ;
; -0.194 ; zhao_forge_cliff_emit:u_emit|e_span_r[3]          ; lat_addr_o[0]                                                                                                             ; clk          ; clk         ; 10.000       ; -5.956     ; 4.178      ;
; -0.164 ; zhao_forge_cliff_emit:u_emit|e_span_r[0]          ; lat_addr_o[6]                                                                                                             ; clk          ; clk         ; 10.000       ; -5.955     ; 4.149      ;
; -0.122 ; zhao_forge_cliff_feed:u_feed|src_id_r[3]          ; zhao_forge_cliff_ram:u_cliff|altsyncram:edge_span_r_rtl_0|altsyncram_kpi1:auto_generated|ram_block1a0~portb_address_reg1  ; clk          ; clk         ; 10.000       ; -0.477     ; 9.585      ;
; -0.035 ; zhao_forge_cliff_emit:u_emit|e_span_r[0]          ; lat_addr_o[7]                                                                                                             ; clk          ; clk         ; 10.000       ; -5.955     ; 4.020      ;
; -0.001 ; zhao_forge_cliff_emit:u_emit|e_span_r[0]          ; lat_addr_o[3]                                                                                                             ; clk          ; clk         ; 10.000       ; -5.955     ; 3.986      ;
; 0.043  ; zhao_forge_cliff_emit:u_emit|fk_r[1]~DUPLICATE    ; lat_addr_o[10]                                                                                                            ; clk          ; clk         ; 10.000       ; -5.952     ; 3.945      ;
; 0.049  ; zhao_forge_cliff_feed:u_feed|src_id_r[3]          ; zhao_forge_cliff_ram:u_cliff|altsyncram:edge_span_r_rtl_0|altsyncram_kpi1:auto_generated|ram_block1a0~portb_address_reg4  ; clk          ; clk         ; 10.000       ; -0.522     ; 9.369      ;
; 0.059  ; zhao_forge_cliff_feed:u_feed|src_id_r[3]          ; zhao_forge_cliff_ram:u_cliff|altsyncram:edge_key_r_rtl_0|altsyncram_esi1:auto_generated|ram_block1a7~portb_address_reg2   ; clk          ; clk         ; 10.000       ; -0.494     ; 9.387      ;
; 0.068  ; zhao_forge_cliff_feed:u_feed|src_id_r[3]          ; zhao_forge_cliff_ram:u_cliff|altsyncram:edge_span_r_rtl_0|altsyncram_kpi1:auto_generated|ram_block1a1~portb_address_reg4  ; clk          ; clk         ; 10.000       ; -0.522     ; 9.350      ;
; 0.076  ; zhao_forge_cliff_feed:u_feed|src_id_r[3]          ; zhao_forge_cliff_ram:u_cliff|altsyncram:edge_span_r_rtl_0|altsyncram_kpi1:auto_generated|ram_block1a0~portb_address_reg2  ; clk          ; clk         ; 10.000       ; -0.478     ; 9.386      ;
; 0.078  ; zhao_forge_cliff_feed:u_feed|src_id_r[3]          ; zhao_forge_cliff_ram:u_cliff|altsyncram:edge_span_r_rtl_0|altsyncram_kpi1:auto_generated|ram_block1a0~portb_address_reg5  ; clk          ; clk         ; 10.000       ; -0.524     ; 9.338      ;
; 0.079  ; zhao_forge_cliff_feed:u_feed|src_id_r[3]          ; zhao_forge_cliff_ram:u_cliff|altsyncram:edge_key_r_rtl_0|altsyncram_esi1:auto_generated|ram_block1a2~portb_address_reg4   ; clk          ; clk         ; 10.000       ; -0.538     ; 9.323      ;
; 0.088  ; zhao_forge_cliff_emit:u_emit|e_span_r[3]          ; lat_addr_o[4]                                                                                                             ; clk          ; clk         ; 10.000       ; -5.956     ; 3.896      ;
; 0.114  ; zhao_forge_cliff_feed:u_feed|src_id_r[3]          ; zhao_forge_cliff_ram:u_cliff|altsyncram:edge_span_r_rtl_0|altsyncram_kpi1:auto_generated|ram_block1a1~portb_address_reg1  ; clk          ; clk         ; 10.000       ; -0.477     ; 9.349      ;
; 0.133  ; zhao_forge_cliff_feed:u_feed|src_id_r[3]          ; zhao_forge_cliff_ram:u_cliff|altsyncram:edge_span_r_rtl_0|altsyncram_kpi1:auto_generated|ram_block1a1~portb_address_reg2  ; clk          ; clk         ; 10.000       ; -0.478     ; 9.329      ;
; 0.146  ; zhao_forge_cliff_feed:u_feed|src_id_r[3]          ; zhao_forge_cliff_ram:u_cliff|altsyncram:edge_key_r_rtl_0|altsyncram_esi1:auto_generated|ram_block1a7~portb_address_reg4   ; clk          ; clk         ; 10.000       ; -0.538     ; 9.256      ;
; 0.148  ; zhao_forge_cliff_feed:u_feed|src_id_r[3]          ; zhao_forge_cliff_ram:u_cliff|altsyncram:edge_key_r_rtl_0|altsyncram_esi1:auto_generated|ram_block1a7~portb_address_reg1   ; clk          ; clk         ; 10.000       ; -0.493     ; 9.299      ;
; 0.168  ; zhao_forge_cliff_feed:u_feed|src_id_r[3]          ; zhao_forge_cliff_ram:u_cliff|altsyncram:edge_key_r_rtl_0|altsyncram_esi1:auto_generated|ram_block1a0~portb_address_reg0   ; clk          ; clk         ; 10.000       ; -0.490     ; 9.282      ;
; 0.178  ; zhao_forge_cliff_feed:u_feed|src_id_r[3]          ; zhao_forge_cliff_ram:u_cliff|altsyncram:edge_key_r_rtl_0|altsyncram_esi1:auto_generated|ram_block1a2~portb_address_reg2   ; clk          ; clk         ; 10.000       ; -0.494     ; 9.268      ;
; 0.197  ; zhao_forge_cliff_feed:u_feed|src_id_r[3]          ; zhao_forge_cliff_ram:u_cliff|altsyncram:edge_key_r_rtl_0|altsyncram_esi1:auto_generated|ram_block1a7~portb_address_reg5   ; clk          ; clk         ; 10.000       ; -0.540     ; 9.203      ;
; 0.199  ; zhao_forge_cliff_feed:u_feed|src_id_r[3]          ; zhao_forge_cliff_ram:u_cliff|altsyncram:edge_key_r_rtl_0|altsyncram_esi1:auto_generated|ram_block1a2~portb_address_reg1   ; clk          ; clk         ; 10.000       ; -0.493     ; 9.248      ;
; 0.276  ; zhao_forge_cliff_feed:u_feed|src_id_r[3]          ; zhao_forge_cliff_ram:u_cliff|altsyncram:edge_span_r_rtl_0|altsyncram_kpi1:auto_generated|ram_block1a1~portb_address_reg5  ; clk          ; clk         ; 10.000       ; -0.524     ; 9.140      ;
; 0.283  ; zhao_forge_cliff_feed:u_feed|src_id_r[3]          ; zhao_forge_cliff_ram:u_cliff|altsyncram:edge_key_r_rtl_0|altsyncram_esi1:auto_generated|ram_block1a2~portb_address_reg5   ; clk          ; clk         ; 10.000       ; -0.540     ; 9.117      ;
; 0.329  ; zhao_forge_cliff_emit:u_emit|fk_r[1]~DUPLICATE    ; lat_addr_o[11]                                                                                                            ; clk          ; clk         ; 10.000       ; -5.952     ; 3.659      ;
; 0.342  ; zhao_forge_cliff_feed:u_feed|src_id_r[3]          ; zhao_forge_cliff_ram:u_cliff|idx_r[7]                                                                                     ; clk          ; clk         ; 10.000       ; -0.490     ; 9.108      ;
; 0.349  ; zhao_forge_cliff_feed:u_feed|src_id_r[3]          ; zhao_forge_cliff_ram:u_cliff|idx_r[7]~DUPLICATE                                                                           ; clk          ; clk         ; 10.000       ; -0.486     ; 9.105      ;
; 0.351  ; zhao_forge_cliff_emit:u_emit|e_span_r[3]          ; lat_addr_o[5]                                                                                                             ; clk          ; clk         ; 10.000       ; -5.956     ; 3.633      ;
; 0.370  ; zhao_forge_cliff_feed:u_feed|src_id_r[3]          ; zhao_forge_cliff_ram:u_cliff|altsyncram:edge_span_r_rtl_0|altsyncram_kpi1:auto_generated|ram_block1a1~portb_address_reg0  ; clk          ; clk         ; 10.000       ; -0.474     ; 9.096      ;
; 0.372  ; zhao_forge_cliff_feed:u_feed|src_id_r[3]          ; zhao_forge_cliff_ram:u_cliff|altsyncram:edge_key_r_rtl_0|altsyncram_esi1:auto_generated|ram_block1a0~portb_address_reg4   ; clk          ; clk         ; 10.000       ; -0.538     ; 9.030      ;
; 0.395  ; zhao_forge_cliff_feed:u_feed|src_id_r[3]          ; zhao_forge_cliff_ram:u_cliff|altsyncram:edge_key_r_rtl_0|altsyncram_esi1:auto_generated|ram_block1a0~portb_address_reg1   ; clk          ; clk         ; 10.000       ; -0.493     ; 9.052      ;
; 0.396  ; zhao_forge_cliff_feed:u_feed|src_id_r[3]          ; zhao_forge_cliff_ram:u_cliff|idx_r[0]                                                                                     ; clk          ; clk         ; 10.000       ; -0.474     ; 9.070      ;
; 0.403  ; zhao_forge_cliff_feed:u_feed|src_id_r[3]          ; zhao_forge_cliff_ram:u_cliff|idx_r[0]~DUPLICATE                                                                           ; clk          ; clk         ; 10.000       ; -0.470     ; 9.067      ;
; 0.410  ; zhao_forge_cliff_feed:u_feed|src_id_r[3]          ; zhao_forge_cliff_ram:u_cliff|idx_r[4]~DUPLICATE                                                                           ; clk          ; clk         ; 10.000       ; -0.492     ; 9.038      ;
; 0.411  ; zhao_forge_cliff_feed:u_feed|src_id_r[3]          ; zhao_forge_cliff_ram:u_cliff|edge_key_r_rtl_0_bypass[10]                                                                  ; clk          ; clk         ; 10.000       ; -0.492     ; 9.037      ;
; 0.415  ; zhao_forge_cliff_feed:u_feed|src_id_r[3]          ; zhao_forge_cliff_ram:u_cliff|altsyncram:edge_span_r_rtl_0|altsyncram_kpi1:auto_generated|ram_block1a1~portb_address_reg7  ; clk          ; clk         ; 10.000       ; -0.524     ; 9.001      ;
; 0.415  ; zhao_forge_cliff_feed:u_feed|src_id_r[3]          ; zhao_forge_cliff_ram:u_cliff|idx_r[4]                                                                                     ; clk          ; clk         ; 10.000       ; -0.485     ; 9.040      ;
; 0.418  ; zhao_forge_cliff_feed:u_feed|src_id_r[3]          ; zhao_forge_cliff_ram:u_cliff|altsyncram:edge_key_r_rtl_0|altsyncram_esi1:auto_generated|ram_block1a7~portb_address_reg0   ; clk          ; clk         ; 10.000       ; -0.490     ; 9.032      ;
; 0.420  ; zhao_forge_cliff_feed:u_feed|src_id_r[3]          ; zhao_forge_cliff_ram:u_cliff|altsyncram:edge_span_r_rtl_0|altsyncram_kpi1:auto_generated|ram_block1a0~portb_address_reg0  ; clk          ; clk         ; 10.000       ; -0.474     ; 9.046      ;
; 0.447  ; zhao_forge_cliff_feed:u_feed|src_id_r[3]          ; zhao_forge_cliff_ram:u_cliff|idx_r[6]~DUPLICATE                                                                           ; clk          ; clk         ; 10.000       ; -0.492     ; 9.001      ;
; 0.452  ; zhao_forge_cliff_feed:u_feed|src_id_r[3]          ; zhao_forge_cliff_ram:u_cliff|idx_r[6]                                                                                     ; clk          ; clk         ; 10.000       ; -0.485     ; 9.003      ;
; 0.457  ; zhao_forge_cliff_feed:u_feed|src_id_r[3]          ; zhao_forge_cliff_ram:u_cliff|altsyncram:edge_span_r_rtl_0|altsyncram_kpi1:auto_generated|ram_block1a0~portb_address_reg7  ; clk          ; clk         ; 10.000       ; -0.524     ; 8.959      ;
; 0.464  ; zhao_forge_cliff_feed:u_feed|src_id_r[3]          ; zhao_forge_cliff_ram:u_cliff|edge_span_r_rtl_0_bypass[12]                                                                 ; clk          ; clk         ; 10.000       ; -0.485     ; 8.991      ;
; 0.468  ; zhao_forge_cliff_feed:u_feed|src_id_r[3]          ; zhao_forge_cliff_ram:u_cliff|altsyncram:edge_key_r_rtl_0|altsyncram_esi1:auto_generated|ram_block1a0~portb_address_reg2   ; clk          ; clk         ; 10.000       ; -0.494     ; 8.978      ;
; 0.504  ; zhao_forge_cliff_feed:u_feed|src_id_r[3]          ; zhao_forge_cliff_ram:u_cliff|idx_r[5]                                                                                     ; clk          ; clk         ; 10.000       ; -0.490     ; 8.946      ;
; 0.529  ; zhao_forge_cliff_feed:u_feed|src_id_r[3]          ; zhao_forge_cliff_ram:u_cliff|edge_span_r_rtl_0_bypass[4]                                                                  ; clk          ; clk         ; 10.000       ; -0.486     ; 8.925      ;
; 0.542  ; zhao_forge_cliff_feed:u_feed|src_id_r[3]          ; zhao_forge_cliff_ram:u_cliff|altsyncram:edge_key_r_rtl_0|altsyncram_esi1:auto_generated|ram_block1a0~portb_address_reg7   ; clk          ; clk         ; 10.000       ; -0.540     ; 8.858      ;
; 0.552  ; zhao_forge_cliff_feed:u_feed|src_id_r[3]          ; zhao_forge_cliff_ram:u_cliff|altsyncram:edge_key_r_rtl_0|altsyncram_esi1:auto_generated|ram_block1a0~portb_address_reg8   ; clk          ; clk         ; 10.000       ; -0.540     ; 8.848      ;
; 0.569  ; zhao_forge_cliff_feed:u_feed|src_id_r[3]          ; zhao_forge_cliff_ram:u_cliff|altsyncram:edge_key_r_rtl_0|altsyncram_esi1:auto_generated|ram_block1a0~portb_address_reg5   ; clk          ; clk         ; 10.000       ; -0.540     ; 8.831      ;
; 0.595  ; zhao_forge_cliff_emit:u_emit|vk_r[0]              ; v_y_o[16]                                                                                                                 ; clk          ; clk         ; 10.000       ; -6.014     ; 3.331      ;
; 0.602  ; zhao_forge_cliff_feed:u_feed|src_id_r[3]          ; zhao_forge_cliff_ram:u_cliff|edge_key_r_rtl_0_bypass[2]                                                                   ; clk          ; clk         ; 10.000       ; -0.491     ; 8.847      ;
; 0.610  ; zhao_forge_cliff_feed:u_feed|src_id_r[3]          ; zhao_forge_cliff_ram:u_cliff|edge_key_r_rtl_0_bypass[6]                                                                   ; clk          ; clk         ; 10.000       ; -0.492     ; 8.838      ;
; 0.612  ; zhao_forge_cliff_feed:u_feed|src_id_r[3]          ; zhao_forge_cliff_ram:u_cliff|altsyncram:edge_span_r_rtl_0|altsyncram_kpi1:auto_generated|ram_block1a0~portb_address_reg3  ; clk          ; clk         ; 10.000       ; -0.263     ; 9.065      ;
; 0.621  ; zhao_forge_cliff_feed:u_feed|src_id_r[3]          ; zhao_forge_cliff_ram:u_cliff|altsyncram:edge_key_r_rtl_0|altsyncram_esi1:auto_generated|ram_block1a7~portb_address_reg7   ; clk          ; clk         ; 10.000       ; -0.540     ; 8.779      ;
; 0.627  ; zhao_forge_cliff_feed:u_feed|src_id_r[3]          ; zhao_forge_cliff_ram:u_cliff|edge_key_r_rtl_0_bypass[22]                                                                  ; clk          ; clk         ; 10.000       ; -0.472     ; 8.841      ;
; 0.629  ; zhao_forge_cliff_feed:u_feed|src_id_r[3]          ; zhao_forge_cliff_ram:u_cliff|altsyncram:edge_span_r_rtl_0|altsyncram_kpi1:auto_generated|ram_block1a1~portb_address_reg8  ; clk          ; clk         ; 10.000       ; -0.524     ; 8.787      ;
; 0.632  ; zhao_forge_cliff_feed:u_feed|src_id_r[3]          ; zhao_forge_cliff_ram:u_cliff|altsyncram:edge_span_r_rtl_0|altsyncram_kpi1:auto_generated|ram_block1a1~portb_address_reg6  ; clk          ; clk         ; 10.000       ; -0.527     ; 8.781      ;
; 0.635  ; zhao_forge_cliff_feed:u_feed|src_id_r[3]          ; zhao_forge_cliff_ram:u_cliff|edge_key_r_rtl_0_bypass[18]                                                                  ; clk          ; clk         ; 10.000       ; -0.472     ; 8.833      ;
; 0.635  ; zhao_forge_cliff_emit:u_emit|vk_r[0]              ; v_z_o[13]                                                                                                                 ; clk          ; clk         ; 10.000       ; -6.014     ; 3.291      ;
; 0.643  ; zhao_forge_cliff_feed:u_feed|src_id_r[3]          ; zhao_forge_cliff_ram:u_cliff|altsyncram:edge_key_r_rtl_0|altsyncram_esi1:auto_generated|ram_block1a2~portb_address_reg0   ; clk          ; clk         ; 10.000       ; -0.490     ; 8.807      ;
; 0.653  ; zhao_forge_cliff_feed:u_feed|src_id_r[3]          ; zhao_forge_cliff_ram:u_cliff|idx_r[10]                                                                                    ; clk          ; clk         ; 10.000       ; -0.473     ; 8.814      ;
; 0.654  ; zhao_forge_cliff_feed:u_feed|src_id_r[3]          ; zhao_forge_cliff_ram:u_cliff|altsyncram:edge_key_r_rtl_0|altsyncram_esi1:auto_generated|ram_block1a7~portb_address_reg10  ; clk          ; clk         ; 10.000       ; -0.593     ; 8.693      ;
; 0.664  ; zhao_forge_cliff_feed:u_feed|src_id_r[3]          ; zhao_forge_cliff_ram:u_cliff|altsyncram:edge_key_r_rtl_0|altsyncram_esi1:auto_generated|ram_block1a7~portb_address_reg6   ; clk          ; clk         ; 10.000       ; -0.543     ; 8.733      ;
; 0.672  ; zhao_forge_cliff_feed:u_feed|src_id_r[3]          ; zhao_forge_cliff_ram:u_cliff|idx_r[8]~DUPLICATE                                                                           ; clk          ; clk         ; 10.000       ; -0.492     ; 8.776      ;
; 0.677  ; zhao_forge_cliff_feed:u_feed|src_id_r[3]          ; zhao_forge_cliff_ram:u_cliff|idx_r[8]                                                                                     ; clk          ; clk         ; 10.000       ; -0.485     ; 8.778      ;
; 0.679  ; zhao_forge_cliff_feed:u_feed|src_id_r[3]          ; zhao_forge_cliff_ram:u_cliff|altsyncram:edge_span_r_rtl_0|altsyncram_kpi1:auto_generated|ram_block1a0~portb_address_reg6  ; clk          ; clk         ; 10.000       ; -0.527     ; 8.734      ;
; 0.687  ; zhao_forge_cliff_feed:u_feed|src_id_r[3]          ; zhao_forge_cliff_ram:u_cliff|altsyncram:edge_span_r_rtl_0|altsyncram_kpi1:auto_generated|ram_block1a0~portb_address_reg10 ; clk          ; clk         ; 10.000       ; -0.577     ; 8.676      ;
; 0.693  ; zhao_forge_cliff_feed:u_feed|src_id_r[3]          ; zhao_forge_cliff_ram:u_cliff|altsyncram:edge_key_r_rtl_0|altsyncram_esi1:auto_generated|ram_block1a0~portb_address_reg6   ; clk          ; clk         ; 10.000       ; -0.543     ; 8.704      ;
; 0.696  ; zhao_forge_cliff_feed:u_feed|src_id_r[3]          ; zhao_forge_cliff_ram:u_cliff|altsyncram:edge_key_r_rtl_0|altsyncram_esi1:auto_generated|ram_block1a7~portb_address_reg3   ; clk          ; clk         ; 10.000       ; -0.279     ; 8.965      ;
; 0.706  ; zhao_forge_cliff_feed:u_feed|src_id_r[3]          ; zhao_forge_cliff_ram:u_cliff|altsyncram:edge_span_r_rtl_0|altsyncram_kpi1:auto_generated|ram_block1a1~portb_address_reg10 ; clk          ; clk         ; 10.000       ; -0.577     ; 8.657      ;
; 0.716  ; zhao_forge_cliff_feed:u_feed|src_id_r[3]          ; zhao_forge_cliff_ram:u_cliff|altsyncram:edge_key_r_rtl_0|altsyncram_esi1:auto_generated|ram_block1a0~portb_address_reg10  ; clk          ; clk         ; 10.000       ; -0.593     ; 8.631      ;
; 0.721  ; zhao_forge_cliff_feed:u_feed|src_id_r[3]          ; zhao_forge_cliff_ram:u_cliff|altsyncram:edge_key_r_rtl_0|altsyncram_esi1:auto_generated|ram_block1a0~portb_address_reg3   ; clk          ; clk         ; 10.000       ; -0.279     ; 8.940      ;
; 0.749  ; zhao_forge_cliff_feed:u_feed|src_id_r[3]          ; zhao_forge_cliff_ram:u_cliff|altsyncram:edge_key_r_rtl_0|altsyncram_esi1:auto_generated|ram_block1a7~portb_address_reg8   ; clk          ; clk         ; 10.000       ; -0.540     ; 8.651      ;
; 0.755  ; zhao_forge_cliff_feed:u_feed|src_id_r[3]          ; zhao_forge_cliff_ram:u_cliff|edge_key_r_rtl_0_bypass[14]                                                                  ; clk          ; clk         ; 10.000       ; -0.472     ; 8.713      ;
; 0.755  ; zhao_forge_cliff_emit:u_emit|vk_r[1]~DUPLICATE    ; v_x_o[17]                                                                                                                 ; clk          ; clk         ; 10.000       ; -6.012     ; 3.173      ;
; 0.766  ; zhao_forge_cliff_emit:u_emit|vk_r[0]              ; v_y_o[15]                                                                                                                 ; clk          ; clk         ; 10.000       ; -6.014     ; 3.160      ;
; 0.770  ; zhao_forge_cliff_feed:u_feed|src_id_r[3]          ; zhao_forge_cliff_ram:u_cliff|altsyncram:edge_span_r_rtl_0|altsyncram_kpi1:auto_generated|ram_block1a0~portb_address_reg8  ; clk          ; clk         ; 10.000       ; -0.524     ; 8.646      ;
; 0.781  ; zhao_forge_cliff_emit:u_emit|vk_r[0]              ; v_z_o[16]                                                                                                                 ; clk          ; clk         ; 10.000       ; -6.014     ; 3.145      ;
; 0.790  ; zhao_forge_cliff_emit:u_emit|vk_r[0]~DUPLICATE    ; v_y_o[6]                                                                                                                  ; clk          ; clk         ; 10.000       ; -6.006     ; 3.144      ;
; 0.792  ; zhao_forge_cliff_feed:u_feed|src_id_r[3]          ; zhao_forge_cliff_ram:u_cliff|altsyncram:edge_span_r_rtl_0|altsyncram_kpi1:auto_generated|ram_block1a1~portb_address_reg9  ; clk          ; clk         ; 10.000       ; -0.530     ; 8.618      ;
; 0.792  ; zhao_forge_cliff_emit:u_emit|vk_r[0]              ; v_z_o[14]                                                                                                                 ; clk          ; clk         ; 10.000       ; -6.014     ; 3.134      ;
; 0.793  ; zhao_forge_cliff_feed:u_feed|src_id_r[3]          ; zhao_forge_cliff_ram:u_cliff|idx_r[3]                                                                                     ; clk          ; clk         ; 10.000       ; -0.490     ; 8.657      ;
; 0.800  ; zhao_forge_cliff_feed:u_feed|src_id_r[3]          ; zhao_forge_cliff_ram:u_cliff|idx_r[3]~DUPLICATE                                                                           ; clk          ; clk         ; 10.000       ; -0.486     ; 8.654      ;
; 0.819  ; zhao_forge_cliff_feed:u_feed|src_id_r[3]          ; zhao_forge_cliff_ram:u_cliff|altsyncram:edge_key_r_rtl_0|altsyncram_esi1:auto_generated|ram_block1a7~portb_address_reg9   ; clk          ; clk         ; 10.000       ; -0.546     ; 8.575      ;
; 0.819  ; zhao_forge_cliff_emit:u_emit|vk_r[0]              ; v_y_o[26]                                                                                                                 ; clk          ; clk         ; 10.000       ; -6.014     ; 3.107      ;
; 0.829  ; zhao_forge_cliff_emit:u_emit|vk_r[1]~DUPLICATE    ; v_y_o[23]                                                                                                                 ; clk          ; clk         ; 10.000       ; -6.012     ; 3.099      ;
; 0.831  ; zhao_forge_cliff_feed:u_feed|src_id_r[3]          ; zhao_forge_cliff_ram:u_cliff|altsyncram:edge_key_r_rtl_0|altsyncram_esi1:auto_generated|ram_block1a0~portb_address_reg9   ; clk          ; clk         ; 10.000       ; -0.546     ; 8.563      ;
; 0.835  ; zhao_forge_cliff_feed:u_feed|src_id_r[3]          ; zhao_forge_cliff_ram:u_cliff|altsyncram:edge_span_r_rtl_0|altsyncram_kpi1:auto_generated|ram_block1a1~portb_address_reg3  ; clk          ; clk         ; 10.000       ; -0.263     ; 8.842      ;
; 0.839  ; zhao_forge_cliff_emit:u_emit|vk_r[1]~DUPLICATE    ; v_y_o[22]                                                                                                                 ; clk          ; clk         ; 10.000       ; -6.012     ; 3.089      ;
; 0.849  ; zhao_forge_cliff_emit:u_emit|vk_r[0]              ; v_z_o[20]                                                                                                                 ; clk          ; clk         ; 10.000       ; -6.014     ; 3.077      ;
; 0.855  ; zhao_forge_cliff_feed:u_feed|src_id_r[3]          ; zhao_forge_cliff_ram:u_cliff|altsyncram:edge_span_r_rtl_0|altsyncram_kpi1:auto_generated|ram_block1a0~portb_address_reg9  ; clk          ; clk         ; 10.000       ; -0.530     ; 8.555      ;
; 0.856  ; zhao_forge_cliff_feed:u_feed|src_id_r[3]          ; zhao_forge_cliff_ram:u_cliff|altsyncram:edge_key_r_rtl_0|altsyncram_esi1:auto_generated|ram_block1a2~portb_address_reg7   ; clk          ; clk         ; 10.000       ; -0.540     ; 8.544      ;
; 0.874  ; zhao_forge_cliff_feed:u_feed|src_id_r[3]          ; zhao_forge_cliff_ram:u_cliff|edge_key_r_rtl_0_bypass[16]                                                                  ; clk          ; clk         ; 10.000       ; -0.475     ; 8.591      ;
; 0.897  ; zhao_forge_cliff_feed:u_feed|src_id_r[3]          ; zhao_forge_cliff_ram:u_cliff|altsyncram:edge_key_r_rtl_0|altsyncram_esi1:auto_generated|ram_block1a2~portb_address_reg6   ; clk          ; clk         ; 10.000       ; -0.543     ; 8.500      ;
; 0.903  ; zhao_forge_cliff_feed:u_feed|src_id_r[3]          ; zhao_forge_cliff_ram:u_cliff|edge_key_r_rtl_0_bypass[4]                                                                   ; clk          ; clk         ; 10.000       ; -0.492     ; 8.545      ;
; 0.908  ; zhao_forge_cliff_feed:u_feed|src_id_r[3]          ; zhao_forge_cliff_ram:u_cliff|idx_r[1]                                                                                     ; clk          ; clk         ; 10.000       ; -0.485     ; 8.547      ;
; 0.938  ; zhao_forge_cliff_feed:u_feed|src_id_r[3]          ; zhao_forge_cliff_ram:u_cliff|altsyncram:edge_key_r_rtl_0|altsyncram_esi1:auto_generated|ram_block1a2~portb_address_reg3   ; clk          ; clk         ; 10.000       ; -0.279     ; 8.723      ;
; 0.962  ; zhao_forge_cliff_feed:u_feed|src_id_r[3]          ; zhao_forge_cliff_ram:u_cliff|edge_span_r_rtl_0_bypass[20]                                                                 ; clk          ; clk         ; 10.000       ; -0.478     ; 8.500      ;
; 0.977  ; zhao_forge_cliff_feed:u_feed|src_id_r[3]          ; zhao_forge_cliff_ram:u_cliff|idx_r[9]                                                                                     ; clk          ; clk         ; 10.000       ; -0.485     ; 8.478      ;
; 0.978  ; zhao_forge_cliff_feed:u_feed|src_id_r[3]          ; zhao_forge_cliff_ram:u_cliff|altsyncram:edge_key_r_rtl_0|altsyncram_esi1:auto_generated|ram_block1a2~portb_address_reg8   ; clk          ; clk         ; 10.000       ; -0.540     ; 8.422      ;
; 0.989  ; zhao_forge_cliff_feed:u_feed|src_id_r[3]          ; zhao_forge_cliff_ram:u_cliff|altsyncram:edge_key_r_rtl_0|altsyncram_esi1:auto_generated|ram_block1a2~portb_address_reg10  ; clk          ; clk         ; 10.000       ; -0.593     ; 8.358      ;
; 1.036  ; zhao_forge_cliff_emit:u_emit|vk_r[1]~DUPLICATE    ; v_z_o[10]                                                                                                                 ; clk          ; clk         ; 10.000       ; -6.012     ; 2.892      ;
; 1.045  ; zhao_forge_cliff_emit:u_emit|vk_r[0]              ; v_z_o[27]                                                                                                                 ; clk          ; clk         ; 10.000       ; -6.014     ; 2.881      ;
; 1.067  ; zhao_forge_cliff_feed:u_feed|src_id_r[3]          ; zhao_forge_cliff_ram:u_cliff|altsyncram:edge_key_r_rtl_0|altsyncram_esi1:auto_generated|ram_block1a2~portb_address_reg9   ; clk          ; clk         ; 10.000       ; -0.546     ; 8.327      ;
; 1.118  ; zhao_forge_cliff_emit:u_emit|vk_r[1]~DUPLICATE    ; v_y_o[28]                                                                                                                 ; clk          ; clk         ; 10.000       ; -6.012     ; 2.810      ;
; 1.126  ; zhao_forge_cliff_feed:u_feed|src_id_r[3]          ; zhao_forge_cliff_ram:u_cliff|prime_k_r[1]~DUPLICATE                                                                       ; clk          ; clk         ; 10.000       ; -0.471     ; 8.343      ;
; 1.129  ; zhao_forge_cliff_feed:u_feed|src_id_r[3]          ; zhao_forge_cliff_ram:u_cliff|prime_k_r[0]                                                                                 ; clk          ; clk         ; 10.000       ; -0.469     ; 8.342      ;
; 1.130  ; zhao_forge_cliff_feed:u_feed|src_id_r[3]          ; zhao_forge_cliff_ram:u_cliff|prime_k_r[1]                                                                                 ; clk          ; clk         ; 10.000       ; -0.465     ; 8.345      ;
; 1.156  ; zhao_forge_cliff_feed:u_feed|src_id_r[3]          ; zhao_forge_cliff_ram:u_cliff|prime_k_r[2]                                                                                 ; clk          ; clk         ; 10.000       ; -0.466     ; 8.318      ;
; 1.183  ; zhao_forge_cliff_emit:u_emit|vk_r[0]              ; v_z_o[25]                                                                                                                 ; clk          ; clk         ; 10.000       ; -6.014     ; 2.743      ;
; 1.185  ; zhao_forge_cliff_emit:u_emit|vk_r[0]~DUPLICATE    ; v_y_o[30]                                                                                                                 ; clk          ; clk         ; 10.000       ; -6.006     ; 2.749      ;
; 1.214  ; zhao_forge_cliff_emit:u_emit|vk_r[0]              ; v_y_o[31]                                                                                                                 ; clk          ; clk         ; 10.000       ; -6.014     ; 2.712      ;
; 1.221  ; zhao_forge_cliff_ram:u_cliff|sc_ci_r[2]~DUPLICATE ; zhao_forge_cliff_ram:u_cliff|edge_key_r~2                                                                                 ; clk          ; clk         ; 10.000       ; -0.476     ; 8.243      ;
; 1.221  ; zhao_forge_cliff_ram:u_cliff|sc_ci_r[2]~DUPLICATE ; zhao_forge_cliff_ram:u_cliff|edge_key_r~6DUPLICATE                                                                        ; clk          ; clk         ; 10.000       ; -0.476     ; 8.243      ;
; 1.221  ; zhao_forge_cliff_ram:u_cliff|sc_ci_r[2]~DUPLICATE ; zhao_forge_cliff_ram:u_cliff|edge_key_r~9                                                                                 ; clk          ; clk         ; 10.000       ; -0.470     ; 8.249      ;
; 1.221  ; zhao_forge_cliff_ram:u_cliff|sc_ci_r[2]~DUPLICATE ; zhao_forge_cliff_ram:u_cliff|edge_key_r~6                                                                                 ; clk          ; clk         ; 10.000       ; -0.470     ; 8.249      ;
; 1.221  ; zhao_forge_cliff_ram:u_cliff|sc_ci_r[2]~DUPLICATE ; zhao_forge_cliff_ram:u_cliff|edge_key_r~1                                                                                 ; clk          ; clk         ; 10.000       ; -0.476     ; 8.243      ;
; 1.235  ; zhao_forge_cliff_emit:u_emit|vk_r[1]~DUPLICATE    ; v_z_o[31]                                                                                                                 ; clk          ; clk         ; 10.000       ; -6.012     ; 2.693      ;
; 1.260  ; zhao_forge_cliff_emit:u_emit|vk_r[0]              ; v_z_o[28]                                                                                                                 ; clk          ; clk         ; 10.000       ; -6.014     ; 2.666      ;
; 1.294  ; zhao_forge_cliff_emit:u_emit|vk_r[1]~DUPLICATE    ; v_z_o[30]                                                                                                                 ; clk          ; clk         ; 10.000       ; -6.012     ; 2.634      ;
; 1.295  ; zhao_forge_cliff_feed:u_feed|src_id_r[3]          ; zhao_forge_cliff_ram:u_cliff|edge_key_r_rtl_0_bypass[8]                                                                   ; clk          ; clk         ; 10.000       ; -0.484     ; 8.161      ;
; 1.296  ; zhao_forge_cliff_emit:u_emit|vk_r[1]              ; v_y_o[10]                                                                                                                 ; clk          ; clk         ; 10.000       ; -6.008     ; 2.636      ;
; 1.299  ; zhao_forge_cliff_emit:u_emit|vk_r[1]~DUPLICATE    ; v_z_o[22]                                                                                                                 ; clk          ; clk         ; 10.000       ; -6.012     ; 2.629      ;
; 1.318  ; zhao_forge_cliff_emit:u_emit|vk_r[0]~DUPLICATE    ; v_z_o[23]                                                                                                                 ; clk          ; clk         ; 10.000       ; -6.006     ; 2.616      ;
; 1.319  ; zhao_forge_cliff_ram:u_cliff|sc_ci_r[2]~DUPLICATE ; zhao_forge_cliff_ram:u_cliff|edge_key_r~11                                                                                ; clk          ; clk         ; 10.000       ; -0.475     ; 8.146      ;
; 1.319  ; zhao_forge_cliff_ram:u_cliff|sc_ci_r[2]~DUPLICATE ; zhao_forge_cliff_ram:u_cliff|edge_key_r~10                                                                                ; clk          ; clk         ; 10.000       ; -0.474     ; 8.147      ;
; 1.319  ; zhao_forge_cliff_ram:u_cliff|sc_ci_r[2]~DUPLICATE ; zhao_forge_cliff_ram:u_cliff|edge_key_r~12                                                                                ; clk          ; clk         ; 10.000       ; -0.474     ; 8.147      ;
; 1.319  ; zhao_forge_cliff_ram:u_cliff|sc_ci_r[2]~DUPLICATE ; zhao_forge_cliff_ram:u_cliff|edge_key_r~4                                                                                 ; clk          ; clk         ; 10.000       ; -0.474     ; 8.147      ;
; 1.319  ; zhao_forge_cliff_ram:u_cliff|sc_ci_r[2]~DUPLICATE ; zhao_forge_cliff_ram:u_cliff|edge_key_r~5                                                                                 ; clk          ; clk         ; 10.000       ; -0.474     ; 8.147      ;
; 1.320  ; zhao_forge_cliff_ram:u_cliff|sc_ci_r[2]~DUPLICATE ; zhao_forge_cliff_ram:u_cliff|edge_key_r~7                                                                                 ; clk          ; clk         ; 10.000       ; -0.478     ; 8.142      ;
; 1.320  ; zhao_forge_cliff_ram:u_cliff|sc_ci_r[2]~DUPLICATE ; zhao_forge_cliff_ram:u_cliff|edge_key_r~3                                                                                 ; clk          ; clk         ; 10.000       ; -0.478     ; 8.142      ;
; 1.320  ; zhao_forge_cliff_ram:u_cliff|sc_ci_r[2]~DUPLICATE ; zhao_forge_cliff_ram:u_cliff|edge_key_r~8                                                                                 ; clk          ; clk         ; 10.000       ; -0.478     ; 8.142      ;
; 1.325  ; zhao_forge_cliff_emit:u_emit|vk_r[0]~DUPLICATE    ; v_z_o[18]                                                                                                                 ; clk          ; clk         ; 10.000       ; -6.006     ; 2.609      ;
; 1.330  ; zhao_forge_cliff_emit:u_emit|vk_r[1]~DUPLICATE    ; v_x_o[13]                                                                                                                 ; clk          ; clk         ; 10.000       ; -6.012     ; 2.598      ;
; 1.330  ; zhao_forge_cliff_emit:u_emit|vk_r[1]              ; v_y_o[9]                                                                                                                  ; clk          ; clk         ; 10.000       ; -6.008     ; 2.602      ;
; 1.349  ; zhao_forge_cliff_emit:u_emit|vk_r[1]~DUPLICATE    ; v_z_o[21]                                                                                                                 ; clk          ; clk         ; 10.000       ; -6.012     ; 2.579      ;
+--------+---------------------------------------------------+---------------------------------------------------------------------------------------------------------------------------+--------------+-------------+--------------+------------+------------+
