+---------------------------------------------------------------------------------------------------------------------------------------------------------------------------------------------------------------------------------------------------------------------------------------------------------------------------------------------------------------------+
; Report Timing                                                                                                                                                                                                                                                                                                                                                       ;
+--------+---------------------------------------------------------------------------------------------------------------------------------------------+----------------------------------------------------------------------------------------------------------------------------------------+--------------+-------------+--------------+------------+------------+
; Slack  ; From Node                                                                                                                                   ; To Node                                                                                                                                ; Launch Clock ; Latch Clock ; Relationship ; Clock Skew ; Data Delay ;
+--------+---------------------------------------------------------------------------------------------------------------------------------------------+----------------------------------------------------------------------------------------------------------------------------------------+--------------+-------------+--------------+------------+------------+
; 2.613  ; stim_i[5]                                                                                                                                   ; stim_q[5]                                                                                                                              ; clk          ; clk         ; 10.000       ; 3.304      ; 10.631     ;
; 2.816  ; stim_i[3]                                                                                                                                   ; stim_q[3]                                                                                                                              ; clk          ; clk         ; 10.000       ; 3.310      ; 10.434     ;
; 2.824  ; stim_i[15]                                                                                                                                  ; stim_q[15]~DUPLICATE                                                                                                                   ; clk          ; clk         ; 10.000       ; 3.309      ; 10.425     ;
; 2.829  ; stim_i[15]                                                                                                                                  ; stim_q[15]                                                                                                                             ; clk          ; clk         ; 10.000       ; 3.316      ; 10.427     ;
; 2.846  ; stim_i[0]                                                                                                                                   ; stim_q[0]                                                                                                                              ; clk          ; clk         ; 10.000       ; 3.316      ; 10.410     ;
; 2.935  ; stim_i[1]                                                                                                                                   ; stim_q[1]                                                                                                                              ; clk          ; clk         ; 10.000       ; 3.310      ; 10.315     ;
; 3.064  ; hash_q[18]                                                                                                                                  ; hash_o[18]                                                                                                                             ; clk          ; clk         ; 10.000       ; -5.997     ; 0.879      ;
; 3.097  ; hash_q[19]                                                                                                                                  ; hash_o[19]                                                                                                                             ; clk          ; clk         ; 10.000       ; -6.003     ; 0.840      ;
; 3.105  ; hash_q[13]                                                                                                                                  ; hash_o[13]                                                                                                                             ; clk          ; clk         ; 10.000       ; -5.995     ; 0.840      ;
; 3.108  ; hash_q[4]                                                                                                                                   ; hash_o[4]                                                                                                                              ; clk          ; clk         ; 10.000       ; -6.002     ; 0.830      ;
; 3.123  ; hash_q[3]                                                                                                                                   ; hash_o[3]                                                                                                                              ; clk          ; clk         ; 10.000       ; -6.003     ; 0.814      ;
; 3.124  ; hash_q[12]                                                                                                                                  ; hash_o[12]                                                                                                                             ; clk          ; clk         ; 10.000       ; -5.995     ; 0.821      ;
; 3.133  ; hash_q[17]~DUPLICATE                                                                                                                        ; hash_o[17]                                                                                                                             ; clk          ; clk         ; 10.000       ; -5.995     ; 0.812      ;
; 3.139  ; hash_q[2]~DUPLICATE                                                                                                                         ; hash_o[2]                                                                                                                              ; clk          ; clk         ; 10.000       ; -6.002     ; 0.799      ;
; 3.143  ; hash_q[20]                                                                                                                                  ; hash_o[20]                                                                                                                             ; clk          ; clk         ; 10.000       ; -6.002     ; 0.795      ;
; 3.155  ; hash_q[1]                                                                                                                                   ; hash_o[1]                                                                                                                              ; clk          ; clk         ; 10.000       ; -6.002     ; 0.783      ;
; 3.162  ; hash_q[21]                                                                                                                                  ; hash_o[21]                                                                                                                             ; clk          ; clk         ; 10.000       ; -5.995     ; 0.783      ;
; 3.213  ; hash_q[5]                                                                                                                                   ; hash_o[5]                                                                                                                              ; clk          ; clk         ; 10.000       ; -5.990     ; 0.737      ;
; 3.251  ; hash_q[6]                                                                                                                                   ; hash_o[6]                                                                                                                              ; clk          ; clk         ; 10.000       ; -5.996     ; 0.693      ;
; 3.279  ; hash_q[0]~DUPLICATE                                                                                                                         ; hash_o[0]                                                                                                                              ; clk          ; clk         ; 10.000       ; -6.002     ; 0.659      ;
; 3.291  ; hash_q[7]                                                                                                                                   ; hash_o[7]                                                                                                                              ; clk          ; clk         ; 10.000       ; -5.990     ; 0.659      ;
; 3.305  ; hash_q[31]                                                                                                                                  ; hash_o[31]                                                                                                                             ; clk          ; clk         ; 10.000       ; -6.002     ; 0.633      ;
; 3.365  ; hash_q[27]                                                                                                                                  ; hash_o[27]                                                                                                                             ; clk          ; clk         ; 10.000       ; -6.002     ; 0.573      ;
; 3.366  ; hash_q[16]                                                                                                                                  ; hash_o[16]                                                                                                                             ; clk          ; clk         ; 10.000       ; -5.997     ; 0.577      ;
; 3.381  ; hash_q[29]                                                                                                                                  ; hash_o[29]                                                                                                                             ; clk          ; clk         ; 10.000       ; -6.002     ; 0.557      ;
; 3.382  ; hash_q[26]                                                                                                                                  ; hash_o[26]                                                                                                                             ; clk          ; clk         ; 10.000       ; -5.995     ; 0.563      ;
; 3.507  ; hash_q[30]                                                                                                                                  ; hash_o[30]                                                                                                                             ; clk          ; clk         ; 10.000       ; -6.003     ; 0.430      ;
; 3.530  ; hash_q[28]                                                                                                                                  ; hash_o[28]                                                                                                                             ; clk          ; clk         ; 10.000       ; -6.003     ; 0.407      ;
; 3.531  ; hash_q[22]                                                                                                                                  ; hash_o[22]                                                                                                                             ; clk          ; clk         ; 10.000       ; -6.003     ; 0.406      ;
; 3.532  ; hash_q[14]                                                                                                                                  ; hash_o[14]                                                                                                                             ; clk          ; clk         ; 10.000       ; -5.999     ; 0.409      ;
; 3.535  ; hash_q[24]                                                                                                                                  ; hash_o[24]                                                                                                                             ; clk          ; clk         ; 10.000       ; -6.003     ; 0.402      ;
; 3.538  ; hash_q[9]                                                                                                                                   ; hash_o[9]                                                                                                                              ; clk          ; clk         ; 10.000       ; -6.008     ; 0.394      ;
; 3.540  ; hash_q[23]                                                                                                                                  ; hash_o[23]                                                                                                                             ; clk          ; clk         ; 10.000       ; -5.997     ; 0.403      ;
; 3.542  ; hash_q[15]                                                                                                                                  ; hash_o[15]                                                                                                                             ; clk          ; clk         ; 10.000       ; -5.992     ; 0.406      ;
; 3.551  ; hash_q[25]                                                                                                                                  ; hash_o[25]                                                                                                                             ; clk          ; clk         ; 10.000       ; -5.997     ; 0.392      ;
; 3.553  ; hash_q[8]~DUPLICATE                                                                                                                         ; hash_o[8]                                                                                                                              ; clk          ; clk         ; 10.000       ; -6.002     ; 0.385      ;
; 3.565  ; hash_q[11]                                                                                                                                  ; hash_o[11]                                                                                                                             ; clk          ; clk         ; 10.000       ; -6.008     ; 0.367      ;
; 3.566  ; hash_q[10]~DUPLICATE                                                                                                                        ; hash_o[10]                                                                                                                             ; clk          ; clk         ; 10.000       ; -6.002     ; 0.372      ;
; 3.885  ; stim_valid_i                                                                                                                                ; stim_valid_q                                                                                                                           ; clk          ; clk         ; 10.000       ; 3.310      ; 9.365      ;
; 3.971  ; stim_i[31]                                                                                                                                  ; stim_q[31]                                                                                                                             ; clk          ; clk         ; 10.000       ; 3.310      ; 9.279      ;
; 4.256  ; stim_i[30]                                                                                                                                  ; stim_q[30]~DUPLICATE                                                                                                                   ; clk          ; clk         ; 10.000       ; 3.309      ; 8.993      ;
; 4.261  ; stim_i[30]                                                                                                                                  ; stim_q[30]                                                                                                                             ; clk          ; clk         ; 10.000       ; 3.316      ; 8.995      ;
; 5.532  ; zhao_texture_v3rq:u_dut|wp_q[1]~DUPLICATE                                                                                                   ; zhao_texture_v3rq:u_dut|rp_q[2]                                                                                                        ; clk          ; clk         ; 10.000       ; -0.084     ; 4.324      ;
; 5.565  ; zhao_texture_v3rq:u_dut|wp_q[1]~DUPLICATE                                                                                                   ; zhao_texture_v3rq:u_dut|rp_q[4]                                                                                                        ; clk          ; clk         ; 10.000       ; -0.086     ; 4.289      ;
; 5.598  ; stim_i[14]                                                                                                                                  ; stim_q[14]                                                                                                                             ; clk          ; clk         ; 10.000       ; 3.316      ; 7.658      ;
; 5.601  ; zhao_texture_v3rq:u_dut|wp_q[1]~DUPLICATE                                                                                                   ; zhao_texture_v3rq:u_dut|rp_q[5]                                                                                                        ; clk          ; clk         ; 10.000       ; -0.091     ; 4.248      ;
; 5.603  ; zhao_texture_v3rq:u_dut|wp_q[1]~DUPLICATE                                                                                                   ; zhao_texture_v3rq:u_dut|rp_q[3]                                                                                                        ; clk          ; clk         ; 10.000       ; -0.093     ; 4.244      ;
; 5.608  ; zhao_texture_v3rq:u_dut|wp_q[1]~DUPLICATE                                                                                                   ; zhao_texture_v3rq:u_dut|rp_q[3]~DUPLICATE                                                                                              ; clk          ; clk         ; 10.000       ; -0.086     ; 4.246      ;
; 5.633  ; zhao_texture_v3rq:u_dut|wp_q[1]~DUPLICATE                                                                                                   ; zhao_texture_v3rq:u_dut|rp_q[1]                                                                                                        ; clk          ; clk         ; 10.000       ; -0.091     ; 4.216      ;
; 5.648  ; zhao_texture_v3rq:u_dut|wp_q[1]~DUPLICATE                                                                                                   ; zhao_texture_v3rq:u_dut|rp_q[6]                                                                                                        ; clk          ; clk         ; 10.000       ; -0.087     ; 4.205      ;
; 5.845  ; stim_i[10]                                                                                                                                  ; stim_q[10]                                                                                                                             ; clk          ; clk         ; 10.000       ; 3.304      ; 7.399      ;
; 5.852  ; zhao_texture_v3rq:u_dut|wp_q[1]~DUPLICATE                                                                                                   ; zhao_texture_v3rq:u_dut|ld_q                                                                                                           ; clk          ; clk         ; 10.000       ; -0.082     ; 4.006      ;
; 5.979  ; zhao_texture_v3rq:u_dut|wp_q[1]~DUPLICATE                                                                                                   ; zhao_texture_v3rq:u_dut|rp_q[0]~DUPLICATE                                                                                              ; clk          ; clk         ; 10.000       ; -0.082     ; 3.879      ;
; 5.997  ; zhao_texture_v3rq:u_dut|wp_q[1]~DUPLICATE                                                                                                   ; zhao_texture_v3rq:u_dut|rp_q[0]                                                                                                        ; clk          ; clk         ; 10.000       ; -0.066     ; 3.877      ;
; 6.180  ; zhao_texture_v3rq:u_dut|zhao_texture_v3bank:u_body|altsyncram:mem_rtl_0|altsyncram_f0p1:auto_generated|ram_block1a0~PORT_B_WRITE_ENABLE_REG ; zhao_texture_v3rq:u_dut|s_d_q[9]                                                                                                       ; clk          ; clk         ; 10.000       ; -2.012     ; 1.748      ;
; 6.363  ; zhao_texture_v3rq:u_dut|zhao_texture_v3bank:u_body|altsyncram:mem_rtl_0|altsyncram_f0p1:auto_generated|ram_block1a0~PORT_B_WRITE_ENABLE_REG ; zhao_texture_v3rq:u_dut|h_d_q[9]_OTERM109                                                                                              ; clk          ; clk         ; 10.000       ; -1.987     ; 1.590      ;
; 6.408  ; zhao_texture_v3rq:u_dut|zhao_texture_v3bank:u_body|altsyncram:mem_rtl_0|altsyncram_f0p1:auto_generated|ram_block1a0~PORT_B_WRITE_ENABLE_REG ; zhao_texture_v3rq:u_dut|s_d_q[10]                                                                                                      ; clk          ; clk         ; 10.000       ; -2.014     ; 1.518      ;
; 6.439  ; zhao_texture_v3rq:u_dut|zhao_texture_v3bank:u_body|altsyncram:mem_rtl_0|altsyncram_f0p1:auto_generated|ram_block1a0~PORT_B_WRITE_ENABLE_REG ; zhao_texture_v3rq:u_dut|s_d_q[4]                                                                                                       ; clk          ; clk         ; 10.000       ; -2.009     ; 1.492      ;
; 6.444  ; zhao_texture_v3rq:u_dut|zhao_texture_v3bank:u_body|altsyncram:mem_rtl_0|altsyncram_f0p1:auto_generated|ram_block1a0~PORT_B_WRITE_ENABLE_REG ; zhao_texture_v3rq:u_dut|h_d_q[10]_OTERM103                                                                                             ; clk          ; clk         ; 10.000       ; -1.985     ; 1.511      ;
; 6.607  ; zhao_texture_v3rq:u_dut|zhao_texture_v3bank:u_body|altsyncram:mem_rtl_0|altsyncram_f0p1:auto_generated|ram_block1a0~PORT_B_WRITE_ENABLE_REG ; zhao_texture_v3rq:u_dut|s_d_q[0]                                                                                                       ; clk          ; clk         ; 10.000       ; -2.012     ; 1.321      ;
; 6.636  ; zhao_texture_v3rq:u_dut|zhao_texture_v3bank:u_body|altsyncram:mem_rtl_0|altsyncram_f0p1:auto_generated|ram_block1a0~PORT_B_WRITE_ENABLE_REG ; zhao_texture_v3rq:u_dut|h_d_q[0]_OTERM127                                                                                              ; clk          ; clk         ; 10.000       ; -1.981     ; 1.323      ;
; 6.639  ; zhao_texture_v3rq:u_dut|zhao_texture_v3bank:u_body|altsyncram:mem_rtl_0|altsyncram_f0p1:auto_generated|ram_block1a0~PORT_B_WRITE_ENABLE_REG ; zhao_texture_v3rq:u_dut|s_d_q[8]                                                                                                       ; clk          ; clk         ; 10.000       ; -2.014     ; 1.287      ;
; 6.665  ; zhao_texture_v3rq:u_dut|zhao_texture_v3bank:u_body|altsyncram:mem_rtl_0|altsyncram_f0p1:auto_generated|ram_block1a0~PORT_B_WRITE_ENABLE_REG ; zhao_texture_v3rq:u_dut|s_d_q[11]                                                                                                      ; clk          ; clk         ; 10.000       ; -2.008     ; 1.267      ;
; 6.707  ; zhao_texture_v3rq:u_dut|zhao_texture_v3bank:u_body|altsyncram:mem_rtl_0|altsyncram_f0p1:auto_generated|ram_block1a0~PORT_B_WRITE_ENABLE_REG ; zhao_texture_v3rq:u_dut|h_d_q[12]_OTERM91                                                                                              ; clk          ; clk         ; 10.000       ; -1.987     ; 1.246      ;
; 6.710  ; zhao_texture_v3rq:u_dut|zhao_texture_v3bank:u_body|altsyncram:mem_rtl_0|altsyncram_f0p1:auto_generated|ram_block1a0~PORT_B_WRITE_ENABLE_REG ; zhao_texture_v3rq:u_dut|s_d_q[12]                                                                                                      ; clk          ; clk         ; 10.000       ; -2.009     ; 1.221      ;
; 6.713  ; zhao_texture_v3rq:u_dut|zhao_texture_v3bank:u_body|altsyncram:mem_rtl_0|altsyncram_f0p1:auto_generated|ram_block1a0~PORT_B_WRITE_ENABLE_REG ; zhao_texture_v3rq:u_dut|s_d_q[3]                                                                                                       ; clk          ; clk         ; 10.000       ; -1.993     ; 1.234      ;
; 6.714  ; zhao_texture_v3rq:u_dut|zhao_texture_v3bank:u_body|altsyncram:mem_rtl_0|altsyncram_f0p1:auto_generated|ram_block1a0~PORT_B_WRITE_ENABLE_REG ; zhao_texture_v3rq:u_dut|h_d_q[11]_OTERM97                                                                                              ; clk          ; clk         ; 10.000       ; -1.980     ; 1.246      ;
; 6.720  ; zhao_texture_v3rq:u_dut|zhao_texture_v3bank:u_body|altsyncram:mem_rtl_0|altsyncram_f0p1:auto_generated|ram_block1a0~PORT_B_WRITE_ENABLE_REG ; zhao_texture_v3rq:u_dut|s_d_q[2]                                                                                                       ; clk          ; clk         ; 10.000       ; -1.997     ; 1.223      ;
; 6.726  ; zhao_texture_v3rq:u_dut|zhao_texture_v3bank:u_body|altsyncram:mem_rtl_0|altsyncram_f0p1:auto_generated|ram_block1a0~PORT_B_WRITE_ENABLE_REG ; zhao_texture_v3rq:u_dut|h_d_q[3]_OTERM55                                                                                               ; clk          ; clk         ; 10.000       ; -1.981     ; 1.233      ;
; 6.727  ; zhao_texture_v3rq:u_dut|zhao_texture_v3bank:u_body|altsyncram:mem_rtl_0|altsyncram_f0p1:auto_generated|ram_block1a0~PORT_B_WRITE_ENABLE_REG ; zhao_texture_v3rq:u_dut|s_d_q[7]                                                                                                       ; clk          ; clk         ; 10.000       ; -1.999     ; 1.214      ;
; 6.740  ; zhao_texture_v3rq:u_dut|zhao_texture_v3bank:u_body|altsyncram:mem_rtl_0|altsyncram_f0p1:auto_generated|ram_block1a0~PORT_B_WRITE_ENABLE_REG ; zhao_texture_v3rq:u_dut|h_d_q[8]_OTERM115                                                                                              ; clk          ; clk         ; 10.000       ; -1.985     ; 1.215      ;
; 6.743  ; zhao_texture_v3rq:u_dut|zhao_texture_v3bank:u_body|altsyncram:mem_rtl_0|altsyncram_f0p1:auto_generated|ram_block1a0~PORT_B_WRITE_ENABLE_REG ; zhao_texture_v3rq:u_dut|h_d_q[2]_OTERM61                                                                                               ; clk          ; clk         ; 10.000       ; -1.981     ; 1.216      ;
; 6.756  ; zhao_texture_v3rq:u_dut|zhao_texture_v3bank:u_body|altsyncram:mem_rtl_0|altsyncram_f0p1:auto_generated|ram_block1a0~PORT_B_WRITE_ENABLE_REG ; zhao_texture_v3rq:u_dut|s_d_q[5]                                                                                                       ; clk          ; clk         ; 10.000       ; -1.992     ; 1.192      ;
; 6.761  ; zhao_texture_v3rq:u_dut|zhao_texture_v3bank:u_body|altsyncram:mem_rtl_0|altsyncram_f0p1:auto_generated|ram_block1a0~PORT_B_WRITE_ENABLE_REG ; zhao_texture_v3rq:u_dut|h_d_q[7]_OTERM121                                                                                              ; clk          ; clk         ; 10.000       ; -1.985     ; 1.194      ;
; 6.762  ; zhao_texture_v3rq:u_dut|zhao_texture_v3bank:u_body|altsyncram:mem_rtl_0|altsyncram_f0p1:auto_generated|ram_block1a0~PORT_B_WRITE_ENABLE_REG ; zhao_texture_v3rq:u_dut|h_d_q[4]_OTERM79                                                                                               ; clk          ; clk         ; 10.000       ; -1.985     ; 1.193      ;
; 6.773  ; zhao_texture_v3rq:u_dut|zhao_texture_v3bank:u_body|altsyncram:mem_rtl_0|altsyncram_f0p1:auto_generated|ram_block1a0~PORT_B_WRITE_ENABLE_REG ; zhao_texture_v3rq:u_dut|s_d_q[6]                                                                                                       ; clk          ; clk         ; 10.000       ; -1.993     ; 1.174      ;
; 6.782  ; zhao_texture_v3rq:u_dut|zhao_texture_v3bank:u_body|altsyncram:mem_rtl_0|altsyncram_f0p1:auto_generated|ram_block1a0~PORT_B_WRITE_ENABLE_REG ; zhao_texture_v3rq:u_dut|h_d_q[5]_OTERM73                                                                                               ; clk          ; clk         ; 10.000       ; -1.981     ; 1.177      ;
; 6.852  ; zhao_texture_v3rq:u_dut|zhao_texture_v3bank:u_body|altsyncram:mem_rtl_0|altsyncram_f0p1:auto_generated|ram_block1a0~PORT_B_WRITE_ENABLE_REG ; zhao_texture_v3rq:u_dut|s_d_q[13]                                                                                                      ; clk          ; clk         ; 10.000       ; -1.999     ; 1.089      ;
; 6.900  ; zhao_texture_v3rq:u_dut|lcnt_q[6]~DUPLICATE                                                                                                 ; zhao_texture_v3rq:u_dut|lcnt_q[5]                                                                                                      ; clk          ; clk         ; 10.000       ; -0.092     ; 2.948      ;
; 6.907  ; zhao_texture_v3rq:u_dut|lcnt_q[6]~DUPLICATE                                                                                                 ; zhao_texture_v3rq:u_dut|lcnt_q[5]~DUPLICATE                                                                                            ; clk          ; clk         ; 10.000       ; -0.088     ; 2.945      ;
; 6.946  ; zhao_texture_v3rq:u_dut|lcnt_q[6]~DUPLICATE                                                                                                 ; zhao_texture_v3rq:u_dut|lcnt_q[3]                                                                                                      ; clk          ; clk         ; 10.000       ; -0.092     ; 2.902      ;
; 6.988  ; zhao_texture_v3rq:u_dut|h_d_q[1]_OTERM47                                                                                                    ; hash_q[0]                                                                                                                              ; clk          ; clk         ; 10.000       ; -0.092     ; 2.860      ;
; 6.994  ; zhao_texture_v3rq:u_dut|h_d_q[1]_OTERM47                                                                                                    ; hash_q[0]~DUPLICATE                                                                                                                    ; clk          ; clk         ; 10.000       ; -0.088     ; 2.858      ;
; 7.001  ; zhao_texture_v3rq:u_dut|zhao_texture_v3bank:u_body|altsyncram:mem_rtl_0|altsyncram_f0p1:auto_generated|ram_block1a0~PORT_B_WRITE_ENABLE_REG ; zhao_texture_v3rq:u_dut|h_d_q[6]_OTERM67                                                                                               ; clk          ; clk         ; 10.000       ; -1.985     ; 0.954      ;
; 7.009  ; zhao_texture_v3rq:u_dut|zhao_texture_v3bank:u_body|altsyncram:mem_rtl_0|altsyncram_f0p1:auto_generated|ram_block1a0~PORT_B_WRITE_ENABLE_REG ; zhao_texture_v3rq:u_dut|s_d_q[1]                                                                                                       ; clk          ; clk         ; 10.000       ; -1.992     ; 0.939      ;
; 7.009  ; zhao_texture_v3rq:u_dut|zhao_texture_v3bank:u_body|altsyncram:mem_rtl_0|altsyncram_f0p1:auto_generated|ram_block1a0~PORT_B_WRITE_ENABLE_REG ; zhao_texture_v3rq:u_dut|h_d_q[1]_OTERM45                                                                                               ; clk          ; clk         ; 10.000       ; -1.985     ; 0.946      ;
; 7.012  ; zhao_texture_v3rq:u_dut|lcnt_q[6]~DUPLICATE                                                                                                 ; zhao_texture_v3rq:u_dut|lcnt_q[1]                                                                                                      ; clk          ; clk         ; 10.000       ; -0.088     ; 2.840      ;
; 7.029  ; zhao_texture_v3rq:u_dut|lcnt_q[6]~DUPLICATE                                                                                                 ; zhao_texture_v3rq:u_dut|lcnt_q[6]~DUPLICATE                                                                                            ; clk          ; clk         ; 10.000       ; -0.093     ; 2.818      ;
; 7.034  ; zhao_texture_v3rq:u_dut|lcnt_q[6]~DUPLICATE                                                                                                 ; zhao_texture_v3rq:u_dut|lcnt_q[6]                                                                                                      ; clk          ; clk         ; 10.000       ; -0.086     ; 2.820      ;
; 7.075  ; zhao_texture_v3rq:u_dut|zhao_texture_v3bank:u_body|altsyncram:mem_rtl_0|altsyncram_f0p1:auto_generated|ram_block1a0~PORT_B_WRITE_ENABLE_REG ; zhao_texture_v3rq:u_dut|h_d_q[13]_OTERM85                                                                                              ; clk          ; clk         ; 10.000       ; -1.985     ; 0.880      ;
; 7.095  ; zhao_texture_v3rq:u_dut|lcnt_q[6]~DUPLICATE                                                                                                 ; zhao_texture_v3rq:u_dut|lcnt_q[0]                                                                                                      ; clk          ; clk         ; 10.000       ; -0.093     ; 2.752      ;
; 7.121  ; zhao_texture_v3rq:u_dut|lcnt_q[6]~DUPLICATE                                                                                                 ; zhao_texture_v3rq:u_dut|lcnt_q[4]                                                                                                      ; clk          ; clk         ; 10.000       ; -0.086     ; 2.733      ;
; 7.134  ; stim_i[21]                                                                                                                                  ; stim_q[21]                                                                                                                             ; clk          ; clk         ; 10.000       ; 3.309      ; 6.115      ;
; 7.139  ; zhao_texture_v3rq:u_dut|lcnt_q[6]~DUPLICATE                                                                                                 ; zhao_texture_v3rq:u_dut|lcnt_q[2]                                                                                                      ; clk          ; clk         ; 10.000       ; -0.086     ; 2.715      ;
; 7.146  ; zhao_texture_v3rq:u_dut|h_d_q[1]_OTERM47                                                                                                    ; hash_q[7]                                                                                                                              ; clk          ; clk         ; 10.000       ; -0.118     ; 2.676      ;
; 7.150  ; stim_i[6]                                                                                                                                   ; stim_q[6]                                                                                                                              ; clk          ; clk         ; 10.000       ; 3.304      ; 6.094      ;
; 7.187  ; zhao_texture_v3rq:u_dut|h_d_q[1]_OTERM49                                                                                                    ; hash_q[8]~DUPLICATE                                                                                                                    ; clk          ; clk         ; 10.000       ; -0.102     ; 2.651      ;
; 7.192  ; zhao_texture_v3rq:u_dut|h_d_q[1]_OTERM49                                                                                                    ; hash_q[8]                                                                                                                              ; clk          ; clk         ; 10.000       ; -0.095     ; 2.653      ;
; 7.246  ; zhao_texture_v3rq:u_dut|ld_q                                                                                                                ; zhao_texture_v3rq:u_dut|s_v_q                                                                                                          ; clk          ; clk         ; 10.000       ; -0.119     ; 2.575      ;
; 7.255  ; zhao_texture_v3rq:u_dut|h_d_q[1]_OTERM49                                                                                                    ; hash_q[6]                                                                                                                              ; clk          ; clk         ; 10.000       ; -0.126     ; 2.559      ;
; 7.266  ; zhao_texture_v3rq:u_dut|h_d_q[1]_OTERM47                                                                                                    ; hash_q[3]                                                                                                                              ; clk          ; clk         ; 10.000       ; -0.086     ; 2.588      ;
; 7.338  ; stim_i[22]                                                                                                                                  ; stim_q[22]                                                                                                                             ; clk          ; clk         ; 10.000       ; 3.309      ; 5.911      ;
; 7.371  ; zhao_texture_v3rq:u_dut|h_d_q[1]_OTERM47                                                                                                    ; hash_q[10]~DUPLICATE                                                                                                                   ; clk          ; clk         ; 10.000       ; -0.088     ; 2.481      ;
; 7.376  ; zhao_texture_v3rq:u_dut|h_d_q[1]_OTERM47                                                                                                    ; hash_q[10]                                                                                                                             ; clk          ; clk         ; 10.000       ; -0.081     ; 2.483      ;
; 7.401  ; zhao_texture_v3rq:u_dut|h_d_q[1]_OTERM47                                                                                                    ; hash_q[9]                                                                                                                              ; clk          ; clk         ; 10.000       ; -0.082     ; 2.457      ;
; 7.414  ; zhao_texture_v3rq:u_dut|ld_q                                                                                                                ; zhao_texture_v3rq:u_dut|h_v_q                                                                                                          ; clk          ; clk         ; 10.000       ; -0.112     ; 2.414      ;
; 7.451  ; zhao_texture_v3rq:u_dut|lcnt_q[6]~DUPLICATE                                                                                                 ; zhao_texture_v3rq:u_dut|wp_q[0]                                                                                                        ; clk          ; clk         ; 10.000       ; -0.137     ; 2.352      ;
; 7.452  ; zhao_texture_v3rq:u_dut|lcnt_q[6]~DUPLICATE                                                                                                 ; zhao_texture_v3rq:u_dut|wp_q[1]~DUPLICATE                                                                                              ; clk          ; clk         ; 10.000       ; -0.136     ; 2.352      ;
; 7.452  ; zhao_texture_v3rq:u_dut|lcnt_q[6]~DUPLICATE                                                                                                 ; zhao_texture_v3rq:u_dut|wp_q[1]                                                                                                        ; clk          ; clk         ; 10.000       ; -0.136     ; 2.352      ;
; 7.452  ; zhao_texture_v3rq:u_dut|lcnt_q[6]~DUPLICATE                                                                                                 ; zhao_texture_v3rq:u_dut|wp_q[2]                                                                                                        ; clk          ; clk         ; 10.000       ; -0.134     ; 2.354      ;
; 7.452  ; zhao_texture_v3rq:u_dut|lcnt_q[6]~DUPLICATE                                                                                                 ; zhao_texture_v3rq:u_dut|wp_q[5]                                                                                                        ; clk          ; clk         ; 10.000       ; -0.136     ; 2.352      ;
; 7.452  ; zhao_texture_v3rq:u_dut|lcnt_q[6]~DUPLICATE                                                                                                 ; zhao_texture_v3rq:u_dut|wp_q[4]                                                                                                        ; clk          ; clk         ; 10.000       ; -0.134     ; 2.354      ;
; 7.452  ; zhao_texture_v3rq:u_dut|lcnt_q[6]~DUPLICATE                                                                                                 ; zhao_texture_v3rq:u_dut|wp_q[3]                                                                                                        ; clk          ; clk         ; 10.000       ; -0.136     ; 2.352      ;
; 7.452  ; zhao_texture_v3rq:u_dut|lcnt_q[6]~DUPLICATE                                                                                                 ; zhao_texture_v3rq:u_dut|wp_q[6]                                                                                                        ; clk          ; clk         ; 10.000       ; -0.134     ; 2.354      ;
; 7.474  ; zhao_texture_v3rq:u_dut|lcnt_q[6]~DUPLICATE                                                                                                 ; zhao_texture_v3rq:u_dut|zhao_texture_v3bank:u_body|altsyncram:mem_rtl_0|altsyncram_f0p1:auto_generated|ram_block1a0~porta_we_reg       ; clk          ; clk         ; 10.000       ; 1.540      ; 4.006      ;
; 7.550  ; stim_i[26]                                                                                                                                  ; stim_q[26]                                                                                                                             ; clk          ; clk         ; 10.000       ; 3.309      ; 5.699      ;
; 7.553  ; zhao_texture_v3rq:u_dut|h_d_q[1]_OTERM49                                                                                                    ; hash_q[4]                                                                                                                              ; clk          ; clk         ; 10.000       ; -0.102     ; 2.285      ;
; 7.561  ; zhao_texture_v3rq:u_dut|h_d_q[1]_OTERM47                                                                                                    ; hash_q[1]                                                                                                                              ; clk          ; clk         ; 10.000       ; -0.088     ; 2.291      ;
; 7.569  ; zhao_texture_v3rq:u_dut|h_d_q[1]_OTERM47                                                                                                    ; hash_q[2]                                                                                                                              ; clk          ; clk         ; 10.000       ; -0.092     ; 2.279      ;
; 7.575  ; zhao_texture_v3rq:u_dut|h_d_q[1]_OTERM47                                                                                                    ; hash_q[2]~DUPLICATE                                                                                                                    ; clk          ; clk         ; 10.000       ; -0.088     ; 2.277      ;
; 7.589  ; stim_q[20]                                                                                                                                  ; zhao_texture_v3rq:u_dut|zhao_texture_v3bank:u_body|altsyncram:mem_rtl_0|altsyncram_f0p1:auto_generated|ram_block1a0~porta_datain_reg4  ; clk          ; clk         ; 10.000       ; -0.100     ; 2.251      ;
; 7.606  ; zhao_texture_v3rq:u_dut|h_d_q[1]_OTERM47                                                                                                    ; hash_q[11]                                                                                                                             ; clk          ; clk         ; 10.000       ; -0.082     ; 2.252      ;
; 7.683  ; zhao_texture_v3rq:u_dut|h_d_q[12]_OTERM91                                                                                                   ; zhao_texture_v3rq:u_dut|h_d_q[12]_OTERM89                                                                                              ; clk          ; clk         ; 10.000       ; -0.095     ; 2.162      ;
; 7.684  ; zhao_texture_v3rq:u_dut|h_d_q[1]_OTERM47                                                                                                    ; hash_q[5]                                                                                                                              ; clk          ; clk         ; 10.000       ; -0.118     ; 2.138      ;
; 7.693  ; stim_q[18]                                                                                                                                  ; zhao_texture_v3rq:u_dut|zhao_texture_v3bank:u_body|altsyncram:mem_rtl_0|altsyncram_f0p1:auto_generated|ram_block1a0~porta_datain_reg2  ; clk          ; clk         ; 10.000       ; -0.103     ; 2.144      ;
; 7.712  ; stim_q[23]                                                                                                                                  ; zhao_texture_v3rq:u_dut|zhao_texture_v3bank:u_body|altsyncram:mem_rtl_0|altsyncram_f0p1:auto_generated|ram_block1a0~porta_datain_reg7  ; clk          ; clk         ; 10.000       ; -0.095     ; 2.133      ;
; 7.753  ; zhao_texture_v3rq:u_dut|h_d_q[1]_OTERM47                                                                                                    ; hash_q[13]                                                                                                                             ; clk          ; clk         ; 10.000       ; -0.093     ; 2.094      ;
; 7.779  ; stim_q[22]                                                                                                                                  ; zhao_texture_v3rq:u_dut|zhao_texture_v3bank:u_body|altsyncram:mem_rtl_0|altsyncram_f0p1:auto_generated|ram_block1a0~porta_datain_reg6  ; clk          ; clk         ; 10.000       ; -0.097     ; 2.064      ;
; 7.790  ; zhao_texture_v3rq:u_dut|ld_q                                                                                                                ; zhao_texture_v3rq:u_dut|h_d_q[1]_OTERM47                                                                                               ; clk          ; clk         ; 10.000       ; -0.119     ; 2.031      ;
; 7.790  ; zhao_texture_v3rq:u_dut|h_d_q[1]_OTERM49                                                                                                    ; zhao_texture_v3rq:u_dut|h_d_q[8]_OTERM113                                                                                              ; clk          ; clk         ; 10.000       ; -0.100     ; 2.050      ;
; 7.809  ; stim_q[17]                                                                                                                                  ; zhao_texture_v3rq:u_dut|zhao_texture_v3bank:u_body|altsyncram:mem_rtl_0|altsyncram_f0p1:auto_generated|ram_block1a0~porta_datain_reg1  ; clk          ; clk         ; 10.000       ; -0.091     ; 2.040      ;
; 7.810  ; zhao_texture_v3rq:u_dut|h_d_q[12]_OTERM91                                                                                                   ; hash_q[12]                                                                                                                             ; clk          ; clk         ; 10.000       ; -0.100     ; 2.030      ;
; 7.812  ; stim_q[26]                                                                                                                                  ; zhao_texture_v3rq:u_dut|zhao_texture_v3bank:u_body|altsyncram:mem_rtl_0|altsyncram_f0p1:auto_generated|ram_block1a0~porta_datain_reg10 ; clk          ; clk         ; 10.000       ; -0.095     ; 2.033      ;
; 7.821  ; stim_q[24]                                                                                                                                  ; zhao_texture_v3rq:u_dut|zhao_texture_v3bank:u_body|altsyncram:mem_rtl_0|altsyncram_f0p1:auto_generated|ram_block1a0~porta_datain_reg8  ; clk          ; clk         ; 10.000       ; -0.096     ; 2.023      ;
; 7.842  ; zhao_texture_v3rq:u_dut|rp_q[0]                                                                                                             ; zhao_texture_v3rq:u_dut|zhao_texture_v3bank:u_body|altsyncram:mem_rtl_0|altsyncram_f0p1:auto_generated|ram_block1a0~portb_address_reg0 ; clk          ; clk         ; 10.000       ; 0.079      ; 2.177      ;
; 7.868  ; stim_q[28]                                                                                                                                  ; zhao_texture_v3rq:u_dut|zhao_texture_v3bank:u_body|altsyncram:mem_rtl_0|altsyncram_f0p1:auto_generated|ram_block1a0~porta_datain_reg12 ; clk          ; clk         ; 10.000       ; -0.099     ; 1.973      ;
; 7.875  ; stim_q[27]                                                                                                                                  ; zhao_texture_v3rq:u_dut|zhao_texture_v3bank:u_body|altsyncram:mem_rtl_0|altsyncram_f0p1:auto_generated|ram_block1a0~porta_datain_reg11 ; clk          ; clk         ; 10.000       ; -0.095     ; 1.970      ;
; 7.912  ; stim_q[29]                                                                                                                                  ; zhao_texture_v3rq:u_dut|zhao_texture_v3bank:u_body|altsyncram:mem_rtl_0|altsyncram_f0p1:auto_generated|ram_block1a0~porta_datain_reg13 ; clk          ; clk         ; 10.000       ; -0.091     ; 1.937      ;
; 7.918  ; stim_i[23]                                                                                                                                  ; stim_q[23]                                                                                                                             ; clk          ; clk         ; 10.000       ; 3.309      ; 5.331      ;
; 7.967  ; stim_q[19]                                                                                                                                  ; zhao_texture_v3rq:u_dut|zhao_texture_v3bank:u_body|altsyncram:mem_rtl_0|altsyncram_f0p1:auto_generated|ram_block1a0~porta_datain_reg3  ; clk          ; clk         ; 10.000       ; -0.084     ; 1.889      ;
; 7.975  ; stim_q[16]                                                                                                                                  ; zhao_texture_v3rq:u_dut|zhao_texture_v3bank:u_body|altsyncram:mem_rtl_0|altsyncram_f0p1:auto_generated|ram_block1a0~porta_datain_reg0  ; clk          ; clk         ; 10.000       ; -0.084     ; 1.881      ;
; 7.998  ; stim_q[25]                                                                                                                                  ; zhao_texture_v3rq:u_dut|zhao_texture_v3bank:u_body|altsyncram:mem_rtl_0|altsyncram_f0p1:auto_generated|ram_block1a0~porta_datain_reg9  ; clk          ; clk         ; 10.000       ; -0.095     ; 1.847      ;
; 8.003  ; zhao_texture_v3rq:u_dut|rp_q[2]                                                                                                             ; zhao_texture_v3rq:u_dut|zhao_texture_v3bank:u_body|altsyncram:mem_rtl_0|altsyncram_f0p1:auto_generated|ram_block1a0~portb_address_reg2 ; clk          ; clk         ; 10.000       ; -0.163     ; 1.774      ;
; 8.062  ; stim_q[21]                                                                                                                                  ; zhao_texture_v3rq:u_dut|zhao_texture_v3bank:u_body|altsyncram:mem_rtl_0|altsyncram_f0p1:auto_generated|ram_block1a0~porta_datain_reg5  ; clk          ; clk         ; 10.000       ; -0.094     ; 1.784      ;
; 8.130  ; zhao_texture_v3rq:u_dut|ld_q                                                                                                                ; zhao_texture_v3rq:u_dut|h_d_q[1]_OTERM49                                                                                               ; clk          ; clk         ; 10.000       ; -0.108     ; 1.702      ;
; 8.175  ; zhao_texture_v3rq:u_dut|h_d_q[1]_OTERM47                                                                                                    ; zhao_texture_v3rq:u_dut|h_d_q[9]_OTERM107                                                                                              ; clk          ; clk         ; 10.000       ; -0.081     ; 1.684      ;
; 8.178  ; zhao_texture_v3rq:u_dut|h_d_q[1]_OTERM47                                                                                                    ; zhao_texture_v3rq:u_dut|h_d_q[0]_OTERM125                                                                                              ; clk          ; clk         ; 10.000       ; -0.086     ; 1.676      ;
; 8.178  ; zhao_texture_v3rq:u_dut|h_d_q[1]_OTERM47                                                                                                    ; zhao_texture_v3rq:u_dut|h_d_q[10]_OTERM101                                                                                             ; clk          ; clk         ; 10.000       ; -0.086     ; 1.676      ;
; 8.196  ; zhao_texture_v3rq:u_dut|h_d_q[1]_OTERM47                                                                                                    ; zhao_texture_v3rq:u_dut|h_d_q[11]_OTERM95                                                                                              ; clk          ; clk         ; 10.000       ; -0.081     ; 1.663      ;
; 8.228  ; zhao_texture_v3rq:u_dut|wp_q[0]                                                                                                             ; zhao_texture_v3rq:u_dut|zhao_texture_v3bank:u_body|altsyncram:mem_rtl_0|altsyncram_f0p1:auto_generated|ram_block1a0~porta_address_reg0 ; clk          ; clk         ; 10.000       ; 0.112      ; 1.824      ;
; 8.270  ; hash_q[13]                                                                                                                                  ; hash_q[14]                                                                                                                             ; clk          ; clk         ; 10.000       ; -0.110     ; 1.560      ;
; 8.307  ; hash_q[16]                                                                                                                                  ; hash_q[17]~DUPLICATE                                                                                                                   ; clk          ; clk         ; 10.000       ; -0.114     ; 1.519      ;
; 8.312  ; hash_q[16]                                                                                                                                  ; hash_q[17]                                                                                                                             ; clk          ; clk         ; 10.000       ; -0.107     ; 1.521      ;
; 8.318  ; zhao_texture_v3rq:u_dut|wp_q[4]                                                                                                             ; zhao_texture_v3rq:u_dut|zhao_texture_v3bank:u_body|altsyncram:mem_rtl_0|altsyncram_f0p1:auto_generated|ram_block1a0~porta_address_reg4 ; clk          ; clk         ; 10.000       ; -0.153     ; 1.469      ;
; 8.327  ; stim_i[20]                                                                                                                                  ; stim_q[20]                                                                                                                             ; clk          ; clk         ; 10.000       ; 3.316      ; 4.929      ;
; 8.333  ; zhao_texture_v3rq:u_dut|wp_q[3]                                                                                                             ; zhao_texture_v3rq:u_dut|zhao_texture_v3bank:u_body|altsyncram:mem_rtl_0|altsyncram_f0p1:auto_generated|ram_block1a0~porta_address_reg3 ; clk          ; clk         ; 10.000       ; -0.153     ; 1.454      ;
; 8.374  ; zhao_texture_v3rq:u_dut|rp_q[1]                                                                                                             ; zhao_texture_v3rq:u_dut|zhao_texture_v3bank:u_body|altsyncram:mem_rtl_0|altsyncram_f0p1:auto_generated|ram_block1a0~portb_address_reg1 ; clk          ; clk         ; 10.000       ; -0.152     ; 1.414      ;
; 8.391  ; zhao_texture_v3rq:u_dut|h_d_q[1]_OTERM49                                                                                                    ; zhao_texture_v3rq:u_dut|h_d_q[6]_OTERM65                                                                                               ; clk          ; clk         ; 10.000       ; -0.100     ; 1.449      ;
; 8.396  ; zhao_texture_v3rq:u_dut|h_d_q[1]_OTERM47                                                                                                    ; zhao_texture_v3rq:u_dut|h_d_q[3]_OTERM53                                                                                               ; clk          ; clk         ; 10.000       ; -0.092     ; 1.452      ;
; 8.396  ; zhao_texture_v3rq:u_dut|h_d_q[1]_OTERM47                                                                                                    ; zhao_texture_v3rq:u_dut|h_d_q[1]_OTERM43                                                                                               ; clk          ; clk         ; 10.000       ; -0.092     ; 1.452      ;
; 8.398  ; zhao_texture_v3rq:u_dut|h_d_q[1]_OTERM47                                                                                                    ; zhao_texture_v3rq:u_dut|h_d_q[7]_OTERM119                                                                                              ; clk          ; clk         ; 10.000       ; -0.086     ; 1.456      ;
; 8.404  ; zhao_texture_v3rq:u_dut|h_d_q[1]_OTERM47                                                                                                    ; zhao_texture_v3rq:u_dut|h_d_q[2]_OTERM59                                                                                               ; clk          ; clk         ; 10.000       ; -0.086     ; 1.450      ;
; 8.406  ; zhao_texture_v3rq:u_dut|h_d_q[1]_OTERM47                                                                                                    ; zhao_texture_v3rq:u_dut|h_d_q[5]_OTERM71                                                                                               ; clk          ; clk         ; 10.000       ; -0.092     ; 1.442      ;
; 8.415  ; zhao_texture_v3rq:u_dut|h_d_q[1]_OTERM47                                                                                                    ; zhao_texture_v3rq:u_dut|h_d_q[13]_OTERM83                                                                                              ; clk          ; clk         ; 10.000       ; -0.086     ; 1.439      ;
; 8.416  ; hash_q[21]                                                                                                                                  ; hash_q[22]                                                                                                                             ; clk          ; clk         ; 10.000       ; -0.105     ; 1.419      ;
; 8.417  ; zhao_texture_v3rq:u_dut|rp_q[4]                                                                                                             ; zhao_texture_v3rq:u_dut|zhao_texture_v3bank:u_body|altsyncram:mem_rtl_0|altsyncram_f0p1:auto_generated|ram_block1a0~portb_address_reg4 ; clk          ; clk         ; 10.000       ; -0.161     ; 1.362      ;
; 8.419  ; zhao_texture_v3rq:u_dut|h_d_q[1]_OTERM49                                                                                                    ; zhao_texture_v3rq:u_dut|h_d_q[4]_OTERM77                                                                                               ; clk          ; clk         ; 10.000       ; -0.106     ; 1.415      ;
; 8.429  ; zhao_texture_v3rq:u_dut|wp_q[5]                                                                                                             ; zhao_texture_v3rq:u_dut|zhao_texture_v3bank:u_body|altsyncram:mem_rtl_0|altsyncram_f0p1:auto_generated|ram_block1a0~porta_address_reg5 ; clk          ; clk         ; 10.000       ; -0.148     ; 1.363      ;
; 8.434  ; stim_i[8]                                                                                                                                   ; stim_q[8]                                                                                                                              ; clk          ; clk         ; 10.000       ; 3.304      ; 4.810      ;
; 8.439  ; zhao_texture_v3rq:u_dut|rp_q[5]                                                                                                             ; zhao_texture_v3rq:u_dut|zhao_texture_v3bank:u_body|altsyncram:mem_rtl_0|altsyncram_f0p1:auto_generated|ram_block1a0~portb_address_reg5 ; clk          ; clk         ; 10.000       ; -0.154     ; 1.347      ;
; 8.458  ; zhao_texture_v3rq:u_dut|s_d_q[12]                                                                                                           ; zhao_texture_v3rq:u_dut|h_d_q[12]_OTERM93                                                                                              ; clk          ; clk         ; 10.000       ; -0.094     ; 1.388      ;
; 8.467  ; zhao_texture_v3rq:u_dut|s_d_q[8]                                                                                                            ; zhao_texture_v3rq:u_dut|h_d_q[8]_OTERM117                                                                                              ; clk          ; clk         ; 10.000       ; -0.089     ; 1.384      ;
; 8.475  ; zhao_texture_v3rq:u_dut|wp_q[2]                                                                                                             ; zhao_texture_v3rq:u_dut|zhao_texture_v3bank:u_body|altsyncram:mem_rtl_0|altsyncram_f0p1:auto_generated|ram_block1a0~porta_address_reg2 ; clk          ; clk         ; 10.000       ; -0.153     ; 1.312      ;
; 8.518  ; zhao_texture_v3rq:u_dut|wp_q[1]                                                                                                             ; zhao_texture_v3rq:u_dut|zhao_texture_v3bank:u_body|altsyncram:mem_rtl_0|altsyncram_f0p1:auto_generated|ram_block1a0~porta_address_reg1 ; clk          ; clk         ; 10.000       ; -0.152     ; 1.270      ;
; 8.550  ; zhao_texture_v3rq:u_dut|s_d_q[4]                                                                                                            ; zhao_texture_v3rq:u_dut|h_d_q[4]_OTERM81                                                                                               ; clk          ; clk         ; 10.000       ; -0.088     ; 1.302      ;
; 8.590  ; zhao_texture_v3rq:u_dut|rp_q[3]                                                                                                             ; zhao_texture_v3rq:u_dut|zhao_texture_v3bank:u_body|altsyncram:mem_rtl_0|altsyncram_f0p1:auto_generated|ram_block1a0~portb_address_reg3 ; clk          ; clk         ; 10.000       ; -0.156     ; 1.194      ;
; 8.596  ; zhao_texture_v3rq:u_dut|s_d_q[1]                                                                                                            ; zhao_texture_v3rq:u_dut|h_d_q[1]_OTERM51                                                                                               ; clk          ; clk         ; 10.000       ; -0.107     ; 1.237      ;
; 8.622  ; zhao_texture_v3rq:u_dut|s_d_q[7]                                                                                                            ; zhao_texture_v3rq:u_dut|h_d_q[7]_OTERM123                                                                                              ; clk          ; clk         ; 10.000       ; -0.101     ; 1.217      ;
; 8.629  ; zhao_texture_v3rq:u_dut|s_d_q[3]                                                                                                            ; zhao_texture_v3rq:u_dut|h_d_q[3]_OTERM57                                                                                               ; clk          ; clk         ; 10.000       ; -0.112     ; 1.199      ;
; 8.638  ; zhao_texture_v3rq:u_dut|s_d_q[13]                                                                                                           ; zhao_texture_v3rq:u_dut|h_d_q[13]_OTERM87                                                                                              ; clk          ; clk         ; 10.000       ; -0.101     ; 1.201      ;
; 8.691  ; hash_q[27]                                                                                                                                  ; hash_q[28]                                                                                                                             ; clk          ; clk         ; 10.000       ; -0.092     ; 1.157      ;
; 8.706  ; hash_q[18]                                                                                                                                  ; hash_q[19]                                                                                                                             ; clk          ; clk         ; 10.000       ; -0.088     ; 1.146      ;
; 8.736  ; zhao_texture_v3rq:u_dut|s_d_q[0]                                                                                                            ; zhao_texture_v3rq:u_dut|h_d_q[0]_OTERM129                                                                                              ; clk          ; clk         ; 10.000       ; -0.087     ; 1.117      ;
; 8.760  ; hash_q[19]                                                                                                                                  ; hash_q[20]                                                                                                                             ; clk          ; clk         ; 10.000       ; -0.096     ; 1.084      ;
; 8.773  ; hash_q[15]                                                                                                                                  ; hash_q[16]                                                                                                                             ; clk          ; clk         ; 10.000       ; -0.089     ; 1.078      ;
; 8.788  ; stim_i[13]                                                                                                                                  ; stim_q[13]                                                                                                                             ; clk          ; clk         ; 10.000       ; 3.304      ; 4.456      ;
; 8.811  ; hash_q[20]                                                                                                                                  ; hash_q[21]                                                                                                                             ; clk          ; clk         ; 10.000       ; -0.100     ; 1.029      ;
; 8.817  ; hash_q[29]                                                                                                                                  ; hash_q[30]                                                                                                                             ; clk          ; clk         ; 10.000       ; -0.092     ; 1.031      ;
; 8.822  ; zhao_texture_v3rq:u_dut|s_d_q[6]                                                                                                            ; zhao_texture_v3rq:u_dut|h_d_q[6]_OTERM69                                                                                               ; clk          ; clk         ; 10.000       ; -0.099     ; 1.019      ;
; 8.842  ; zhao_texture_v3rq:u_dut|s_d_q[9]                                                                                                            ; zhao_texture_v3rq:u_dut|h_d_q[9]_OTERM111                                                                                              ; clk          ; clk         ; 10.000       ; -0.085     ; 1.013      ;
; 8.875  ; zhao_texture_v3rq:u_dut|s_d_q[10]                                                                                                           ; zhao_texture_v3rq:u_dut|h_d_q[10]_OTERM105                                                                                             ; clk          ; clk         ; 10.000       ; -0.100     ; 0.965      ;
; 8.922  ; zhao_texture_v3rq:u_dut|s_d_q[11]                                                                                                           ; zhao_texture_v3rq:u_dut|h_d_q[11]_OTERM99                                                                                              ; clk          ; clk         ; 10.000       ; -0.086     ; 0.932      ;
; 8.927  ; zhao_texture_v3rq:u_dut|s_d_q[5]                                                                                                            ; zhao_texture_v3rq:u_dut|h_d_q[5]_OTERM75                                                                                               ; clk          ; clk         ; 10.000       ; -0.103     ; 0.910      ;
; 8.932  ; hash_q[28]                                                                                                                                  ; hash_q[29]                                                                                                                             ; clk          ; clk         ; 10.000       ; -0.095     ; 0.913      ;
; 8.984  ; zhao_texture_v3rq:u_dut|s_d_q[2]                                                                                                            ; zhao_texture_v3rq:u_dut|h_d_q[2]_OTERM63                                                                                               ; clk          ; clk         ; 10.000       ; -0.099     ; 0.857      ;
; 8.986  ; hash_q[24]                                                                                                                                  ; hash_q[25]                                                                                                                             ; clk          ; clk         ; 10.000       ; -0.099     ; 0.855      ;
; 8.989  ; hash_q[23]                                                                                                                                  ; hash_q[24]                                                                                                                             ; clk          ; clk         ; 10.000       ; -0.087     ; 0.864      ;
; 8.990  ; hash_q[17]                                                                                                                                  ; hash_q[18]                                                                                                                             ; clk          ; clk         ; 10.000       ; -0.100     ; 0.850      ;
; 8.991  ; hash_q[25]                                                                                                                                  ; hash_q[26]                                                                                                                             ; clk          ; clk         ; 10.000       ; -0.094     ; 0.855      ;
; 9.004  ; hash_q[30]                                                                                                                                  ; hash_q[31]                                                                                                                             ; clk          ; clk         ; 10.000       ; -0.095     ; 0.841      ;
; 9.009  ; hash_q[14]                                                                                                                                  ; hash_q[15]                                                                                                                             ; clk          ; clk         ; 10.000       ; -0.100     ; 0.831      ;
; 9.010  ; hash_q[22]                                                                                                                                  ; hash_q[23]                                                                                                                             ; clk          ; clk         ; 10.000       ; -0.099     ; 0.831      ;
; 9.082  ; hash_q[26]                                                                                                                                  ; hash_q[27]                                                                                                                             ; clk          ; clk         ; 10.000       ; -0.087     ; 0.771      ;
; 9.644  ; stim_i[19]                                                                                                                                  ; stim_q[19]                                                                                                                             ; clk          ; clk         ; 10.000       ; 3.316      ; 3.612      ;
; 10.035 ; stim_i[18]                                                                                                                                  ; stim_q[18]                                                                                                                             ; clk          ; clk         ; 10.000       ; 3.316      ; 3.221      ;
; 10.256 ; stim_i[7]                                                                                                                                   ; stim_q[7]                                                                                                                              ; clk          ; clk         ; 10.000       ; 3.304      ; 2.988      ;
; 10.286 ; stim_i[12]                                                                                                                                  ; stim_q[12]                                                                                                                             ; clk          ; clk         ; 10.000       ; 3.304      ; 2.958      ;
; 10.401 ; stim_i[11]                                                                                                                                  ; stim_q[11]                                                                                                                             ; clk          ; clk         ; 10.000       ; 3.304      ; 2.843      ;
; 10.474 ; stim_i[4]                                                                                                                                   ; stim_q[4]                                                                                                                              ; clk          ; clk         ; 10.000       ; 3.310      ; 2.776      ;
; 10.509 ; stim_i[24]                                                                                                                                  ; stim_q[24]                                                                                                                             ; clk          ; clk         ; 10.000       ; 3.309      ; 2.740      ;
; 10.600 ; stim_i[16]                                                                                                                                  ; stim_q[16]                                                                                                                             ; clk          ; clk         ; 10.000       ; 3.310      ; 2.650      ;
; 10.922 ; stim_i[29]                                                                                                                                  ; stim_q[29]                                                                                                                             ; clk          ; clk         ; 10.000       ; 3.309      ; 2.327      ;
; 11.005 ; stim_i[17]                                                                                                                                  ; stim_q[17]                                                                                                                             ; clk          ; clk         ; 10.000       ; 3.309      ; 2.244      ;
; 11.117 ; stim_i[28]                                                                                                                                  ; stim_q[28]                                                                                                                             ; clk          ; clk         ; 10.000       ; 3.309      ; 2.132      ;
; 11.365 ; stim_i[2]                                                                                                                                   ; stim_q[2]                                                                                                                              ; clk          ; clk         ; 10.000       ; 3.310      ; 1.885      ;
; 11.468 ; stim_i[9]                                                                                                                                   ; stim_q[9]                                                                                                                              ; clk          ; clk         ; 10.000       ; 3.304      ; 1.776      ;
; 12.290 ; stim_i[25]                                                                                                                                  ; stim_q[25]                                                                                                                             ; clk          ; clk         ; 10.000       ; 3.309      ; 0.959      ;
; 12.299 ; stim_i[27]                                                                                                                                  ; stim_q[27]                                                                                                                             ; clk          ; clk         ; 10.000       ; 3.309      ; 0.950      ;
+--------+---------------------------------------------------------------------------------------------------------------------------------------------+----------------------------------------------------------------------------------------------------------------------------------------+--------------+-------------+--------------+------------+------------+
