+---------------------------------------------------------------------------------------------------------------------------------------------------+
; Report Timing                                                                                                                                     ;
+-------+----------------------------------+----------------------------------+--------------+-------------+--------------+------------+------------+
; Slack ; From Node                        ; To Node                          ; Launch Clock ; Latch Clock ; Relationship ; Clock Skew ; Data Delay ;
+-------+----------------------------------+----------------------------------+--------------+-------------+--------------+------------+------------+
; 1.741 ; pass_q~DUPLICATE                 ; mg_fine_h_o[4]                   ; clk          ; clk         ; 10.000       ; -6.034     ; 2.165      ;
; 1.751 ; pass_q~DUPLICATE                 ; mg_fine_h_o[14]                  ; clk          ; clk         ; 10.000       ; -6.034     ; 2.155      ;
; 1.758 ; pass_q~DUPLICATE                 ; mg_fine_h_o[11]                  ; clk          ; clk         ; 10.000       ; -6.034     ; 2.148      ;
; 1.761 ; pass_q~DUPLICATE                 ; mg_fine_h_o[10]                  ; clk          ; clk         ; 10.000       ; -6.034     ; 2.145      ;
; 1.826 ; pass_q~DUPLICATE                 ; mg_fine_h_o[15]                  ; clk          ; clk         ; 10.000       ; -6.034     ; 2.080      ;
; 1.831 ; pass_q~DUPLICATE                 ; mg_fine_h_o[1]                   ; clk          ; clk         ; 10.000       ; -6.034     ; 2.075      ;
; 1.860 ; pass_q~DUPLICATE                 ; mg_fine_h_o[5]                   ; clk          ; clk         ; 10.000       ; -6.034     ; 2.046      ;
; 1.993 ; pass_q~DUPLICATE                 ; mg_fine_h_o[2]                   ; clk          ; clk         ; 10.000       ; -6.034     ; 1.913      ;
; 2.005 ; pass_q~DUPLICATE                 ; mg_fine_h_o[13]                  ; clk          ; clk         ; 10.000       ; -6.034     ; 1.901      ;
; 2.070 ; pass_q~DUPLICATE                 ; mg_fine_h_o[7]                   ; clk          ; clk         ; 10.000       ; -6.034     ; 1.836      ;
; 2.074 ; pass_q~DUPLICATE                 ; mg_fine_h_o[0]                   ; clk          ; clk         ; 10.000       ; -6.034     ; 1.832      ;
; 2.143 ; pass_q~DUPLICATE                 ; mg_fine_h_o[9]                   ; clk          ; clk         ; 10.000       ; -6.034     ; 1.763      ;
; 2.152 ; pass_q~DUPLICATE                 ; mg_fine_h_o[6]                   ; clk          ; clk         ; 10.000       ; -6.034     ; 1.754      ;
; 2.390 ; ps_done_valid_i                  ; pass_q                           ; clk          ; clk         ; 10.000       ; 3.334      ; 10.884     ;
; 2.395 ; ps_done_valid_i                  ; state_q.S_REQ                    ; clk          ; clk         ; 10.000       ; 3.338      ; 10.883     ;
; 2.396 ; ps_done_valid_i                  ; pass_q~DUPLICATE                 ; clk          ; clk         ; 10.000       ; 3.338      ; 10.882     ;
; 2.411 ; pass_q~DUPLICATE                 ; mg_fine_h_o[8]                   ; clk          ; clk         ; 10.000       ; -6.034     ; 1.495      ;
; 2.478 ; ps_done_valid_i                  ; ok_q                             ; clk          ; clk         ; 10.000       ; 3.338      ; 10.800     ;
; 2.488 ; pass_q~DUPLICATE                 ; mg_fine_h_o[12]                  ; clk          ; clk         ; 10.000       ; -6.034     ; 1.418      ;
; 2.494 ; pass_q~DUPLICATE                 ; mg_fine_h_o[3]                   ; clk          ; clk         ; 10.000       ; -6.034     ; 1.412      ;
; 2.553 ; j_crc_i[4]                       ; crc_q[4]                         ; clk          ; clk         ; 10.000       ; 3.312      ; 10.699     ;
; 2.557 ; ps_done_valid_i                  ; state_q.S_WAITMG                 ; clk          ; clk         ; 10.000       ; 3.333      ; 10.716     ;
; 2.598 ; state_q.S_PASS~DUPLICATE         ; v_ready_o                        ; clk          ; clk         ; 10.000       ; -6.029     ; 1.313      ;
; 2.627 ; src_q[11]                        ; ps_src_id_o[11]                  ; clk          ; clk         ; 10.000       ; -6.032     ; 1.281      ;
; 2.642 ; src_q[11]                        ; fin_src_id_o[11]                 ; clk          ; clk         ; 10.000       ; -6.032     ; 1.266      ;
; 2.647 ; j_src_id_i[23]                   ; src_q[23]                        ; clk          ; clk         ; 10.000       ; 3.318      ; 10.611     ;
; 2.685 ; ps_done_valid_i                  ; state_q.S_PSDONE                 ; clk          ; clk         ; 10.000       ; 3.334      ; 10.589     ;
; 2.691 ; ps_done_valid_i                  ; state_q.S_PSDONE~DUPLICATE       ; clk          ; clk         ; 10.000       ; 3.338      ; 10.587     ;
; 2.729 ; j_slot_i[0]                      ; slot_q[0]                        ; clk          ; clk         ; 10.000       ; 3.313      ; 10.524     ;
; 2.771 ; slot_q[5]                        ; fin_slot_o[5]                    ; clk          ; clk         ; 10.000       ; -6.032     ; 1.137      ;
; 2.774 ; slot_q[5]                        ; ps_slot_o[5]                     ; clk          ; clk         ; 10.000       ; -6.032     ; 1.134      ;
; 2.774 ; slot_q[5]                        ; mg_job_slot_o[5]                 ; clk          ; clk         ; 10.000       ; -6.032     ; 1.134      ;
; 2.844 ; samples_sent_o[20]~reg0          ; samples_sent_o[20]               ; clk          ; clk         ; 10.000       ; -5.963     ; 1.133      ;
; 2.860 ; pages_faulted_o[10]~reg0         ; pages_faulted_o[10]              ; clk          ; clk         ; 10.000       ; -5.956     ; 1.124      ;
; 2.864 ; epoch_q[8]                       ; ps_epoch_o[8]                    ; clk          ; clk         ; 10.000       ; -6.030     ; 1.046      ;
; 2.869 ; epoch_q[10]                      ; ps_epoch_o[10]                   ; clk          ; clk         ; 10.000       ; -6.032     ; 1.039      ;
; 2.873 ; epoch_q[8]                       ; fin_epoch_o[8]                   ; clk          ; clk         ; 10.000       ; -6.030     ; 1.037      ;
; 2.873 ; crc_q[18]                        ; fin_crc_o[18]                    ; clk          ; clk         ; 10.000       ; -6.026     ; 1.041      ;
; 2.876 ; epoch_q[10]                      ; fin_epoch_o[10]                  ; clk          ; clk         ; 10.000       ; -6.032     ; 1.032      ;
; 2.886 ; epoch_q[8]                       ; mg_job_epoch_o[8]                ; clk          ; clk         ; 10.000       ; -6.030     ; 1.024      ;
; 2.890 ; epoch_q[23]                      ; fin_epoch_o[23]                  ; clk          ; clk         ; 10.000       ; -6.031     ; 1.019      ;
; 2.891 ; slot_q[6]                        ; ps_slot_o[6]                     ; clk          ; clk         ; 10.000       ; -6.026     ; 1.023      ;
; 2.891 ; epoch_q[10]                      ; mg_job_epoch_o[10]               ; clk          ; clk         ; 10.000       ; -6.032     ; 1.017      ;
; 2.902 ; slot_q[10]                       ; fin_slot_o[10]                   ; clk          ; clk         ; 10.000       ; -6.032     ; 1.006      ;
; 2.911 ; mg_fine_ready_i                  ; state_q.S_START~DUPLICATE        ; clk          ; clk         ; 10.000       ; 3.334      ; 10.363     ;
; 2.913 ; epoch_q[23]                      ; ps_epoch_o[23]                   ; clk          ; clk         ; 10.000       ; -6.031     ; 0.996      ;
; 2.913 ; epoch_q[23]                      ; mg_job_epoch_o[23]               ; clk          ; clk         ; 10.000       ; -6.031     ; 0.996      ;
; 2.913 ; gen_q[1]                         ; fin_gen_o[1]                     ; clk          ; clk         ; 10.000       ; -6.026     ; 1.001      ;
; 2.914 ; j_epoch_i[7]                     ; epoch_q[7]                       ; clk          ; clk         ; 10.000       ; 3.323      ; 10.349     ;
; 2.916 ; slot_q[10]                       ; ps_slot_o[10]                    ; clk          ; clk         ; 10.000       ; -6.032     ; 0.992      ;
; 2.916 ; gen_q[0]                         ; mg_job_gen_o[0]                  ; clk          ; clk         ; 10.000       ; -6.032     ; 0.992      ;
; 2.917 ; mg_fine_ready_i                  ; state_q.S_START                  ; clk          ; clk         ; 10.000       ; 3.338      ; 10.361     ;
; 2.917 ; slot_q[10]                       ; mg_job_slot_o[10]                ; clk          ; clk         ; 10.000       ; -6.032     ; 0.991      ;
; 2.918 ; slot_q[6]                        ; fin_slot_o[6]                    ; clk          ; clk         ; 10.000       ; -6.026     ; 0.996      ;
; 2.927 ; gen_q[1]                         ; mg_job_gen_o[1]                  ; clk          ; clk         ; 10.000       ; -6.026     ; 0.987      ;
; 2.929 ; gen_q[0]                         ; fin_gen_o[0]                     ; clk          ; clk         ; 10.000       ; -6.032     ; 0.979      ;
; 2.929 ; pages_faulted_o[30]~reg0         ; pages_faulted_o[30]              ; clk          ; clk         ; 10.000       ; -5.956     ; 1.055      ;
; 2.931 ; gen_q[1]                         ; ps_gen_o[1]                      ; clk          ; clk         ; 10.000       ; -6.026     ; 0.983      ;
; 2.932 ; slot_q[6]                        ; mg_job_slot_o[6]                 ; clk          ; clk         ; 10.000       ; -6.026     ; 0.982      ;
; 2.934 ; state_q.S_PSDONE~DUPLICATE       ; ps_done_ready_o                  ; clk          ; clk         ; 10.000       ; -6.034     ; 0.972      ;
; 2.946 ; state_q.S_REQ                    ; ps_valid_o                       ; clk          ; clk         ; 10.000       ; -6.034     ; 0.960      ;
; 2.955 ; j_src_id_i[27]                   ; src_q[27]                        ; clk          ; clk         ; 10.000       ; 3.320      ; 10.305     ;
; 2.961 ; epoch_q[14]                      ; mg_job_epoch_o[14]               ; clk          ; clk         ; 10.000       ; -6.032     ; 0.947      ;
; 2.961 ; epoch_q[14]                      ; fin_epoch_o[14]                  ; clk          ; clk         ; 10.000       ; -6.032     ; 0.947      ;
; 2.968 ; epoch_q[14]                      ; ps_epoch_o[14]                   ; clk          ; clk         ; 10.000       ; -6.032     ; 0.940      ;
; 2.970 ; j_src_id_i[18]                   ; src_q[18]                        ; clk          ; clk         ; 10.000       ; 3.315      ; 10.285     ;
; 2.974 ; ok_q                             ; fin_ok_o                         ; clk          ; clk         ; 10.000       ; -6.034     ; 0.932      ;
; 2.982 ; src_q[15]                        ; ps_src_id_o[15]                  ; clk          ; clk         ; 10.000       ; -6.027     ; 0.931      ;
; 2.983 ; slot_q[9]                        ; fin_slot_o[9]                    ; clk          ; clk         ; 10.000       ; -6.026     ; 0.931      ;
; 3.000 ; src_q[15]                        ; fin_src_id_o[15]                 ; clk          ; clk         ; 10.000       ; -6.027     ; 0.913      ;
; 3.007 ; epoch_q[22]                      ; ps_epoch_o[22]                   ; clk          ; clk         ; 10.000       ; -6.033     ; 0.900      ;
; 3.010 ; j_slot_i[10]                     ; slot_q[10]                       ; clk          ; clk         ; 10.000       ; 3.319      ; 10.249     ;
; 3.011 ; epoch_q[22]                      ; fin_epoch_o[22]                  ; clk          ; clk         ; 10.000       ; -6.033     ; 0.896      ;
; 3.013 ; slot_q[9]                        ; ps_slot_o[9]                     ; clk          ; clk         ; 10.000       ; -6.026     ; 0.901      ;
; 3.013 ; slot_q[9]                        ; mg_job_slot_o[9]                 ; clk          ; clk         ; 10.000       ; -6.026     ; 0.901      ;
; 3.024 ; epoch_q[22]                      ; mg_job_epoch_o[22]               ; clk          ; clk         ; 10.000       ; -6.033     ; 0.883      ;
; 3.032 ; j_epoch_i[19]                    ; epoch_q[19]                      ; clk          ; clk         ; 10.000       ; 3.323      ; 10.231     ;
; 3.039 ; epoch_q[12]                      ; ps_epoch_o[12]                   ; clk          ; clk         ; 10.000       ; -6.034     ; 0.867      ;
; 3.040 ; epoch_q[15]                      ; fin_epoch_o[15]                  ; clk          ; clk         ; 10.000       ; -6.030     ; 0.870      ;
; 3.041 ; epoch_q[7]                       ; mg_job_epoch_o[7]                ; clk          ; clk         ; 10.000       ; -6.037     ; 0.862      ;
; 3.047 ; epoch_q[7]                       ; ps_epoch_o[7]                    ; clk          ; clk         ; 10.000       ; -6.037     ; 0.856      ;
; 3.049 ; pages_mipped_o[7]~reg0           ; pages_mipped_o[7]                ; clk          ; clk         ; 10.000       ; -5.960     ; 0.931      ;
; 3.051 ; j_src_id_i[2]                    ; src_q[2]                         ; clk          ; clk         ; 10.000       ; 3.315      ; 10.204     ;
; 3.051 ; pages_mipped_o[6]~reg0           ; pages_mipped_o[6]                ; clk          ; clk         ; 10.000       ; -5.958     ; 0.931      ;
; 3.053 ; epoch_q[15]                      ; mg_job_epoch_o[15]               ; clk          ; clk         ; 10.000       ; -6.030     ; 0.857      ;
; 3.055 ; epoch_q[15]                      ; ps_epoch_o[15]                   ; clk          ; clk         ; 10.000       ; -6.030     ; 0.855      ;
; 3.056 ; src_q[2]                         ; fin_src_id_o[2]                  ; clk          ; clk         ; 10.000       ; -6.027     ; 0.857      ;
; 3.062 ; src_q[14]                        ; ps_src_id_o[14]                  ; clk          ; clk         ; 10.000       ; -6.028     ; 0.850      ;
; 3.063 ; epoch_q[7]                       ; fin_epoch_o[7]                   ; clk          ; clk         ; 10.000       ; -6.037     ; 0.840      ;
; 3.063 ; epoch_q[20]                      ; fin_epoch_o[20]                  ; clk          ; clk         ; 10.000       ; -6.037     ; 0.840      ;
; 3.066 ; src_q[14]                        ; fin_src_id_o[14]                 ; clk          ; clk         ; 10.000       ; -6.028     ; 0.846      ;
; 3.067 ; epoch_q[12]                      ; mg_job_epoch_o[12]               ; clk          ; clk         ; 10.000       ; -6.034     ; 0.839      ;
; 3.067 ; epoch_q[12]                      ; fin_epoch_o[12]                  ; clk          ; clk         ; 10.000       ; -6.034     ; 0.839      ;
; 3.068 ; src_q[2]                         ; ps_src_id_o[2]                   ; clk          ; clk         ; 10.000       ; -6.027     ; 0.845      ;
; 3.069 ; epoch_q[11]                      ; mg_job_epoch_o[11]               ; clk          ; clk         ; 10.000       ; -6.032     ; 0.839      ;
; 3.072 ; src_q[26]                        ; ps_src_id_o[26]                  ; clk          ; clk         ; 10.000       ; -6.031     ; 0.837      ;
; 3.073 ; j_slot_i[9]                      ; slot_q[9]                        ; clk          ; clk         ; 10.000       ; 3.313      ; 10.180     ;
; 3.076 ; j_epoch_i[15]                    ; epoch_q[15]                      ; clk          ; clk         ; 10.000       ; 3.318      ; 10.182     ;
; 3.076 ; src_q[3]                         ; fin_src_id_o[3]                  ; clk          ; clk         ; 10.000       ; -6.029     ; 0.835      ;
; 3.077 ; j_crc_i[9]                       ; crc_q[9]                         ; clk          ; clk         ; 10.000       ; 3.313      ; 10.176     ;
; 3.080 ; src_q[26]                        ; fin_src_id_o[26]                 ; clk          ; clk         ; 10.000       ; -6.031     ; 0.829      ;
; 3.080 ; pages_mipped_o[5]~reg0DUPLICATE  ; pages_mipped_o[5]                ; clk          ; clk         ; 10.000       ; -5.965     ; 0.895      ;
; 3.082 ; epoch_q[20]                      ; ps_epoch_o[20]                   ; clk          ; clk         ; 10.000       ; -6.037     ; 0.821      ;
; 3.082 ; epoch_q[20]                      ; mg_job_epoch_o[20]               ; clk          ; clk         ; 10.000       ; -6.037     ; 0.821      ;
; 3.082 ; state_q.S_PASS                   ; mg_fine_valid_o                  ; clk          ; clk         ; 10.000       ; -6.034     ; 0.824      ;
; 3.082 ; state_q.S_FIN~DUPLICATE          ; fin_valid_o                      ; clk          ; clk         ; 10.000       ; -6.028     ; 0.830      ;
; 3.083 ; epoch_q[11]                      ; ps_epoch_o[11]                   ; clk          ; clk         ; 10.000       ; -6.032     ; 0.825      ;
; 3.084 ; j_epoch_i[27]                    ; epoch_q[27]                      ; clk          ; clk         ; 10.000       ; 3.313      ; 10.169     ;
; 3.093 ; src_q[3]                         ; ps_src_id_o[3]                   ; clk          ; clk         ; 10.000       ; -6.029     ; 0.818      ;
; 3.095 ; epoch_q[9]                       ; ps_epoch_o[9]                    ; clk          ; clk         ; 10.000       ; -6.026     ; 0.819      ;
; 3.096 ; epoch_q[9]                       ; fin_epoch_o[9]                   ; clk          ; clk         ; 10.000       ; -6.026     ; 0.818      ;
; 3.098 ; src_q[16]                        ; ps_src_id_o[16]                  ; clk          ; clk         ; 10.000       ; -6.029     ; 0.813      ;
; 3.101 ; src_q[29]                        ; ps_src_id_o[29]                  ; clk          ; clk         ; 10.000       ; -6.031     ; 0.808      ;
; 3.102 ; src_q[18]                        ; ps_src_id_o[18]                  ; clk          ; clk         ; 10.000       ; -6.027     ; 0.811      ;
; 3.105 ; epoch_q[9]                       ; mg_job_epoch_o[9]                ; clk          ; clk         ; 10.000       ; -6.026     ; 0.809      ;
; 3.106 ; epoch_q[17]                      ; ps_epoch_o[17]                   ; clk          ; clk         ; 10.000       ; -6.032     ; 0.802      ;
; 3.106 ; src_q[31]                        ; ps_src_id_o[31]                  ; clk          ; clk         ; 10.000       ; -6.031     ; 0.803      ;
; 3.109 ; epoch_q[2]                       ; mg_job_epoch_o[2]                ; clk          ; clk         ; 10.000       ; -6.030     ; 0.801      ;
; 3.109 ; epoch_q[2]                       ; fin_epoch_o[2]                   ; clk          ; clk         ; 10.000       ; -6.030     ; 0.801      ;
; 3.112 ; epoch_q[11]                      ; fin_epoch_o[11]                  ; clk          ; clk         ; 10.000       ; -6.032     ; 0.796      ;
; 3.114 ; epoch_q[17]                      ; fin_epoch_o[17]                  ; clk          ; clk         ; 10.000       ; -6.032     ; 0.794      ;
; 3.115 ; gen_q[0]                         ; ps_gen_o[0]                      ; clk          ; clk         ; 10.000       ; -6.032     ; 0.793      ;
; 3.116 ; src_q[18]                        ; fin_src_id_o[18]                 ; clk          ; clk         ; 10.000       ; -6.027     ; 0.797      ;
; 3.119 ; src_q[16]                        ; fin_src_id_o[16]                 ; clk          ; clk         ; 10.000       ; -6.029     ; 0.792      ;
; 3.120 ; src_q[19]                        ; ps_src_id_o[19]                  ; clk          ; clk         ; 10.000       ; -6.031     ; 0.789      ;
; 3.123 ; j_crc_i[6]                       ; crc_q[6]                         ; clk          ; clk         ; 10.000       ; 3.318      ; 10.135     ;
; 3.123 ; crc_q[8]                         ; fin_crc_o[8]                     ; clk          ; clk         ; 10.000       ; -6.031     ; 0.786      ;
; 3.123 ; src_q[31]                        ; fin_src_id_o[31]                 ; clk          ; clk         ; 10.000       ; -6.031     ; 0.786      ;
; 3.123 ; pages_mipped_o[1]~reg0DUPLICATE  ; pages_mipped_o[1]                ; clk          ; clk         ; 10.000       ; -5.965     ; 0.852      ;
; 3.124 ; pages_mipped_o[2]~reg0DUPLICATE  ; pages_mipped_o[2]                ; clk          ; clk         ; 10.000       ; -5.958     ; 0.858      ;
; 3.124 ; pages_mipped_o[4]~reg0DUPLICATE  ; pages_mipped_o[4]                ; clk          ; clk         ; 10.000       ; -5.958     ; 0.858      ;
; 3.125 ; epoch_q[26]                      ; ps_epoch_o[26]                   ; clk          ; clk         ; 10.000       ; -6.032     ; 0.783      ;
; 3.125 ; epoch_q[3]                       ; fin_epoch_o[3]                   ; clk          ; clk         ; 10.000       ; -6.032     ; 0.783      ;
; 3.127 ; epoch_q[17]                      ; mg_job_epoch_o[17]               ; clk          ; clk         ; 10.000       ; -6.032     ; 0.781      ;
; 3.128 ; slot_q[8]                        ; fin_slot_o[8]                    ; clk          ; clk         ; 10.000       ; -6.034     ; 0.778      ;
; 3.128 ; src_q[25]                        ; fin_src_id_o[25]                 ; clk          ; clk         ; 10.000       ; -6.025     ; 0.787      ;
; 3.129 ; epoch_q[26]                      ; fin_epoch_o[26]                  ; clk          ; clk         ; 10.000       ; -6.032     ; 0.779      ;
; 3.130 ; src_q[29]                        ; fin_src_id_o[29]                 ; clk          ; clk         ; 10.000       ; -6.031     ; 0.779      ;
; 3.135 ; src_q[19]                        ; fin_src_id_o[19]                 ; clk          ; clk         ; 10.000       ; -6.031     ; 0.774      ;
; 3.139 ; slot_q[8]                        ; ps_slot_o[8]                     ; clk          ; clk         ; 10.000       ; -6.034     ; 0.767      ;
; 3.139 ; epoch_q[3]                       ; mg_job_epoch_o[3]                ; clk          ; clk         ; 10.000       ; -6.032     ; 0.769      ;
; 3.140 ; src_q[22]                        ; ps_src_id_o[22]                  ; clk          ; clk         ; 10.000       ; -6.026     ; 0.774      ;
; 3.141 ; src_q[25]                        ; ps_src_id_o[25]                  ; clk          ; clk         ; 10.000       ; -6.025     ; 0.774      ;
; 3.141 ; slot_q[8]                        ; mg_job_slot_o[8]                 ; clk          ; clk         ; 10.000       ; -6.034     ; 0.765      ;
; 3.142 ; epoch_q[26]                      ; mg_job_epoch_o[26]               ; clk          ; clk         ; 10.000       ; -6.032     ; 0.766      ;
; 3.142 ; epoch_q[24]                      ; fin_epoch_o[24]                  ; clk          ; clk         ; 10.000       ; -6.026     ; 0.772      ;
; 3.142 ; pages_faulted_o[6]~reg0          ; pages_faulted_o[6]               ; clk          ; clk         ; 10.000       ; -5.964     ; 0.834      ;
; 3.144 ; epoch_q[3]                       ; ps_epoch_o[3]                    ; clk          ; clk         ; 10.000       ; -6.032     ; 0.764      ;
; 3.147 ; epoch_q[24]                      ; ps_epoch_o[24]                   ; clk          ; clk         ; 10.000       ; -6.026     ; 0.767      ;
; 3.147 ; src_q[20]                        ; ps_src_id_o[20]                  ; clk          ; clk         ; 10.000       ; -6.034     ; 0.759      ;
; 3.149 ; epoch_q[1]                       ; fin_epoch_o[1]                   ; clk          ; clk         ; 10.000       ; -6.030     ; 0.761      ;
; 3.153 ; src_q[22]                        ; fin_src_id_o[22]                 ; clk          ; clk         ; 10.000       ; -6.026     ; 0.761      ;
; 3.154 ; src_q[21]                        ; ps_src_id_o[21]                  ; clk          ; clk         ; 10.000       ; -6.025     ; 0.761      ;
; 3.156 ; epoch_q[24]                      ; mg_job_epoch_o[24]               ; clk          ; clk         ; 10.000       ; -6.026     ; 0.758      ;
; 3.156 ; src_q[21]                        ; fin_src_id_o[21]                 ; clk          ; clk         ; 10.000       ; -6.025     ; 0.759      ;
; 3.157 ; src_q[23]                        ; ps_src_id_o[23]                  ; clk          ; clk         ; 10.000       ; -6.031     ; 0.752      ;
; 3.158 ; src_q[27]                        ; ps_src_id_o[27]                  ; clk          ; clk         ; 10.000       ; -6.034     ; 0.748      ;
; 3.158 ; pages_mipped_o[3]~reg0           ; pages_mipped_o[3]                ; clk          ; clk         ; 10.000       ; -5.965     ; 0.817      ;
; 3.159 ; epoch_q[1]                       ; ps_epoch_o[1]                    ; clk          ; clk         ; 10.000       ; -6.030     ; 0.751      ;
; 3.160 ; j_crc_i[8]                       ; crc_q[8]                         ; clk          ; clk         ; 10.000       ; 3.318      ; 10.098     ;
; 3.162 ; epoch_q[1]                       ; mg_job_epoch_o[1]                ; clk          ; clk         ; 10.000       ; -6.030     ; 0.748      ;
; 3.162 ; epoch_q[21]                      ; mg_job_epoch_o[21]               ; clk          ; clk         ; 10.000       ; -6.026     ; 0.752      ;
; 3.162 ; src_q[20]                        ; fin_src_id_o[20]                 ; clk          ; clk         ; 10.000       ; -6.034     ; 0.744      ;
; 3.164 ; j_src_id_i[20]                   ; src_q[20]                        ; clk          ; clk         ; 10.000       ; 3.320      ; 10.096     ;
; 3.164 ; epoch_q[28]                      ; ps_epoch_o[28]                   ; clk          ; clk         ; 10.000       ; -6.032     ; 0.744      ;
; 3.166 ; epoch_q[27]                      ; ps_epoch_o[27]                   ; clk          ; clk         ; 10.000       ; -6.026     ; 0.748      ;
; 3.166 ; state_q.S_START~DUPLICATE        ; mg_start_o                       ; clk          ; clk         ; 10.000       ; -6.029     ; 0.745      ;
; 3.167 ; epoch_q[27]                      ; mg_job_epoch_o[27]               ; clk          ; clk         ; 10.000       ; -6.026     ; 0.747      ;
; 3.168 ; epoch_q[27]                      ; fin_epoch_o[27]                  ; clk          ; clk         ; 10.000       ; -6.026     ; 0.746      ;
; 3.173 ; epoch_q[28]                      ; mg_job_epoch_o[28]               ; clk          ; clk         ; 10.000       ; -6.032     ; 0.735      ;
; 3.173 ; src_q[27]                        ; fin_src_id_o[27]                 ; clk          ; clk         ; 10.000       ; -6.034     ; 0.733      ;
; 3.176 ; j_crc_i[23]                      ; crc_q[23]                        ; clk          ; clk         ; 10.000       ; 3.317      ; 10.081     ;
; 3.177 ; epoch_q[21]                      ; fin_epoch_o[21]                  ; clk          ; clk         ; 10.000       ; -6.026     ; 0.737      ;
; 3.178 ; state_q.S_IDLE                   ; j_ready_o                        ; clk          ; clk         ; 10.000       ; -6.036     ; 0.726      ;
; 3.181 ; epoch_q[21]                      ; ps_epoch_o[21]                   ; clk          ; clk         ; 10.000       ; -6.026     ; 0.733      ;
; 3.181 ; crc_q[23]                        ; fin_crc_o[23]                    ; clk          ; clk         ; 10.000       ; -6.030     ; 0.729      ;
; 3.182 ; epoch_q[19]                      ; ps_epoch_o[19]                   ; clk          ; clk         ; 10.000       ; -6.037     ; 0.721      ;
; 3.182 ; epoch_q[28]                      ; fin_epoch_o[28]                  ; clk          ; clk         ; 10.000       ; -6.032     ; 0.726      ;
; 3.186 ; crc_q[24]                        ; fin_crc_o[24]                    ; clk          ; clk         ; 10.000       ; -6.028     ; 0.726      ;
; 3.187 ; src_q[23]                        ; fin_src_id_o[23]                 ; clk          ; clk         ; 10.000       ; -6.031     ; 0.722      ;
; 3.190 ; epoch_q[19]                      ; fin_epoch_o[19]                  ; clk          ; clk         ; 10.000       ; -6.037     ; 0.713      ;
; 3.191 ; state_q.S_IDLE                   ; idle_o                           ; clk          ; clk         ; 10.000       ; -6.036     ; 0.713      ;
; 3.197 ; pages_faulted_o[3]~reg0          ; pages_faulted_o[3]               ; clk          ; clk         ; 10.000       ; -5.963     ; 0.780      ;
; 3.200 ; pages_faulted_o[5]~reg0          ; pages_faulted_o[5]               ; clk          ; clk         ; 10.000       ; -5.963     ; 0.777      ;
; 3.205 ; epoch_q[19]                      ; mg_job_epoch_o[19]               ; clk          ; clk         ; 10.000       ; -6.037     ; 0.698      ;
; 3.215 ; slot_q[4]                        ; mg_job_slot_o[4]                 ; clk          ; clk         ; 10.000       ; -6.026     ; 0.699      ;
; 3.220 ; epoch_q[6]                       ; mg_job_epoch_o[6]                ; clk          ; clk         ; 10.000       ; -6.027     ; 0.693      ;
; 3.220 ; epoch_q[13]                      ; mg_job_epoch_o[13]               ; clk          ; clk         ; 10.000       ; -6.038     ; 0.682      ;
; 3.223 ; j_crc_i[21]                      ; crc_q[21]                        ; clk          ; clk         ; 10.000       ; 3.321      ; 10.038     ;
; 3.224 ; slot_q[7]                        ; fin_slot_o[7]                    ; clk          ; clk         ; 10.000       ; -6.032     ; 0.684      ;
; 3.226 ; epoch_q[13]                      ; ps_epoch_o[13]                   ; clk          ; clk         ; 10.000       ; -6.038     ; 0.676      ;
; 3.227 ; slot_q[4]                        ; fin_slot_o[4]                    ; clk          ; clk         ; 10.000       ; -6.026     ; 0.687      ;
; 3.229 ; slot_q[4]                        ; ps_slot_o[4]                     ; clk          ; clk         ; 10.000       ; -6.026     ; 0.685      ;
; 3.229 ; epoch_q[13]                      ; fin_epoch_o[13]                  ; clk          ; clk         ; 10.000       ; -6.038     ; 0.673      ;
; 3.232 ; epoch_q[4]                       ; fin_epoch_o[4]                   ; clk          ; clk         ; 10.000       ; -6.026     ; 0.682      ;
; 3.232 ; epoch_q[6]                       ; fin_epoch_o[6]                   ; clk          ; clk         ; 10.000       ; -6.027     ; 0.681      ;
; 3.233 ; epoch_q[6]                       ; ps_epoch_o[6]                    ; clk          ; clk         ; 10.000       ; -6.027     ; 0.680      ;
; 3.246 ; j_epoch_i[17]                    ; epoch_q[17]                      ; clk          ; clk         ; 10.000       ; 3.319      ; 10.013     ;
; 3.247 ; pages_faulted_o[15]~reg0         ; pages_faulted_o[15]              ; clk          ; clk         ; 10.000       ; -5.963     ; 0.730      ;
; 3.248 ; slot_q[7]                        ; ps_slot_o[7]                     ; clk          ; clk         ; 10.000       ; -6.032     ; 0.660      ;
; 3.248 ; slot_q[7]                        ; mg_job_slot_o[7]                 ; clk          ; clk         ; 10.000       ; -6.032     ; 0.660      ;
; 3.248 ; pages_faulted_o[8]~reg0          ; pages_faulted_o[8]               ; clk          ; clk         ; 10.000       ; -5.956     ; 0.736      ;
; 3.254 ; src_q[17]                        ; ps_src_id_o[17]                  ; clk          ; clk         ; 10.000       ; -6.025     ; 0.661      ;
; 3.256 ; src_q[17]                        ; fin_src_id_o[17]                 ; clk          ; clk         ; 10.000       ; -6.025     ; 0.659      ;
; 3.256 ; pages_faulted_o[28]~reg0         ; pages_faulted_o[28]              ; clk          ; clk         ; 10.000       ; -5.956     ; 0.728      ;
; 3.258 ; epoch_q[2]                       ; ps_epoch_o[2]                    ; clk          ; clk         ; 10.000       ; -6.030     ; 0.652      ;
; 3.261 ; epoch_q[4]                       ; ps_epoch_o[4]                    ; clk          ; clk         ; 10.000       ; -6.026     ; 0.653      ;
; 3.261 ; epoch_q[4]                       ; mg_job_epoch_o[4]                ; clk          ; clk         ; 10.000       ; -6.026     ; 0.653      ;
; 3.270 ; epoch_q[0]                       ; mg_job_epoch_o[0]                ; clk          ; clk         ; 10.000       ; -6.030     ; 0.640      ;
; 3.272 ; pages_mipped_o[28]~reg0          ; pages_mipped_o[28]               ; clk          ; clk         ; 10.000       ; -5.966     ; 0.702      ;
; 3.273 ; j_gen_i[6]                       ; gen_q[6]                         ; clk          ; clk         ; 10.000       ; 3.313      ; 9.980      ;
; 3.273 ; pages_mipped_o[0]~reg0           ; pages_mipped_o[0]                ; clk          ; clk         ; 10.000       ; -5.976     ; 0.691      ;
; 3.279 ; pages_faulted_o[1]~reg0DUPLICATE ; pages_faulted_o[1]               ; clk          ; clk         ; 10.000       ; -5.963     ; 0.698      ;
; 3.282 ; src_q[30]                        ; ps_src_id_o[30]                  ; clk          ; clk         ; 10.000       ; -6.027     ; 0.631      ;
; 3.282 ; slot_q[2]                        ; mg_job_slot_o[2]                 ; clk          ; clk         ; 10.000       ; -6.026     ; 0.632      ;
; 3.282 ; pages_faulted_o[2]~reg0DUPLICATE ; pages_faulted_o[2]               ; clk          ; clk         ; 10.000       ; -5.956     ; 0.702      ;
; 3.284 ; pages_faulted_o[13]~reg0         ; pages_faulted_o[13]              ; clk          ; clk         ; 10.000       ; -5.963     ; 0.693      ;
; 3.285 ; src_q[28]                        ; ps_src_id_o[28]                  ; clk          ; clk         ; 10.000       ; -6.027     ; 0.628      ;
; 3.286 ; samples_sent_o[28]~reg0          ; samples_sent_o[28]               ; clk          ; clk         ; 10.000       ; -5.955     ; 0.699      ;
; 3.287 ; j_crc_i[15]                      ; crc_q[15]                        ; clk          ; clk         ; 10.000       ; 3.313      ; 9.966      ;
; 3.287 ; epoch_q[0]                       ; fin_epoch_o[0]                   ; clk          ; clk         ; 10.000       ; -6.030     ; 0.623      ;
; 3.288 ; epoch_q[16]                      ; mg_job_epoch_o[16]               ; clk          ; clk         ; 10.000       ; -6.032     ; 0.620      ;
; 3.292 ; crc_q[28]                        ; fin_crc_o[28]                    ; clk          ; clk         ; 10.000       ; -6.033     ; 0.615      ;
; 3.293 ; j_epoch_i[5]                     ; epoch_q[5]                       ; clk          ; clk         ; 10.000       ; 3.320      ; 9.967      ;
; 3.293 ; slot_q[3]                        ; ps_slot_o[3]                     ; clk          ; clk         ; 10.000       ; -6.027     ; 0.620      ;
; 3.293 ; pages_faulted_o[4]~reg0DUPLICATE ; pages_faulted_o[4]               ; clk          ; clk         ; 10.000       ; -5.956     ; 0.691      ;
; 3.295 ; slot_q[2]                        ; ps_slot_o[2]                     ; clk          ; clk         ; 10.000       ; -6.026     ; 0.619      ;
; 3.295 ; epoch_q[16]                      ; fin_epoch_o[16]                  ; clk          ; clk         ; 10.000       ; -6.032     ; 0.613      ;
; 3.296 ; slot_q[2]                        ; fin_slot_o[2]                    ; clk          ; clk         ; 10.000       ; -6.026     ; 0.618      ;
; 3.296 ; pages_faulted_o[17]~reg0         ; pages_faulted_o[17]              ; clk          ; clk         ; 10.000       ; -5.963     ; 0.681      ;
; 3.297 ; ps_done_valid_i                  ; pages_faulted_o[21]~reg0         ; clk          ; clk         ; 10.000       ; 3.254      ; 9.897      ;
; 3.297 ; ps_done_valid_i                  ; pages_faulted_o[22]~reg0         ; clk          ; clk         ; 10.000       ; 3.260      ; 9.903      ;
; 3.297 ; ps_done_valid_i                  ; pages_faulted_o[23]~reg0         ; clk          ; clk         ; 10.000       ; 3.254      ; 9.897      ;
; 3.297 ; ps_done_valid_i                  ; pages_faulted_o[25]~reg0         ; clk          ; clk         ; 10.000       ; 3.254      ; 9.897      ;
; 3.297 ; ps_done_valid_i                  ; pages_faulted_o[26]~reg0         ; clk          ; clk         ; 10.000       ; 3.260      ; 9.903      ;
; 3.297 ; ps_done_valid_i                  ; pages_faulted_o[27]~reg0         ; clk          ; clk         ; 10.000       ; 3.254      ; 9.897      ;
; 3.297 ; ps_done_valid_i                  ; pages_faulted_o[29]~reg0         ; clk          ; clk         ; 10.000       ; 3.254      ; 9.897      ;
; 3.297 ; ps_done_valid_i                  ; pages_faulted_o[31]~reg0         ; clk          ; clk         ; 10.000       ; 3.254      ; 9.897      ;
; 3.297 ; pages_faulted_o[20]~reg0         ; pages_faulted_o[20]              ; clk          ; clk         ; 10.000       ; -5.956     ; 0.687      ;
; 3.298 ; ps_done_valid_i                  ; pages_faulted_o[24]~reg0         ; clk          ; clk         ; 10.000       ; 3.253      ; 9.895      ;
; 3.298 ; ps_done_valid_i                  ; pages_faulted_o[28]~reg0         ; clk          ; clk         ; 10.000       ; 3.253      ; 9.895      ;
; 3.298 ; ps_done_valid_i                  ; pages_faulted_o[30]~reg0         ; clk          ; clk         ; 10.000       ; 3.253      ; 9.895      ;
; 3.298 ; slot_q[3]                        ; fin_slot_o[3]                    ; clk          ; clk         ; 10.000       ; -6.027     ; 0.615      ;
; 3.299 ; ps_done_valid_i                  ; pages_faulted_o[0]~reg0          ; clk          ; clk         ; 10.000       ; 3.261      ; 9.902      ;
; 3.300 ; src_q[28]                        ; fin_src_id_o[28]                 ; clk          ; clk         ; 10.000       ; -6.027     ; 0.613      ;
; 3.301 ; j_src_id_i[10]                   ; src_q[10]                        ; clk          ; clk         ; 10.000       ; 3.316      ; 9.955      ;
; 3.301 ; epoch_q[16]                      ; ps_epoch_o[16]                   ; clk          ; clk         ; 10.000       ; -6.032     ; 0.607      ;
; 3.302 ; gen_q[2]                         ; fin_gen_o[2]                     ; clk          ; clk         ; 10.000       ; -6.030     ; 0.608      ;
; 3.303 ; pages_faulted_o[24]~reg0         ; pages_faulted_o[24]              ; clk          ; clk         ; 10.000       ; -5.956     ; 0.681      ;
; 3.304 ; gen_q[3]                         ; mg_job_gen_o[3]                  ; clk          ; clk         ; 10.000       ; -6.030     ; 0.606      ;
; 3.304 ; epoch_q[18]                      ; mg_job_epoch_o[18]               ; clk          ; clk         ; 10.000       ; -6.026     ; 0.610      ;
; 3.306 ; src_q[13]                        ; fin_src_id_o[13]                 ; clk          ; clk         ; 10.000       ; -6.033     ; 0.601      ;
; 3.307 ; src_q[30]                        ; fin_src_id_o[30]                 ; clk          ; clk         ; 10.000       ; -6.027     ; 0.606      ;
; 3.308 ; j_epoch_i[23]                    ; epoch_q[23]                      ; clk          ; clk         ; 10.000       ; 3.318      ; 9.950      ;
; 3.309 ; src_q[13]                        ; ps_src_id_o[13]                  ; clk          ; clk         ; 10.000       ; -6.033     ; 0.598      ;
; 3.310 ; pages_faulted_o[0]~reg0          ; pages_faulted_o[0]               ; clk          ; clk         ; 10.000       ; -5.965     ; 0.665      ;
; 3.311 ; gen_q[2]                         ; ps_gen_o[2]                      ; clk          ; clk         ; 10.000       ; -6.030     ; 0.599      ;
; 3.311 ; slot_q[3]                        ; mg_job_slot_o[3]                 ; clk          ; clk         ; 10.000       ; -6.027     ; 0.602      ;
; 3.314 ; mg_fine_ready_i                  ; samples_sent_o[4]~reg0           ; clk          ; clk         ; 10.000       ; 3.259      ; 9.885      ;
; 3.314 ; mg_fine_ready_i                  ; samples_sent_o[8]~reg0           ; clk          ; clk         ; 10.000       ; 3.259      ; 9.885      ;
; 3.314 ; mg_fine_ready_i                  ; samples_sent_o[12]~reg0          ; clk          ; clk         ; 10.000       ; 3.259      ; 9.885      ;
; 3.314 ; mg_fine_ready_i                  ; samples_sent_o[14]~reg0          ; clk          ; clk         ; 10.000       ; 3.259      ; 9.885      ;
; 3.314 ; mg_fine_ready_i                  ; samples_sent_o[16]~reg0          ; clk          ; clk         ; 10.000       ; 3.259      ; 9.885      ;
; 3.314 ; mg_fine_ready_i                  ; samples_sent_o[18]~reg0DUPLICATE ; clk          ; clk         ; 10.000       ; 3.259      ; 9.885      ;
; 3.314 ; mg_fine_ready_i                  ; samples_sent_o[20]~reg0          ; clk          ; clk         ; 10.000       ; 3.259      ; 9.885      ;
; 3.314 ; gen_q[2]                         ; mg_job_gen_o[2]                  ; clk          ; clk         ; 10.000       ; -6.030     ; 0.596      ;
; 3.315 ; mg_fine_ready_i                  ; samples_sent_o[1]~reg0           ; clk          ; clk         ; 10.000       ; 3.254      ; 9.879      ;
; 3.315 ; mg_fine_ready_i                  ; samples_sent_o[2]~reg0           ; clk          ; clk         ; 10.000       ; 3.252      ; 9.877      ;
; 3.315 ; mg_fine_ready_i                  ; samples_sent_o[3]~reg0           ; clk          ; clk         ; 10.000       ; 3.258      ; 9.883      ;
; 3.315 ; mg_fine_ready_i                  ; samples_sent_o[5]~reg0           ; clk          ; clk         ; 10.000       ; 3.254      ; 9.879      ;
; 3.315 ; mg_fine_ready_i                  ; samples_sent_o[6]~reg0           ; clk          ; clk         ; 10.000       ; 3.252      ; 9.877      ;
; 3.315 ; mg_fine_ready_i                  ; samples_sent_o[7]~reg0           ; clk          ; clk         ; 10.000       ; 3.254      ; 9.879      ;
; 3.315 ; mg_fine_ready_i                  ; samples_sent_o[9]~reg0           ; clk          ; clk         ; 10.000       ; 3.258      ; 9.883      ;
; 3.315 ; mg_fine_ready_i                  ; samples_sent_o[10]~reg0          ; clk          ; clk         ; 10.000       ; 3.252      ; 9.877      ;
; 3.315 ; mg_fine_ready_i                  ; samples_sent_o[11]~reg0          ; clk          ; clk         ; 10.000       ; 3.254      ; 9.879      ;
; 3.315 ; mg_fine_ready_i                  ; samples_sent_o[13]~reg0          ; clk          ; clk         ; 10.000       ; 3.258      ; 9.883      ;
; 3.315 ; mg_fine_ready_i                  ; samples_sent_o[15]~reg0          ; clk          ; clk         ; 10.000       ; 3.258      ; 9.883      ;
; 3.315 ; mg_fine_ready_i                  ; samples_sent_o[17]~reg0          ; clk          ; clk         ; 10.000       ; 3.258      ; 9.883      ;
; 3.315 ; mg_fine_ready_i                  ; samples_sent_o[19]~reg0          ; clk          ; clk         ; 10.000       ; 3.258      ; 9.883      ;
; 3.315 ; mg_fine_ready_i                  ; samples_sent_o[18]~reg0          ; clk          ; clk         ; 10.000       ; 3.252      ; 9.877      ;
; 3.315 ; slot_q[0]                        ; mg_job_slot_o[0]                 ; clk          ; clk         ; 10.000       ; -6.026     ; 0.599      ;
; 3.315 ; mg_fine_ready_i                  ; samples_sent_o[4]~reg0DUPLICATE  ; clk          ; clk         ; 10.000       ; 3.252      ; 9.877      ;
; 3.315 ; mg_fine_ready_i                  ; samples_sent_o[12]~reg0DUPLICATE ; clk          ; clk         ; 10.000       ; 3.252      ; 9.877      ;
; 3.316 ; slot_q[1]                        ; ps_slot_o[1]                     ; clk          ; clk         ; 10.000       ; -6.032     ; 0.592      ;
; 3.316 ; gen_q[3]                         ; ps_gen_o[3]                      ; clk          ; clk         ; 10.000       ; -6.030     ; 0.594      ;
; 3.316 ; epoch_q[18]                      ; ps_epoch_o[18]                   ; clk          ; clk         ; 10.000       ; -6.026     ; 0.598      ;
; 3.318 ; gen_q[3]                         ; fin_gen_o[3]                     ; clk          ; clk         ; 10.000       ; -6.030     ; 0.592      ;
; 3.318 ; epoch_q[18]                      ; fin_epoch_o[18]                  ; clk          ; clk         ; 10.000       ; -6.026     ; 0.596      ;
; 3.319 ; ps_done_valid_i                  ; pages_faulted_o[3]~reg0          ; clk          ; clk         ; 10.000       ; 3.258      ; 9.879      ;
; 3.319 ; ps_done_valid_i                  ; pages_faulted_o[5]~reg0          ; clk          ; clk         ; 10.000       ; 3.258      ; 9.879      ;
; 3.319 ; ps_done_valid_i                  ; pages_faulted_o[13]~reg0         ; clk          ; clk         ; 10.000       ; 3.258      ; 9.879      ;
; 3.319 ; ps_done_valid_i                  ; pages_faulted_o[15]~reg0         ; clk          ; clk         ; 10.000       ; 3.258      ; 9.879      ;
; 3.319 ; ps_done_valid_i                  ; pages_faulted_o[17]~reg0         ; clk          ; clk         ; 10.000       ; 3.258      ; 9.879      ;
; 3.319 ; ps_done_valid_i                  ; pages_faulted_o[19]~reg0         ; clk          ; clk         ; 10.000       ; 3.258      ; 9.879      ;
; 3.319 ; src_q[5]                         ; ps_src_id_o[5]                   ; clk          ; clk         ; 10.000       ; -6.034     ; 0.587      ;
; 3.319 ; ps_done_valid_i                  ; pages_faulted_o[1]~reg0DUPLICATE ; clk          ; clk         ; 10.000       ; 3.258      ; 9.879      ;
; 3.320 ; ps_done_valid_i                  ; pages_faulted_o[1]~reg0          ; clk          ; clk         ; 10.000       ; 3.254      ; 9.874      ;
; 3.320 ; ps_done_valid_i                  ; pages_faulted_o[2]~reg0          ; clk          ; clk         ; 10.000       ; 3.260      ; 9.880      ;
; 3.320 ; ps_done_valid_i                  ; pages_faulted_o[4]~reg0          ; clk          ; clk         ; 10.000       ; 3.260      ; 9.880      ;
; 3.320 ; ps_done_valid_i                  ; pages_faulted_o[6]~reg0          ; clk          ; clk         ; 10.000       ; 3.260      ; 9.880      ;
; 3.320 ; ps_done_valid_i                  ; pages_faulted_o[7]~reg0          ; clk          ; clk         ; 10.000       ; 3.254      ; 9.874      ;
; 3.320 ; ps_done_valid_i                  ; pages_faulted_o[9]~reg0          ; clk          ; clk         ; 10.000       ; 3.254      ; 9.874      ;
; 3.320 ; ps_done_valid_i                  ; pages_faulted_o[11]~reg0         ; clk          ; clk         ; 10.000       ; 3.254      ; 9.874      ;
; 3.320 ; ps_done_valid_i                  ; pages_faulted_o[12]~reg0         ; clk          ; clk         ; 10.000       ; 3.260      ; 9.880      ;
; 3.320 ; ps_done_valid_i                  ; pages_faulted_o[14]~reg0         ; clk          ; clk         ; 10.000       ; 3.260      ; 9.880      ;
; 3.320 ; ps_done_valid_i                  ; pages_faulted_o[16]~reg0         ; clk          ; clk         ; 10.000       ; 3.260      ; 9.880      ;
; 3.320 ; ps_done_valid_i                  ; pages_faulted_o[18]~reg0         ; clk          ; clk         ; 10.000       ; 3.260      ; 9.880      ;
; 3.321 ; ps_done_valid_i                  ; pages_faulted_o[8]~reg0          ; clk          ; clk         ; 10.000       ; 3.253      ; 9.872      ;
; 3.321 ; ps_done_valid_i                  ; pages_faulted_o[10]~reg0         ; clk          ; clk         ; 10.000       ; 3.253      ; 9.872      ;
; 3.321 ; ps_done_valid_i                  ; pages_faulted_o[20]~reg0         ; clk          ; clk         ; 10.000       ; 3.253      ; 9.872      ;
; 3.321 ; mg_fine_ready_i                  ; samples_sent_o[0]~reg0           ; clk          ; clk         ; 10.000       ; 3.259      ; 9.878      ;
; 3.321 ; mg_fine_ready_i                  ; samples_sent_o[22]~reg0          ; clk          ; clk         ; 10.000       ; 3.259      ; 9.878      ;
; 3.321 ; mg_fine_ready_i                  ; samples_sent_o[24]~reg0          ; clk          ; clk         ; 10.000       ; 3.259      ; 9.878      ;
; 3.321 ; mg_fine_ready_i                  ; samples_sent_o[26]~reg0          ; clk          ; clk         ; 10.000       ; 3.259      ; 9.878      ;
; 3.321 ; mg_fine_ready_i                  ; samples_sent_o[30]~reg0          ; clk          ; clk         ; 10.000       ; 3.259      ; 9.878      ;
; 3.321 ; ps_done_valid_i                  ; pages_faulted_o[2]~reg0DUPLICATE ; clk          ; clk         ; 10.000       ; 3.253      ; 9.872      ;
; 3.321 ; ps_done_valid_i                  ; pages_faulted_o[4]~reg0DUPLICATE ; clk          ; clk         ; 10.000       ; 3.253      ; 9.872      ;
; 3.322 ; mg_fine_ready_i                  ; samples_sent_o[21]~reg0          ; clk          ; clk         ; 10.000       ; 3.254      ; 9.872      ;
; 3.322 ; mg_fine_ready_i                  ; samples_sent_o[23]~reg0          ; clk          ; clk         ; 10.000       ; 3.258      ; 9.876      ;
; 3.322 ; mg_fine_ready_i                  ; samples_sent_o[25]~reg0          ; clk          ; clk         ; 10.000       ; 3.254      ; 9.872      ;
; 3.322 ; mg_fine_ready_i                  ; samples_sent_o[27]~reg0          ; clk          ; clk         ; 10.000       ; 3.254      ; 9.872      ;
; 3.322 ; mg_fine_ready_i                  ; samples_sent_o[28]~reg0          ; clk          ; clk         ; 10.000       ; 3.252      ; 9.870      ;
; 3.322 ; mg_fine_ready_i                  ; samples_sent_o[29]~reg0          ; clk          ; clk         ; 10.000       ; 3.254      ; 9.872      ;
; 3.322 ; mg_fine_ready_i                  ; samples_sent_o[31]~reg0          ; clk          ; clk         ; 10.000       ; 3.254      ; 9.872      ;
; 3.322 ; epoch_q[31]                      ; ps_epoch_o[31]                   ; clk          ; clk         ; 10.000       ; -6.032     ; 0.586      ;
; 3.324 ; pages_faulted_o[19]~reg0         ; pages_faulted_o[19]              ; clk          ; clk         ; 10.000       ; -5.963     ; 0.653      ;
; 3.327 ; crc_q[27]                        ; fin_crc_o[27]                    ; clk          ; clk         ; 10.000       ; -6.033     ; 0.580      ;
; 3.327 ; pages_faulted_o[7]~reg0          ; pages_faulted_o[7]               ; clk          ; clk         ; 10.000       ; -5.958     ; 0.655      ;
; 3.327 ; samples_sent_o[6]~reg0           ; samples_sent_o[6]                ; clk          ; clk         ; 10.000       ; -5.955     ; 0.658      ;
; 3.330 ; epoch_q[31]                      ; mg_job_epoch_o[31]               ; clk          ; clk         ; 10.000       ; -6.032     ; 0.578      ;
; 3.330 ; epoch_q[31]                      ; fin_epoch_o[31]                  ; clk          ; clk         ; 10.000       ; -6.032     ; 0.578      ;
; 3.331 ; slot_q[0]                        ; fin_slot_o[0]                    ; clk          ; clk         ; 10.000       ; -6.026     ; 0.583      ;
; 3.331 ; src_q[5]                         ; fin_src_id_o[5]                  ; clk          ; clk         ; 10.000       ; -6.034     ; 0.575      ;
; 3.337 ; slot_q[1]                        ; mg_job_slot_o[1]                 ; clk          ; clk         ; 10.000       ; -6.032     ; 0.571      ;
; 3.337 ; slot_q[1]                        ; fin_slot_o[1]                    ; clk          ; clk         ; 10.000       ; -6.032     ; 0.571      ;
; 3.339 ; pages_faulted_o[14]~reg0         ; pages_faulted_o[14]              ; clk          ; clk         ; 10.000       ; -5.964     ; 0.637      ;
; 3.345 ; slot_q[0]                        ; ps_slot_o[0]                     ; clk          ; clk         ; 10.000       ; -6.026     ; 0.569      ;
; 3.347 ; j_epoch_i[18]                    ; epoch_q[18]                      ; clk          ; clk         ; 10.000       ; 3.313      ; 9.906      ;
; 3.348 ; pages_mipped_o[26]~reg0DUPLICATE ; pages_mipped_o[26]               ; clk          ; clk         ; 10.000       ; -5.958     ; 0.634      ;
; 3.356 ; samples_sent_o[13]~reg0          ; samples_sent_o[13]               ; clk          ; clk         ; 10.000       ; -5.961     ; 0.623      ;
; 3.363 ; samples_sent_o[2]~reg0           ; samples_sent_o[2]                ; clk          ; clk         ; 10.000       ; -5.955     ; 0.622      ;
; 3.377 ; samples_sent_o[23]~reg0          ; samples_sent_o[23]               ; clk          ; clk         ; 10.000       ; -5.961     ; 0.602      ;
; 3.384 ; pages_mipped_o[30]~reg0          ; pages_mipped_o[30]               ; clk          ; clk         ; 10.000       ; -5.958     ; 0.598      ;
; 3.385 ; samples_sent_o[19]~reg0          ; samples_sent_o[19]               ; clk          ; clk         ; 10.000       ; -5.961     ; 0.594      ;
; 3.399 ; samples_sent_o[18]~reg0          ; samples_sent_o[18]               ; clk          ; clk         ; 10.000       ; -5.955     ; 0.586      ;
; 3.400 ; j_src_id_i[16]                   ; src_q[16]                        ; clk          ; clk         ; 10.000       ; 3.316      ; 9.856      ;
; 3.407 ; j_slot_i[6]                      ; slot_q[6]                        ; clk          ; clk         ; 10.000       ; 3.313      ; 9.846      ;
; 3.435 ; j_src_id_i[22]                   ; src_q[22]                        ; clk          ; clk         ; 10.000       ; 3.315      ; 9.820      ;
; 3.460 ; mg_fine_ready_i                  ; state_q.S_PASS~DUPLICATE         ; clk          ; clk         ; 10.000       ; 3.334      ; 9.814      ;
; 3.466 ; mg_fine_ready_i                  ; state_q.S_PASS                   ; clk          ; clk         ; 10.000       ; 3.338      ; 9.812      ;
; 3.469 ; pages_faulted_o[16]~reg0         ; pages_faulted_o[16]              ; clk          ; clk         ; 10.000       ; -5.964     ; 0.507      ;
; 3.471 ; src_q[10]                        ; ps_src_id_o[10]                  ; clk          ; clk         ; 10.000       ; -6.029     ; 0.440      ;
; 3.474 ; epoch_q[5]                       ; mg_job_epoch_o[5]                ; clk          ; clk         ; 10.000       ; -6.034     ; 0.432      ;
; 3.474 ; pages_faulted_o[22]~reg0         ; pages_faulted_o[22]              ; clk          ; clk         ; 10.000       ; -5.964     ; 0.502      ;
; 3.476 ; src_q[9]                         ; ps_src_id_o[9]                   ; clk          ; clk         ; 10.000       ; -6.035     ; 0.429      ;
; 3.477 ; epoch_q[5]                       ; ps_epoch_o[5]                    ; clk          ; clk         ; 10.000       ; -6.034     ; 0.429      ;
; 3.477 ; crc_q[5]                         ; fin_crc_o[5]                     ; clk          ; clk         ; 10.000       ; -6.025     ; 0.438      ;
; 3.477 ; src_q[12]                        ; fin_src_id_o[12]                 ; clk          ; clk         ; 10.000       ; -6.035     ; 0.428      ;
; 3.480 ; src_q[6]                         ; ps_src_id_o[6]                   ; clk          ; clk         ; 10.000       ; -6.035     ; 0.425      ;
; 3.484 ; src_q[8]                         ; ps_src_id_o[8]                   ; clk          ; clk         ; 10.000       ; -6.026     ; 0.430      ;
; 3.484 ; crc_q[6]                         ; fin_crc_o[6]                     ; clk          ; clk         ; 10.000       ; -6.032     ; 0.424      ;
; 3.485 ; crc_q[9]                         ; fin_crc_o[9]                     ; clk          ; clk         ; 10.000       ; -6.025     ; 0.430      ;
; 3.485 ; pages_faulted_o[26]~reg0         ; pages_faulted_o[26]              ; clk          ; clk         ; 10.000       ; -5.964     ; 0.491      ;
; 3.487 ; pages_faulted_o[12]~reg0         ; pages_faulted_o[12]              ; clk          ; clk         ; 10.000       ; -5.964     ; 0.489      ;
; 3.489 ; crc_q[10]                        ; fin_crc_o[10]                    ; clk          ; clk         ; 10.000       ; -6.032     ; 0.419      ;
; 3.489 ; crc_q[16]                        ; fin_crc_o[16]                    ; clk          ; clk         ; 10.000       ; -6.027     ; 0.424      ;
; 3.489 ; src_q[24]                        ; fin_src_id_o[24]                 ; clk          ; clk         ; 10.000       ; -6.026     ; 0.425      ;
; 3.490 ; epoch_q[5]                       ; fin_epoch_o[5]                   ; clk          ; clk         ; 10.000       ; -6.034     ; 0.416      ;
; 3.490 ; pages_faulted_o[18]~reg0         ; pages_faulted_o[18]              ; clk          ; clk         ; 10.000       ; -5.964     ; 0.486      ;
; 3.492 ; crc_q[7]                         ; fin_crc_o[7]                     ; clk          ; clk         ; 10.000       ; -6.025     ; 0.423      ;
; 3.492 ; crc_q[15]                        ; fin_crc_o[15]                    ; clk          ; clk         ; 10.000       ; -6.025     ; 0.423      ;
; 3.493 ; src_q[12]                        ; ps_src_id_o[12]                  ; clk          ; clk         ; 10.000       ; -6.035     ; 0.412      ;
; 3.493 ; crc_q[14]                        ; fin_crc_o[14]                    ; clk          ; clk         ; 10.000       ; -6.032     ; 0.415      ;
; 3.493 ; src_q[10]                        ; fin_src_id_o[10]                 ; clk          ; clk         ; 10.000       ; -6.029     ; 0.418      ;
; 3.494 ; src_q[7]                         ; ps_src_id_o[7]                   ; clk          ; clk         ; 10.000       ; -6.029     ; 0.417      ;
; 3.495 ; src_q[24]                        ; ps_src_id_o[24]                  ; clk          ; clk         ; 10.000       ; -6.026     ; 0.419      ;
; 3.497 ; crc_q[25]                        ; fin_crc_o[25]                    ; clk          ; clk         ; 10.000       ; -6.028     ; 0.415      ;
; 3.497 ; crc_q[29]                        ; fin_crc_o[29]                    ; clk          ; clk         ; 10.000       ; -6.034     ; 0.409      ;
; 3.497 ; src_q[8]                         ; fin_src_id_o[8]                  ; clk          ; clk         ; 10.000       ; -6.026     ; 0.417      ;
; 3.498 ; crc_q[19]                        ; fin_crc_o[19]                    ; clk          ; clk         ; 10.000       ; -6.034     ; 0.408      ;
; 3.499 ; crc_q[31]                        ; fin_crc_o[31]                    ; clk          ; clk         ; 10.000       ; -6.028     ; 0.413      ;
; 3.499 ; src_q[9]                         ; fin_src_id_o[9]                  ; clk          ; clk         ; 10.000       ; -6.035     ; 0.406      ;
; 3.500 ; src_q[6]                         ; fin_src_id_o[6]                  ; clk          ; clk         ; 10.000       ; -6.035     ; 0.405      ;
; 3.503 ; crc_q[21]                        ; fin_crc_o[21]                    ; clk          ; clk         ; 10.000       ; -6.035     ; 0.402      ;
; 3.504 ; gen_q[7]                         ; mg_job_gen_o[7]                  ; clk          ; clk         ; 10.000       ; -6.026     ; 0.410      ;
; 3.507 ; crc_q[26]                        ; fin_crc_o[26]                    ; clk          ; clk         ; 10.000       ; -6.034     ; 0.399      ;
; 3.508 ; gen_q[4]                         ; fin_gen_o[4]                     ; clk          ; clk         ; 10.000       ; -6.032     ; 0.400      ;
; 3.509 ; epoch_q[29]                      ; fin_epoch_o[29]                  ; clk          ; clk         ; 10.000       ; -6.026     ; 0.405      ;
; 3.515 ; epoch_q[25]                      ; mg_job_epoch_o[25]               ; clk          ; clk         ; 10.000       ; -6.025     ; 0.400      ;
; 3.515 ; crc_q[13]                        ; fin_crc_o[13]                    ; clk          ; clk         ; 10.000       ; -6.035     ; 0.390      ;
; 3.515 ; pages_faulted_o[27]~reg0         ; pages_faulted_o[27]              ; clk          ; clk         ; 10.000       ; -5.958     ; 0.467      ;
; 3.516 ; gen_q[7]                         ; ps_gen_o[7]                      ; clk          ; clk         ; 10.000       ; -6.026     ; 0.398      ;
; 3.516 ; epoch_q[25]                      ; fin_epoch_o[25]                  ; clk          ; clk         ; 10.000       ; -6.025     ; 0.399      ;
; 3.516 ; pages_faulted_o[29]~reg0         ; pages_faulted_o[29]              ; clk          ; clk         ; 10.000       ; -5.958     ; 0.466      ;
; 3.517 ; epoch_q[0]                       ; ps_epoch_o[0]                    ; clk          ; clk         ; 10.000       ; -6.030     ; 0.393      ;
; 3.519 ; src_q[7]                         ; fin_src_id_o[7]                  ; clk          ; clk         ; 10.000       ; -6.029     ; 0.392      ;
; 3.520 ; src_q[0]                         ; fin_src_id_o[0]                  ; clk          ; clk         ; 10.000       ; -6.032     ; 0.388      ;
; 3.521 ; gen_q[4]                         ; ps_gen_o[4]                      ; clk          ; clk         ; 10.000       ; -6.032     ; 0.387      ;
; 3.521 ; gen_q[4]                         ; mg_job_gen_o[4]                  ; clk          ; clk         ; 10.000       ; -6.032     ; 0.387      ;
; 3.522 ; epoch_q[29]                      ; mg_job_epoch_o[29]               ; clk          ; clk         ; 10.000       ; -6.026     ; 0.392      ;
; 3.522 ; crc_q[3]                         ; fin_crc_o[3]                     ; clk          ; clk         ; 10.000       ; -6.030     ; 0.388      ;
; 3.522 ; crc_q[4]                         ; fin_crc_o[4]                     ; clk          ; clk         ; 10.000       ; -6.025     ; 0.393      ;
; 3.523 ; gen_q[7]                         ; fin_gen_o[7]                     ; clk          ; clk         ; 10.000       ; -6.026     ; 0.391      ;
; 3.523 ; crc_q[20]                        ; fin_crc_o[20]                    ; clk          ; clk         ; 10.000       ; -6.035     ; 0.382      ;
; 3.524 ; crc_q[12]                        ; fin_crc_o[12]                    ; clk          ; clk         ; 10.000       ; -6.025     ; 0.391      ;
; 3.524 ; crc_q[30]                        ; fin_crc_o[30]                    ; clk          ; clk         ; 10.000       ; -6.028     ; 0.388      ;
; 3.526 ; epoch_q[29]                      ; ps_epoch_o[29]                   ; clk          ; clk         ; 10.000       ; -6.026     ; 0.388      ;
; 3.526 ; pages_faulted_o[9]~reg0          ; pages_faulted_o[9]               ; clk          ; clk         ; 10.000       ; -5.958     ; 0.456      ;
; 3.527 ; epoch_q[25]                      ; ps_epoch_o[25]                   ; clk          ; clk         ; 10.000       ; -6.025     ; 0.388      ;
; 3.531 ; pages_faulted_o[25]~reg0         ; pages_faulted_o[25]              ; clk          ; clk         ; 10.000       ; -5.958     ; 0.451      ;
; 3.531 ; pages_faulted_o[31]~reg0         ; pages_faulted_o[31]              ; clk          ; clk         ; 10.000       ; -5.958     ; 0.451      ;
; 3.532 ; src_q[0]                         ; ps_src_id_o[0]                   ; clk          ; clk         ; 10.000       ; -6.032     ; 0.376      ;
; 3.534 ; crc_q[1]                         ; fin_crc_o[1]                     ; clk          ; clk         ; 10.000       ; -6.025     ; 0.381      ;
; 3.534 ; pages_mipped_o[29]~reg0          ; pages_mipped_o[29]               ; clk          ; clk         ; 10.000       ; -5.960     ; 0.446      ;
; 3.535 ; pages_faulted_o[21]~reg0         ; pages_faulted_o[21]              ; clk          ; clk         ; 10.000       ; -5.958     ; 0.447      ;
; 3.536 ; epoch_q[30]                      ; ps_epoch_o[30]                   ; clk          ; clk         ; 10.000       ; -6.026     ; 0.378      ;
; 3.536 ; samples_sent_o[0]~reg0           ; samples_sent_o[0]                ; clk          ; clk         ; 10.000       ; -5.963     ; 0.441      ;
; 3.537 ; pages_faulted_o[11]~reg0         ; pages_faulted_o[11]              ; clk          ; clk         ; 10.000       ; -5.958     ; 0.445      ;
; 3.538 ; epoch_q[30]                      ; mg_job_epoch_o[30]               ; clk          ; clk         ; 10.000       ; -6.026     ; 0.376      ;
; 3.538 ; pages_mipped_o[27]~reg0          ; pages_mipped_o[27]               ; clk          ; clk         ; 10.000       ; -5.960     ; 0.442      ;
; 3.539 ; crc_q[2]                         ; fin_crc_o[2]                     ; clk          ; clk         ; 10.000       ; -6.025     ; 0.376      ;
; 3.539 ; crc_q[17]                        ; fin_crc_o[17]                    ; clk          ; clk         ; 10.000       ; -6.028     ; 0.373      ;
; 3.542 ; gen_q[6]                         ; ps_gen_o[6]                      ; clk          ; clk         ; 10.000       ; -6.026     ; 0.372      ;
; 3.544 ; crc_q[11]                        ; fin_crc_o[11]                    ; clk          ; clk         ; 10.000       ; -6.024     ; 0.372      ;
; 3.544 ; pages_faulted_o[23]~reg0         ; pages_faulted_o[23]              ; clk          ; clk         ; 10.000       ; -5.958     ; 0.438      ;
; 3.546 ; epoch_q[30]                      ; fin_epoch_o[30]                  ; clk          ; clk         ; 10.000       ; -6.026     ; 0.368      ;
; 3.546 ; crc_q[0]                         ; fin_crc_o[0]                     ; clk          ; clk         ; 10.000       ; -6.030     ; 0.364      ;
; 3.546 ; crc_q[22]                        ; fin_crc_o[22]                    ; clk          ; clk         ; 10.000       ; -6.028     ; 0.366      ;
; 3.546 ; samples_sent_o[26]~reg0          ; samples_sent_o[26]               ; clk          ; clk         ; 10.000       ; -5.963     ; 0.431      ;
; 3.555 ; gen_q[5]                         ; ps_gen_o[5]                      ; clk          ; clk         ; 10.000       ; -6.032     ; 0.353      ;
; 3.555 ; gen_q[5]                         ; mg_job_gen_o[5]                  ; clk          ; clk         ; 10.000       ; -6.032     ; 0.353      ;
; 3.555 ; samples_sent_o[27]~reg0          ; samples_sent_o[27]               ; clk          ; clk         ; 10.000       ; -5.956     ; 0.429      ;
; 3.556 ; src_q[4]                         ; ps_src_id_o[4]                   ; clk          ; clk         ; 10.000       ; -6.032     ; 0.352      ;
; 3.556 ; src_q[4]                         ; fin_src_id_o[4]                  ; clk          ; clk         ; 10.000       ; -6.032     ; 0.352      ;
; 3.557 ; gen_q[5]                         ; fin_gen_o[5]                     ; clk          ; clk         ; 10.000       ; -6.032     ; 0.351      ;
; 3.558 ; samples_sent_o[16]~reg0          ; samples_sent_o[16]               ; clk          ; clk         ; 10.000       ; -5.963     ; 0.419      ;
; 3.559 ; samples_sent_o[14]~reg0          ; samples_sent_o[14]               ; clk          ; clk         ; 10.000       ; -5.963     ; 0.418      ;
; 3.563 ; ps_done_valid_i                  ; state_q.S_FIN~DUPLICATE          ; clk          ; clk         ; 10.000       ; 3.335      ; 9.712      ;
; 3.565 ; samples_sent_o[22]~reg0          ; samples_sent_o[22]               ; clk          ; clk         ; 10.000       ; -5.963     ; 0.412      ;
; 3.567 ; samples_sent_o[29]~reg0          ; samples_sent_o[29]               ; clk          ; clk         ; 10.000       ; -5.956     ; 0.417      ;
; 3.568 ; ps_done_valid_i                  ; state_q.S_FIN                    ; clk          ; clk         ; 10.000       ; 3.342      ; 9.714      ;
; 3.570 ; src_q[1]                         ; ps_src_id_o[1]                   ; clk          ; clk         ; 10.000       ; -6.026     ; 0.344      ;
; 3.570 ; src_q[1]                         ; fin_src_id_o[1]                  ; clk          ; clk         ; 10.000       ; -6.026     ; 0.344      ;
; 3.570 ; samples_sent_o[30]~reg0          ; samples_sent_o[30]               ; clk          ; clk         ; 10.000       ; -5.963     ; 0.407      ;
; 3.572 ; gen_q[6]                         ; mg_job_gen_o[6]                  ; clk          ; clk         ; 10.000       ; -6.026     ; 0.342      ;
; 3.572 ; gen_q[6]                         ; fin_gen_o[6]                     ; clk          ; clk         ; 10.000       ; -6.026     ; 0.342      ;
; 3.574 ; samples_sent_o[25]~reg0          ; samples_sent_o[25]               ; clk          ; clk         ; 10.000       ; -5.956     ; 0.410      ;
; 3.576 ; samples_sent_o[7]~reg0           ; samples_sent_o[7]                ; clk          ; clk         ; 10.000       ; -5.956     ; 0.408      ;
; 3.576 ; samples_sent_o[24]~reg0          ; samples_sent_o[24]               ; clk          ; clk         ; 10.000       ; -5.963     ; 0.401      ;
; 3.578 ; samples_sent_o[1]~reg0           ; samples_sent_o[1]                ; clk          ; clk         ; 10.000       ; -5.956     ; 0.406      ;
; 3.578 ; samples_sent_o[5]~reg0           ; samples_sent_o[5]                ; clk          ; clk         ; 10.000       ; -5.956     ; 0.406      ;
; 3.579 ; samples_sent_o[15]~reg0          ; samples_sent_o[15]               ; clk          ; clk         ; 10.000       ; -5.961     ; 0.400      ;
; 3.581 ; samples_sent_o[3]~reg0           ; samples_sent_o[3]                ; clk          ; clk         ; 10.000       ; -5.961     ; 0.398      ;
; 3.583 ; pages_mipped_o[25]~reg0          ; pages_mipped_o[25]               ; clk          ; clk         ; 10.000       ; -5.965     ; 0.392      ;
; 3.583 ; samples_sent_o[10]~reg0          ; samples_sent_o[10]               ; clk          ; clk         ; 10.000       ; -5.955     ; 0.402      ;
; 3.584 ; j_src_id_i[29]                   ; src_q[29]                        ; clk          ; clk         ; 10.000       ; 3.318      ; 9.674      ;
; 3.585 ; pages_mipped_o[11]~reg0          ; pages_mipped_o[11]               ; clk          ; clk         ; 10.000       ; -5.965     ; 0.390      ;
; 3.585 ; samples_sent_o[8]~reg0           ; samples_sent_o[8]                ; clk          ; clk         ; 10.000       ; -5.963     ; 0.392      ;
; 3.585 ; samples_sent_o[31]~reg0          ; samples_sent_o[31]               ; clk          ; clk         ; 10.000       ; -5.956     ; 0.399      ;
; 3.586 ; pages_mipped_o[14]~reg0          ; pages_mipped_o[14]               ; clk          ; clk         ; 10.000       ; -5.958     ; 0.396      ;
; 3.586 ; pages_mipped_o[21]~reg0          ; pages_mipped_o[21]               ; clk          ; clk         ; 10.000       ; -5.965     ; 0.389      ;
; 3.586 ; pages_mipped_o[23]~reg0          ; pages_mipped_o[23]               ; clk          ; clk         ; 10.000       ; -5.965     ; 0.389      ;
; 3.589 ; samples_sent_o[9]~reg0           ; samples_sent_o[9]                ; clk          ; clk         ; 10.000       ; -5.961     ; 0.390      ;
; 3.590 ; samples_sent_o[4]~reg0DUPLICATE  ; samples_sent_o[4]                ; clk          ; clk         ; 10.000       ; -5.955     ; 0.395      ;
; 3.591 ; pages_mipped_o[9]~reg0           ; pages_mipped_o[9]                ; clk          ; clk         ; 10.000       ; -5.965     ; 0.384      ;
; 3.591 ; pages_mipped_o[18]~reg0DUPLICATE ; pages_mipped_o[18]               ; clk          ; clk         ; 10.000       ; -5.958     ; 0.391      ;
; 3.592 ; pages_mipped_o[19]~reg0          ; pages_mipped_o[19]               ; clk          ; clk         ; 10.000       ; -5.965     ; 0.383      ;
; 3.592 ; samples_sent_o[11]~reg0          ; samples_sent_o[11]               ; clk          ; clk         ; 10.000       ; -5.956     ; 0.392      ;
; 3.592 ; samples_sent_o[21]~reg0          ; samples_sent_o[21]               ; clk          ; clk         ; 10.000       ; -5.956     ; 0.392      ;
; 3.599 ; pages_mipped_o[16]~reg0DUPLICATE ; pages_mipped_o[16]               ; clk          ; clk         ; 10.000       ; -5.958     ; 0.383      ;
; 3.599 ; pages_mipped_o[31]~reg0          ; pages_mipped_o[31]               ; clk          ; clk         ; 10.000       ; -5.965     ; 0.376      ;
; 3.602 ; pages_mipped_o[8]~reg0           ; pages_mipped_o[8]                ; clk          ; clk         ; 10.000       ; -5.958     ; 0.380      ;
; 3.603 ; pages_mipped_o[24]~reg0DUPLICATE ; pages_mipped_o[24]               ; clk          ; clk         ; 10.000       ; -5.958     ; 0.379      ;
; 3.604 ; pages_mipped_o[12]~reg0DUPLICATE ; pages_mipped_o[12]               ; clk          ; clk         ; 10.000       ; -5.958     ; 0.378      ;
; 3.604 ; pages_mipped_o[20]~reg0          ; pages_mipped_o[20]               ; clk          ; clk         ; 10.000       ; -5.958     ; 0.378      ;
; 3.604 ; pages_mipped_o[22]~reg0DUPLICATE ; pages_mipped_o[22]               ; clk          ; clk         ; 10.000       ; -5.958     ; 0.378      ;
; 3.606 ; pages_mipped_o[13]~reg0DUPLICATE ; pages_mipped_o[13]               ; clk          ; clk         ; 10.000       ; -5.965     ; 0.369      ;
; 3.606 ; samples_sent_o[17]~reg0          ; samples_sent_o[17]               ; clk          ; clk         ; 10.000       ; -5.961     ; 0.373      ;
; 3.612 ; pages_mipped_o[10]~reg0          ; pages_mipped_o[10]               ; clk          ; clk         ; 10.000       ; -5.958     ; 0.370      ;
; 3.616 ; samples_sent_o[12]~reg0DUPLICATE ; samples_sent_o[12]               ; clk          ; clk         ; 10.000       ; -5.955     ; 0.369      ;
; 3.619 ; pages_mipped_o[17]~reg0          ; pages_mipped_o[17]               ; clk          ; clk         ; 10.000       ; -5.965     ; 0.356      ;
; 3.620 ; pages_mipped_o[15]~reg0          ; pages_mipped_o[15]               ; clk          ; clk         ; 10.000       ; -5.965     ; 0.355      ;
; 4.083 ; state_q.S_IDLE~DUPLICATE         ; epoch_q[20]                      ; clk          ; clk         ; 10.000       ; -0.122     ; 5.735      ;
; 4.084 ; state_q.S_IDLE~DUPLICATE         ; epoch_q[13]                      ; clk          ; clk         ; 10.000       ; -0.120     ; 5.736      ;
; 4.084 ; state_q.S_IDLE~DUPLICATE         ; epoch_q[16]                      ; clk          ; clk         ; 10.000       ; -0.126     ; 5.730      ;
; 4.085 ; state_q.S_IDLE~DUPLICATE         ; gen_q[2]                         ; clk          ; clk         ; 10.000       ; -0.127     ; 5.728      ;
; 4.085 ; state_q.S_IDLE~DUPLICATE         ; gen_q[3]                         ; clk          ; clk         ; 10.000       ; -0.127     ; 5.728      ;
; 4.085 ; state_q.S_IDLE~DUPLICATE         ; epoch_q[0]                       ; clk          ; clk         ; 10.000       ; -0.127     ; 5.728      ;
; 4.085 ; state_q.S_IDLE~DUPLICATE         ; epoch_q[1]                       ; clk          ; clk         ; 10.000       ; -0.127     ; 5.728      ;
; 4.085 ; state_q.S_IDLE~DUPLICATE         ; epoch_q[2]                       ; clk          ; clk         ; 10.000       ; -0.127     ; 5.728      ;
; 4.085 ; state_q.S_IDLE~DUPLICATE         ; epoch_q[8]                       ; clk          ; clk         ; 10.000       ; -0.127     ; 5.728      ;
; 4.106 ; j_src_id_i[8]                    ; src_q[8]                         ; clk          ; clk         ; 10.000       ; 3.314      ; 9.148      ;
; 4.164 ; state_q.S_IDLE~DUPLICATE         ; epoch_q[12]                      ; clk          ; clk         ; 10.000       ; -0.104     ; 5.672      ;
; 4.165 ; state_q.S_IDLE~DUPLICATE         ; slot_q[1]                        ; clk          ; clk         ; 10.000       ; -0.105     ; 5.670      ;
; 4.165 ; state_q.S_IDLE~DUPLICATE         ; slot_q[2]                        ; clk          ; clk         ; 10.000       ; -0.111     ; 5.664      ;
; 4.165 ; state_q.S_IDLE~DUPLICATE         ; slot_q[3]                        ; clk          ; clk         ; 10.000       ; -0.109     ; 5.666      ;
; 4.165 ; state_q.S_IDLE~DUPLICATE         ; slot_q[4]                        ; clk          ; clk         ; 10.000       ; -0.111     ; 5.664      ;
; 4.165 ; state_q.S_IDLE~DUPLICATE         ; slot_q[5]                        ; clk          ; clk         ; 10.000       ; -0.105     ; 5.670      ;
; 4.165 ; state_q.S_IDLE~DUPLICATE         ; slot_q[7]                        ; clk          ; clk         ; 10.000       ; -0.105     ; 5.670      ;
; 4.165 ; state_q.S_IDLE~DUPLICATE         ; gen_q[0]                         ; clk          ; clk         ; 10.000       ; -0.105     ; 5.670      ;
; 4.165 ; state_q.S_IDLE~DUPLICATE         ; gen_q[1]                         ; clk          ; clk         ; 10.000       ; -0.111     ; 5.664      ;
; 4.165 ; state_q.S_IDLE~DUPLICATE         ; epoch_q[3]                       ; clk          ; clk         ; 10.000       ; -0.105     ; 5.670      ;
; 4.165 ; state_q.S_IDLE~DUPLICATE         ; epoch_q[4]                       ; clk          ; clk         ; 10.000       ; -0.111     ; 5.664      ;
; 4.165 ; state_q.S_IDLE~DUPLICATE         ; epoch_q[6]                       ; clk          ; clk         ; 10.000       ; -0.109     ; 5.666      ;
; 4.165 ; state_q.S_IDLE~DUPLICATE         ; epoch_q[9]                       ; clk          ; clk         ; 10.000       ; -0.111     ; 5.664      ;
; 4.165 ; state_q.S_IDLE~DUPLICATE         ; epoch_q[10]                      ; clk          ; clk         ; 10.000       ; -0.105     ; 5.670      ;
; 4.165 ; state_q.S_IDLE~DUPLICATE         ; epoch_q[11]                      ; clk          ; clk         ; 10.000       ; -0.105     ; 5.670      ;
; 4.165 ; state_q.S_IDLE~DUPLICATE         ; epoch_q[14]                      ; clk          ; clk         ; 10.000       ; -0.105     ; 5.670      ;
; 4.181 ; mg_done_seen_q                   ; pages_mipped_o[3]~reg0           ; clk          ; clk         ; 10.000       ; -0.584     ; 5.175      ;
; 4.181 ; mg_done_seen_q                   ; pages_mipped_o[9]~reg0           ; clk          ; clk         ; 10.000       ; -0.584     ; 5.175      ;
; 4.181 ; mg_done_seen_q                   ; pages_mipped_o[11]~reg0          ; clk          ; clk         ; 10.000       ; -0.584     ; 5.175      ;
; 4.181 ; mg_done_seen_q                   ; pages_mipped_o[15]~reg0          ; clk          ; clk         ; 10.000       ; -0.584     ; 5.175      ;
; 4.181 ; mg_done_seen_q                   ; pages_mipped_o[17]~reg0          ; clk          ; clk         ; 10.000       ; -0.584     ; 5.175      ;
; 4.181 ; mg_done_seen_q                   ; pages_mipped_o[19]~reg0          ; clk          ; clk         ; 10.000       ; -0.584     ; 5.175      ;
; 4.181 ; mg_done_seen_q                   ; pages_mipped_o[1]~reg0DUPLICATE  ; clk          ; clk         ; 10.000       ; -0.584     ; 5.175      ;
; 4.181 ; mg_done_seen_q                   ; pages_mipped_o[5]~reg0DUPLICATE  ; clk          ; clk         ; 10.000       ; -0.584     ; 5.175      ;
; 4.181 ; mg_done_seen_q                   ; pages_mipped_o[13]~reg0DUPLICATE ; clk          ; clk         ; 10.000       ; -0.584     ; 5.175      ;
; 4.182 ; mg_done_seen_q                   ; pages_mipped_o[1]~reg0           ; clk          ; clk         ; 10.000       ; -0.588     ; 5.170      ;
; 4.182 ; mg_done_seen_q                   ; pages_mipped_o[2]~reg0           ; clk          ; clk         ; 10.000       ; -0.582     ; 5.176      ;
; 4.182 ; mg_done_seen_q                   ; pages_mipped_o[4]~reg0           ; clk          ; clk         ; 10.000       ; -0.582     ; 5.176      ;
; 4.182 ; mg_done_seen_q                   ; pages_mipped_o[5]~reg0           ; clk          ; clk         ; 10.000       ; -0.588     ; 5.170      ;
; 4.182 ; mg_done_seen_q                   ; pages_mipped_o[7]~reg0           ; clk          ; clk         ; 10.000       ; -0.588     ; 5.170      ;
; 4.182 ; mg_done_seen_q                   ; pages_mipped_o[12]~reg0          ; clk          ; clk         ; 10.000       ; -0.582     ; 5.176      ;
; 4.182 ; mg_done_seen_q                   ; pages_mipped_o[13]~reg0          ; clk          ; clk         ; 10.000       ; -0.588     ; 5.170      ;
; 4.182 ; mg_done_seen_q                   ; pages_mipped_o[16]~reg0          ; clk          ; clk         ; 10.000       ; -0.582     ; 5.176      ;
; 4.182 ; mg_done_seen_q                   ; pages_mipped_o[18]~reg0          ; clk          ; clk         ; 10.000       ; -0.582     ; 5.176      ;
; 4.183 ; mg_done_seen_q                   ; pages_mipped_o[6]~reg0           ; clk          ; clk         ; 10.000       ; -0.589     ; 5.168      ;
; 4.183 ; mg_done_seen_q                   ; pages_mipped_o[8]~reg0           ; clk          ; clk         ; 10.000       ; -0.589     ; 5.168      ;
; 4.183 ; mg_done_seen_q                   ; pages_mipped_o[10]~reg0          ; clk          ; clk         ; 10.000       ; -0.589     ; 5.168      ;
; 4.183 ; mg_done_seen_q                   ; pages_mipped_o[14]~reg0          ; clk          ; clk         ; 10.000       ; -0.589     ; 5.168      ;
; 4.183 ; mg_done_seen_q                   ; pages_mipped_o[20]~reg0          ; clk          ; clk         ; 10.000       ; -0.589     ; 5.168      ;
; 4.183 ; mg_done_seen_q                   ; pages_mipped_o[2]~reg0DUPLICATE  ; clk          ; clk         ; 10.000       ; -0.589     ; 5.168      ;
; 4.183 ; mg_done_seen_q                   ; pages_mipped_o[4]~reg0DUPLICATE  ; clk          ; clk         ; 10.000       ; -0.589     ; 5.168      ;
; 4.183 ; mg_done_seen_q                   ; pages_mipped_o[12]~reg0DUPLICATE ; clk          ; clk         ; 10.000       ; -0.589     ; 5.168      ;
; 4.183 ; mg_done_seen_q                   ; pages_mipped_o[16]~reg0DUPLICATE ; clk          ; clk         ; 10.000       ; -0.589     ; 5.168      ;
; 4.183 ; mg_done_seen_q                   ; pages_mipped_o[18]~reg0DUPLICATE ; clk          ; clk         ; 10.000       ; -0.589     ; 5.168      ;
; 4.187 ; state_q.S_IDLE~DUPLICATE         ; src_q[13]                        ; clk          ; clk         ; 10.000       ; -0.125     ; 5.628      ;
; 4.187 ; state_q.S_IDLE~DUPLICATE         ; crc_q[27]                        ; clk          ; clk         ; 10.000       ; -0.125     ; 5.628      ;
; 4.187 ; state_q.S_IDLE~DUPLICATE         ; crc_q[28]                        ; clk          ; clk         ; 10.000       ; -0.125     ; 5.628      ;
; 4.188 ; state_q.S_IDLE~DUPLICATE         ; crc_q[19]                        ; clk          ; clk         ; 10.000       ; -0.123     ; 5.629      ;
; 4.188 ; state_q.S_IDLE~DUPLICATE         ; crc_q[25]                        ; clk          ; clk         ; 10.000       ; -0.129     ; 5.623      ;
; 4.188 ; state_q.S_IDLE~DUPLICATE         ; crc_q[26]                        ; clk          ; clk         ; 10.000       ; -0.123     ; 5.629      ;
; 4.188 ; state_q.S_IDLE~DUPLICATE         ; crc_q[29]                        ; clk          ; clk         ; 10.000       ; -0.123     ; 5.629      ;
; 4.188 ; state_q.S_IDLE~DUPLICATE         ; crc_q[31]                        ; clk          ; clk         ; 10.000       ; -0.129     ; 5.623      ;
; 4.210 ; state_q.S_IDLE~DUPLICATE         ; crc_q[10]                        ; clk          ; clk         ; 10.000       ; -0.127     ; 5.603      ;
; 4.210 ; state_q.S_IDLE~DUPLICATE         ; crc_q[14]                        ; clk          ; clk         ; 10.000       ; -0.127     ; 5.603      ;
; 4.211 ; state_q.S_IDLE~DUPLICATE         ; src_q[5]                         ; clk          ; clk         ; 10.000       ; -0.125     ; 5.604      ;
; 4.211 ; state_q.S_IDLE~DUPLICATE         ; crc_q[0]                         ; clk          ; clk         ; 10.000       ; -0.128     ; 5.601      ;
; 4.211 ; state_q.S_IDLE~DUPLICATE         ; crc_q[3]                         ; clk          ; clk         ; 10.000       ; -0.128     ; 5.601      ;
; 4.211 ; state_q.S_IDLE~DUPLICATE         ; crc_q[5]                         ; clk          ; clk         ; 10.000       ; -0.132     ; 5.597      ;
; 4.211 ; state_q.S_IDLE~DUPLICATE         ; crc_q[7]                         ; clk          ; clk         ; 10.000       ; -0.132     ; 5.597      ;
; 4.211 ; state_q.S_IDLE~DUPLICATE         ; crc_q[11]                        ; clk          ; clk         ; 10.000       ; -0.134     ; 5.595      ;
; 4.212 ; state_q.S_IDLE~DUPLICATE         ; src_q[3]                         ; clk          ; clk         ; 10.000       ; -0.129     ; 5.599      ;
; 4.212 ; state_q.S_IDLE~DUPLICATE         ; src_q[6]                         ; clk          ; clk         ; 10.000       ; -0.123     ; 5.605      ;
; 4.212 ; state_q.S_IDLE~DUPLICATE         ; src_q[7]                         ; clk          ; clk         ; 10.000       ; -0.129     ; 5.599      ;
; 4.212 ; state_q.S_IDLE~DUPLICATE         ; src_q[9]                         ; clk          ; clk         ; 10.000       ; -0.123     ; 5.605      ;
; 4.212 ; state_q.S_IDLE~DUPLICATE         ; src_q[12]                        ; clk          ; clk         ; 10.000       ; -0.123     ; 5.605      ;
; 4.213 ; state_q.S_IDLE~DUPLICATE         ; src_q[15]                        ; clk          ; clk         ; 10.000       ; -0.130     ; 5.597      ;
; 4.213 ; state_q.S_IDLE~DUPLICATE         ; src_q[28]                        ; clk          ; clk         ; 10.000       ; -0.130     ; 5.597      ;
; 4.213 ; state_q.S_IDLE~DUPLICATE         ; src_q[30]                        ; clk          ; clk         ; 10.000       ; -0.130     ; 5.597      ;
; 4.230 ; state_q.S_IDLE~DUPLICATE         ; epoch_q[21]                      ; clk          ; clk         ; 10.000       ; -0.132     ; 5.578      ;
; 4.230 ; state_q.S_IDLE~DUPLICATE         ; epoch_q[24]                      ; clk          ; clk         ; 10.000       ; -0.132     ; 5.578      ;
; 4.230 ; state_q.S_IDLE~DUPLICATE         ; epoch_q[26]                      ; clk          ; clk         ; 10.000       ; -0.126     ; 5.584      ;
; 4.230 ; state_q.S_IDLE~DUPLICATE         ; epoch_q[28]                      ; clk          ; clk         ; 10.000       ; -0.126     ; 5.584      ;
; 4.230 ; state_q.S_IDLE~DUPLICATE         ; epoch_q[29]                      ; clk          ; clk         ; 10.000       ; -0.132     ; 5.578      ;
; 4.230 ; state_q.S_IDLE~DUPLICATE         ; epoch_q[30]                      ; clk          ; clk         ; 10.000       ; -0.132     ; 5.578      ;
; 4.230 ; state_q.S_IDLE~DUPLICATE         ; src_q[0]                         ; clk          ; clk         ; 10.000       ; -0.126     ; 5.584      ;
; 4.230 ; state_q.S_IDLE~DUPLICATE         ; src_q[1]                         ; clk          ; clk         ; 10.000       ; -0.132     ; 5.578      ;
; 4.230 ; state_q.S_IDLE~DUPLICATE         ; src_q[4]                         ; clk          ; clk         ; 10.000       ; -0.126     ; 5.584      ;
; 4.230 ; state_q.S_IDLE~DUPLICATE         ; src_q[11]                        ; clk          ; clk         ; 10.000       ; -0.126     ; 5.584      ;
; 4.230 ; state_q.S_IDLE~DUPLICATE         ; crc_q[16]                        ; clk          ; clk         ; 10.000       ; -0.130     ; 5.580      ;
; 4.238 ; mg_done_seen_q                   ; pages_mipped_o[0]~reg0           ; clk          ; clk         ; 10.000       ; -0.572     ; 5.130      ;
; 4.252 ; state_q.S_IDLE~DUPLICATE         ; src_q[24]                        ; clk          ; clk         ; 10.000       ; -0.131     ; 5.557      ;
; 4.252 ; state_q.S_IDLE~DUPLICATE         ; src_q[25]                        ; clk          ; clk         ; 10.000       ; -0.133     ; 5.555      ;
; 4.252 ; state_q.S_IDLE~DUPLICATE         ; src_q[26]                        ; clk          ; clk         ; 10.000       ; -0.127     ; 5.561      ;
; 4.252 ; state_q.S_IDLE~DUPLICATE         ; src_q[31]                        ; clk          ; clk         ; 10.000       ; -0.127     ; 5.561      ;
; 4.252 ; state_q.S_IDLE~DUPLICATE         ; crc_q[1]                         ; clk          ; clk         ; 10.000       ; -0.133     ; 5.555      ;
; 4.252 ; state_q.S_IDLE~DUPLICATE         ; crc_q[12]                        ; clk          ; clk         ; 10.000       ; -0.133     ; 5.555      ;
; 4.257 ; state_q.S_IDLE~DUPLICATE         ; slot_q[8]                        ; clk          ; clk         ; 10.000       ; -0.125     ; 5.558      ;
; 4.258 ; state_q.S_IDLE~DUPLICATE         ; gen_q[4]                         ; clk          ; clk         ; 10.000       ; -0.126     ; 5.556      ;
; 4.258 ; state_q.S_IDLE~DUPLICATE         ; gen_q[5]                         ; clk          ; clk         ; 10.000       ; -0.126     ; 5.556      ;
; 4.258 ; state_q.S_IDLE~DUPLICATE         ; gen_q[7]                         ; clk          ; clk         ; 10.000       ; -0.132     ; 5.550      ;
; 4.258 ; state_q.S_IDLE~DUPLICATE         ; epoch_q[31]                      ; clk          ; clk         ; 10.000       ; -0.126     ; 5.556      ;
; 4.278 ; mg_done_seen_q                   ; pages_mipped_o[21]~reg0          ; clk          ; clk         ; 10.000       ; -0.584     ; 5.078      ;
; 4.278 ; mg_done_seen_q                   ; pages_mipped_o[23]~reg0          ; clk          ; clk         ; 10.000       ; -0.584     ; 5.078      ;
; 4.278 ; mg_done_seen_q                   ; pages_mipped_o[25]~reg0          ; clk          ; clk         ; 10.000       ; -0.584     ; 5.078      ;
; 4.278 ; mg_done_seen_q                   ; pages_mipped_o[31]~reg0          ; clk          ; clk         ; 10.000       ; -0.584     ; 5.078      ;
; 4.279 ; mg_done_seen_q                   ; pages_mipped_o[22]~reg0          ; clk          ; clk         ; 10.000       ; -0.582     ; 5.079      ;
; 4.279 ; mg_done_seen_q                   ; pages_mipped_o[24]~reg0          ; clk          ; clk         ; 10.000       ; -0.582     ; 5.079      ;
; 4.279 ; mg_done_seen_q                   ; pages_mipped_o[26]~reg0          ; clk          ; clk         ; 10.000       ; -0.582     ; 5.079      ;
; 4.279 ; mg_done_seen_q                   ; pages_mipped_o[27]~reg0          ; clk          ; clk         ; 10.000       ; -0.588     ; 5.073      ;
; 4.279 ; mg_done_seen_q                   ; pages_mipped_o[28]~reg0          ; clk          ; clk         ; 10.000       ; -0.582     ; 5.079      ;
; 4.279 ; mg_done_seen_q                   ; pages_mipped_o[29]~reg0          ; clk          ; clk         ; 10.000       ; -0.588     ; 5.073      ;
; 4.280 ; mg_done_seen_q                   ; pages_mipped_o[30]~reg0          ; clk          ; clk         ; 10.000       ; -0.589     ; 5.071      ;
; 4.280 ; mg_done_seen_q                   ; pages_mipped_o[22]~reg0DUPLICATE ; clk          ; clk         ; 10.000       ; -0.589     ; 5.071      ;
; 4.280 ; mg_done_seen_q                   ; pages_mipped_o[24]~reg0DUPLICATE ; clk          ; clk         ; 10.000       ; -0.589     ; 5.071      ;
; 4.280 ; mg_done_seen_q                   ; pages_mipped_o[26]~reg0DUPLICATE ; clk          ; clk         ; 10.000       ; -0.589     ; 5.071      ;
; 4.286 ; state_q.S_IDLE~DUPLICATE         ; crc_q[13]                        ; clk          ; clk         ; 10.000       ; -0.124     ; 5.530      ;
; 4.286 ; state_q.S_IDLE~DUPLICATE         ; crc_q[20]                        ; clk          ; clk         ; 10.000       ; -0.124     ; 5.530      ;
; 4.288 ; state_q.S_IDLE~DUPLICATE         ; src_q[14]                        ; clk          ; clk         ; 10.000       ; -0.129     ; 5.523      ;
; 4.288 ; state_q.S_IDLE~DUPLICATE         ; crc_q[17]                        ; clk          ; clk         ; 10.000       ; -0.129     ; 5.523      ;
; 4.288 ; state_q.S_IDLE~DUPLICATE         ; crc_q[22]                        ; clk          ; clk         ; 10.000       ; -0.129     ; 5.523      ;
; 4.288 ; state_q.S_IDLE~DUPLICATE         ; crc_q[24]                        ; clk          ; clk         ; 10.000       ; -0.129     ; 5.523      ;
; 4.288 ; state_q.S_IDLE~DUPLICATE         ; crc_q[30]                        ; clk          ; clk         ; 10.000       ; -0.129     ; 5.523      ;
; 4.289 ; state_q.S_IDLE~DUPLICATE         ; epoch_q[22]                      ; clk          ; clk         ; 10.000       ; -0.126     ; 5.525      ;
; 4.290 ; state_q.S_IDLE~DUPLICATE         ; epoch_q[25]                      ; clk          ; clk         ; 10.000       ; -0.133     ; 5.517      ;
; 4.290 ; state_q.S_IDLE~DUPLICATE         ; src_q[17]                        ; clk          ; clk         ; 10.000       ; -0.133     ; 5.517      ;
; 4.290 ; state_q.S_IDLE~DUPLICATE         ; src_q[19]                        ; clk          ; clk         ; 10.000       ; -0.127     ; 5.523      ;
; 4.290 ; state_q.S_IDLE~DUPLICATE         ; src_q[21]                        ; clk          ; clk         ; 10.000       ; -0.133     ; 5.517      ;
; 4.290 ; state_q.S_IDLE~DUPLICATE         ; crc_q[2]                         ; clk          ; clk         ; 10.000       ; -0.133     ; 5.517      ;
; 4.290 ; state_q.S_IDLE~DUPLICATE         ; crc_q[18]                        ; clk          ; clk         ; 10.000       ; -0.131     ; 5.519      ;
; 5.362 ; j_valid_i                        ; state_q.S_IDLE~DUPLICATE         ; clk          ; clk         ; 10.000       ; 3.335      ; 7.913      ;
; 5.367 ; j_valid_i                        ; state_q.S_IDLE                   ; clk          ; clk         ; 10.000       ; 3.342      ; 7.915      ;
; 8.677 ; state_q.S_START                  ; mg_done_seen_q                   ; clk          ; clk         ; 10.000       ; -0.094     ; 1.169      ;
+-------+----------------------------------+----------------------------------+--------------+-------------+--------------+------------+------------+
