+----------------------------------------------------------------------------------------------------------------------------------------+
; Report Timing                                                                                                                          ;
+--------+----------------------------+----------------------------+--------------+-------------+--------------+------------+------------+
; Slack  ; From Node                  ; To Node                    ; Launch Clock ; Latch Clock ; Relationship ; Clock Skew ; Data Delay ;
+--------+----------------------------+----------------------------+--------------+-------------+--------------+------------+------------+
; -0.031 ; b2_out_q[0]_OTERM65        ; out_o[6]                   ; clk          ; clk         ; 10.000       ; -6.230     ; 3.741      ;
; 0.189  ; b2_out_q[0]_OTERM65        ; out_o[3]                   ; clk          ; clk         ; 10.000       ; -6.230     ; 3.521      ;
; 0.205  ; b2_out_q[0]_OTERM65        ; out_o[4]                   ; clk          ; clk         ; 10.000       ; -6.230     ; 3.505      ;
; 0.234  ; b2_out_q[0]_OTERM65        ; out_o[2]                   ; clk          ; clk         ; 10.000       ; -6.230     ; 3.476      ;
; 0.271  ; b2_out_q[0]_OTERM65        ; out_o[1]                   ; clk          ; clk         ; 10.000       ; -6.230     ; 3.439      ;
; 0.315  ; b2_out_q[0]_OTERM65        ; out_o[7]                   ; clk          ; clk         ; 10.000       ; -6.230     ; 3.395      ;
; 0.359  ; b2_out_q[0]_OTERM65        ; out_o[0]                   ; clk          ; clk         ; 10.000       ; -6.230     ; 3.351      ;
; 0.359  ; b2_out_q[0]_OTERM65        ; out_o[5]                   ; clk          ; clk         ; 10.000       ; -6.230     ; 3.351      ;
; 2.056  ; Add1~1_OTERM1_Duplicate_1  ; b1_b_q[16]                 ; clk          ; clk         ; 10.000       ; -0.424     ; 7.460      ;
; 2.114  ; Add0~1_OTERM19_Duplicate_1 ; b1_a_q[16]                 ; clk          ; clk         ; 10.000       ; -0.420     ; 7.406      ;
; 2.116  ; Add1~1_OTERM1_Duplicate_1  ; b1_b_q[14]                 ; clk          ; clk         ; 10.000       ; -0.424     ; 7.400      ;
; 2.152  ; Add1~1_OTERM1_Duplicate_1  ; b1_b_q[12]                 ; clk          ; clk         ; 10.000       ; -0.420     ; 7.368      ;
; 2.161  ; Add1~1_OTERM1_Duplicate_1  ; b1_b_q[11]                 ; clk          ; clk         ; 10.000       ; -0.426     ; 7.353      ;
; 2.177  ; Add0~1_OTERM19_Duplicate_1 ; b1_a_q[14]                 ; clk          ; clk         ; 10.000       ; -0.420     ; 7.343      ;
; 2.214  ; Add0~1_OTERM19_Duplicate_1 ; b1_a_q[12]                 ; clk          ; clk         ; 10.000       ; -0.420     ; 7.306      ;
; 2.227  ; Add1~1_OTERM1_Duplicate_1  ; b1_b_q[17]                 ; clk          ; clk         ; 10.000       ; -0.426     ; 7.287      ;
; 2.242  ; Add1~1_OTERM1_Duplicate_1  ; b1_b_q[10]                 ; clk          ; clk         ; 10.000       ; -0.424     ; 7.274      ;
; 2.248  ; Add1~1_OTERM1_Duplicate_1  ; b1_b_q[15]                 ; clk          ; clk         ; 10.000       ; -0.419     ; 7.273      ;
; 2.260  ; Add0~1_OTERM19_Duplicate_1 ; b1_a_q[17]                 ; clk          ; clk         ; 10.000       ; -0.426     ; 7.254      ;
; 2.280  ; Add0~1_OTERM19_Duplicate_1 ; b1_a_q[15]                 ; clk          ; clk         ; 10.000       ; -0.426     ; 7.234      ;
; 2.315  ; Add1~1_OTERM1_Duplicate_1  ; b1_b_q[13]                 ; clk          ; clk         ; 10.000       ; -0.426     ; 7.199      ;
; 2.319  ; Add0~1_OTERM19_Duplicate_1 ; b1_a_q[10]                 ; clk          ; clk         ; 10.000       ; -0.420     ; 7.201      ;
; 2.341  ; b1_v_q                     ; occupancy_o[1]             ; clk          ; clk         ; 10.000       ; -5.924     ; 1.675      ;
; 2.362  ; Add0~1_OTERM19_Duplicate_1 ; b1_a_q[13]                 ; clk          ; clk         ; 10.000       ; -0.419     ; 7.159      ;
; 2.385  ; Add0~1_OTERM19_Duplicate_1 ; b1_a_q[11]                 ; clk          ; clk         ; 10.000       ; -0.419     ; 7.136      ;
; 2.414  ; Add1~1_OTERM1_Duplicate_1  ; b1_b_q[8]                  ; clk          ; clk         ; 10.000       ; -0.424     ; 7.102      ;
; 2.441  ; Add1~1_OTERM1_Duplicate_1  ; b1_b_q[9]                  ; clk          ; clk         ; 10.000       ; -0.426     ; 7.073      ;
; 2.457  ; Add0~1_OTERM19_Duplicate_1 ; b1_a_q[8]                  ; clk          ; clk         ; 10.000       ; -0.420     ; 7.063      ;
; 2.517  ; Add0~1_OTERM19_Duplicate_1 ; b1_a_q[9]                  ; clk          ; clk         ; 10.000       ; -0.419     ; 7.004      ;
; 2.528  ; t11_i[1]                   ; du1[1]~5_OTERM15           ; clk          ; clk         ; 10.000       ; 3.510      ; 10.922     ;
; 2.566  ; t00_i[7]                   ; du0[7]~29_OTERM21          ; clk          ; clk         ; 10.000       ; 3.523      ; 10.897     ;
; 2.568  ; b0_v_q~DUPLICATE           ; job_ready_o                ; clk          ; clk         ; 10.000       ; -5.927     ; 1.445      ;
; 2.574  ; t01_i[7]                   ; Add1~1_OTERM1              ; clk          ; clk         ; 10.000       ; 3.510      ; 10.876     ;
; 2.599  ; fu_i[3]                    ; b0_fu_q[3]                 ; clk          ; clk         ; 10.000       ; 3.523      ; 10.864     ;
; 2.613  ; t01_i[7]                   ; Add1~1_OTERM1_Duplicate_2  ; clk          ; clk         ; 10.000       ; 3.510      ; 10.837     ;
; 2.614  ; t01_i[7]                   ; Add1~1_OTERM1_Duplicate_4  ; clk          ; clk         ; 10.000       ; 3.510      ; 10.836     ;
; 2.614  ; t01_i[7]                   ; Add1~1_OTERM1_Duplicate_6  ; clk          ; clk         ; 10.000       ; 3.510      ; 10.836     ;
; 2.616  ; t01_i[7]                   ; Add1~1_OTERM1_Duplicate_8  ; clk          ; clk         ; 10.000       ; 3.510      ; 10.834     ;
; 2.638  ; fu_i[4]                    ; b0_fu_q[4]                 ; clk          ; clk         ; 10.000       ; 3.523      ; 10.825     ;
; 2.684  ; t00_i[7]                   ; Add0~1_OTERM19             ; clk          ; clk         ; 10.000       ; 3.523      ; 10.779     ;
; 2.716  ; t00_i[7]                   ; Add0~1_OTERM19_Duplicate_9 ; clk          ; clk         ; 10.000       ; 3.523      ; 10.747     ;
; 2.717  ; t00_i[7]                   ; Add0~1_OTERM19_Duplicate_5 ; clk          ; clk         ; 10.000       ; 3.523      ; 10.746     ;
; 2.717  ; t00_i[7]                   ; Add0~1_OTERM19_Duplicate_7 ; clk          ; clk         ; 10.000       ; 3.523      ; 10.746     ;
; 2.718  ; t00_i[7]                   ; Add0~1_OTERM19_Duplicate_8 ; clk          ; clk         ; 10.000       ; 3.523      ; 10.745     ;
; 2.718  ; b1_v_q                     ; occupancy_o[0]             ; clk          ; clk         ; 10.000       ; -5.924     ; 1.298      ;
; 2.720  ; t00_i[7]                   ; Add0~1_OTERM19_Duplicate_1 ; clk          ; clk         ; 10.000       ; 3.523      ; 10.743     ;
; 2.720  ; t00_i[7]                   ; Add0~1_OTERM19_Duplicate_3 ; clk          ; clk         ; 10.000       ; 3.523      ; 10.743     ;
; 2.720  ; t00_i[7]                   ; Add0~1_OTERM19_Duplicate_4 ; clk          ; clk         ; 10.000       ; 3.523      ; 10.743     ;
; 2.720  ; t00_i[7]                   ; Add0~1_OTERM19_Duplicate_6 ; clk          ; clk         ; 10.000       ; 3.523      ; 10.743     ;
; 2.721  ; Add1~1_OTERM1_Duplicate_1  ; b1_b_q[0]                  ; clk          ; clk         ; 10.000       ; -0.449     ; 6.770      ;
; 2.723  ; t00_i[7]                   ; Add0~1_OTERM19_Duplicate_2 ; clk          ; clk         ; 10.000       ; 3.523      ; 10.740     ;
; 2.725  ; t11_i[1]                   ; du1[2]~9_OTERM13           ; clk          ; clk         ; 10.000       ; 3.510      ; 10.725     ;
; 2.733  ; fu_i[4]                    ; b0_fu_q[4]~_Duplicate_1    ; clk          ; clk         ; 10.000       ; 3.510      ; 10.717     ;
; 2.777  ; fu_i[3]                    ; b0_fu_q[3]~_Duplicate_1    ; clk          ; clk         ; 10.000       ; 3.510      ; 10.673     ;
; 2.779  ; Add0~1_OTERM19_Duplicate_1 ; b1_a_q[1]                  ; clk          ; clk         ; 10.000       ; -0.847     ; 6.314      ;
; 2.790  ; b1_a_q[9]                  ; b2_out_q[0]_OTERM61        ; clk          ; clk         ; 10.000       ; -0.245     ; 6.905      ;
; 2.790  ; b1_a_q[9]                  ; b2_out_q[0]_OTERM67        ; clk          ; clk         ; 10.000       ; -0.245     ; 6.905      ;
; 2.790  ; b1_a_q[9]                  ; b2_out_q[0]_OTERM65        ; clk          ; clk         ; 10.000       ; -0.245     ; 6.905      ;
; 2.790  ; b1_a_q[9]                  ; b2_out_q[0]_OTERM63        ; clk          ; clk         ; 10.000       ; -0.245     ; 6.905      ;
; 2.790  ; b1_a_q[9]                  ; b2_out_q[0]_OTERM59        ; clk          ; clk         ; 10.000       ; -0.245     ; 6.905      ;
; 2.790  ; b1_a_q[9]                  ; b2_out_q[0]_OTERM57        ; clk          ; clk         ; 10.000       ; -0.245     ; 6.905      ;
; 2.790  ; b1_a_q[9]                  ; b2_out_q[0]_OTERM55        ; clk          ; clk         ; 10.000       ; -0.245     ; 6.905      ;
; 2.790  ; b1_a_q[9]                  ; b2_out_q[0]_OTERM53        ; clk          ; clk         ; 10.000       ; -0.245     ; 6.905      ;
; 2.790  ; b1_a_q[9]                  ; b2_out_q[0]_OTERM51        ; clk          ; clk         ; 10.000       ; -0.245     ; 6.905      ;
; 2.790  ; b1_a_q[9]                  ; b2_out_q[0]_OTERM49        ; clk          ; clk         ; 10.000       ; -0.245     ; 6.905      ;
; 2.790  ; b1_a_q[9]                  ; b2_out_q[2]_OTERM47        ; clk          ; clk         ; 10.000       ; -0.245     ; 6.905      ;
; 2.790  ; b1_a_q[9]                  ; b2_out_q[2]_OTERM45        ; clk          ; clk         ; 10.000       ; -0.245     ; 6.905      ;
; 2.790  ; b1_a_q[9]                  ; b2_out_q[4]_OTERM43        ; clk          ; clk         ; 10.000       ; -0.245     ; 6.905      ;
; 2.790  ; b1_a_q[9]                  ; b2_out_q[4]_OTERM41        ; clk          ; clk         ; 10.000       ; -0.245     ; 6.905      ;
; 2.790  ; b1_a_q[9]                  ; b2_out_q[6]_OTERM39        ; clk          ; clk         ; 10.000       ; -0.245     ; 6.905      ;
; 2.790  ; b1_a_q[9]                  ; b2_out_q[6]_OTERM37        ; clk          ; clk         ; 10.000       ; -0.245     ; 6.905      ;
; 2.797  ; tok_i[3]                   ; b0_tok_q[3]                ; clk          ; clk         ; 10.000       ; 3.231      ; 10.374     ;
; 2.815  ; t11_i[4]                   ; du1[5]~21_OTERM7           ; clk          ; clk         ; 10.000       ; 3.510      ; 10.635     ;
; 2.821  ; fu_i[5]                    ; b0_fu_q[5]                 ; clk          ; clk         ; 10.000       ; 3.523      ; 10.642     ;
; 2.822  ; tok_i[0]                   ; b0_tok_q[0]                ; clk          ; clk         ; 10.000       ; 3.215      ; 10.333     ;
; 2.839  ; t00_i[7]                   ; b0_t00_q[7]                ; clk          ; clk         ; 10.000       ; 3.235      ; 10.336     ;
; 2.850  ; Add0~1_OTERM19_Duplicate_1 ; b1_a_q[3]                  ; clk          ; clk         ; 10.000       ; -0.847     ; 6.243      ;
; 2.858  ; t10_i[2]                   ; du0[2]~9_OTERM31           ; clk          ; clk         ; 10.000       ; 3.523      ; 10.605     ;
; 2.893  ; fu_i[0]                    ; b0_fu_q[0]~_Duplicate_1    ; clk          ; clk         ; 10.000       ; 3.510      ; 10.557     ;
; 2.896  ; fu_i[7]                    ; b0_fu_q[7]                 ; clk          ; clk         ; 10.000       ; 3.523      ; 10.567     ;
; 2.913  ; fu_i[2]                    ; b0_fu_q[2]                 ; clk          ; clk         ; 10.000       ; 3.523      ; 10.550     ;
; 2.920  ; fv_i[0]                    ; b0_fv_q[0]                 ; clk          ; clk         ; 10.000       ; 3.226      ; 10.246     ;
; 2.923  ; Add0~1_OTERM19_Duplicate_1 ; b1_a_q[0]                  ; clk          ; clk         ; 10.000       ; -0.853     ; 6.164      ;
; 2.937  ; t01_i[7]                   ; b0_t01_q[7]                ; clk          ; clk         ; 10.000       ; 3.219      ; 10.222     ;
; 2.941  ; Add0~1_OTERM19_Duplicate_1 ; b1_a_q[5]                  ; clk          ; clk         ; 10.000       ; -0.847     ; 6.152      ;
; 2.945  ; tok_i[1]                   ; b0_tok_q[1]                ; clk          ; clk         ; 10.000       ; 3.229      ; 10.224     ;
; 2.951  ; t10_i[0]                   ; du0[1]~5_OTERM33           ; clk          ; clk         ; 10.000       ; 3.523      ; 10.512     ;
; 2.967  ; t01_i[7]                   ; Add1~1_OTERM1_Duplicate_9  ; clk          ; clk         ; 10.000       ; 3.510      ; 10.483     ;
; 2.969  ; t01_i[7]                   ; Add1~1_OTERM1_Duplicate_5  ; clk          ; clk         ; 10.000       ; 3.510      ; 10.481     ;
; 2.969  ; t01_i[7]                   ; Add1~1_OTERM1_Duplicate_7  ; clk          ; clk         ; 10.000       ; 3.510      ; 10.481     ;
; 2.972  ; fu_i[2]                    ; b0_fu_q[2]~_Duplicate_1    ; clk          ; clk         ; 10.000       ; 3.510      ; 10.478     ;
; 2.972  ; t01_i[7]                   ; Add1~1_OTERM1_Duplicate_1  ; clk          ; clk         ; 10.000       ; 3.510      ; 10.478     ;
; 2.972  ; t01_i[7]                   ; Add1~1_OTERM1_Duplicate_3  ; clk          ; clk         ; 10.000       ; 3.510      ; 10.478     ;
; 2.976  ; fu_i[5]                    ; b0_fu_q[5]~_Duplicate_1    ; clk          ; clk         ; 10.000       ; 3.510      ; 10.474     ;
; 2.977  ; Add0~1_OTERM19_Duplicate_1 ; b1_a_q[4]                  ; clk          ; clk         ; 10.000       ; -0.853     ; 6.110      ;
; 3.006  ; Add1~1_OTERM1_Duplicate_1  ; b1_b_q[1]                  ; clk          ; clk         ; 10.000       ; -0.451     ; 6.483      ;
; 3.007  ; Add0~1_OTERM19_Duplicate_1 ; b1_a_q[2]                  ; clk          ; clk         ; 10.000       ; -0.853     ; 6.080      ;
; 3.027  ; fu_i[1]                    ; b0_fu_q[1]~_Duplicate_1    ; clk          ; clk         ; 10.000       ; 3.510      ; 10.423     ;
; 3.028  ; fu_i[1]                    ; b0_fu_q[1]                 ; clk          ; clk         ; 10.000       ; 3.523      ; 10.435     ;
; 3.032  ; t11_i[0]                   ; du1[0]~1_OTERM17           ; clk          ; clk         ; 10.000       ; 3.510      ; 10.418     ;
; 3.039  ; chan_i[1]                  ; b0_ch_q[1]                 ; clk          ; clk         ; 10.000       ; 3.228      ; 10.129     ;
; 3.040  ; tok_i[2]                   ; b0_tok_q[2]                ; clk          ; clk         ; 10.000       ; 3.227      ; 10.127     ;
; 3.049  ; Add1~1_OTERM1_Duplicate_1  ; b1_b_q[3]                  ; clk          ; clk         ; 10.000       ; -0.455     ; 6.436      ;
; 3.051  ; t01_i[2]                   ; b0_t01_q[2]                ; clk          ; clk         ; 10.000       ; 3.219      ; 10.108     ;
; 3.053  ; t00_i[3]                   ; du0[5]~21_OTERM25          ; clk          ; clk         ; 10.000       ; 3.523      ; 10.410     ;
; 3.068  ; fv_i[3]                    ; b0_fv_q[3]                 ; clk          ; clk         ; 10.000       ; 3.226      ; 10.098     ;
; 3.087  ; fu_i[0]                    ; b0_fu_q[0]                 ; clk          ; clk         ; 10.000       ; 3.523      ; 10.376     ;
; 3.102  ; out_ready_i                ; Mult2~8|ENA_DFF0           ; clk          ; clk         ; 10.000       ; 3.510      ; 10.348     ;
; 3.119  ; tok_i[5]                   ; b0_tok_q[5]                ; clk          ; clk         ; 10.000       ; 3.231      ; 10.052     ;
; 3.127  ; chan_i[0]                  ; b0_ch_q[0]                 ; clk          ; clk         ; 10.000       ; 3.232      ; 10.045     ;
; 3.134  ; fu_i[7]                    ; b0_fu_q[7]~_Duplicate_1    ; clk          ; clk         ; 10.000       ; 3.510      ; 10.316     ;
; 3.164  ; Add0~1_OTERM19_Duplicate_1 ; b1_a_q[7]                  ; clk          ; clk         ; 10.000       ; -0.855     ; 5.921      ;
; 3.165  ; fu_i[6]                    ; b0_fu_q[6]                 ; clk          ; clk         ; 10.000       ; 3.523      ; 10.298     ;
; 3.172  ; fv_i[2]                    ; b0_fv_q[2]                 ; clk          ; clk         ; 10.000       ; 3.231      ; 9.999      ;
; 3.186  ; tok_i[12]                  ; b0_tok_q[12]               ; clk          ; clk         ; 10.000       ; 3.228      ; 9.982      ;
; 3.188  ; fv_i[6]                    ; b0_fv_q[6]                 ; clk          ; clk         ; 10.000       ; 3.231      ; 9.983      ;
; 3.193  ; t00_i[3]                   ; du0[4]~17_OTERM27          ; clk          ; clk         ; 10.000       ; 3.523      ; 10.270     ;
; 3.195  ; fu_i[6]                    ; b0_fu_q[6]~_Duplicate_1    ; clk          ; clk         ; 10.000       ; 3.510      ; 10.255     ;
; 3.200  ; tok_i[11]                  ; b0_tok_q[11]               ; clk          ; clk         ; 10.000       ; 3.232      ; 9.972      ;
; 3.206  ; fv_i[5]                    ; b0_fv_q[5]                 ; clk          ; clk         ; 10.000       ; 3.226      ; 9.960      ;
; 3.210  ; fv_i[4]                    ; b0_fv_q[4]                 ; clk          ; clk         ; 10.000       ; 3.231      ; 9.961      ;
; 3.212  ; t00_i[3]                   ; du0[3]~13_OTERM29          ; clk          ; clk         ; 10.000       ; 3.523      ; 10.251     ;
; 3.212  ; tok_i[13]                  ; b0_tok_q[13]               ; clk          ; clk         ; 10.000       ; 3.228      ; 9.956      ;
; 3.229  ; job_valid_i                ; jobs_o[2]~reg0             ; clk          ; clk         ; 10.000       ; 3.212      ; 9.923      ;
; 3.229  ; job_valid_i                ; jobs_o[4]~reg0             ; clk          ; clk         ; 10.000       ; 3.212      ; 9.923      ;
; 3.229  ; job_valid_i                ; jobs_o[6]~reg0             ; clk          ; clk         ; 10.000       ; 3.212      ; 9.923      ;
; 3.229  ; job_valid_i                ; jobs_o[8]~reg0             ; clk          ; clk         ; 10.000       ; 3.212      ; 9.923      ;
; 3.229  ; job_valid_i                ; jobs_o[12]~reg0            ; clk          ; clk         ; 10.000       ; 3.212      ; 9.923      ;
; 3.229  ; job_valid_i                ; jobs_o[14]~reg0            ; clk          ; clk         ; 10.000       ; 3.212      ; 9.923      ;
; 3.229  ; job_valid_i                ; jobs_o[16]~reg0            ; clk          ; clk         ; 10.000       ; 3.212      ; 9.923      ;
; 3.229  ; tok_i[6]                   ; b0_tok_q[6]                ; clk          ; clk         ; 10.000       ; 3.228      ; 9.939      ;
; 3.230  ; job_valid_i                ; jobs_o[1]~reg0             ; clk          ; clk         ; 10.000       ; 3.207      ; 9.917      ;
; 3.230  ; job_valid_i                ; jobs_o[3]~reg0             ; clk          ; clk         ; 10.000       ; 3.211      ; 9.921      ;
; 3.230  ; job_valid_i                ; jobs_o[5]~reg0             ; clk          ; clk         ; 10.000       ; 3.207      ; 9.917      ;
; 3.230  ; job_valid_i                ; jobs_o[7]~reg0             ; clk          ; clk         ; 10.000       ; 3.207      ; 9.917      ;
; 3.230  ; job_valid_i                ; jobs_o[9]~reg0             ; clk          ; clk         ; 10.000       ; 3.211      ; 9.921      ;
; 3.230  ; job_valid_i                ; jobs_o[10]~reg0            ; clk          ; clk         ; 10.000       ; 3.205      ; 9.915      ;
; 3.230  ; job_valid_i                ; jobs_o[11]~reg0            ; clk          ; clk         ; 10.000       ; 3.211      ; 9.921      ;
; 3.230  ; job_valid_i                ; jobs_o[13]~reg0            ; clk          ; clk         ; 10.000       ; 3.207      ; 9.917      ;
; 3.230  ; job_valid_i                ; jobs_o[15]~reg0            ; clk          ; clk         ; 10.000       ; 3.207      ; 9.917      ;
; 3.230  ; job_valid_i                ; jobs_o[17]~reg0            ; clk          ; clk         ; 10.000       ; 3.207      ; 9.917      ;
; 3.230  ; job_valid_i                ; jobs_o[18]~reg0            ; clk          ; clk         ; 10.000       ; 3.205      ; 9.915      ;
; 3.230  ; job_valid_i                ; jobs_o[19]~reg0            ; clk          ; clk         ; 10.000       ; 3.207      ; 9.917      ;
; 3.230  ; job_valid_i                ; jobs_o[20]~reg0            ; clk          ; clk         ; 10.000       ; 3.205      ; 9.915      ;
; 3.230  ; job_valid_i                ; jobs_o[12]~reg0DUPLICATE   ; clk          ; clk         ; 10.000       ; 3.205      ; 9.915      ;
; 3.230  ; job_valid_i                ; jobs_o[13]~reg0DUPLICATE   ; clk          ; clk         ; 10.000       ; 3.211      ; 9.921      ;
; 3.230  ; job_valid_i                ; jobs_o[14]~reg0DUPLICATE   ; clk          ; clk         ; 10.000       ; 3.205      ; 9.915      ;
; 3.230  ; job_valid_i                ; jobs_o[15]~reg0DUPLICATE   ; clk          ; clk         ; 10.000       ; 3.211      ; 9.921      ;
; 3.230  ; job_valid_i                ; jobs_o[16]~reg0DUPLICATE   ; clk          ; clk         ; 10.000       ; 3.205      ; 9.915      ;
; 3.230  ; job_valid_i                ; jobs_o[17]~reg0DUPLICATE   ; clk          ; clk         ; 10.000       ; 3.211      ; 9.921      ;
; 3.230  ; job_valid_i                ; jobs_o[19]~reg0DUPLICATE   ; clk          ; clk         ; 10.000       ; 3.211      ; 9.921      ;
; 3.231  ; t01_i[1]                   ; b0_t01_q[1]                ; clk          ; clk         ; 10.000       ; 3.223      ; 9.932      ;
; 3.235  ; Add0~1_OTERM19_Duplicate_1 ; b1_a_q[6]                  ; clk          ; clk         ; 10.000       ; -0.855     ; 5.850      ;
; 3.247  ; job_valid_i                ; jobs_o[22]~reg0            ; clk          ; clk         ; 10.000       ; 3.212      ; 9.905      ;
; 3.247  ; job_valid_i                ; jobs_o[24]~reg0            ; clk          ; clk         ; 10.000       ; 3.212      ; 9.905      ;
; 3.247  ; job_valid_i                ; jobs_o[28]~reg0            ; clk          ; clk         ; 10.000       ; 3.212      ; 9.905      ;
; 3.248  ; job_valid_i                ; jobs_o[0]~reg0             ; clk          ; clk         ; 10.000       ; 3.211      ; 9.903      ;
; 3.248  ; job_valid_i                ; jobs_o[21]~reg0            ; clk          ; clk         ; 10.000       ; 3.211      ; 9.903      ;
; 3.248  ; job_valid_i                ; jobs_o[23]~reg0            ; clk          ; clk         ; 10.000       ; 3.211      ; 9.903      ;
; 3.248  ; job_valid_i                ; jobs_o[25]~reg0            ; clk          ; clk         ; 10.000       ; 3.207      ; 9.899      ;
; 3.248  ; job_valid_i                ; jobs_o[26]~reg0            ; clk          ; clk         ; 10.000       ; 3.205      ; 9.897      ;
; 3.248  ; job_valid_i                ; jobs_o[27]~reg0            ; clk          ; clk         ; 10.000       ; 3.211      ; 9.903      ;
; 3.248  ; job_valid_i                ; jobs_o[29]~reg0            ; clk          ; clk         ; 10.000       ; 3.207      ; 9.899      ;
; 3.248  ; job_valid_i                ; jobs_o[30]~reg0            ; clk          ; clk         ; 10.000       ; 3.205      ; 9.897      ;
; 3.248  ; job_valid_i                ; jobs_o[31]~reg0            ; clk          ; clk         ; 10.000       ; 3.211      ; 9.903      ;
; 3.248  ; job_valid_i                ; jobs_o[22]~reg0DUPLICATE   ; clk          ; clk         ; 10.000       ; 3.205      ; 9.897      ;
; 3.248  ; job_valid_i                ; jobs_o[28]~reg0DUPLICATE   ; clk          ; clk         ; 10.000       ; 3.205      ; 9.897      ;
; 3.248  ; job_valid_i                ; jobs_o[29]~reg0DUPLICATE   ; clk          ; clk         ; 10.000       ; 3.211      ; 9.903      ;
; 3.249  ; Add1~1_OTERM1_Duplicate_1  ; b1_b_q[2]                  ; clk          ; clk         ; 10.000       ; -0.457     ; 6.234      ;
; 3.260  ; Add1~1_OTERM1_Duplicate_1  ; b1_b_q[4]                  ; clk          ; clk         ; 10.000       ; -0.452     ; 6.228      ;
; 3.261  ; tok_i[15]                  ; b0_tok_q[15]               ; clk          ; clk         ; 10.000       ; 3.228      ; 9.907      ;
; 3.263  ; job_valid_i                ; b0_t00_q[0]                ; clk          ; clk         ; 10.000       ; 3.229      ; 9.906      ;
; 3.263  ; job_valid_i                ; b0_t00_q[3]                ; clk          ; clk         ; 10.000       ; 3.235      ; 9.912      ;
; 3.264  ; job_valid_i                ; b0_t00_q[6]                ; clk          ; clk         ; 10.000       ; 3.231      ; 9.907      ;
; 3.264  ; job_valid_i                ; b0_t00_q[5]                ; clk          ; clk         ; 10.000       ; 3.231      ; 9.907      ;
; 3.264  ; job_valid_i                ; b0_t00_q[4]                ; clk          ; clk         ; 10.000       ; 3.231      ; 9.907      ;
; 3.264  ; job_valid_i                ; b0_t00_q[2]                ; clk          ; clk         ; 10.000       ; 3.231      ; 9.907      ;
; 3.264  ; job_valid_i                ; b0_t00_q[1]                ; clk          ; clk         ; 10.000       ; 3.231      ; 9.907      ;
; 3.266  ; job_valid_i                ; b0_fv_q[7]                 ; clk          ; clk         ; 10.000       ; 3.226      ; 9.900      ;
; 3.266  ; job_valid_i                ; b0_tok_q[7]                ; clk          ; clk         ; 10.000       ; 3.232      ; 9.906      ;
; 3.266  ; job_valid_i                ; b0_tok_q[9]                ; clk          ; clk         ; 10.000       ; 3.232      ; 9.906      ;
; 3.267  ; job_valid_i                ; b0_fv_q[1]                 ; clk          ; clk         ; 10.000       ; 3.231      ; 9.904      ;
; 3.267  ; job_valid_i                ; b0_tok_q[8]                ; clk          ; clk         ; 10.000       ; 3.228      ; 9.901      ;
; 3.267  ; job_valid_i                ; b0_tok_q[10]               ; clk          ; clk         ; 10.000       ; 3.228      ; 9.901      ;
; 3.267  ; jobs_o[0]~reg0             ; jobs_o[0]                  ; clk          ; clk         ; 10.000       ; -5.901     ; 0.772      ;
; 3.281  ; job_valid_i                ; b0_t01_q[6]                ; clk          ; clk         ; 10.000       ; 3.223      ; 9.882      ;
; 3.281  ; job_valid_i                ; b0_t01_q[4]                ; clk          ; clk         ; 10.000       ; 3.223      ; 9.882      ;
; 3.281  ; job_valid_i                ; b0_t01_q[3]                ; clk          ; clk         ; 10.000       ; 3.223      ; 9.882      ;
; 3.282  ; job_valid_i                ; b0_t01_q[5]                ; clk          ; clk         ; 10.000       ; 3.219      ; 9.877      ;
; 3.282  ; job_valid_i                ; b0_t01_q[0]                ; clk          ; clk         ; 10.000       ; 3.219      ; 9.877      ;
; 3.295  ; tok_i[14]                  ; b0_tok_q[14]               ; clk          ; clk         ; 10.000       ; 3.232      ; 9.877      ;
; 3.303  ; Add1~1_OTERM1_Duplicate_1  ; b1_b_q[7]                  ; clk          ; clk         ; 10.000       ; -0.457     ; 6.180      ;
; 3.311  ; job_valid_i                ; Mult0~mac|ENA_DFF0         ; clk          ; clk         ; 10.000       ; 3.523      ; 10.152     ;
; 3.347  ; Add1~1_OTERM1_Duplicate_1  ; b1_b_q[6]                  ; clk          ; clk         ; 10.000       ; -0.452     ; 6.141      ;
; 3.351  ; job_valid_i                ; Mult1~mac|ENA_DFF0         ; clk          ; clk         ; 10.000       ; 3.510      ; 10.099     ;
; 3.367  ; b2_ch_q[1]                 ; out_chan_o[1]              ; clk          ; clk         ; 10.000       ; -5.928     ; 0.645      ;
; 3.375  ; jobs_o[3]~reg0             ; jobs_o[3]                  ; clk          ; clk         ; 10.000       ; -5.901     ; 0.664      ;
; 3.380  ; b2_tok_q[2]                ; out_tok_o[2]               ; clk          ; clk         ; 10.000       ; -5.927     ; 0.633      ;
; 3.423  ; b2_v_q~DUPLICATE           ; out_valid_o                ; clk          ; clk         ; 10.000       ; -5.922     ; 0.595      ;
; 3.424  ; out_ready_i                ; b1_tok_q[11]               ; clk          ; clk         ; 10.000       ; 3.235      ; 9.751      ;
; 3.424  ; out_ready_i                ; b1_tok_q[14]               ; clk          ; clk         ; 10.000       ; 3.235      ; 9.751      ;
; 3.424  ; out_ready_i                ; b1_ch_q[0]                 ; clk          ; clk         ; 10.000       ; 3.235      ; 9.751      ;
; 3.425  ; out_ready_i                ; b1_tok_q[12]               ; clk          ; clk         ; 10.000       ; 3.231      ; 9.746      ;
; 3.425  ; out_ready_i                ; b1_tok_q[13]               ; clk          ; clk         ; 10.000       ; 3.234      ; 9.749      ;
; 3.425  ; out_ready_i                ; b1_tok_q[15]               ; clk          ; clk         ; 10.000       ; 3.231      ; 9.746      ;
; 3.425  ; out_ready_i                ; b1_ch_q[1]                 ; clk          ; clk         ; 10.000       ; 3.231      ; 9.746      ;
; 3.427  ; b2_tok_q[7]                ; out_tok_o[7]               ; clk          ; clk         ; 10.000       ; -5.933     ; 0.580      ;
; 3.444  ; Add1~1_OTERM1_Duplicate_1  ; b1_b_q[5]                  ; clk          ; clk         ; 10.000       ; -0.452     ; 6.044      ;
; 3.466  ; job_valid_i                ; b0_tok_q[4]                ; clk          ; clk         ; 10.000       ; 3.227      ; 9.701      ;
; 3.489  ; out_ready_i                ; b1_tok_q[1]                ; clk          ; clk         ; 10.000       ; 3.234      ; 9.685      ;
; 3.490  ; out_ready_i                ; b1_tok_q[2]                ; clk          ; clk         ; 10.000       ; 3.230      ; 9.680      ;
; 3.490  ; out_ready_i                ; b1_tok_q[4]                ; clk          ; clk         ; 10.000       ; 3.230      ; 9.680      ;
; 3.490  ; out_ready_i                ; b1_tok_q[5]                ; clk          ; clk         ; 10.000       ; 3.233      ; 9.683      ;
; 3.491  ; out_ready_i                ; b1_tok_q[3]                ; clk          ; clk         ; 10.000       ; 3.229      ; 9.678      ;
; 3.506  ; out_ready_i                ; b1_tok_q[0]                ; clk          ; clk         ; 10.000       ; 3.231      ; 9.665      ;
; 3.525  ; out_ready_i                ; b1_tok_q[6]                ; clk          ; clk         ; 10.000       ; 3.214      ; 9.629      ;
; 3.579  ; job_valid_i                ; b0_v_q                     ; clk          ; clk         ; 10.000       ; 3.249      ; 9.610      ;
; 3.581  ; out_ready_i                ; Mult2~8|ENA_DFF1           ; clk          ; clk         ; 10.000       ; 3.510      ; 9.869      ;
; 3.584  ; job_valid_i                ; b0_v_q~DUPLICATE           ; clk          ; clk         ; 10.000       ; 3.252      ; 9.608      ;
; 3.592  ; b2_tok_q[6]                ; out_tok_o[6]               ; clk          ; clk         ; 10.000       ; -5.928     ; 0.420      ;
; 3.595  ; b2_tok_q[0]                ; out_tok_o[0]               ; clk          ; clk         ; 10.000       ; -5.934     ; 0.411      ;
; 3.598  ; out_ready_i                ; b2_tok_q[6]                ; clk          ; clk         ; 10.000       ; 3.236      ; 9.578      ;
; 3.598  ; out_ready_i                ; b2_tok_q[11]               ; clk          ; clk         ; 10.000       ; 3.234      ; 9.576      ;
; 3.598  ; out_ready_i                ; b2_tok_q[12]               ; clk          ; clk         ; 10.000       ; 3.240      ; 9.582      ;
; 3.598  ; out_ready_i                ; b2_tok_q[13]               ; clk          ; clk         ; 10.000       ; 3.240      ; 9.582      ;
; 3.598  ; out_ready_i                ; b2_tok_q[14]               ; clk          ; clk         ; 10.000       ; 3.234      ; 9.576      ;
; 3.598  ; out_ready_i                ; b2_tok_q[15]               ; clk          ; clk         ; 10.000       ; 3.240      ; 9.582      ;
; 3.598  ; out_ready_i                ; b2_ch_q[0]                 ; clk          ; clk         ; 10.000       ; 3.234      ; 9.576      ;
; 3.598  ; out_ready_i                ; b2_ch_q[1]                 ; clk          ; clk         ; 10.000       ; 3.236      ; 9.578      ;
; 3.598  ; jobs_o[6]~reg0             ; jobs_o[6]                  ; clk          ; clk         ; 10.000       ; -5.903     ; 0.439      ;
; 3.601  ; jobs_o[4]~reg0             ; jobs_o[4]                  ; clk          ; clk         ; 10.000       ; -5.903     ; 0.436      ;
; 3.603  ; out_ready_i                ; b2_v_q~DUPLICATE           ; clk          ; clk         ; 10.000       ; 3.247      ; 9.584      ;
; 3.604  ; b2_tok_q[5]                ; out_tok_o[5]               ; clk          ; clk         ; 10.000       ; -5.928     ; 0.408      ;
; 3.604  ; jobs_o[5]~reg0             ; jobs_o[5]                  ; clk          ; clk         ; 10.000       ; -5.896     ; 0.440      ;
; 3.607  ; out_ready_i                ; b2_v_q                     ; clk          ; clk         ; 10.000       ; 3.253      ; 9.586      ;
; 3.609  ; jobs_o[7]~reg0             ; jobs_o[7]                  ; clk          ; clk         ; 10.000       ; -5.896     ; 0.435      ;
; 3.610  ; b2_tok_q[10]               ; out_tok_o[10]              ; clk          ; clk         ; 10.000       ; -5.934     ; 0.396      ;
; 3.610  ; jobs_o[2]~reg0             ; jobs_o[2]                  ; clk          ; clk         ; 10.000       ; -5.903     ; 0.427      ;
; 3.611  ; jobs_o[24]~reg0            ; jobs_o[24]                 ; clk          ; clk         ; 10.000       ; -5.903     ; 0.426      ;
; 3.614  ; out_ready_i                ; b1_tok_q[8]                ; clk          ; clk         ; 10.000       ; 3.235      ; 9.561      ;
; 3.614  ; out_ready_i                ; b1_tok_q[10]               ; clk          ; clk         ; 10.000       ; 3.235      ; 9.561      ;
; 3.615  ; out_ready_i                ; b1_tok_q[7]                ; clk          ; clk         ; 10.000       ; 3.231      ; 9.556      ;
; 3.615  ; out_ready_i                ; b1_tok_q[9]                ; clk          ; clk         ; 10.000       ; 3.231      ; 9.556      ;
; 3.621  ; b2_tok_q[1]                ; out_tok_o[1]               ; clk          ; clk         ; 10.000       ; -5.933     ; 0.386      ;
; 3.622  ; b2_tok_q[12]               ; out_tok_o[12]              ; clk          ; clk         ; 10.000       ; -5.933     ; 0.385      ;
; 3.626  ; jobs_o[8]~reg0             ; jobs_o[8]                  ; clk          ; clk         ; 10.000       ; -5.903     ; 0.411      ;
; 3.628  ; b2_ch_q[0]                 ; out_chan_o[0]              ; clk          ; clk         ; 10.000       ; -5.927     ; 0.385      ;
; 3.631  ; b2_tok_q[15]               ; out_tok_o[15]              ; clk          ; clk         ; 10.000       ; -5.933     ; 0.376      ;
; 3.632  ; jobs_o[25]~reg0            ; jobs_o[25]                 ; clk          ; clk         ; 10.000       ; -5.896     ; 0.412      ;
; 3.633  ; b2_tok_q[3]                ; out_tok_o[3]               ; clk          ; clk         ; 10.000       ; -5.933     ; 0.374      ;
; 3.633  ; b2_tok_q[4]                ; out_tok_o[4]               ; clk          ; clk         ; 10.000       ; -5.927     ; 0.380      ;
; 3.633  ; b2_tok_q[9]                ; out_tok_o[9]               ; clk          ; clk         ; 10.000       ; -5.933     ; 0.374      ;
; 3.635  ; jobs_o[11]~reg0            ; jobs_o[11]                 ; clk          ; clk         ; 10.000       ; -5.901     ; 0.404      ;
; 3.641  ; b2_tok_q[8]                ; out_tok_o[8]               ; clk          ; clk         ; 10.000       ; -5.927     ; 0.372      ;
; 3.642  ; jobs_o[9]~reg0             ; jobs_o[9]                  ; clk          ; clk         ; 10.000       ; -5.901     ; 0.397      ;
; 3.646  ; jobs_o[1]~reg0             ; jobs_o[1]                  ; clk          ; clk         ; 10.000       ; -5.896     ; 0.398      ;
; 3.647  ; b2_tok_q[13]               ; out_tok_o[13]              ; clk          ; clk         ; 10.000       ; -5.933     ; 0.360      ;
; 3.648  ; out_ready_i                ; b1_v_q                     ; clk          ; clk         ; 10.000       ; 3.249      ; 9.541      ;
; 3.648  ; jobs_o[13]~reg0DUPLICATE   ; jobs_o[13]                 ; clk          ; clk         ; 10.000       ; -5.901     ; 0.391      ;
; 3.649  ; jobs_o[28]~reg0DUPLICATE   ; jobs_o[28]                 ; clk          ; clk         ; 10.000       ; -5.895     ; 0.396      ;
; 3.650  ; jobs_o[26]~reg0            ; jobs_o[26]                 ; clk          ; clk         ; 10.000       ; -5.895     ; 0.395      ;
; 3.654  ; jobs_o[19]~reg0DUPLICATE   ; jobs_o[19]                 ; clk          ; clk         ; 10.000       ; -5.901     ; 0.385      ;
; 3.655  ; jobs_o[10]~reg0            ; jobs_o[10]                 ; clk          ; clk         ; 10.000       ; -5.895     ; 0.390      ;
; 3.656  ; b2_tok_q[14]               ; out_tok_o[14]              ; clk          ; clk         ; 10.000       ; -5.927     ; 0.357      ;
; 3.657  ; jobs_o[15]~reg0DUPLICATE   ; jobs_o[15]                 ; clk          ; clk         ; 10.000       ; -5.901     ; 0.382      ;
; 3.657  ; jobs_o[20]~reg0            ; jobs_o[20]                 ; clk          ; clk         ; 10.000       ; -5.895     ; 0.388      ;
; 3.657  ; jobs_o[27]~reg0            ; jobs_o[27]                 ; clk          ; clk         ; 10.000       ; -5.901     ; 0.382      ;
; 3.657  ; jobs_o[31]~reg0            ; jobs_o[31]                 ; clk          ; clk         ; 10.000       ; -5.901     ; 0.382      ;
; 3.660  ; jobs_o[18]~reg0            ; jobs_o[18]                 ; clk          ; clk         ; 10.000       ; -5.895     ; 0.385      ;
; 3.660  ; jobs_o[21]~reg0            ; jobs_o[21]                 ; clk          ; clk         ; 10.000       ; -5.901     ; 0.379      ;
; 3.662  ; b2_tok_q[11]               ; out_tok_o[11]              ; clk          ; clk         ; 10.000       ; -5.927     ; 0.351      ;
; 3.662  ; jobs_o[17]~reg0DUPLICATE   ; jobs_o[17]                 ; clk          ; clk         ; 10.000       ; -5.901     ; 0.377      ;
; 3.663  ; jobs_o[29]~reg0DUPLICATE   ; jobs_o[29]                 ; clk          ; clk         ; 10.000       ; -5.901     ; 0.376      ;
; 3.664  ; jobs_o[14]~reg0DUPLICATE   ; jobs_o[14]                 ; clk          ; clk         ; 10.000       ; -5.895     ; 0.381      ;
; 3.666  ; jobs_o[23]~reg0            ; jobs_o[23]                 ; clk          ; clk         ; 10.000       ; -5.901     ; 0.373      ;
; 3.675  ; jobs_o[16]~reg0DUPLICATE   ; jobs_o[16]                 ; clk          ; clk         ; 10.000       ; -5.895     ; 0.370      ;
; 3.676  ; jobs_o[22]~reg0DUPLICATE   ; jobs_o[22]                 ; clk          ; clk         ; 10.000       ; -5.895     ; 0.369      ;
; 3.684  ; jobs_o[12]~reg0DUPLICATE   ; jobs_o[12]                 ; clk          ; clk         ; 10.000       ; -5.895     ; 0.361      ;
; 3.691  ; jobs_o[30]~reg0            ; jobs_o[30]                 ; clk          ; clk         ; 10.000       ; -5.895     ; 0.354      ;
; 3.708  ; out_ready_i                ; b2_out_q[0]_OTERM71        ; clk          ; clk         ; 10.000       ; 3.227      ; 9.459      ;
; 3.709  ; out_ready_i                ; b2_out_q[0]_OTERM85        ; clk          ; clk         ; 10.000       ; 3.224      ; 9.455      ;
; 3.709  ; out_ready_i                ; b2_out_q[0]_OTERM93        ; clk          ; clk         ; 10.000       ; 3.224      ; 9.455      ;
; 3.709  ; out_ready_i                ; b2_out_q[0]_OTERM89        ; clk          ; clk         ; 10.000       ; 3.224      ; 9.455      ;
; 3.709  ; out_ready_i                ; b2_out_q[2]_OTERM75        ; clk          ; clk         ; 10.000       ; 3.224      ; 9.455      ;
; 3.709  ; out_ready_i                ; b2_out_q[4]_OTERM79        ; clk          ; clk         ; 10.000       ; 3.224      ; 9.455      ;
; 3.709  ; out_ready_i                ; b2_out_q[6]_OTERM83        ; clk          ; clk         ; 10.000       ; 3.224      ; 9.455      ;
; 3.710  ; out_ready_i                ; b2_out_q[0]_OTERM69        ; clk          ; clk         ; 10.000       ; 3.209      ; 9.439      ;
; 3.710  ; out_ready_i                ; b2_out_q[0]_OTERM99        ; clk          ; clk         ; 10.000       ; 3.210      ; 9.440      ;
; 3.710  ; out_ready_i                ; b2_out_q[0]_OTERM97        ; clk          ; clk         ; 10.000       ; 3.208      ; 9.438      ;
; 3.710  ; out_ready_i                ; b2_out_q[0]_OTERM95        ; clk          ; clk         ; 10.000       ; 3.210      ; 9.440      ;
; 3.710  ; out_ready_i                ; b2_out_q[0]_OTERM91        ; clk          ; clk         ; 10.000       ; 3.210      ; 9.440      ;
; 3.710  ; out_ready_i                ; b2_out_q[0]_OTERM87        ; clk          ; clk         ; 10.000       ; 3.210      ; 9.440      ;
; 3.710  ; out_ready_i                ; b2_out_q[2]_OTERM73        ; clk          ; clk         ; 10.000       ; 3.210      ; 9.440      ;
; 3.710  ; out_ready_i                ; b2_out_q[4]_OTERM77        ; clk          ; clk         ; 10.000       ; 3.210      ; 9.440      ;
; 3.710  ; out_ready_i                ; b2_out_q[6]_OTERM81        ; clk          ; clk         ; 10.000       ; 3.210      ; 9.440      ;
; 3.734  ; out_ready_i                ; b2_tok_q[10]               ; clk          ; clk         ; 10.000       ; 3.241      ; 9.447      ;
; 3.735  ; out_ready_i                ; b2_tok_q[7]                ; clk          ; clk         ; 10.000       ; 3.240      ; 9.445      ;
; 3.735  ; out_ready_i                ; b2_tok_q[8]                ; clk          ; clk         ; 10.000       ; 3.234      ; 9.439      ;
; 3.735  ; out_ready_i                ; b2_tok_q[9]                ; clk          ; clk         ; 10.000       ; 3.240      ; 9.445      ;
; 3.737  ; out_ready_i                ; b2_tok_q[1]                ; clk          ; clk         ; 10.000       ; 3.239      ; 9.442      ;
; 3.737  ; out_ready_i                ; b2_tok_q[2]                ; clk          ; clk         ; 10.000       ; 3.233      ; 9.436      ;
; 3.737  ; out_ready_i                ; b2_tok_q[3]                ; clk          ; clk         ; 10.000       ; 3.239      ; 9.442      ;
; 3.737  ; out_ready_i                ; b2_tok_q[4]                ; clk          ; clk         ; 10.000       ; 3.233      ; 9.436      ;
; 3.814  ; out_ready_i                ; b2_tok_q[0]                ; clk          ; clk         ; 10.000       ; 3.240      ; 9.366      ;
; 3.815  ; out_ready_i                ; b2_tok_q[5]                ; clk          ; clk         ; 10.000       ; 3.235      ; 9.360      ;
; 3.868  ; t00_i[3]                   ; du0[6]~25_OTERM23          ; clk          ; clk         ; 10.000       ; 3.523      ; 9.595      ;
; 4.037  ; t01_i[7]                   ; du1[7]~29_OTERM3           ; clk          ; clk         ; 10.000       ; 3.510      ; 9.413      ;
; 4.123  ; t11_i[4]                   ; du1[6]~25_OTERM5           ; clk          ; clk         ; 10.000       ; 3.510      ; 9.327      ;
; 4.453  ; t11_i[2]                   ; du1[3]~13_OTERM11          ; clk          ; clk         ; 10.000       ; 3.510      ; 8.997      ;
; 4.940  ; t11_i[2]                   ; du1[4]~17_OTERM9           ; clk          ; clk         ; 10.000       ; 3.510      ; 8.510      ;
; 5.631  ; t10_i[0]                   ; du0[0]~1_OTERM35           ; clk          ; clk         ; 10.000       ; 3.523      ; 7.832      ;
; 8.651  ; b0_fv_q[1]                 ; b1_fv_q[1]                 ; clk          ; clk         ; 10.000       ; 0.169      ; 1.458      ;
; 8.661  ; b0_fv_q[0]                 ; b1_fv_q[0]                 ; clk          ; clk         ; 10.000       ; 0.174      ; 1.453      ;
; 8.837  ; b0_fv_q[4]                 ; b1_fv_q[4]                 ; clk          ; clk         ; 10.000       ; 0.169      ; 1.272      ;
; 8.859  ; b0_fv_q[2]                 ; b1_fv_q[2]                 ; clk          ; clk         ; 10.000       ; 0.169      ; 1.250      ;
; 8.892  ; b0_fv_q[3]                 ; b1_fv_q[3]                 ; clk          ; clk         ; 10.000       ; 0.174      ; 1.222      ;
; 8.895  ; b0_fv_q[5]                 ; b1_fv_q[5]                 ; clk          ; clk         ; 10.000       ; 0.174      ; 1.219      ;
; 8.926  ; b0_fv_q[7]                 ; b1_fv_q[7]                 ; clk          ; clk         ; 10.000       ; 0.174      ; 1.188      ;
; 8.934  ; b0_fv_q[6]                 ; b1_fv_q[6]                 ; clk          ; clk         ; 10.000       ; 0.169      ; 1.175      ;
+--------+----------------------------+----------------------------+--------------+-------------+--------------+------------+------------+
