+---------------------------------------------------------------------------------------------------------------------------------------------------------------------------------------+
; Report Timing                                                                                                                                                                         ;
+--------+-----------------------------------------------+--------------------------------------------------------+--------------+-------------+--------------+------------+------------+
; Slack  ; From Node                                     ; To Node                                                ; Launch Clock ; Latch Clock ; Relationship ; Clock Skew ; Data Delay ;
+--------+-----------------------------------------------+--------------------------------------------------------+--------------+-------------+--------------+------------+------------+
; -2.623 ; req_u_i[13]                                   ; zhao_texture_mod255:u_mod255|Add1~9_OTERM191           ; clk          ; clk         ; 10.000       ; 3.353      ; 15.916     ;
; -2.566 ; req_u_i[13]                                   ; zhao_texture_mod255:u_mod255|Add1~37_OTERM177          ; clk          ; clk         ; 10.000       ; 3.349      ; 15.855     ;
; -2.516 ; req_u_i[13]                                   ; zhao_texture_mod255:u_mod255|Add1~13_OTERM189          ; clk          ; clk         ; 10.000       ; 3.348      ; 15.804     ;
; -2.480 ; req_u_i[13]                                   ; zhao_texture_mod255:u_mod255|Add1~29_OTERM181          ; clk          ; clk         ; 10.000       ; 3.353      ; 15.773     ;
; -2.469 ; req_u_i[13]                                   ; zhao_texture_mod255:u_mod255|Add1~21_OTERM185          ; clk          ; clk         ; 10.000       ; 3.348      ; 15.757     ;
; -2.420 ; req_u_i[13]                                   ; zhao_texture_mod255:u_mod255|Add1~25_OTERM183          ; clk          ; clk         ; 10.000       ; 3.353      ; 15.713     ;
; -2.408 ; req_u_i[13]                                   ; zhao_texture_mod255:u_mod255|Add1~33_OTERM179          ; clk          ; clk         ; 10.000       ; 3.355      ; 15.703     ;
; -2.337 ; req_u_i[13]                                   ; zhao_texture_mod255:u_mod255|Add1~17_OTERM187          ; clk          ; clk         ; 10.000       ; 3.348      ; 15.625     ;
; -2.298 ; req_u_i[13]                                   ; zhao_texture_mod255:u_mod255|Add1~1_OTERM195           ; clk          ; clk         ; 10.000       ; 3.348      ; 15.586     ;
; -2.156 ; req_u_i[13]                                   ; zhao_texture_mod255:u_mod255|Add1~5_OTERM193           ; clk          ; clk         ; 10.000       ; 3.353      ; 15.449     ;
; -1.137 ; b_tile_r[7]_OTERM21_OTERM71_OTERM97           ; pick_tile_o[7]                                         ; clk          ; clk         ; 10.000       ; -6.044     ; 5.033      ;
; -1.070 ; b_tile_r[7]_OTERM21_OTERM71_OTERM97           ; pick_tile_o[1]                                         ; clk          ; clk         ; 10.000       ; -6.044     ; 4.966      ;
; -1.063 ; b_tile_r[7]_OTERM21_OTERM71_OTERM97           ; pick_tile_o[5]                                         ; clk          ; clk         ; 10.000       ; -6.044     ; 4.959      ;
; -1.060 ; b_tile_r[7]_OTERM21_OTERM71_OTERM97           ; pick_tile_o[0]                                         ; clk          ; clk         ; 10.000       ; -6.044     ; 4.956      ;
; -1.026 ; b_tile_r[7]_OTERM21_OTERM71_OTERM97           ; pick_tile_o[4]                                         ; clk          ; clk         ; 10.000       ; -6.044     ; 4.922      ;
; -0.909 ; b_tile_r[7]_OTERM21_OTERM71_OTERM97           ; pick_tile_o[2]                                         ; clk          ; clk         ; 10.000       ; -6.044     ; 4.805      ;
; -0.659 ; b_tile_r[7]_OTERM21_OTERM71_OTERM97           ; pick_tile_o[6]                                         ; clk          ; clk         ; 10.000       ; -6.044     ; 4.555      ;
; -0.653 ; b_tile_r[7]_OTERM21_OTERM71_OTERM97           ; pick_tile_o[3]                                         ; clk          ; clk         ; 10.000       ; -6.044     ; 4.549      ;
; 0.281  ; pick_ready_i                                  ; texture_samples_o[1]~reg0DUPLICATE                     ; clk          ; clk         ; 10.000       ; 3.381      ; 13.040     ;
; 0.281  ; pick_ready_i                                  ; texture_samples_o[3]~reg0                              ; clk          ; clk         ; 10.000       ; 3.381      ; 13.040     ;
; 0.281  ; pick_ready_i                                  ; texture_samples_o[5]~reg0                              ; clk          ; clk         ; 10.000       ; 3.381      ; 13.040     ;
; 0.281  ; pick_ready_i                                  ; texture_samples_o[7]~reg0                              ; clk          ; clk         ; 10.000       ; 3.381      ; 13.040     ;
; 0.281  ; pick_ready_i                                  ; texture_samples_o[19]~reg0                             ; clk          ; clk         ; 10.000       ; 3.381      ; 13.040     ;
; 0.281  ; pick_ready_i                                  ; texture_samples_o[15]~reg0                             ; clk          ; clk         ; 10.000       ; 3.381      ; 13.040     ;
; 0.281  ; pick_ready_i                                  ; texture_samples_o[13]~reg0                             ; clk          ; clk         ; 10.000       ; 3.381      ; 13.040     ;
; 0.281  ; pick_ready_i                                  ; texture_samples_o[11]~reg0                             ; clk          ; clk         ; 10.000       ; 3.381      ; 13.040     ;
; 0.281  ; pick_ready_i                                  ; texture_samples_o[9]~reg0                              ; clk          ; clk         ; 10.000       ; 3.381      ; 13.040     ;
; 0.281  ; pick_ready_i                                  ; texture_samples_o[17]~reg0DUPLICATE                    ; clk          ; clk         ; 10.000       ; 3.381      ; 13.040     ;
; 0.282  ; pick_ready_i                                  ; texture_samples_o[2]~reg0                              ; clk          ; clk         ; 10.000       ; 3.383      ; 13.041     ;
; 0.282  ; pick_ready_i                                  ; texture_samples_o[4]~reg0                              ; clk          ; clk         ; 10.000       ; 3.383      ; 13.041     ;
; 0.282  ; pick_ready_i                                  ; texture_samples_o[6]~reg0                              ; clk          ; clk         ; 10.000       ; 3.383      ; 13.041     ;
; 0.282  ; pick_ready_i                                  ; texture_samples_o[20]~reg0                             ; clk          ; clk         ; 10.000       ; 3.383      ; 13.041     ;
; 0.282  ; pick_ready_i                                  ; texture_samples_o[17]~reg0                             ; clk          ; clk         ; 10.000       ; 3.377      ; 13.035     ;
; 0.282  ; pick_ready_i                                  ; texture_samples_o[16]~reg0                             ; clk          ; clk         ; 10.000       ; 3.383      ; 13.041     ;
; 0.282  ; pick_ready_i                                  ; texture_samples_o[12]~reg0                             ; clk          ; clk         ; 10.000       ; 3.383      ; 13.041     ;
; 0.282  ; pick_ready_i                                  ; texture_samples_o[1]~reg0                              ; clk          ; clk         ; 10.000       ; 3.377      ; 13.035     ;
; 0.283  ; pick_ready_i                                  ; texture_samples_o[4]~reg0DUPLICATE                     ; clk          ; clk         ; 10.000       ; 3.376      ; 13.033     ;
; 0.283  ; pick_ready_i                                  ; texture_samples_o[2]~reg0DUPLICATE                     ; clk          ; clk         ; 10.000       ; 3.376      ; 13.033     ;
; 0.283  ; pick_ready_i                                  ; texture_samples_o[6]~reg0DUPLICATE                     ; clk          ; clk         ; 10.000       ; 3.376      ; 13.033     ;
; 0.283  ; pick_ready_i                                  ; texture_samples_o[8]~reg0                              ; clk          ; clk         ; 10.000       ; 3.376      ; 13.033     ;
; 0.283  ; pick_ready_i                                  ; texture_samples_o[18]~reg0                             ; clk          ; clk         ; 10.000       ; 3.376      ; 13.033     ;
; 0.283  ; pick_ready_i                                  ; texture_samples_o[14]~reg0                             ; clk          ; clk         ; 10.000       ; 3.376      ; 13.033     ;
; 0.283  ; pick_ready_i                                  ; texture_samples_o[10]~reg0                             ; clk          ; clk         ; 10.000       ; 3.376      ; 13.033     ;
; 0.283  ; pick_ready_i                                  ; texture_samples_o[16]~reg0DUPLICATE                    ; clk          ; clk         ; 10.000       ; 3.376      ; 13.033     ;
; 0.283  ; pick_ready_i                                  ; texture_samples_o[12]~reg0DUPLICATE                    ; clk          ; clk         ; 10.000       ; 3.376      ; 13.033     ;
; 0.413  ; pick_ready_i                                  ; texture_samples_o[27]~reg0                             ; clk          ; clk         ; 10.000       ; 3.378      ; 12.905     ;
; 0.413  ; pick_ready_i                                  ; texture_samples_o[22]~reg0                             ; clk          ; clk         ; 10.000       ; 3.379      ; 12.906     ;
; 0.413  ; pick_ready_i                                  ; texture_samples_o[21]~reg0                             ; clk          ; clk         ; 10.000       ; 3.378      ; 12.905     ;
; 0.413  ; pick_ready_i                                  ; texture_samples_o[28]~reg0                             ; clk          ; clk         ; 10.000       ; 3.379      ; 12.906     ;
; 0.413  ; pick_ready_i                                  ; texture_samples_o[29]~reg0                             ; clk          ; clk         ; 10.000       ; 3.378      ; 12.905     ;
; 0.413  ; pick_ready_i                                  ; texture_samples_o[31]~reg0                             ; clk          ; clk         ; 10.000       ; 3.378      ; 12.905     ;
; 0.413  ; pick_ready_i                                  ; texture_samples_o[23]~reg0DUPLICATE                    ; clk          ; clk         ; 10.000       ; 3.378      ; 12.905     ;
; 0.413  ; pick_ready_i                                  ; texture_samples_o[25]~reg0DUPLICATE                    ; clk          ; clk         ; 10.000       ; 3.378      ; 12.905     ;
; 0.414  ; pick_ready_i                                  ; texture_samples_o[26]~reg0                             ; clk          ; clk         ; 10.000       ; 3.374      ; 12.900     ;
; 0.414  ; pick_ready_i                                  ; texture_samples_o[25]~reg0                             ; clk          ; clk         ; 10.000       ; 3.375      ; 12.901     ;
; 0.414  ; pick_ready_i                                  ; texture_samples_o[24]~reg0                             ; clk          ; clk         ; 10.000       ; 3.374      ; 12.900     ;
; 0.414  ; pick_ready_i                                  ; texture_samples_o[23]~reg0                             ; clk          ; clk         ; 10.000       ; 3.375      ; 12.901     ;
; 0.414  ; pick_ready_i                                  ; texture_samples_o[30]~reg0                             ; clk          ; clk         ; 10.000       ; 3.374      ; 12.900     ;
; 0.414  ; pick_ready_i                                  ; texture_samples_o[22]~reg0DUPLICATE                    ; clk          ; clk         ; 10.000       ; 3.374      ; 12.900     ;
; 0.414  ; pick_ready_i                                  ; texture_samples_o[28]~reg0DUPLICATE                    ; clk          ; clk         ; 10.000       ; 3.374      ; 12.900     ;
; 0.637  ; req_u_i[17]                                   ; a_h_r[7]                                               ; clk          ; clk         ; 10.000       ; 3.358      ; 12.661     ;
; 1.195  ; zhao_texture_mod255:u_mod255|Add1~37_OTERM177 ; b_tile_r[7]_OTERM21_OTERM77_OTERM121                   ; clk          ; clk         ; 10.000       ; -0.109     ; 8.636      ;
; 1.280  ; zhao_texture_mod255:u_mod255|Add1~37_OTERM177 ; b_tile_r[7]_OTERM21_OTERM75_OTERM85_OTERM141           ; clk          ; clk         ; 10.000       ; -0.107     ; 8.553      ;
; 1.355  ; req_v_i[14]                                   ; a_h_r[5]                                               ; clk          ; clk         ; 10.000       ; 3.356      ; 11.941     ;
; 1.383  ; zhao_texture_mod255:u_mod255|Add1~37_OTERM177 ; b_tile_r[7]_OTERM21_OTERM75_OTERM83_OTERM149           ; clk          ; clk         ; 10.000       ; -0.103     ; 8.454      ;
; 1.408  ; zhao_texture_mod255:u_mod255|Add1~37_OTERM177 ; b_tile_r[7]_OTERM21_OTERM75_OTERM89_OTERM153           ; clk          ; clk         ; 10.000       ; -0.104     ; 8.428      ;
; 1.501  ; zhao_texture_mod255:u_mod255|Add1~37_OTERM177 ; b_tile_r[7]_OTERM21_OTERM69_OTERM133                   ; clk          ; clk         ; 10.000       ; -0.109     ; 8.330      ;
; 1.656  ; req_u_i[13]                                   ; a_h_r[6]                                               ; clk          ; clk         ; 10.000       ; 3.358      ; 11.642     ;
; 1.813  ; zhao_texture_mod255:u_mod255|Add1~37_OTERM177 ; b_tile_r[7]_OTERM21_OTERM71_OTERM99                    ; clk          ; clk         ; 10.000       ; -0.107     ; 8.020      ;
; 1.970  ; zhao_texture_mod255:u_mod255|Add1~37_OTERM177 ; b_tile_r[7]_OTERM21_OTERM71_OTERM105_OTERM157          ; clk          ; clk         ; 10.000       ; -0.109     ; 7.861      ;
; 2.000  ; b_valid_r                                     ; req_ready_o                                            ; clk          ; clk         ; 10.000       ; -6.102     ; 1.838      ;
; 2.054  ; req_src_id_i[10]                              ; a_src_r[10]                                            ; clk          ; clk         ; 10.000       ; 3.358      ; 11.244     ;
; 2.174  ; req_mat_a_i[3]                                ; a_mat_a_r[3]                                           ; clk          ; clk         ; 10.000       ; 3.357      ; 11.123     ;
; 2.196  ; req_weight_i[7]                               ; a_weight_r[7]                                          ; clk          ; clk         ; 10.000       ; 3.359      ; 11.103     ;
; 2.205  ; req_u_i[13]                                   ; a_h_r[3]                                               ; clk          ; clk         ; 10.000       ; 3.352      ; 11.087     ;
; 2.371  ; req_u_i[13]                                   ; a_h_r[4]                                               ; clk          ; clk         ; 10.000       ; 3.352      ; 10.921     ;
; 2.379  ; b_src_r[0]                                    ; pick_src_id_o[0]                                       ; clk          ; clk         ; 10.000       ; -6.094     ; 1.467      ;
; 2.468  ; b_valid_r                                     ; idle_o                                                 ; clk          ; clk         ; 10.000       ; -6.102     ; 1.370      ;
; 2.476  ; req_v_i[12]                                   ; a_h_r[2]                                               ; clk          ; clk         ; 10.000       ; 3.358      ; 10.822     ;
; 2.488  ; req_mat_a_i[6]                                ; a_mat_a_r[6]                                           ; clk          ; clk         ; 10.000       ; 3.365      ; 10.817     ;
; 2.530  ; req_valid_i                                   ; a_valid_r                                              ; clk          ; clk         ; 10.000       ; 3.387      ; 10.797     ;
; 2.570  ; req_src_id_i[13]                              ; a_src_r[13]                                            ; clk          ; clk         ; 10.000       ; 3.357      ; 10.727     ;
; 2.576  ; req_u_i[12]                                   ; a_tx_r[2]                                              ; clk          ; clk         ; 10.000       ; 3.351      ; 10.715     ;
; 2.580  ; req_u_i[14]                                   ; a_tx_r[4]                                              ; clk          ; clk         ; 10.000       ; 3.355      ; 10.715     ;
; 2.594  ; req_mat_b_i[4]                                ; a_mat_b_r[4]                                           ; clk          ; clk         ; 10.000       ; 3.362      ; 10.708     ;
; 2.599  ; req_mat_b_i[7]                                ; a_mat_b_r[7]                                           ; clk          ; clk         ; 10.000       ; 3.356      ; 10.697     ;
; 2.608  ; req_src_id_i[3]                               ; a_src_r[3]                                             ; clk          ; clk         ; 10.000       ; 3.337      ; 10.669     ;
; 2.613  ; texture_samples_o[19]~reg0                    ; texture_samples_o[19]                                  ; clk          ; clk         ; 10.000       ; -6.090     ; 1.237      ;
; 2.704  ; texture_samples_o[10]~reg0                    ; texture_samples_o[10]                                  ; clk          ; clk         ; 10.000       ; -6.083     ; 1.153      ;
; 2.711  ; texture_samples_o[18]~reg0                    ; texture_samples_o[18]                                  ; clk          ; clk         ; 10.000       ; -6.083     ; 1.146      ;
; 2.725  ; zhao_texture_mod255:u_mod255|Add1~37_OTERM177 ; b_tile_r[7]_OTERM21_OTERM71_OTERM101_OTERM165          ; clk          ; clk         ; 10.000       ; -0.101     ; 7.114      ;
; 2.739  ; req_u_i[13]                                   ; a_tx_r[3]                                              ; clk          ; clk         ; 10.000       ; 3.357      ; 10.558     ;
; 2.767  ; b_ty_r[3]                                     ; pick_ty_o[3]                                           ; clk          ; clk         ; 10.000       ; -6.101     ; 1.072      ;
; 2.779  ; zhao_texture_mod255:u_mod255|Add1~37_OTERM177 ; b_tile_r[7]_OTERM21_OTERM69_OTERM135~DUPLICATE         ; clk          ; clk         ; 10.000       ; -0.108     ; 7.053      ;
; 2.780  ; req_src_id_i[12]                              ; a_src_r[12]                                            ; clk          ; clk         ; 10.000       ; 3.357      ; 10.517     ;
; 2.785  ; zhao_texture_mod255:u_mod255|Add1~37_OTERM177 ; b_tile_r[7]_OTERM21_OTERM69_OTERM135                   ; clk          ; clk         ; 10.000       ; -0.104     ; 7.051      ;
; 2.798  ; req_mat_b_i[0]                                ; a_mat_b_r[0]                                           ; clk          ; clk         ; 10.000       ; 3.364      ; 10.506     ;
; 2.799  ; req_src_id_i[14]                              ; a_src_r[14]                                            ; clk          ; clk         ; 10.000       ; 3.363      ; 10.504     ;
; 2.799  ; b_src_r[12]                                   ; pick_src_id_o[12]                                      ; clk          ; clk         ; 10.000       ; -6.056     ; 1.085      ;
; 2.806  ; req_weight_i[3]                               ; a_weight_r[3]                                          ; clk          ; clk         ; 10.000       ; 3.362      ; 10.496     ;
; 2.820  ; req_src_id_i[6]                               ; a_src_r[6]                                             ; clk          ; clk         ; 10.000       ; 3.356      ; 10.476     ;
; 2.826  ; req_src_id_i[2]                               ; a_src_r[2]                                             ; clk          ; clk         ; 10.000       ; 3.337      ; 10.451     ;
; 2.835  ; req_weight_i[2]                               ; a_weight_r[2]                                          ; clk          ; clk         ; 10.000       ; 3.393      ; 10.498     ;
; 2.853  ; pick_ready_i                                  ; b_ty_r[4]                                              ; clk          ; clk         ; 10.000       ; 3.398      ; 10.485     ;
; 2.853  ; pick_ready_i                                  ; a_ty_r[4]                                              ; clk          ; clk         ; 10.000       ; 3.398      ; 10.485     ;
; 2.854  ; pick_ready_i                                  ; a_ty_r[3]                                              ; clk          ; clk         ; 10.000       ; 3.394      ; 10.480     ;
; 2.854  ; pick_ready_i                                  ; b_ty_r[5]                                              ; clk          ; clk         ; 10.000       ; 3.400      ; 10.486     ;
; 2.854  ; pick_ready_i                                  ; a_ty_r[5]                                              ; clk          ; clk         ; 10.000       ; 3.400      ; 10.486     ;
; 2.855  ; pick_ready_i                                  ; b_ty_r[3]                                              ; clk          ; clk         ; 10.000       ; 3.393      ; 10.478     ;
; 2.875  ; texture_samples_o[14]~reg0                    ; texture_samples_o[14]                                  ; clk          ; clk         ; 10.000       ; -6.083     ; 0.982      ;
; 2.880  ; req_weight_i[6]                               ; a_weight_r[6]                                          ; clk          ; clk         ; 10.000       ; 3.363      ; 10.423     ;
; 2.882  ; req_u_i[15]                                   ; a_tx_r[5]                                              ; clk          ; clk         ; 10.000       ; 3.354      ; 10.412     ;
; 2.889  ; b_src_r[7]                                    ; pick_src_id_o[7]                                       ; clk          ; clk         ; 10.000       ; -6.054     ; 0.997      ;
; 2.898  ; req_src_id_i[9]                               ; a_src_r[9]                                             ; clk          ; clk         ; 10.000       ; 3.355      ; 10.397     ;
; 2.900  ; texture_samples_o[11]~reg0                    ; texture_samples_o[11]                                  ; clk          ; clk         ; 10.000       ; -6.090     ; 0.950      ;
; 2.910  ; req_src_id_i[8]                               ; a_src_r[8]                                             ; clk          ; clk         ; 10.000       ; 3.346      ; 10.376     ;
; 2.923  ; req_src_id_i[0]                               ; a_src_r[0]                                             ; clk          ; clk         ; 10.000       ; 3.380      ; 10.397     ;
; 2.939  ; texture_samples_o[3]~reg0                     ; texture_samples_o[3]                                   ; clk          ; clk         ; 10.000       ; -6.090     ; 0.911      ;
; 2.949  ; req_mat_a_i[2]                                ; a_mat_a_r[2]                                           ; clk          ; clk         ; 10.000       ; 3.358      ; 10.349     ;
; 2.953  ; pick_ready_i                                  ; a_h_r[1]                                               ; clk          ; clk         ; 10.000       ; 3.352      ; 10.339     ;
; 2.953  ; pick_ready_i                                  ; a_h_r[0]                                               ; clk          ; clk         ; 10.000       ; 3.358      ; 10.345     ;
; 2.953  ; pick_ready_i                                  ; b_tx_r[1]                                              ; clk          ; clk         ; 10.000       ; 3.352      ; 10.339     ;
; 2.953  ; pick_ready_i                                  ; a_tx_r[1]                                              ; clk          ; clk         ; 10.000       ; 3.358      ; 10.345     ;
; 2.953  ; pick_ready_i                                  ; b_src_r[10]                                            ; clk          ; clk         ; 10.000       ; 3.352      ; 10.339     ;
; 2.956  ; pick_ready_i                                  ; texture_samples_o[0]~reg0                              ; clk          ; clk         ; 10.000       ; 3.404      ; 10.388     ;
; 2.960  ; req_v_i[10]                                   ; a_ty_r[0]                                              ; clk          ; clk         ; 10.000       ; 3.355      ; 10.335     ;
; 2.962  ; pick_ready_i                                  ; a_mat_a_r[0]                                           ; clk          ; clk         ; 10.000       ; 3.363      ; 10.341     ;
; 2.962  ; pick_ready_i                                  ; a_mat_b_r[5]                                           ; clk          ; clk         ; 10.000       ; 3.357      ; 10.335     ;
; 2.963  ; pick_ready_i                                  ; a_mat_b_r[3]                                           ; clk          ; clk         ; 10.000       ; 3.359      ; 10.336     ;
; 2.963  ; pick_ready_i                                  ; a_mat_a_r[5]                                           ; clk          ; clk         ; 10.000       ; 3.359      ; 10.336     ;
; 2.965  ; req_mat_a_i[7]                                ; a_mat_a_r[7]                                           ; clk          ; clk         ; 10.000       ; 3.362      ; 10.337     ;
; 2.974  ; b_tx_r[1]                                     ; pick_tx_o[1]                                           ; clk          ; clk         ; 10.000       ; -6.045     ; 0.921      ;
; 2.986  ; texture_samples_o[12]~reg0DUPLICATE           ; texture_samples_o[12]                                  ; clk          ; clk         ; 10.000       ; -6.083     ; 0.871      ;
; 2.994  ; texture_samples_o[6]~reg0DUPLICATE            ; texture_samples_o[6]                                   ; clk          ; clk         ; 10.000       ; -6.083     ; 0.863      ;
; 2.995  ; texture_samples_o[17]~reg0DUPLICATE           ; texture_samples_o[17]                                  ; clk          ; clk         ; 10.000       ; -6.090     ; 0.855      ;
; 2.997  ; req_u_i[10]                                   ; a_tx_r[0]                                              ; clk          ; clk         ; 10.000       ; 3.351      ; 10.294     ;
; 2.997  ; texture_samples_o[2]~reg0DUPLICATE            ; texture_samples_o[2]                                   ; clk          ; clk         ; 10.000       ; -6.083     ; 0.860      ;
; 3.001  ; pick_ready_i                                  ; a_ty_r[2]                                              ; clk          ; clk         ; 10.000       ; 3.350      ; 10.289     ;
; 3.002  ; pick_ready_i                                  ; a_ty_r[1]                                              ; clk          ; clk         ; 10.000       ; 3.346      ; 10.284     ;
; 3.003  ; pick_ready_i                                  ; b_ty_r[1]                                              ; clk          ; clk         ; 10.000       ; 3.345      ; 10.282     ;
; 3.003  ; pick_ready_i                                  ; b_src_r[8]                                             ; clk          ; clk         ; 10.000       ; 3.345      ; 10.282     ;
; 3.015  ; req_weight_i[4]                               ; a_weight_r[4]                                          ; clk          ; clk         ; 10.000       ; 3.358      ; 10.283     ;
; 3.021  ; zhao_texture_mod255:u_mod255|Add1~37_OTERM177 ; b_tile_r[7]_OTERM21_OTERM75_OTERM89_OTERM151~DUPLICATE ; clk          ; clk         ; 10.000       ; -0.109     ; 6.810      ;
; 3.023  ; req_mosaic_i                                  ; a_mosaic_r                                             ; clk          ; clk         ; 10.000       ; 3.364      ; 10.281     ;
; 3.024  ; texture_samples_o[15]~reg0                    ; texture_samples_o[15]                                  ; clk          ; clk         ; 10.000       ; -6.090     ; 0.826      ;
; 3.026  ; zhao_texture_mod255:u_mod255|Add1~37_OTERM177 ; b_tile_r[7]_OTERM21_OTERM75_OTERM89_OTERM151           ; clk          ; clk         ; 10.000       ; -0.102     ; 6.812      ;
; 3.028  ; req_mat_b_i[1]                                ; a_mat_b_r[1]                                           ; clk          ; clk         ; 10.000       ; 3.365      ; 10.277     ;
; 3.032  ; pick_ready_i                                  ; b_tx_r[5]                                              ; clk          ; clk         ; 10.000       ; 3.352      ; 10.260     ;
; 3.033  ; texture_samples_o[9]~reg0                     ; texture_samples_o[9]                                   ; clk          ; clk         ; 10.000       ; -6.090     ; 0.817      ;
; 3.034  ; req_weight_i[5]                               ; a_weight_r[5]                                          ; clk          ; clk         ; 10.000       ; 3.364      ; 10.270     ;
; 3.046  ; b_tx_r[5]                                     ; pick_tx_o[5]                                           ; clk          ; clk         ; 10.000       ; -6.045     ; 0.849      ;
; 3.048  ; texture_samples_o[0]~reg0                     ; texture_samples_o[0]                                   ; clk          ; clk         ; 10.000       ; -6.095     ; 0.797      ;
; 3.061  ; b_ty_r[1]                                     ; pick_ty_o[1]                                           ; clk          ; clk         ; 10.000       ; -6.036     ; 0.843      ;
; 3.061  ; texture_samples_o[1]~reg0DUPLICATE            ; texture_samples_o[1]                                   ; clk          ; clk         ; 10.000       ; -6.090     ; 0.789      ;
; 3.067  ; b_ty_r[4]                                     ; pick_ty_o[4]                                           ; clk          ; clk         ; 10.000       ; -6.108     ; 0.765      ;
; 3.070  ; pick_ready_i                                  ; b_src_r[5]                                             ; clk          ; clk         ; 10.000       ; 3.355      ; 10.225     ;
; 3.070  ; pick_ready_i                                  ; a_src_r[5]                                             ; clk          ; clk         ; 10.000       ; 3.362      ; 10.232     ;
; 3.070  ; pick_ready_i                                  ; b_src_r[7]                                             ; clk          ; clk         ; 10.000       ; 3.361      ; 10.231     ;
; 3.070  ; pick_ready_i                                  ; a_src_r[7]                                             ; clk          ; clk         ; 10.000       ; 3.362      ; 10.232     ;
; 3.070  ; pick_ready_i                                  ; b_src_r[11]                                            ; clk          ; clk         ; 10.000       ; 3.362      ; 10.232     ;
; 3.070  ; pick_ready_i                                  ; b_src_r[12]                                            ; clk          ; clk         ; 10.000       ; 3.362      ; 10.232     ;
; 3.070  ; pick_ready_i                                  ; a_mat_a_r[1]                                           ; clk          ; clk         ; 10.000       ; 3.361      ; 10.231     ;
; 3.071  ; pick_ready_i                                  ; a_src_r[11]                                            ; clk          ; clk         ; 10.000       ; 3.357      ; 10.226     ;
; 3.076  ; texture_samples_o[4]~reg0DUPLICATE            ; texture_samples_o[4]                                   ; clk          ; clk         ; 10.000       ; -6.083     ; 0.781      ;
; 3.084  ; texture_samples_o[20]~reg0                    ; texture_samples_o[20]                                  ; clk          ; clk         ; 10.000       ; -6.091     ; 0.765      ;
; 3.088  ; b_src_r[8]                                    ; pick_src_id_o[8]                                       ; clk          ; clk         ; 10.000       ; -6.036     ; 0.816      ;
; 3.091  ; req_mat_a_i[4]                                ; a_mat_a_r[4]                                           ; clk          ; clk         ; 10.000       ; 3.358      ; 10.207     ;
; 3.095  ; req_weight_i[0]                               ; a_weight_r[0]                                          ; clk          ; clk         ; 10.000       ; 3.368      ; 10.213     ;
; 3.096  ; b_src_r[13]                                   ; pick_src_id_o[13]                                      ; clk          ; clk         ; 10.000       ; -6.048     ; 0.796      ;
; 3.101  ; texture_samples_o[8]~reg0                     ; texture_samples_o[8]                                   ; clk          ; clk         ; 10.000       ; -6.083     ; 0.756      ;
; 3.103  ; pick_ready_i                                  ; b_src_r[2]                                             ; clk          ; clk         ; 10.000       ; 3.335      ; 10.172     ;
; 3.103  ; pick_ready_i                                  ; b_src_r[3]                                             ; clk          ; clk         ; 10.000       ; 3.335      ; 10.172     ;
; 3.103  ; pick_ready_i                                  ; b_src_r[4]                                             ; clk          ; clk         ; 10.000       ; 3.335      ; 10.172     ;
; 3.104  ; pick_ready_i                                  ; b_ty_r[2]                                              ; clk          ; clk         ; 10.000       ; 3.331      ; 10.167     ;
; 3.104  ; pick_ready_i                                  ; a_src_r[1]                                             ; clk          ; clk         ; 10.000       ; 3.331      ; 10.167     ;
; 3.104  ; pick_ready_i                                  ; a_src_r[4]                                             ; clk          ; clk         ; 10.000       ; 3.337      ; 10.173     ;
; 3.105  ; pick_ready_i                                  ; b_src_r[1]                                             ; clk          ; clk         ; 10.000       ; 3.330      ; 10.165     ;
; 3.113  ; b_src_r[6]                                    ; pick_src_id_o[6]                                       ; clk          ; clk         ; 10.000       ; -6.058     ; 0.769      ;
; 3.124  ; b_valid_r~DUPLICATE                           ; pick_valid_o                                           ; clk          ; clk         ; 10.000       ; -6.094     ; 0.722      ;
; 3.124  ; pick_ready_i                                  ; b_tile_r[7]_OTERM19                                    ; clk          ; clk         ; 10.000       ; 3.372      ; 10.188     ;
; 3.129  ; pick_ready_i                                  ; a_mat_b_r[2]                                           ; clk          ; clk         ; 10.000       ; 3.357      ; 10.168     ;
; 3.132  ; pick_ready_i                                  ; b_src_r[13]                                            ; clk          ; clk         ; 10.000       ; 3.355      ; 10.163     ;
; 3.135  ; b_src_r[9]                                    ; pick_src_id_o[9]                                       ; clk          ; clk         ; 10.000       ; -6.039     ; 0.766      ;
; 3.145  ; req_weight_i[1]                               ; a_weight_r[1]                                          ; clk          ; clk         ; 10.000       ; 3.363      ; 10.158     ;
; 3.148  ; texture_samples_o[7]~reg0                     ; texture_samples_o[7]                                   ; clk          ; clk         ; 10.000       ; -6.090     ; 0.702      ;
; 3.157  ; texture_samples_o[21]~reg0                    ; texture_samples_o[21]                                  ; clk          ; clk         ; 10.000       ; -6.086     ; 0.697      ;
; 3.162  ; texture_samples_o[13]~reg0                    ; texture_samples_o[13]                                  ; clk          ; clk         ; 10.000       ; -6.090     ; 0.688      ;
; 3.176  ; b_src_r[4]                                    ; pick_src_id_o[4]                                       ; clk          ; clk         ; 10.000       ; -6.027     ; 0.737      ;
; 3.176  ; b_src_r[15]                                   ; pick_src_id_o[15]                                      ; clk          ; clk         ; 10.000       ; -6.060     ; 0.704      ;
; 3.180  ; req_src_id_i[15]                              ; a_src_r[15]                                            ; clk          ; clk         ; 10.000       ; 3.360      ; 10.120     ;
; 3.180  ; b_ty_r[5]                                     ; pick_ty_o[5]                                           ; clk          ; clk         ; 10.000       ; -6.109     ; 0.651      ;
; 3.195  ; b_src_r[3]                                    ; pick_src_id_o[3]                                       ; clk          ; clk         ; 10.000       ; -6.027     ; 0.718      ;
; 3.202  ; b_ty_r[2]                                     ; pick_ty_o[2]                                           ; clk          ; clk         ; 10.000       ; -6.022     ; 0.716      ;
; 3.206  ; b_src_r[2]                                    ; pick_src_id_o[2]                                       ; clk          ; clk         ; 10.000       ; -6.027     ; 0.707      ;
; 3.206  ; texture_samples_o[5]~reg0                     ; texture_samples_o[5]                                   ; clk          ; clk         ; 10.000       ; -6.090     ; 0.644      ;
; 3.214  ; b_src_r[1]                                    ; pick_src_id_o[1]                                       ; clk          ; clk         ; 10.000       ; -6.020     ; 0.706      ;
; 3.229  ; texture_samples_o[24]~reg0                    ; texture_samples_o[24]                                  ; clk          ; clk         ; 10.000       ; -6.081     ; 0.630      ;
; 3.237  ; texture_samples_o[16]~reg0DUPLICATE           ; texture_samples_o[16]                                  ; clk          ; clk         ; 10.000       ; -6.083     ; 0.620      ;
; 3.243  ; b_src_r[14]                                   ; pick_src_id_o[14]                                      ; clk          ; clk         ; 10.000       ; -6.054     ; 0.643      ;
; 3.245  ; pick_ready_i                                  ; b_valid_r                                              ; clk          ; clk         ; 10.000       ; 3.392      ; 10.087     ;
; 3.245  ; pick_ready_i                                  ; b_valid_r~DUPLICATE                                    ; clk          ; clk         ; 10.000       ; 3.385      ; 10.080     ;
; 3.287  ; pick_ready_i                                  ; b_src_r[9]                                             ; clk          ; clk         ; 10.000       ; 3.348      ; 10.001     ;
; 3.319  ; pick_ready_i                                  ; b_src_r[6]                                             ; clk          ; clk         ; 10.000       ; 3.364      ; 9.985      ;
; 3.319  ; pick_ready_i                                  ; b_src_r[15]                                            ; clk          ; clk         ; 10.000       ; 3.365      ; 9.986      ;
; 3.320  ; pick_ready_i                                  ; a_mat_b_r[6]                                           ; clk          ; clk         ; 10.000       ; 3.360      ; 9.980      ;
; 3.342  ; pick_ready_i                                  ; b_src_r[0]                                             ; clk          ; clk         ; 10.000       ; 3.385      ; 9.983      ;
; 3.369  ; pick_ready_i                                  ; b_src_r[14]                                            ; clk          ; clk         ; 10.000       ; 3.361      ; 9.932      ;
; 3.369  ; zhao_texture_mod255:u_mod255|Add1~37_OTERM177 ; b_tile_r[7]_OTERM21_OTERM69_OTERM131                   ; clk          ; clk         ; 10.000       ; -0.108     ; 6.463      ;
; 3.406  ; zhao_texture_mod255:u_mod255|Add1~37_OTERM177 ; b_tile_r[7]_OTERM21_OTERM75_OTERM85_OTERM139           ; clk          ; clk         ; 10.000       ; -0.108     ; 6.426      ;
; 3.414  ; texture_samples_o[26]~reg0                    ; texture_samples_o[26]                                  ; clk          ; clk         ; 10.000       ; -6.081     ; 0.445      ;
; 3.419  ; texture_samples_o[31]~reg0                    ; texture_samples_o[31]                                  ; clk          ; clk         ; 10.000       ; -6.086     ; 0.435      ;
; 3.423  ; pick_ready_i                                  ; b_tx_r[3]                                              ; clk          ; clk         ; 10.000       ; 3.355      ; 9.872      ;
; 3.423  ; texture_samples_o[25]~reg0DUPLICATE           ; texture_samples_o[25]                                  ; clk          ; clk         ; 10.000       ; -6.086     ; 0.431      ;
; 3.424  ; pick_ready_i                                  ; b_tx_r[4]                                              ; clk          ; clk         ; 10.000       ; 3.357      ; 9.873      ;
; 3.425  ; pick_ready_i                                  ; b_tx_r[0]                                              ; clk          ; clk         ; 10.000       ; 3.350      ; 9.865      ;
; 3.425  ; pick_ready_i                                  ; b_tx_r[2]                                              ; clk          ; clk         ; 10.000       ; 3.350      ; 9.865      ;
; 3.425  ; pick_ready_i                                  ; b_ty_r[0]                                              ; clk          ; clk         ; 10.000       ; 3.350      ; 9.865      ;
; 3.425  ; texture_samples_o[27]~reg0                    ; texture_samples_o[27]                                  ; clk          ; clk         ; 10.000       ; -6.086     ; 0.429      ;
; 3.428  ; texture_samples_o[23]~reg0DUPLICATE           ; texture_samples_o[23]                                  ; clk          ; clk         ; 10.000       ; -6.086     ; 0.426      ;
; 3.431  ; texture_samples_o[29]~reg0                    ; texture_samples_o[29]                                  ; clk          ; clk         ; 10.000       ; -6.086     ; 0.423      ;
; 3.434  ; texture_samples_o[22]~reg0DUPLICATE           ; texture_samples_o[22]                                  ; clk          ; clk         ; 10.000       ; -6.081     ; 0.425      ;
; 3.455  ; b_src_r[10]                                   ; pick_src_id_o[10]                                      ; clk          ; clk         ; 10.000       ; -6.045     ; 0.440      ;
; 3.458  ; b_src_r[11]                                   ; pick_src_id_o[11]                                      ; clk          ; clk         ; 10.000       ; -6.056     ; 0.426      ;
; 3.464  ; texture_samples_o[28]~reg0DUPLICATE           ; texture_samples_o[28]                                  ; clk          ; clk         ; 10.000       ; -6.081     ; 0.395      ;
; 3.465  ; texture_samples_o[30]~reg0                    ; texture_samples_o[30]                                  ; clk          ; clk         ; 10.000       ; -6.081     ; 0.394      ;
; 3.471  ; b_tx_r[0]                                     ; pick_tx_o[0]                                           ; clk          ; clk         ; 10.000       ; -6.042     ; 0.427      ;
; 3.475  ; b_ty_r[0]                                     ; pick_ty_o[0]                                           ; clk          ; clk         ; 10.000       ; -6.042     ; 0.423      ;
; 3.476  ; b_tx_r[3]                                     ; pick_tx_o[3]                                           ; clk          ; clk         ; 10.000       ; -6.049     ; 0.415      ;
; 3.480  ; b_tx_r[4]                                     ; pick_tx_o[4]                                           ; clk          ; clk         ; 10.000       ; -6.050     ; 0.410      ;
; 3.486  ; b_src_r[5]                                    ; pick_src_id_o[5]                                       ; clk          ; clk         ; 10.000       ; -6.048     ; 0.406      ;
; 3.487  ; b_tx_r[2]                                     ; pick_tx_o[2]                                           ; clk          ; clk         ; 10.000       ; -6.042     ; 0.411      ;
; 3.564  ; zhao_texture_mod255:u_mod255|Add1~37_OTERM177 ; b_tile_r[7]_OTERM21_OTERM77_OTERM119                   ; clk          ; clk         ; 10.000       ; -0.102     ; 6.274      ;
; 3.588  ; zhao_texture_mod255:u_mod255|Add1~37_OTERM177 ; b_tile_r[7]_OTERM21_OTERM73_OTERM113_OTERM145          ; clk          ; clk         ; 10.000       ; -0.102     ; 6.250      ;
; 3.828  ; zhao_texture_mod255:u_mod255|Add1~37_OTERM177 ; b_tile_r[7]_OTERM21_OTERM71_OTERM105_OTERM155          ; clk          ; clk         ; 10.000       ; -0.102     ; 6.010      ;
; 3.911  ; zhao_texture_mod255:u_mod255|Add1~37_OTERM177 ; b_tile_r[7]_OTERM21_OTERM71_OTERM97                    ; clk          ; clk         ; 10.000       ; -0.108     ; 5.921      ;
; 3.912  ; zhao_texture_mod255:u_mod255|Add1~37_OTERM177 ; b_tile_r[7]_OTERM21_OTERM69_OTERM129                   ; clk          ; clk         ; 10.000       ; -0.102     ; 5.926      ;
; 4.159  ; zhao_texture_mod255:u_mod255|Add1~37_OTERM177 ; b_tile_r[7]_OTERM21_OTERM71_OTERM107_OTERM175          ; clk          ; clk         ; 10.000       ; -0.102     ; 5.679      ;
; 4.908  ; b_tile_r[7]_OTERM21_OTERM71_OTERM97           ; b_tile_r[5]_OTERM33                                    ; clk          ; clk         ; 10.000       ; -0.108     ; 4.924      ;
; 4.914  ; b_tile_r[7]_OTERM21_OTERM71_OTERM97           ; b_tile_r[0]_OTERM63                                    ; clk          ; clk         ; 10.000       ; -0.108     ; 4.918      ;
; 5.325  ; b_tile_r[7]_OTERM21_OTERM71_OTERM97           ; b_tile_r[6]_OTERM27                                    ; clk          ; clk         ; 10.000       ; -0.104     ; 4.511      ;
; 5.349  ; b_tile_r[7]_OTERM21_OTERM71_OTERM97           ; b_tile_r[3]_OTERM45                                    ; clk          ; clk         ; 10.000       ; -0.104     ; 4.487      ;
; 5.358  ; b_tile_r[7]_OTERM21_OTERM71_OTERM97           ; b_tile_r[1]_OTERM57                                    ; clk          ; clk         ; 10.000       ; -0.085     ; 4.497      ;
; 5.359  ; b_tile_r[7]_OTERM21_OTERM71_OTERM97           ; b_tile_r[7]_OTERM17                                    ; clk          ; clk         ; 10.000       ; -0.085     ; 4.496      ;
; 5.361  ; b_tile_r[7]_OTERM21_OTERM71_OTERM97           ; b_tile_r[2]_OTERM51                                    ; clk          ; clk         ; 10.000       ; -0.089     ; 4.490      ;
; 5.362  ; b_tile_r[7]_OTERM21_OTERM71_OTERM97           ; b_tile_r[4]_OTERM39                                    ; clk          ; clk         ; 10.000       ; -0.089     ; 4.489      ;
; 6.726  ; a_mat_b_r[4]                                  ; b_tile_r[4]_OTERM43                                    ; clk          ; clk         ; 10.000       ; -0.098     ; 3.116      ;
; 7.412  ; a_weight_r[3]                                 ; b_tile_r[7]_OTERM21_OTERM73_OTERM109                   ; clk          ; clk         ; 10.000       ; -0.101     ; 2.427      ;
; 7.663  ; a_mat_b_r[7]                                  ; b_tile_r[7]_OTERM25                                    ; clk          ; clk         ; 10.000       ; -0.091     ; 2.186      ;
; 7.939  ; a_mat_b_r[5]                                  ; b_tile_r[5]_OTERM37                                    ; clk          ; clk         ; 10.000       ; -0.091     ; 1.910      ;
; 8.242  ; a_mosaic_r                                    ; b_tile_r[7]_OTERM21_OTERM77_OTERM125                   ; clk          ; clk         ; 10.000       ; -0.101     ; 1.597      ;
; 8.398  ; a_mat_a_r[2]                                  ; b_tile_r[2]_OTERM53                                    ; clk          ; clk         ; 10.000       ; -0.100     ; 1.442      ;
; 8.470  ; a_weight_r[7]                                 ; b_tile_r[7]_OTERM21_OTERM77_OTERM123                   ; clk          ; clk         ; 10.000       ; -0.098     ; 1.372      ;
; 8.491  ; a_mat_a_r[3]                                  ; b_tile_r[3]_OTERM47                                    ; clk          ; clk         ; 10.000       ; -0.096     ; 1.353      ;
; 8.527  ; a_weight_r[4]                                 ; b_tile_r[7]_OTERM21_OTERM75_OTERM87                    ; clk          ; clk         ; 10.000       ; -0.099     ; 1.314      ;
; 8.551  ; a_mat_a_r[4]                                  ; b_tile_r[4]_OTERM41                                    ; clk          ; clk         ; 10.000       ; -0.095     ; 1.294      ;
; 8.676  ; a_mat_a_r[1]                                  ; b_tile_r[1]_OTERM59                                    ; clk          ; clk         ; 10.000       ; -0.096     ; 1.168      ;
; 8.771  ; a_mat_b_r[1]                                  ; b_tile_r[1]_OTERM61                                    ; clk          ; clk         ; 10.000       ; -0.108     ; 1.061      ;
; 8.801  ; a_mat_a_r[0]                                  ; b_tile_r[0]_OTERM65                                    ; clk          ; clk         ; 10.000       ; -0.103     ; 1.036      ;
; 8.836  ; a_mat_b_r[2]                                  ; b_tile_r[2]_OTERM55                                    ; clk          ; clk         ; 10.000       ; -0.094     ; 1.010      ;
; 8.843  ; a_weight_r[6]                                 ; b_tile_r[7]_OTERM21_OTERM75_OTERM85_OTERM143           ; clk          ; clk         ; 10.000       ; -0.098     ; 0.999      ;
; 8.861  ; a_mat_a_r[7]                                  ; b_tile_r[7]_OTERM23                                    ; clk          ; clk         ; 10.000       ; -0.103     ; 0.976      ;
; 8.885  ; a_weight_r[7]                                 ; b_tile_r[7]_OTERM21_OTERM75_OTERM91_OTERM171           ; clk          ; clk         ; 10.000       ; -0.096     ; 0.959      ;
; 8.886  ; a_weight_r[2]                                 ; b_tile_r[7]_OTERM21_OTERM71_OTERM103                   ; clk          ; clk         ; 10.000       ; -0.079     ; 0.975      ;
; 8.902  ; a_weight_r[5]                                 ; b_tile_r[7]_OTERM21_OTERM75_OTERM81                    ; clk          ; clk         ; 10.000       ; -0.102     ; 0.936      ;
; 8.907  ; a_weight_r[0]                                 ; b_tile_r[7]_OTERM21_OTERM71_OTERM105_OTERM161          ; clk          ; clk         ; 10.000       ; -0.102     ; 0.931      ;
; 8.923  ; a_mat_b_r[3]                                  ; b_tile_r[3]_OTERM49                                    ; clk          ; clk         ; 10.000       ; -0.097     ; 0.920      ;
; 8.966  ; a_mat_b_r[6]                                  ; b_tile_r[6]_OTERM31                                    ; clk          ; clk         ; 10.000       ; -0.099     ; 0.875      ;
; 8.973  ; a_mat_b_r[0]                                  ; b_tile_r[0]_OTERM67                                    ; clk          ; clk         ; 10.000       ; -0.105     ; 0.862      ;
; 8.981  ; a_mat_a_r[5]                                  ; b_tile_r[5]_OTERM35                                    ; clk          ; clk         ; 10.000       ; -0.094     ; 0.865      ;
; 8.987  ; a_weight_r[1]                                 ; b_tile_r[7]_OTERM21_OTERM71_OTERM105_OTERM159          ; clk          ; clk         ; 10.000       ; -0.092     ; 0.861      ;
; 8.989  ; a_mat_a_r[6]                                  ; b_tile_r[6]_OTERM29                                    ; clk          ; clk         ; 10.000       ; -0.098     ; 0.853      ;
+--------+-----------------------------------------------+--------------------------------------------------------+--------------+-------------+--------------+------------+------------+
