Info: *******************************************************************
Info: Running Quartus Prime Analysis & Synthesis
    Info: Version 17.0.2 Build 602 07/19/2017 SJ Lite Edition
    Info: Copyright (C) 2017  Intel Corporation. All rights reserved.
    Info: Your use of Intel Corporation's design tools, logic functions 
    Info: and other software and tools, and its AMPP partner logic 
    Info: functions, and any output files from any of the foregoing 
    Info: (including device programming or simulation files), and any 
    Info: associated documentation or information are expressly subject 
    Info: to the terms and conditions of the Intel Program License 
    Info: Subscription Agreement, the Intel Quartus Prime License Agreement,
    Info: the Intel MegaCore Function License Agreement, or other 
    Info: applicable license agreement, including, without limitation, 
    Info: that your use is for the sole purpose of programming logic 
    Info: devices manufactured by Intel and sold by Intel or its 
    Info: authorized distributors.  Please refer to the applicable 
    Info: agreement for further details.
    Info: Processing started: Tue Sep 15 22:21:56 2026
Info: Command: quartus_map blockfit
Info (16303): High Performance Effort optimization mode selected -- timing performance will be prioritized at the potential cost of increased compilation time
    Info (16304): Mode behavior is affected by advanced setting Perform Register Retiming for Performance (default for this mode is On)
    Info (16304): Mode behavior is affected by advanced setting Placement Effort Multiplier (default for this mode is 4.0)
Warning (18236): Number of processors has not been specified which may cause overloading on shared machines.  Set the global assignment NUM_PARALLEL_PROCESSORS in your QSF to an appropriate value for best performance.
Info (20030): Parallel compilation is enabled and will use 16 of the 24 processors detected
Info (12021): Found 1 design units, including 0 entities, in source file /programmieren/zencrifice/zhaozhou-g8a-dsp-ce9b2c02/fpga/rtl/generated/zhao_abi_pkg.sv
    Info (12022): Found design unit 1: zhao_abi_pkg (SystemVerilog) File: C:/programmieren/zencrifice/zhaozhou-g8a-dsp-ce9b2c02/fpga/rtl/generated/zhao_abi_pkg.sv Line: 10
Info (12021): Found 1 design units, including 0 entities, in source file /programmieren/zencrifice/zhaozhou-g8a-dsp-ce9b2c02/fpga/rtl/common/zhao_pkg.sv
    Info (12022): Found design unit 1: zhao_pkg (SystemVerilog) File: C:/programmieren/zencrifice/zhaozhou-g8a-dsp-ce9b2c02/fpga/rtl/common/zhao_pkg.sv Line: 25
Info (12021): Found 1 design units, including 0 entities, in source file /programmieren/zencrifice/zhaozhou-g8a-dsp-ce9b2c02/fpga/rtl/memory/zhao_sdram_params_pkg.sv
    Info (12022): Found design unit 1: zhao_sdram_params_pkg (SystemVerilog) File: C:/programmieren/zencrifice/zhaozhou-g8a-dsp-ce9b2c02/fpga/rtl/memory/zhao_sdram_params_pkg.sv Line: 26
Info (12021): Found 1 design units, including 1 entities, in source file /programmieren/zencrifice/zhaozhou-g8a-dsp-ce9b2c02/fpga/rtl/common/zhao_crc32c_fold.sv
    Info (12023): Found entity 1: zhao_crc32c_fold File: C:/programmieren/zencrifice/zhaozhou-g8a-dsp-ce9b2c02/fpga/rtl/common/zhao_crc32c_fold.sv Line: 48
Info (12021): Found 1 design units, including 1 entities, in source file /programmieren/zencrifice/zhaozhou-g8a-dsp-ce9b2c02/fpga/rtl/common/zhao_cdc_snapshot.sv
    Info (12023): Found entity 1: zhao_cdc_snapshot File: C:/programmieren/zencrifice/zhaozhou-g8a-dsp-ce9b2c02/fpga/rtl/common/zhao_cdc_snapshot.sv Line: 60
Info (12021): Found 1 design units, including 1 entities, in source file /programmieren/zencrifice/zhaozhou-g8a-dsp-ce9b2c02/fpga/rtl/video/zhao_video_mode.sv
    Info (12023): Found entity 1: zhao_video_mode File: C:/programmieren/zencrifice/zhaozhou-g8a-dsp-ce9b2c02/fpga/rtl/video/zhao_video_mode.sv Line: 47
Info (12021): Found 1 design units, including 1 entities, in source file /programmieren/zencrifice/zhaozhou-g8a-dsp-ce9b2c02/fpga/rtl/video/zhao_video_framectl.sv
    Info (12023): Found entity 1: zhao_video_framectl File: C:/programmieren/zencrifice/zhaozhou-g8a-dsp-ce9b2c02/fpga/rtl/video/zhao_video_framectl.sv Line: 38
Info (12021): Found 1 design units, including 1 entities, in source file /programmieren/zencrifice/zhaozhou-g8a-dsp-ce9b2c02/fpga/rtl/video/zhao_video_scaler.sv
    Info (12023): Found entity 1: zhao_video_scaler File: C:/programmieren/zencrifice/zhaozhou-g8a-dsp-ce9b2c02/fpga/rtl/video/zhao_video_scaler.sv Line: 23
Info (12021): Found 1 design units, including 1 entities, in source file /programmieren/zencrifice/zhaozhou-g8a-dsp-ce9b2c02/fpga/rtl/video/zhao_scanout_fetch.sv
    Info (12023): Found entity 1: zhao_scanout_fetch File: C:/programmieren/zencrifice/zhaozhou-g8a-dsp-ce9b2c02/fpga/rtl/video/zhao_scanout_fetch.sv Line: 44
Info (12021): Found 1 design units, including 1 entities, in source file /programmieren/zencrifice/zhaozhou-g8a-dsp-ce9b2c02/fpga/rtl/common/zhao_dc_sdp_ram.sv
    Info (12023): Found entity 1: zhao_dc_sdp_ram File: C:/programmieren/zencrifice/zhaozhou-g8a-dsp-ce9b2c02/fpga/rtl/common/zhao_dc_sdp_ram.sv Line: 31
Info (12021): Found 1 design units, including 1 entities, in source file /programmieren/zencrifice/zhaozhou-g8a-dsp-ce9b2c02/fpga/rtl/video/zhao_scanout_linebuf.sv
    Info (12023): Found entity 1: zhao_scanout_linebuf File: C:/programmieren/zencrifice/zhaozhou-g8a-dsp-ce9b2c02/fpga/rtl/video/zhao_scanout_linebuf.sv Line: 69
Info (12021): Found 1 design units, including 1 entities, in source file /programmieren/zencrifice/zhaozhou-g8a-dsp-ce9b2c02/fpga/rtl/video/zhao_scanout_serializer.sv
    Info (12023): Found entity 1: zhao_scanout_serializer File: C:/programmieren/zencrifice/zhaozhou-g8a-dsp-ce9b2c02/fpga/rtl/video/zhao_scanout_serializer.sv Line: 37
Info (12021): Found 1 design units, including 1 entities, in source file /programmieren/zencrifice/zhaozhou-g8a-dsp-ce9b2c02/fpga/rtl/video/zhao_video_scanout.sv
    Info (12023): Found entity 1: zhao_video_scanout File: C:/programmieren/zencrifice/zhaozhou-g8a-dsp-ce9b2c02/fpga/rtl/video/zhao_video_scanout.sv Line: 37
Info (12021): Found 1 design units, including 1 entities, in source file /programmieren/zencrifice/zhaozhou-g8a-dsp-ce9b2c02/fpga/rtl/command/zhao_cmd_scheduler.sv
    Info (12023): Found entity 1: zhao_cmd_scheduler File: C:/programmieren/zencrifice/zhaozhou-g8a-dsp-ce9b2c02/fpga/rtl/command/zhao_cmd_scheduler.sv Line: 46
Info (12021): Found 1 design units, including 1 entities, in source file /programmieren/zencrifice/zhaozhou-g8a-dsp-ce9b2c02/fpga/rtl/command/zhao_cmd_dma.sv
    Info (12023): Found entity 1: zhao_cmd_dma File: C:/programmieren/zencrifice/zhaozhou-g8a-dsp-ce9b2c02/fpga/rtl/command/zhao_cmd_dma.sv Line: 64
Info (12021): Found 1 design units, including 1 entities, in source file /programmieren/zencrifice/zhaozhou-g8a-dsp-ce9b2c02/fpga/rtl/debug/zhao_debug_counters.sv
    Info (12023): Found entity 1: zhao_debug_counters File: C:/programmieren/zencrifice/zhaozhou-g8a-dsp-ce9b2c02/fpga/rtl/debug/zhao_debug_counters.sv Line: 41
Info (12021): Found 1 design units, including 1 entities, in source file /programmieren/zencrifice/zhaozhou-g8a-dsp-ce9b2c02/fpga/rtl/debug/zhao_debug_crc.sv
    Info (12023): Found entity 1: zhao_debug_crc File: C:/programmieren/zencrifice/zhaozhou-g8a-dsp-ce9b2c02/fpga/rtl/debug/zhao_debug_crc.sv Line: 65
Info (12021): Found 1 design units, including 1 entities, in source file /programmieren/zencrifice/zhaozhou-g8a-dsp-ce9b2c02/fpga/rtl/input/zhao_input_snapshot.sv
    Info (12023): Found entity 1: zhao_input_snapshot File: C:/programmieren/zencrifice/zhaozhou-g8a-dsp-ce9b2c02/fpga/rtl/input/zhao_input_snapshot.sv Line: 34
Info (12021): Found 1 design units, including 1 entities, in source file /programmieren/zencrifice/zhaozhou-g8a-dsp-ce9b2c02/fpga/rtl/input/zhao_input_rumble.sv
    Info (12023): Found entity 1: zhao_input_rumble File: C:/programmieren/zencrifice/zhaozhou-g8a-dsp-ce9b2c02/fpga/rtl/input/zhao_input_rumble.sv Line: 30
Info (12021): Found 1 design units, including 1 entities, in source file /programmieren/zencrifice/zhaozhou-g8a-dsp-ce9b2c02/fpga/rtl/audio/zhao_audio_fifo.sv
    Info (12023): Found entity 1: zhao_audio_fifo File: C:/programmieren/zencrifice/zhaozhou-g8a-dsp-ce9b2c02/fpga/rtl/audio/zhao_audio_fifo.sv Line: 49
Info (12021): Found 1 design units, including 1 entities, in source file /programmieren/zencrifice/zhaozhou-g8a-dsp-ce9b2c02/fpga/rtl/memory/zhao_sdram_ctrl.sv
    Info (12023): Found entity 1: zhao_sdram_ctrl File: C:/programmieren/zencrifice/zhaozhou-g8a-dsp-ce9b2c02/fpga/rtl/memory/zhao_sdram_ctrl.sv Line: 55
Info (12021): Found 1 design units, including 1 entities, in source file /programmieren/zencrifice/zhaozhou-g8a-dsp-ce9b2c02/fpga/rtl/memory/zhao_vram_arbiter.sv
    Info (12023): Found entity 1: zhao_vram_arbiter File: C:/programmieren/zencrifice/zhaozhou-g8a-dsp-ce9b2c02/fpga/rtl/memory/zhao_vram_arbiter.sv Line: 71
Info (12021): Found 1 design units, including 1 entities, in source file /programmieren/zencrifice/zhaozhou-g8a-dsp-ce9b2c02/fpga/rtl/memory/zhao_mem_guard.sv
    Info (12023): Found entity 1: zhao_mem_guard File: C:/programmieren/zencrifice/zhaozhou-g8a-dsp-ce9b2c02/fpga/rtl/memory/zhao_mem_guard.sv Line: 55
Info (12021): Found 1 design units, including 1 entities, in source file /programmieren/zencrifice/zhaozhou-g8a-dsp-ce9b2c02/fpga/rtl/memory/zhao_hps_bridge.sv
    Info (12023): Found entity 1: zhao_hps_bridge File: C:/programmieren/zencrifice/zhaozhou-g8a-dsp-ce9b2c02/fpga/rtl/memory/zhao_hps_bridge.sv Line: 29
Info (12021): Found 1 design units, including 1 entities, in source file /programmieren/zencrifice/zhaozhou-g8a-dsp-ce9b2c02/fpga/rtl/memory/zhao_hps_arbiter.sv
    Info (12023): Found entity 1: zhao_hps_arbiter File: C:/programmieren/zencrifice/zhaozhou-g8a-dsp-ce9b2c02/fpga/rtl/memory/zhao_hps_arbiter.sv Line: 93
Info (12021): Found 1 design units, including 1 entities, in source file /programmieren/zencrifice/zhaozhou-g8a-dsp-ce9b2c02/fpga/rtl/debug/zhao_debug_frameblit.sv
    Info (12023): Found entity 1: zhao_debug_frameblit File: C:/programmieren/zencrifice/zhaozhou-g8a-dsp-ce9b2c02/fpga/rtl/debug/zhao_debug_frameblit.sv Line: 137
Info (12021): Found 1 design units, including 1 entities, in source file /programmieren/zencrifice/zhaozhou-g8a-dsp-ce9b2c02/fpga/rtl/video/zhao_video_slotmgr.sv
    Info (12023): Found entity 1: zhao_video_slotmgr File: C:/programmieren/zencrifice/zhaozhou-g8a-dsp-ce9b2c02/fpga/rtl/video/zhao_video_slotmgr.sv Line: 73
Info (12021): Found 1 design units, including 1 entities, in source file /programmieren/zencrifice/zhaozhou-g8a-dsp-ce9b2c02/fpga/rtl/raster/zhao_raster_fbwrite.sv
    Info (12023): Found entity 1: zhao_raster_fbwrite File: C:/programmieren/zencrifice/zhaozhou-g8a-dsp-ce9b2c02/fpga/rtl/raster/zhao_raster_fbwrite.sv Line: 69
Info (12021): Found 1 design units, including 1 entities, in source file /programmieren/zencrifice/zhaozhou-g8a-dsp-ce9b2c02/fpga/rtl/geometry/zhao_geom_bin_pipe.sv
    Info (12023): Found entity 1: zhao_geom_bin_pipe File: C:/programmieren/zencrifice/zhaozhou-g8a-dsp-ce9b2c02/fpga/rtl/geometry/zhao_geom_bin_pipe.sv Line: 76
Info (12021): Found 1 design units, including 1 entities, in source file /programmieren/zencrifice/zhaozhou-g8a-dsp-ce9b2c02/fpga/rtl/geometry/zhao_geom_binner.sv
    Info (12023): Found entity 1: zhao_geom_binner File: C:/programmieren/zencrifice/zhaozhou-g8a-dsp-ce9b2c02/fpga/rtl/geometry/zhao_geom_binner.sv Line: 205
Info (12021): Found 1 design units, including 1 entities, in source file /programmieren/zencrifice/zhaozhou-g8a-dsp-ce9b2c02/fpga/rtl/geometry/zhao_geom_arena.sv
    Info (12023): Found entity 1: zhao_geom_arena File: C:/programmieren/zencrifice/zhaozhou-g8a-dsp-ce9b2c02/fpga/rtl/geometry/zhao_geom_arena.sv Line: 24
Info (12021): Found 1 design units, including 1 entities, in source file /programmieren/zencrifice/zhaozhou-g8a-dsp-ce9b2c02/fpga/rtl/raster/zhao_raster_tile_pipe.sv
    Info (12023): Found entity 1: zhao_raster_tile_pipe File: C:/programmieren/zencrifice/zhaozhou-g8a-dsp-ce9b2c02/fpga/rtl/raster/zhao_raster_tile_pipe.sv Line: 145
Info (12021): Found 1 design units, including 1 entities, in source file /programmieren/zencrifice/zhaozhou-g8a-dsp-ce9b2c02/fpga/rtl/common/zhao_skid2.sv
    Info (12023): Found entity 1: zhao_skid2 File: C:/programmieren/zencrifice/zhaozhou-g8a-dsp-ce9b2c02/fpga/rtl/common/zhao_skid2.sv Line: 45
Info (12021): Found 1 design units, including 1 entities, in source file /programmieren/zencrifice/zhaozhou-g8a-dsp-ce9b2c02/fpga/rtl/raster/zhao_raster_edgewalk.sv
    Info (12023): Found entity 1: zhao_raster_edgewalk File: C:/programmieren/zencrifice/zhaozhou-g8a-dsp-ce9b2c02/fpga/rtl/raster/zhao_raster_edgewalk.sv Line: 89
Info (12021): Found 1 design units, including 1 entities, in source file /programmieren/zencrifice/zhaozhou-g8a-dsp-ce9b2c02/fpga/rtl/raster/zhao_raster_earlyz.sv
    Info (12023): Found entity 1: zhao_raster_earlyz File: C:/programmieren/zencrifice/zhaozhou-g8a-dsp-ce9b2c02/fpga/rtl/raster/zhao_raster_earlyz.sv Line: 127
Info (12021): Found 1 design units, including 1 entities, in source file /programmieren/zencrifice/zhaozhou-g8a-dsp-ce9b2c02/fpga/rtl/raster/zhao_raster_fragment.sv
    Info (12023): Found entity 1: zhao_raster_fragment File: C:/programmieren/zencrifice/zhaozhou-g8a-dsp-ce9b2c02/fpga/rtl/raster/zhao_raster_fragment.sv Line: 240
Info (12021): Found 1 design units, including 1 entities, in source file /programmieren/zencrifice/zhaozhou-g8a-dsp-ce9b2c02/fpga/rtl/raster/zhao_raster_tilestore.sv
    Info (12023): Found entity 1: zhao_raster_tilestore File: C:/programmieren/zencrifice/zhaozhou-g8a-dsp-ce9b2c02/fpga/rtl/raster/zhao_raster_tilestore.sv Line: 102
Info (12021): Found 1 design units, including 1 entities, in source file /programmieren/zencrifice/zhaozhou-g8a-dsp-ce9b2c02/fpga/rtl/raster/zhao_raster_resolve.sv
    Info (12023): Found entity 1: zhao_raster_resolve File: C:/programmieren/zencrifice/zhaozhou-g8a-dsp-ce9b2c02/fpga/rtl/raster/zhao_raster_resolve.sv Line: 105
Info (12021): Found 1 design units, including 1 entities, in source file /programmieren/zencrifice/zhaozhou-g8a-dsp-ce9b2c02/fpga/rtl/raster/zhao_raster_blend.sv
    Info (12023): Found entity 1: zhao_raster_blend File: C:/programmieren/zencrifice/zhaozhou-g8a-dsp-ce9b2c02/fpga/rtl/raster/zhao_raster_blend.sv Line: 80
Info (12021): Found 1 design units, including 1 entities, in source file /programmieren/zencrifice/zhaozhou-g8a-dsp-ce9b2c02/fpga/rtl/raster/zhao_raster_blend_prod.sv
    Info (12023): Found entity 1: zhao_raster_blend_prod File: C:/programmieren/zencrifice/zhaozhou-g8a-dsp-ce9b2c02/fpga/rtl/raster/zhao_raster_blend_prod.sv Line: 16
Info (12021): Found 1 design units, including 1 entities, in source file /programmieren/zencrifice/zhaozhou-g8a-dsp-ce9b2c02/fpga/rtl/raster/zhao_raster_blend_fin.sv
    Info (12023): Found entity 1: zhao_raster_blend_fin File: C:/programmieren/zencrifice/zhaozhou-g8a-dsp-ce9b2c02/fpga/rtl/raster/zhao_raster_blend_fin.sv Line: 15
Info (12021): Found 1 design units, including 1 entities, in source file /programmieren/zencrifice/zhaozhou-g8a-dsp-ce9b2c02/fpga/rtl/raster/zhao_raster_div255.sv
    Info (12023): Found entity 1: zhao_raster_div255 File: C:/programmieren/zencrifice/zhaozhou-g8a-dsp-ce9b2c02/fpga/rtl/raster/zhao_raster_div255.sv Line: 55
Info (12021): Found 1 design units, including 1 entities, in source file /programmieren/zencrifice/zhaozhou-g8a-dsp-ce9b2c02/fpga/rtl/raster/zhao_raster_quant.sv
    Info (12023): Found entity 1: zhao_raster_quant File: C:/programmieren/zencrifice/zhaozhou-g8a-dsp-ce9b2c02/fpga/rtl/raster/zhao_raster_quant.sv Line: 52
Info (12021): Found 1 design units, including 1 entities, in source file /programmieren/zencrifice/zhaozhou-g8a-dsp-ce9b2c02/fpga/rtl/raster/zhao_raster_fill.sv
    Info (12023): Found entity 1: zhao_raster_fill File: C:/programmieren/zencrifice/zhaozhou-g8a-dsp-ce9b2c02/fpga/rtl/raster/zhao_raster_fill.sv Line: 27
Info (12021): Found 1 design units, including 1 entities, in source file /programmieren/zencrifice/zhaozhou-g8a-dsp-ce9b2c02/fpga/rtl/geometry/zhao_geom_setup.sv
    Info (12023): Found entity 1: zhao_geom_setup File: C:/programmieren/zencrifice/zhaozhou-g8a-dsp-ce9b2c02/fpga/rtl/geometry/zhao_geom_setup.sv Line: 130
Info (12021): Found 1 design units, including 1 entities, in source file /programmieren/zencrifice/zhaozhou-g8a-dsp-ce9b2c02/fpga/rtl/geometry/zhao_geom_meshfetch.sv
    Info (12023): Found entity 1: zhao_geom_meshfetch File: C:/programmieren/zencrifice/zhaozhou-g8a-dsp-ce9b2c02/fpga/rtl/geometry/zhao_geom_meshfetch.sv Line: 67
Info (12021): Found 1 design units, including 1 entities, in source file /programmieren/zencrifice/zhaozhou-g8a-dsp-ce9b2c02/fpga/rtl/geometry/zhao_geom_assemble.sv
    Info (12023): Found entity 1: zhao_geom_assemble File: C:/programmieren/zencrifice/zhaozhou-g8a-dsp-ce9b2c02/fpga/rtl/geometry/zhao_geom_assemble.sv Line: 43
Info (12021): Found 1 design units, including 1 entities, in source file /programmieren/zencrifice/zhaozhou-g8a-dsp-ce9b2c02/fpga/rtl/geometry/zhao_geom_vdecode.sv
    Info (12023): Found entity 1: zhao_geom_vdecode File: C:/programmieren/zencrifice/zhaozhou-g8a-dsp-ce9b2c02/fpga/rtl/geometry/zhao_geom_vdecode.sv Line: 72
Info (12021): Found 1 design units, including 1 entities, in source file /programmieren/zencrifice/zhaozhou-g8a-dsp-ce9b2c02/fpga/rtl/geometry/zhao_geom_assetfetch.sv
    Info (12023): Found entity 1: zhao_geom_assetfetch File: C:/programmieren/zencrifice/zhaozhou-g8a-dsp-ce9b2c02/fpga/rtl/geometry/zhao_geom_assetfetch.sv Line: 38
Info (12021): Found 1 design units, including 1 entities, in source file /programmieren/zencrifice/zhaozhou-g8a-dsp-ce9b2c02/fpga/rtl/geometry/zhao_geom_project.sv
    Info (12023): Found entity 1: zhao_geom_project File: C:/programmieren/zencrifice/zhaozhou-g8a-dsp-ce9b2c02/fpga/rtl/geometry/zhao_geom_project.sv Line: 65
Info (12021): Found 1 design units, including 1 entities, in source file /programmieren/zencrifice/zhaozhou-g8a-dsp-ce9b2c02/fpga/rtl/geometry/zhao_geom_clip.sv
    Info (12023): Found entity 1: zhao_geom_clip File: C:/programmieren/zencrifice/zhaozhou-g8a-dsp-ce9b2c02/fpga/rtl/geometry/zhao_geom_clip.sv Line: 155
Info (12021): Found 1 design units, including 1 entities, in source file /programmieren/zencrifice/zhaozhou-g8a-dsp-ce9b2c02/fpga/rtl/geometry/zhao_geom_depthquant.sv
    Info (12023): Found entity 1: zhao_geom_depthquant File: C:/programmieren/zencrifice/zhaozhou-g8a-dsp-ce9b2c02/fpga/rtl/geometry/zhao_geom_depthquant.sv Line: 52
Info (12021): Found 1 design units, including 1 entities, in source file /programmieren/zencrifice/zhaozhou-g8a-dsp-ce9b2c02/fpga/rtl/raster/zhao_raster_rcp24_svc.sv
    Info (12023): Found entity 1: zhao_raster_rcp24_svc File: C:/programmieren/zencrifice/zhaozhou-g8a-dsp-ce9b2c02/fpga/rtl/raster/zhao_raster_rcp24_svc.sv Line: 53
Info (12021): Found 1 design units, including 1 entities, in source file /programmieren/zencrifice/zhaozhou-g8a-dsp-ce9b2c02/fpga/rtl/field/zhao_field_rcp24_rom.sv
    Info (12023): Found entity 1: zhao_field_rcp24_rom File: C:/programmieren/zencrifice/zhaozhou-g8a-dsp-ce9b2c02/fpga/rtl/field/zhao_field_rcp24_rom.sv Line: 17
Info (12021): Found 1 design units, including 1 entities, in source file /programmieren/zencrifice/zhaozhou-g8a-dsp-ce9b2c02/fpga/rtl/common/zhao_shell_top.sv
    Info (12023): Found entity 1: zhao_shell_top File: C:/programmieren/zencrifice/zhaozhou-g8a-dsp-ce9b2c02/fpga/rtl/common/zhao_shell_top.sv Line: 96
Info (12021): Found 5 design units, including 5 entities, in source file /programmieren/zencrifice/zhaozhou-g8a-dsp-ce9b2c02/fpga/rtl/generated/zhao_shell_fit_top.sv
    Info (12023): Found entity 1: zhao_shell_fit_top File: C:/programmieren/zencrifice/zhaozhou-g8a-dsp-ce9b2c02/fpga/rtl/generated/zhao_shell_fit_top.sv Line: 10
    Info (12023): Found entity 2: zhao_shell_fit_stimulus File: C:/programmieren/zencrifice/zhaozhou-g8a-dsp-ce9b2c02/fpga/rtl/generated/zhao_shell_fit_top.sv Line: 572
    Info (12023): Found entity 3: zhao_shell_fit_gpu_sink File: C:/programmieren/zencrifice/zhaozhou-g8a-dsp-ce9b2c02/fpga/rtl/generated/zhao_shell_fit_top.sv Line: 1867
    Info (12023): Found entity 4: zhao_shell_fit_video_sink File: C:/programmieren/zencrifice/zhaozhou-g8a-dsp-ce9b2c02/fpga/rtl/generated/zhao_shell_fit_top.sv Line: 2036
    Info (12023): Found entity 5: zhao_shell_fit_audio_sink File: C:/programmieren/zencrifice/zhaozhou-g8a-dsp-ce9b2c02/fpga/rtl/generated/zhao_shell_fit_top.sv Line: 2156
Warning (10335): Unrecognized synthesis attribute "preserve_hierarchy" at src/zhao_mul27_exact.sv(8) File: C:/Users/Fabs/AppData/Local/Temp/zhao-block-fit-7608-639251005150838516/zhao_attr_mul72x13_dsp3/src/zhao_mul27_exact.sv Line: 8
Info (12021): Found 1 design units, including 1 entities, in source file src/zhao_mul27_exact.sv
    Info (12023): Found entity 1: zhao_mul27_exact File: C:/Users/Fabs/AppData/Local/Temp/zhao-block-fit-7608-639251005150838516/zhao_attr_mul72x13_dsp3/src/zhao_mul27_exact.sv Line: 9
Warning (10335): Unrecognized synthesis attribute "preserve_hierarchy" at src/zhao_attr_mul72x13_dsp3.sv(17) File: C:/Users/Fabs/AppData/Local/Temp/zhao-block-fit-7608-639251005150838516/zhao_attr_mul72x13_dsp3/src/zhao_attr_mul72x13_dsp3.sv Line: 17
Info (12021): Found 1 design units, including 1 entities, in source file src/zhao_attr_mul72x13_dsp3.sv
    Info (12023): Found entity 1: zhao_attr_mul72x13_dsp3 File: C:/Users/Fabs/AppData/Local/Temp/zhao-block-fit-7608-639251005150838516/zhao_attr_mul72x13_dsp3/src/zhao_attr_mul72x13_dsp3.sv Line: 18
Info (12127): Elaborating entity "zhao_attr_mul72x13_dsp3" for the top level hierarchy
Info (12128): Elaborating entity "zhao_mul27_exact" for hierarchy "zhao_mul27_exact:u_p0" File: C:/Users/Fabs/AppData/Local/Temp/zhao-block-fit-7608-639251005150838516/zhao_attr_mul72x13_dsp3/src/zhao_attr_mul72x13_dsp3.sv Line: 39
Info (286030): Timing-Driven Synthesis is running
Info (144001): Generated suppressed messages file C:/Users/Fabs/AppData/Local/Temp/zhao-block-fit-7608-639251005150838516/zhao_attr_mul72x13_dsp3/output_files/blockfit.map.smsg
Info (16010): Generating hard_block partition "hard_block:auto_generated_inst"
    Info (16011): Adding 0 node(s), including 0 DDIO, 0 PLL, 0 transceiver and 0 LCELL
Critical Warning (15725): clock port is fed by virtual pin "clk~input"; timing analysis treats input to the clock port as a ripple clock
Info (15717): Design contains 179 virtual pins; timing numbers associated with paths containing virtual pins are estimates
    Info (15719): Pin "out_valid_o" is virtual output pin File: C:/Users/Fabs/AppData/Local/Temp/zhao-block-fit-7608-639251005150838516/zhao_attr_mul72x13_dsp3/src/zhao_attr_mul72x13_dsp3.sv Line: 25
    Info (15719): Pin "out_op_o[0]" is virtual output pin File: C:/Users/Fabs/AppData/Local/Temp/zhao-block-fit-7608-639251005150838516/zhao_attr_mul72x13_dsp3/src/zhao_attr_mul72x13_dsp3.sv Line: 26
    Info (15719): Pin "out_op_o[1]" is virtual output pin File: C:/Users/Fabs/AppData/Local/Temp/zhao-block-fit-7608-639251005150838516/zhao_attr_mul72x13_dsp3/src/zhao_attr_mul72x13_dsp3.sv Line: 26
    Info (15719): Pin "out_product_o[0]" is virtual output pin File: C:/Users/Fabs/AppData/Local/Temp/zhao-block-fit-7608-639251005150838516/zhao_attr_mul72x13_dsp3/src/zhao_attr_mul72x13_dsp3.sv Line: 27
    Info (15719): Pin "out_product_o[1]" is virtual output pin File: C:/Users/Fabs/AppData/Local/Temp/zhao-block-fit-7608-639251005150838516/zhao_attr_mul72x13_dsp3/src/zhao_attr_mul72x13_dsp3.sv Line: 27
    Info (15719): Pin "out_product_o[2]" is virtual output pin File: C:/Users/Fabs/AppData/Local/Temp/zhao-block-fit-7608-639251005150838516/zhao_attr_mul72x13_dsp3/src/zhao_attr_mul72x13_dsp3.sv Line: 27
    Info (15719): Pin "out_product_o[3]" is virtual output pin File: C:/Users/Fabs/AppData/Local/Temp/zhao-block-fit-7608-639251005150838516/zhao_attr_mul72x13_dsp3/src/zhao_attr_mul72x13_dsp3.sv Line: 27
    Info (15719): Pin "out_product_o[4]" is virtual output pin File: C:/Users/Fabs/AppData/Local/Temp/zhao-block-fit-7608-639251005150838516/zhao_attr_mul72x13_dsp3/src/zhao_attr_mul72x13_dsp3.sv Line: 27
    Info (15719): Pin "out_product_o[5]" is virtual output pin File: C:/Users/Fabs/AppData/Local/Temp/zhao-block-fit-7608-639251005150838516/zhao_attr_mul72x13_dsp3/src/zhao_attr_mul72x13_dsp3.sv Line: 27
    Info (15719): Pin "out_product_o[6]" is virtual output pin File: C:/Users/Fabs/AppData/Local/Temp/zhao-block-fit-7608-639251005150838516/zhao_attr_mul72x13_dsp3/src/zhao_attr_mul72x13_dsp3.sv Line: 27
    Info (15719): Pin "out_product_o[7]" is virtual output pin File: C:/Users/Fabs/AppData/Local/Temp/zhao-block-fit-7608-639251005150838516/zhao_attr_mul72x13_dsp3/src/zhao_attr_mul72x13_dsp3.sv Line: 27
    Info (15719): Pin "out_product_o[8]" is virtual output pin File: C:/Users/Fabs/AppData/Local/Temp/zhao-block-fit-7608-639251005150838516/zhao_attr_mul72x13_dsp3/src/zhao_attr_mul72x13_dsp3.sv Line: 27
    Info (15719): Pin "out_product_o[9]" is virtual output pin File: C:/Users/Fabs/AppData/Local/Temp/zhao-block-fit-7608-639251005150838516/zhao_attr_mul72x13_dsp3/src/zhao_attr_mul72x13_dsp3.sv Line: 27
    Info (15719): Pin "out_product_o[10]" is virtual output pin File: C:/Users/Fabs/AppData/Local/Temp/zhao-block-fit-7608-639251005150838516/zhao_attr_mul72x13_dsp3/src/zhao_attr_mul72x13_dsp3.sv Line: 27
    Info (15719): Pin "out_product_o[11]" is virtual output pin File: C:/Users/Fabs/AppData/Local/Temp/zhao-block-fit-7608-639251005150838516/zhao_attr_mul72x13_dsp3/src/zhao_attr_mul72x13_dsp3.sv Line: 27
    Info (15719): Pin "out_product_o[12]" is virtual output pin File: C:/Users/Fabs/AppData/Local/Temp/zhao-block-fit-7608-639251005150838516/zhao_attr_mul72x13_dsp3/src/zhao_attr_mul72x13_dsp3.sv Line: 27
    Info (15719): Pin "out_product_o[13]" is virtual output pin File: C:/Users/Fabs/AppData/Local/Temp/zhao-block-fit-7608-639251005150838516/zhao_attr_mul72x13_dsp3/src/zhao_attr_mul72x13_dsp3.sv Line: 27
    Info (15719): Pin "out_product_o[14]" is virtual output pin File: C:/Users/Fabs/AppData/Local/Temp/zhao-block-fit-7608-639251005150838516/zhao_attr_mul72x13_dsp3/src/zhao_attr_mul72x13_dsp3.sv Line: 27
    Info (15719): Pin "out_product_o[15]" is virtual output pin File: C:/Users/Fabs/AppData/Local/Temp/zhao-block-fit-7608-639251005150838516/zhao_attr_mul72x13_dsp3/src/zhao_attr_mul72x13_dsp3.sv Line: 27
    Info (15719): Pin "out_product_o[16]" is virtual output pin File: C:/Users/Fabs/AppData/Local/Temp/zhao-block-fit-7608-639251005150838516/zhao_attr_mul72x13_dsp3/src/zhao_attr_mul72x13_dsp3.sv Line: 27
    Info (15719): Pin "out_product_o[17]" is virtual output pin File: C:/Users/Fabs/AppData/Local/Temp/zhao-block-fit-7608-639251005150838516/zhao_attr_mul72x13_dsp3/src/zhao_attr_mul72x13_dsp3.sv Line: 27
    Info (15719): Pin "out_product_o[18]" is virtual output pin File: C:/Users/Fabs/AppData/Local/Temp/zhao-block-fit-7608-639251005150838516/zhao_attr_mul72x13_dsp3/src/zhao_attr_mul72x13_dsp3.sv Line: 27
    Info (15719): Pin "out_product_o[19]" is virtual output pin File: C:/Users/Fabs/AppData/Local/Temp/zhao-block-fit-7608-639251005150838516/zhao_attr_mul72x13_dsp3/src/zhao_attr_mul72x13_dsp3.sv Line: 27
    Info (15719): Pin "out_product_o[20]" is virtual output pin File: C:/Users/Fabs/AppData/Local/Temp/zhao-block-fit-7608-639251005150838516/zhao_attr_mul72x13_dsp3/src/zhao_attr_mul72x13_dsp3.sv Line: 27
    Info (15719): Pin "out_product_o[21]" is virtual output pin File: C:/Users/Fabs/AppData/Local/Temp/zhao-block-fit-7608-639251005150838516/zhao_attr_mul72x13_dsp3/src/zhao_attr_mul72x13_dsp3.sv Line: 27
    Info (15719): Pin "out_product_o[22]" is virtual output pin File: C:/Users/Fabs/AppData/Local/Temp/zhao-block-fit-7608-639251005150838516/zhao_attr_mul72x13_dsp3/src/zhao_attr_mul72x13_dsp3.sv Line: 27
    Info (15719): Pin "out_product_o[23]" is virtual output pin File: C:/Users/Fabs/AppData/Local/Temp/zhao-block-fit-7608-639251005150838516/zhao_attr_mul72x13_dsp3/src/zhao_attr_mul72x13_dsp3.sv Line: 27
    Info (15719): Pin "out_product_o[24]" is virtual output pin File: C:/Users/Fabs/AppData/Local/Temp/zhao-block-fit-7608-639251005150838516/zhao_attr_mul72x13_dsp3/src/zhao_attr_mul72x13_dsp3.sv Line: 27
    Info (15719): Pin "out_product_o[25]" is virtual output pin File: C:/Users/Fabs/AppData/Local/Temp/zhao-block-fit-7608-639251005150838516/zhao_attr_mul72x13_dsp3/src/zhao_attr_mul72x13_dsp3.sv Line: 27
    Info (15719): Pin "out_product_o[26]" is virtual output pin File: C:/Users/Fabs/AppData/Local/Temp/zhao-block-fit-7608-639251005150838516/zhao_attr_mul72x13_dsp3/src/zhao_attr_mul72x13_dsp3.sv Line: 27
    Info (15719): Pin "out_product_o[27]" is virtual output pin File: C:/Users/Fabs/AppData/Local/Temp/zhao-block-fit-7608-639251005150838516/zhao_attr_mul72x13_dsp3/src/zhao_attr_mul72x13_dsp3.sv Line: 27
    Info (15719): Pin "out_product_o[28]" is virtual output pin File: C:/Users/Fabs/AppData/Local/Temp/zhao-block-fit-7608-639251005150838516/zhao_attr_mul72x13_dsp3/src/zhao_attr_mul72x13_dsp3.sv Line: 27
    Info (15719): Pin "out_product_o[29]" is virtual output pin File: C:/Users/Fabs/AppData/Local/Temp/zhao-block-fit-7608-639251005150838516/zhao_attr_mul72x13_dsp3/src/zhao_attr_mul72x13_dsp3.sv Line: 27
    Info (15719): Pin "out_product_o[30]" is virtual output pin File: C:/Users/Fabs/AppData/Local/Temp/zhao-block-fit-7608-639251005150838516/zhao_attr_mul72x13_dsp3/src/zhao_attr_mul72x13_dsp3.sv Line: 27
    Info (15719): Pin "out_product_o[31]" is virtual output pin File: C:/Users/Fabs/AppData/Local/Temp/zhao-block-fit-7608-639251005150838516/zhao_attr_mul72x13_dsp3/src/zhao_attr_mul72x13_dsp3.sv Line: 27
    Info (15719): Pin "out_product_o[32]" is virtual output pin File: C:/Users/Fabs/AppData/Local/Temp/zhao-block-fit-7608-639251005150838516/zhao_attr_mul72x13_dsp3/src/zhao_attr_mul72x13_dsp3.sv Line: 27
    Info (15719): Pin "out_product_o[33]" is virtual output pin File: C:/Users/Fabs/AppData/Local/Temp/zhao-block-fit-7608-639251005150838516/zhao_attr_mul72x13_dsp3/src/zhao_attr_mul72x13_dsp3.sv Line: 27
    Info (15719): Pin "out_product_o[34]" is virtual output pin File: C:/Users/Fabs/AppData/Local/Temp/zhao-block-fit-7608-639251005150838516/zhao_attr_mul72x13_dsp3/src/zhao_attr_mul72x13_dsp3.sv Line: 27
    Info (15719): Pin "out_product_o[35]" is virtual output pin File: C:/Users/Fabs/AppData/Local/Temp/zhao-block-fit-7608-639251005150838516/zhao_attr_mul72x13_dsp3/src/zhao_attr_mul72x13_dsp3.sv Line: 27
    Info (15719): Pin "out_product_o[36]" is virtual output pin File: C:/Users/Fabs/AppData/Local/Temp/zhao-block-fit-7608-639251005150838516/zhao_attr_mul72x13_dsp3/src/zhao_attr_mul72x13_dsp3.sv Line: 27
    Info (15719): Pin "out_product_o[37]" is virtual output pin File: C:/Users/Fabs/AppData/Local/Temp/zhao-block-fit-7608-639251005150838516/zhao_attr_mul72x13_dsp3/src/zhao_attr_mul72x13_dsp3.sv Line: 27
    Info (15719): Pin "out_product_o[38]" is virtual output pin File: C:/Users/Fabs/AppData/Local/Temp/zhao-block-fit-7608-639251005150838516/zhao_attr_mul72x13_dsp3/src/zhao_attr_mul72x13_dsp3.sv Line: 27
    Info (15719): Pin "out_product_o[39]" is virtual output pin File: C:/Users/Fabs/AppData/Local/Temp/zhao-block-fit-7608-639251005150838516/zhao_attr_mul72x13_dsp3/src/zhao_attr_mul72x13_dsp3.sv Line: 27
    Info (15719): Pin "out_product_o[40]" is virtual output pin File: C:/Users/Fabs/AppData/Local/Temp/zhao-block-fit-7608-639251005150838516/zhao_attr_mul72x13_dsp3/src/zhao_attr_mul72x13_dsp3.sv Line: 27
    Info (15719): Pin "out_product_o[41]" is virtual output pin File: C:/Users/Fabs/AppData/Local/Temp/zhao-block-fit-7608-639251005150838516/zhao_attr_mul72x13_dsp3/src/zhao_attr_mul72x13_dsp3.sv Line: 27
    Info (15719): Pin "out_product_o[42]" is virtual output pin File: C:/Users/Fabs/AppData/Local/Temp/zhao-block-fit-7608-639251005150838516/zhao_attr_mul72x13_dsp3/src/zhao_attr_mul72x13_dsp3.sv Line: 27
    Info (15719): Pin "out_product_o[43]" is virtual output pin File: C:/Users/Fabs/AppData/Local/Temp/zhao-block-fit-7608-639251005150838516/zhao_attr_mul72x13_dsp3/src/zhao_attr_mul72x13_dsp3.sv Line: 27
    Info (15719): Pin "out_product_o[44]" is virtual output pin File: C:/Users/Fabs/AppData/Local/Temp/zhao-block-fit-7608-639251005150838516/zhao_attr_mul72x13_dsp3/src/zhao_attr_mul72x13_dsp3.sv Line: 27
    Info (15719): Pin "out_product_o[45]" is virtual output pin File: C:/Users/Fabs/AppData/Local/Temp/zhao-block-fit-7608-639251005150838516/zhao_attr_mul72x13_dsp3/src/zhao_attr_mul72x13_dsp3.sv Line: 27
    Info (15719): Pin "out_product_o[46]" is virtual output pin File: C:/Users/Fabs/AppData/Local/Temp/zhao-block-fit-7608-639251005150838516/zhao_attr_mul72x13_dsp3/src/zhao_attr_mul72x13_dsp3.sv Line: 27
    Info (15719): Pin "out_product_o[47]" is virtual output pin File: C:/Users/Fabs/AppData/Local/Temp/zhao-block-fit-7608-639251005150838516/zhao_attr_mul72x13_dsp3/src/zhao_attr_mul72x13_dsp3.sv Line: 27
    Info (15719): Pin "out_product_o[48]" is virtual output pin File: C:/Users/Fabs/AppData/Local/Temp/zhao-block-fit-7608-639251005150838516/zhao_attr_mul72x13_dsp3/src/zhao_attr_mul72x13_dsp3.sv Line: 27
    Info (15719): Pin "out_product_o[49]" is virtual output pin File: C:/Users/Fabs/AppData/Local/Temp/zhao-block-fit-7608-639251005150838516/zhao_attr_mul72x13_dsp3/src/zhao_attr_mul72x13_dsp3.sv Line: 27
    Info (15719): Pin "out_product_o[50]" is virtual output pin File: C:/Users/Fabs/AppData/Local/Temp/zhao-block-fit-7608-639251005150838516/zhao_attr_mul72x13_dsp3/src/zhao_attr_mul72x13_dsp3.sv Line: 27
    Info (15719): Pin "out_product_o[51]" is virtual output pin File: C:/Users/Fabs/AppData/Local/Temp/zhao-block-fit-7608-639251005150838516/zhao_attr_mul72x13_dsp3/src/zhao_attr_mul72x13_dsp3.sv Line: 27
    Info (15719): Pin "out_product_o[52]" is virtual output pin File: C:/Users/Fabs/AppData/Local/Temp/zhao-block-fit-7608-639251005150838516/zhao_attr_mul72x13_dsp3/src/zhao_attr_mul72x13_dsp3.sv Line: 27
    Info (15719): Pin "out_product_o[53]" is virtual output pin File: C:/Users/Fabs/AppData/Local/Temp/zhao-block-fit-7608-639251005150838516/zhao_attr_mul72x13_dsp3/src/zhao_attr_mul72x13_dsp3.sv Line: 27
    Info (15719): Pin "out_product_o[54]" is virtual output pin File: C:/Users/Fabs/AppData/Local/Temp/zhao-block-fit-7608-639251005150838516/zhao_attr_mul72x13_dsp3/src/zhao_attr_mul72x13_dsp3.sv Line: 27
    Info (15719): Pin "out_product_o[55]" is virtual output pin File: C:/Users/Fabs/AppData/Local/Temp/zhao-block-fit-7608-639251005150838516/zhao_attr_mul72x13_dsp3/src/zhao_attr_mul72x13_dsp3.sv Line: 27
    Info (15719): Pin "out_product_o[56]" is virtual output pin File: C:/Users/Fabs/AppData/Local/Temp/zhao-block-fit-7608-639251005150838516/zhao_attr_mul72x13_dsp3/src/zhao_attr_mul72x13_dsp3.sv Line: 27
    Info (15719): Pin "out_product_o[57]" is virtual output pin File: C:/Users/Fabs/AppData/Local/Temp/zhao-block-fit-7608-639251005150838516/zhao_attr_mul72x13_dsp3/src/zhao_attr_mul72x13_dsp3.sv Line: 27
    Info (15719): Pin "out_product_o[58]" is virtual output pin File: C:/Users/Fabs/AppData/Local/Temp/zhao-block-fit-7608-639251005150838516/zhao_attr_mul72x13_dsp3/src/zhao_attr_mul72x13_dsp3.sv Line: 27
    Info (15719): Pin "out_product_o[59]" is virtual output pin File: C:/Users/Fabs/AppData/Local/Temp/zhao-block-fit-7608-639251005150838516/zhao_attr_mul72x13_dsp3/src/zhao_attr_mul72x13_dsp3.sv Line: 27
    Info (15719): Pin "out_product_o[60]" is virtual output pin File: C:/Users/Fabs/AppData/Local/Temp/zhao-block-fit-7608-639251005150838516/zhao_attr_mul72x13_dsp3/src/zhao_attr_mul72x13_dsp3.sv Line: 27
    Info (15719): Pin "out_product_o[61]" is virtual output pin File: C:/Users/Fabs/AppData/Local/Temp/zhao-block-fit-7608-639251005150838516/zhao_attr_mul72x13_dsp3/src/zhao_attr_mul72x13_dsp3.sv Line: 27
    Info (15719): Pin "out_product_o[62]" is virtual output pin File: C:/Users/Fabs/AppData/Local/Temp/zhao-block-fit-7608-639251005150838516/zhao_attr_mul72x13_dsp3/src/zhao_attr_mul72x13_dsp3.sv Line: 27
    Info (15719): Pin "out_product_o[63]" is virtual output pin File: C:/Users/Fabs/AppData/Local/Temp/zhao-block-fit-7608-639251005150838516/zhao_attr_mul72x13_dsp3/src/zhao_attr_mul72x13_dsp3.sv Line: 27
    Info (15719): Pin "out_product_o[64]" is virtual output pin File: C:/Users/Fabs/AppData/Local/Temp/zhao-block-fit-7608-639251005150838516/zhao_attr_mul72x13_dsp3/src/zhao_attr_mul72x13_dsp3.sv Line: 27
    Info (15719): Pin "out_product_o[65]" is virtual output pin File: C:/Users/Fabs/AppData/Local/Temp/zhao-block-fit-7608-639251005150838516/zhao_attr_mul72x13_dsp3/src/zhao_attr_mul72x13_dsp3.sv Line: 27
    Info (15719): Pin "out_product_o[66]" is virtual output pin File: C:/Users/Fabs/AppData/Local/Temp/zhao-block-fit-7608-639251005150838516/zhao_attr_mul72x13_dsp3/src/zhao_attr_mul72x13_dsp3.sv Line: 27
    Info (15719): Pin "out_product_o[67]" is virtual output pin File: C:/Users/Fabs/AppData/Local/Temp/zhao-block-fit-7608-639251005150838516/zhao_attr_mul72x13_dsp3/src/zhao_attr_mul72x13_dsp3.sv Line: 27
    Info (15719): Pin "out_product_o[68]" is virtual output pin File: C:/Users/Fabs/AppData/Local/Temp/zhao-block-fit-7608-639251005150838516/zhao_attr_mul72x13_dsp3/src/zhao_attr_mul72x13_dsp3.sv Line: 27
    Info (15719): Pin "out_product_o[69]" is virtual output pin File: C:/Users/Fabs/AppData/Local/Temp/zhao-block-fit-7608-639251005150838516/zhao_attr_mul72x13_dsp3/src/zhao_attr_mul72x13_dsp3.sv Line: 27
    Info (15719): Pin "out_product_o[70]" is virtual output pin File: C:/Users/Fabs/AppData/Local/Temp/zhao-block-fit-7608-639251005150838516/zhao_attr_mul72x13_dsp3/src/zhao_attr_mul72x13_dsp3.sv Line: 27
    Info (15719): Pin "out_product_o[71]" is virtual output pin File: C:/Users/Fabs/AppData/Local/Temp/zhao-block-fit-7608-639251005150838516/zhao_attr_mul72x13_dsp3/src/zhao_attr_mul72x13_dsp3.sv Line: 27
    Info (15719): Pin "out_product_o[72]" is virtual output pin File: C:/Users/Fabs/AppData/Local/Temp/zhao-block-fit-7608-639251005150838516/zhao_attr_mul72x13_dsp3/src/zhao_attr_mul72x13_dsp3.sv Line: 27
    Info (15719): Pin "out_product_o[73]" is virtual output pin File: C:/Users/Fabs/AppData/Local/Temp/zhao-block-fit-7608-639251005150838516/zhao_attr_mul72x13_dsp3/src/zhao_attr_mul72x13_dsp3.sv Line: 27
    Info (15719): Pin "out_product_o[74]" is virtual output pin File: C:/Users/Fabs/AppData/Local/Temp/zhao-block-fit-7608-639251005150838516/zhao_attr_mul72x13_dsp3/src/zhao_attr_mul72x13_dsp3.sv Line: 27
    Info (15719): Pin "out_product_o[75]" is virtual output pin File: C:/Users/Fabs/AppData/Local/Temp/zhao-block-fit-7608-639251005150838516/zhao_attr_mul72x13_dsp3/src/zhao_attr_mul72x13_dsp3.sv Line: 27
    Info (15719): Pin "out_product_o[76]" is virtual output pin File: C:/Users/Fabs/AppData/Local/Temp/zhao-block-fit-7608-639251005150838516/zhao_attr_mul72x13_dsp3/src/zhao_attr_mul72x13_dsp3.sv Line: 27
    Info (15719): Pin "out_product_o[77]" is virtual output pin File: C:/Users/Fabs/AppData/Local/Temp/zhao-block-fit-7608-639251005150838516/zhao_attr_mul72x13_dsp3/src/zhao_attr_mul72x13_dsp3.sv Line: 27
    Info (15719): Pin "out_product_o[78]" is virtual output pin File: C:/Users/Fabs/AppData/Local/Temp/zhao-block-fit-7608-639251005150838516/zhao_attr_mul72x13_dsp3/src/zhao_attr_mul72x13_dsp3.sv Line: 27
    Info (15719): Pin "out_product_o[79]" is virtual output pin File: C:/Users/Fabs/AppData/Local/Temp/zhao-block-fit-7608-639251005150838516/zhao_attr_mul72x13_dsp3/src/zhao_attr_mul72x13_dsp3.sv Line: 27
    Info (15719): Pin "out_product_o[80]" is virtual output pin File: C:/Users/Fabs/AppData/Local/Temp/zhao-block-fit-7608-639251005150838516/zhao_attr_mul72x13_dsp3/src/zhao_attr_mul72x13_dsp3.sv Line: 27
    Info (15719): Pin "out_product_o[81]" is virtual output pin File: C:/Users/Fabs/AppData/Local/Temp/zhao-block-fit-7608-639251005150838516/zhao_attr_mul72x13_dsp3/src/zhao_attr_mul72x13_dsp3.sv Line: 27
    Info (15719): Pin "out_product_o[82]" is virtual output pin File: C:/Users/Fabs/AppData/Local/Temp/zhao-block-fit-7608-639251005150838516/zhao_attr_mul72x13_dsp3/src/zhao_attr_mul72x13_dsp3.sv Line: 27
    Info (15719): Pin "out_product_o[83]" is virtual output pin File: C:/Users/Fabs/AppData/Local/Temp/zhao-block-fit-7608-639251005150838516/zhao_attr_mul72x13_dsp3/src/zhao_attr_mul72x13_dsp3.sv Line: 27
    Info (15719): Pin "out_product_o[84]" is virtual output pin File: C:/Users/Fabs/AppData/Local/Temp/zhao-block-fit-7608-639251005150838516/zhao_attr_mul72x13_dsp3/src/zhao_attr_mul72x13_dsp3.sv Line: 27
    Info (15719): Pin "idle_o" is virtual output pin File: C:/Users/Fabs/AppData/Local/Temp/zhao-block-fit-7608-639251005150838516/zhao_attr_mul72x13_dsp3/src/zhao_attr_mul72x13_dsp3.sv Line: 29
    Info (15718): Pin "clk" is virtual input pin File: C:/Users/Fabs/AppData/Local/Temp/zhao-block-fit-7608-639251005150838516/zhao_attr_mul72x13_dsp3/src/zhao_attr_mul72x13_dsp3.sv Line: 19
    Info (15718): Pin "rst_n" is virtual input pin File: C:/Users/Fabs/AppData/Local/Temp/zhao-block-fit-7608-639251005150838516/zhao_attr_mul72x13_dsp3/src/zhao_attr_mul72x13_dsp3.sv Line: 20
    Info (15718): Pin "in_valid_i" is virtual input pin File: C:/Users/Fabs/AppData/Local/Temp/zhao-block-fit-7608-639251005150838516/zhao_attr_mul72x13_dsp3/src/zhao_attr_mul72x13_dsp3.sv Line: 21
    Info (15718): Pin "in_op_i[0]" is virtual input pin File: C:/Users/Fabs/AppData/Local/Temp/zhao-block-fit-7608-639251005150838516/zhao_attr_mul72x13_dsp3/src/zhao_attr_mul72x13_dsp3.sv Line: 22
    Info (15718): Pin "in_op_i[1]" is virtual input pin File: C:/Users/Fabs/AppData/Local/Temp/zhao-block-fit-7608-639251005150838516/zhao_attr_mul72x13_dsp3/src/zhao_attr_mul72x13_dsp3.sv Line: 22
    Info (15718): Pin "in_b_i[0]" is virtual input pin File: C:/Users/Fabs/AppData/Local/Temp/zhao-block-fit-7608-639251005150838516/zhao_attr_mul72x13_dsp3/src/zhao_attr_mul72x13_dsp3.sv Line: 24
    Info (15718): Pin "in_b_i[1]" is virtual input pin File: C:/Users/Fabs/AppData/Local/Temp/zhao-block-fit-7608-639251005150838516/zhao_attr_mul72x13_dsp3/src/zhao_attr_mul72x13_dsp3.sv Line: 24
    Info (15718): Pin "in_b_i[2]" is virtual input pin File: C:/Users/Fabs/AppData/Local/Temp/zhao-block-fit-7608-639251005150838516/zhao_attr_mul72x13_dsp3/src/zhao_attr_mul72x13_dsp3.sv Line: 24
    Info (15718): Pin "in_b_i[3]" is virtual input pin File: C:/Users/Fabs/AppData/Local/Temp/zhao-block-fit-7608-639251005150838516/zhao_attr_mul72x13_dsp3/src/zhao_attr_mul72x13_dsp3.sv Line: 24
    Info (15718): Pin "in_b_i[4]" is virtual input pin File: C:/Users/Fabs/AppData/Local/Temp/zhao-block-fit-7608-639251005150838516/zhao_attr_mul72x13_dsp3/src/zhao_attr_mul72x13_dsp3.sv Line: 24
    Info (15718): Pin "in_b_i[5]" is virtual input pin File: C:/Users/Fabs/AppData/Local/Temp/zhao-block-fit-7608-639251005150838516/zhao_attr_mul72x13_dsp3/src/zhao_attr_mul72x13_dsp3.sv Line: 24
    Info (15718): Pin "in_b_i[6]" is virtual input pin File: C:/Users/Fabs/AppData/Local/Temp/zhao-block-fit-7608-639251005150838516/zhao_attr_mul72x13_dsp3/src/zhao_attr_mul72x13_dsp3.sv Line: 24
    Info (15718): Pin "in_b_i[7]" is virtual input pin File: C:/Users/Fabs/AppData/Local/Temp/zhao-block-fit-7608-639251005150838516/zhao_attr_mul72x13_dsp3/src/zhao_attr_mul72x13_dsp3.sv Line: 24
    Info (15718): Pin "in_b_i[8]" is virtual input pin File: C:/Users/Fabs/AppData/Local/Temp/zhao-block-fit-7608-639251005150838516/zhao_attr_mul72x13_dsp3/src/zhao_attr_mul72x13_dsp3.sv Line: 24
    Info (15718): Pin "in_b_i[9]" is virtual input pin File: C:/Users/Fabs/AppData/Local/Temp/zhao-block-fit-7608-639251005150838516/zhao_attr_mul72x13_dsp3/src/zhao_attr_mul72x13_dsp3.sv Line: 24
    Info (15718): Pin "in_b_i[10]" is virtual input pin File: C:/Users/Fabs/AppData/Local/Temp/zhao-block-fit-7608-639251005150838516/zhao_attr_mul72x13_dsp3/src/zhao_attr_mul72x13_dsp3.sv Line: 24
    Info (15718): Pin "in_b_i[11]" is virtual input pin File: C:/Users/Fabs/AppData/Local/Temp/zhao-block-fit-7608-639251005150838516/zhao_attr_mul72x13_dsp3/src/zhao_attr_mul72x13_dsp3.sv Line: 24
    Info (15718): Pin "in_b_i[12]" is virtual input pin File: C:/Users/Fabs/AppData/Local/Temp/zhao-block-fit-7608-639251005150838516/zhao_attr_mul72x13_dsp3/src/zhao_attr_mul72x13_dsp3.sv Line: 24
    Info (15718): Pin "in_a_i[0]" is virtual input pin File: C:/Users/Fabs/AppData/Local/Temp/zhao-block-fit-7608-639251005150838516/zhao_attr_mul72x13_dsp3/src/zhao_attr_mul72x13_dsp3.sv Line: 23
    Info (15718): Pin "in_a_i[1]" is virtual input pin File: C:/Users/Fabs/AppData/Local/Temp/zhao-block-fit-7608-639251005150838516/zhao_attr_mul72x13_dsp3/src/zhao_attr_mul72x13_dsp3.sv Line: 23
    Info (15718): Pin "in_a_i[2]" is virtual input pin File: C:/Users/Fabs/AppData/Local/Temp/zhao-block-fit-7608-639251005150838516/zhao_attr_mul72x13_dsp3/src/zhao_attr_mul72x13_dsp3.sv Line: 23
    Info (15718): Pin "in_a_i[3]" is virtual input pin File: C:/Users/Fabs/AppData/Local/Temp/zhao-block-fit-7608-639251005150838516/zhao_attr_mul72x13_dsp3/src/zhao_attr_mul72x13_dsp3.sv Line: 23
    Info (15718): Pin "in_a_i[4]" is virtual input pin File: C:/Users/Fabs/AppData/Local/Temp/zhao-block-fit-7608-639251005150838516/zhao_attr_mul72x13_dsp3/src/zhao_attr_mul72x13_dsp3.sv Line: 23
    Info (15718): Pin "in_a_i[5]" is virtual input pin File: C:/Users/Fabs/AppData/Local/Temp/zhao-block-fit-7608-639251005150838516/zhao_attr_mul72x13_dsp3/src/zhao_attr_mul72x13_dsp3.sv Line: 23
    Info (15718): Pin "in_a_i[6]" is virtual input pin File: C:/Users/Fabs/AppData/Local/Temp/zhao-block-fit-7608-639251005150838516/zhao_attr_mul72x13_dsp3/src/zhao_attr_mul72x13_dsp3.sv Line: 23
    Info (15718): Pin "in_a_i[7]" is virtual input pin File: C:/Users/Fabs/AppData/Local/Temp/zhao-block-fit-7608-639251005150838516/zhao_attr_mul72x13_dsp3/src/zhao_attr_mul72x13_dsp3.sv Line: 23
    Info (15718): Pin "in_a_i[8]" is virtual input pin File: C:/Users/Fabs/AppData/Local/Temp/zhao-block-fit-7608-639251005150838516/zhao_attr_mul72x13_dsp3/src/zhao_attr_mul72x13_dsp3.sv Line: 23
    Info (15718): Pin "in_a_i[9]" is virtual input pin File: C:/Users/Fabs/AppData/Local/Temp/zhao-block-fit-7608-639251005150838516/zhao_attr_mul72x13_dsp3/src/zhao_attr_mul72x13_dsp3.sv Line: 23
    Info (15718): Pin "in_a_i[10]" is virtual input pin File: C:/Users/Fabs/AppData/Local/Temp/zhao-block-fit-7608-639251005150838516/zhao_attr_mul72x13_dsp3/src/zhao_attr_mul72x13_dsp3.sv Line: 23
    Info (15718): Pin "in_a_i[11]" is virtual input pin File: C:/Users/Fabs/AppData/Local/Temp/zhao-block-fit-7608-639251005150838516/zhao_attr_mul72x13_dsp3/src/zhao_attr_mul72x13_dsp3.sv Line: 23
    Info (15718): Pin "in_a_i[12]" is virtual input pin File: C:/Users/Fabs/AppData/Local/Temp/zhao-block-fit-7608-639251005150838516/zhao_attr_mul72x13_dsp3/src/zhao_attr_mul72x13_dsp3.sv Line: 23
    Info (15718): Pin "in_a_i[13]" is virtual input pin File: C:/Users/Fabs/AppData/Local/Temp/zhao-block-fit-7608-639251005150838516/zhao_attr_mul72x13_dsp3/src/zhao_attr_mul72x13_dsp3.sv Line: 23
    Info (15718): Pin "in_a_i[14]" is virtual input pin File: C:/Users/Fabs/AppData/Local/Temp/zhao-block-fit-7608-639251005150838516/zhao_attr_mul72x13_dsp3/src/zhao_attr_mul72x13_dsp3.sv Line: 23
    Info (15718): Pin "in_a_i[15]" is virtual input pin File: C:/Users/Fabs/AppData/Local/Temp/zhao-block-fit-7608-639251005150838516/zhao_attr_mul72x13_dsp3/src/zhao_attr_mul72x13_dsp3.sv Line: 23
    Info (15718): Pin "in_a_i[16]" is virtual input pin File: C:/Users/Fabs/AppData/Local/Temp/zhao-block-fit-7608-639251005150838516/zhao_attr_mul72x13_dsp3/src/zhao_attr_mul72x13_dsp3.sv Line: 23
    Info (15718): Pin "in_a_i[17]" is virtual input pin File: C:/Users/Fabs/AppData/Local/Temp/zhao-block-fit-7608-639251005150838516/zhao_attr_mul72x13_dsp3/src/zhao_attr_mul72x13_dsp3.sv Line: 23
    Info (15718): Pin "in_a_i[18]" is virtual input pin File: C:/Users/Fabs/AppData/Local/Temp/zhao-block-fit-7608-639251005150838516/zhao_attr_mul72x13_dsp3/src/zhao_attr_mul72x13_dsp3.sv Line: 23
    Info (15718): Pin "in_a_i[19]" is virtual input pin File: C:/Users/Fabs/AppData/Local/Temp/zhao-block-fit-7608-639251005150838516/zhao_attr_mul72x13_dsp3/src/zhao_attr_mul72x13_dsp3.sv Line: 23
    Info (15718): Pin "in_a_i[20]" is virtual input pin File: C:/Users/Fabs/AppData/Local/Temp/zhao-block-fit-7608-639251005150838516/zhao_attr_mul72x13_dsp3/src/zhao_attr_mul72x13_dsp3.sv Line: 23
    Info (15718): Pin "in_a_i[21]" is virtual input pin File: C:/Users/Fabs/AppData/Local/Temp/zhao-block-fit-7608-639251005150838516/zhao_attr_mul72x13_dsp3/src/zhao_attr_mul72x13_dsp3.sv Line: 23
    Info (15718): Pin "in_a_i[22]" is virtual input pin File: C:/Users/Fabs/AppData/Local/Temp/zhao-block-fit-7608-639251005150838516/zhao_attr_mul72x13_dsp3/src/zhao_attr_mul72x13_dsp3.sv Line: 23
    Info (15718): Pin "in_a_i[23]" is virtual input pin File: C:/Users/Fabs/AppData/Local/Temp/zhao-block-fit-7608-639251005150838516/zhao_attr_mul72x13_dsp3/src/zhao_attr_mul72x13_dsp3.sv Line: 23
    Info (15718): Pin "in_a_i[24]" is virtual input pin File: C:/Users/Fabs/AppData/Local/Temp/zhao-block-fit-7608-639251005150838516/zhao_attr_mul72x13_dsp3/src/zhao_attr_mul72x13_dsp3.sv Line: 23
    Info (15718): Pin "in_a_i[25]" is virtual input pin File: C:/Users/Fabs/AppData/Local/Temp/zhao-block-fit-7608-639251005150838516/zhao_attr_mul72x13_dsp3/src/zhao_attr_mul72x13_dsp3.sv Line: 23
    Info (15718): Pin "in_a_i[26]" is virtual input pin File: C:/Users/Fabs/AppData/Local/Temp/zhao-block-fit-7608-639251005150838516/zhao_attr_mul72x13_dsp3/src/zhao_attr_mul72x13_dsp3.sv Line: 23
    Info (15718): Pin "in_a_i[27]" is virtual input pin File: C:/Users/Fabs/AppData/Local/Temp/zhao-block-fit-7608-639251005150838516/zhao_attr_mul72x13_dsp3/src/zhao_attr_mul72x13_dsp3.sv Line: 23
    Info (15718): Pin "in_a_i[28]" is virtual input pin File: C:/Users/Fabs/AppData/Local/Temp/zhao-block-fit-7608-639251005150838516/zhao_attr_mul72x13_dsp3/src/zhao_attr_mul72x13_dsp3.sv Line: 23
    Info (15718): Pin "in_a_i[29]" is virtual input pin File: C:/Users/Fabs/AppData/Local/Temp/zhao-block-fit-7608-639251005150838516/zhao_attr_mul72x13_dsp3/src/zhao_attr_mul72x13_dsp3.sv Line: 23
    Info (15718): Pin "in_a_i[30]" is virtual input pin File: C:/Users/Fabs/AppData/Local/Temp/zhao-block-fit-7608-639251005150838516/zhao_attr_mul72x13_dsp3/src/zhao_attr_mul72x13_dsp3.sv Line: 23
    Info (15718): Pin "in_a_i[31]" is virtual input pin File: C:/Users/Fabs/AppData/Local/Temp/zhao-block-fit-7608-639251005150838516/zhao_attr_mul72x13_dsp3/src/zhao_attr_mul72x13_dsp3.sv Line: 23
    Info (15718): Pin "in_a_i[32]" is virtual input pin File: C:/Users/Fabs/AppData/Local/Temp/zhao-block-fit-7608-639251005150838516/zhao_attr_mul72x13_dsp3/src/zhao_attr_mul72x13_dsp3.sv Line: 23
    Info (15718): Pin "in_a_i[33]" is virtual input pin File: C:/Users/Fabs/AppData/Local/Temp/zhao-block-fit-7608-639251005150838516/zhao_attr_mul72x13_dsp3/src/zhao_attr_mul72x13_dsp3.sv Line: 23
    Info (15718): Pin "in_a_i[34]" is virtual input pin File: C:/Users/Fabs/AppData/Local/Temp/zhao-block-fit-7608-639251005150838516/zhao_attr_mul72x13_dsp3/src/zhao_attr_mul72x13_dsp3.sv Line: 23
    Info (15718): Pin "in_a_i[35]" is virtual input pin File: C:/Users/Fabs/AppData/Local/Temp/zhao-block-fit-7608-639251005150838516/zhao_attr_mul72x13_dsp3/src/zhao_attr_mul72x13_dsp3.sv Line: 23
    Info (15718): Pin "in_a_i[36]" is virtual input pin File: C:/Users/Fabs/AppData/Local/Temp/zhao-block-fit-7608-639251005150838516/zhao_attr_mul72x13_dsp3/src/zhao_attr_mul72x13_dsp3.sv Line: 23
    Info (15718): Pin "in_a_i[37]" is virtual input pin File: C:/Users/Fabs/AppData/Local/Temp/zhao-block-fit-7608-639251005150838516/zhao_attr_mul72x13_dsp3/src/zhao_attr_mul72x13_dsp3.sv Line: 23
    Info (15718): Pin "in_a_i[38]" is virtual input pin File: C:/Users/Fabs/AppData/Local/Temp/zhao-block-fit-7608-639251005150838516/zhao_attr_mul72x13_dsp3/src/zhao_attr_mul72x13_dsp3.sv Line: 23
    Info (15718): Pin "in_a_i[39]" is virtual input pin File: C:/Users/Fabs/AppData/Local/Temp/zhao-block-fit-7608-639251005150838516/zhao_attr_mul72x13_dsp3/src/zhao_attr_mul72x13_dsp3.sv Line: 23
    Info (15718): Pin "in_a_i[40]" is virtual input pin File: C:/Users/Fabs/AppData/Local/Temp/zhao-block-fit-7608-639251005150838516/zhao_attr_mul72x13_dsp3/src/zhao_attr_mul72x13_dsp3.sv Line: 23
    Info (15718): Pin "in_a_i[41]" is virtual input pin File: C:/Users/Fabs/AppData/Local/Temp/zhao-block-fit-7608-639251005150838516/zhao_attr_mul72x13_dsp3/src/zhao_attr_mul72x13_dsp3.sv Line: 23
    Info (15718): Pin "in_a_i[42]" is virtual input pin File: C:/Users/Fabs/AppData/Local/Temp/zhao-block-fit-7608-639251005150838516/zhao_attr_mul72x13_dsp3/src/zhao_attr_mul72x13_dsp3.sv Line: 23
    Info (15718): Pin "in_a_i[43]" is virtual input pin File: C:/Users/Fabs/AppData/Local/Temp/zhao-block-fit-7608-639251005150838516/zhao_attr_mul72x13_dsp3/src/zhao_attr_mul72x13_dsp3.sv Line: 23
    Info (15718): Pin "in_a_i[44]" is virtual input pin File: C:/Users/Fabs/AppData/Local/Temp/zhao-block-fit-7608-639251005150838516/zhao_attr_mul72x13_dsp3/src/zhao_attr_mul72x13_dsp3.sv Line: 23
    Info (15718): Pin "in_a_i[45]" is virtual input pin File: C:/Users/Fabs/AppData/Local/Temp/zhao-block-fit-7608-639251005150838516/zhao_attr_mul72x13_dsp3/src/zhao_attr_mul72x13_dsp3.sv Line: 23
    Info (15718): Pin "in_a_i[46]" is virtual input pin File: C:/Users/Fabs/AppData/Local/Temp/zhao-block-fit-7608-639251005150838516/zhao_attr_mul72x13_dsp3/src/zhao_attr_mul72x13_dsp3.sv Line: 23
    Info (15718): Pin "in_a_i[47]" is virtual input pin File: C:/Users/Fabs/AppData/Local/Temp/zhao-block-fit-7608-639251005150838516/zhao_attr_mul72x13_dsp3/src/zhao_attr_mul72x13_dsp3.sv Line: 23
    Info (15718): Pin "in_a_i[48]" is virtual input pin File: C:/Users/Fabs/AppData/Local/Temp/zhao-block-fit-7608-639251005150838516/zhao_attr_mul72x13_dsp3/src/zhao_attr_mul72x13_dsp3.sv Line: 23
    Info (15718): Pin "in_a_i[49]" is virtual input pin File: C:/Users/Fabs/AppData/Local/Temp/zhao-block-fit-7608-639251005150838516/zhao_attr_mul72x13_dsp3/src/zhao_attr_mul72x13_dsp3.sv Line: 23
    Info (15718): Pin "in_a_i[50]" is virtual input pin File: C:/Users/Fabs/AppData/Local/Temp/zhao-block-fit-7608-639251005150838516/zhao_attr_mul72x13_dsp3/src/zhao_attr_mul72x13_dsp3.sv Line: 23
    Info (15718): Pin "in_a_i[51]" is virtual input pin File: C:/Users/Fabs/AppData/Local/Temp/zhao-block-fit-7608-639251005150838516/zhao_attr_mul72x13_dsp3/src/zhao_attr_mul72x13_dsp3.sv Line: 23
    Info (15718): Pin "in_a_i[52]" is virtual input pin File: C:/Users/Fabs/AppData/Local/Temp/zhao-block-fit-7608-639251005150838516/zhao_attr_mul72x13_dsp3/src/zhao_attr_mul72x13_dsp3.sv Line: 23
    Info (15718): Pin "in_a_i[53]" is virtual input pin File: C:/Users/Fabs/AppData/Local/Temp/zhao-block-fit-7608-639251005150838516/zhao_attr_mul72x13_dsp3/src/zhao_attr_mul72x13_dsp3.sv Line: 23
    Info (15718): Pin "in_a_i[54]" is virtual input pin File: C:/Users/Fabs/AppData/Local/Temp/zhao-block-fit-7608-639251005150838516/zhao_attr_mul72x13_dsp3/src/zhao_attr_mul72x13_dsp3.sv Line: 23
    Info (15718): Pin "in_a_i[55]" is virtual input pin File: C:/Users/Fabs/AppData/Local/Temp/zhao-block-fit-7608-639251005150838516/zhao_attr_mul72x13_dsp3/src/zhao_attr_mul72x13_dsp3.sv Line: 23
    Info (15718): Pin "in_a_i[56]" is virtual input pin File: C:/Users/Fabs/AppData/Local/Temp/zhao-block-fit-7608-639251005150838516/zhao_attr_mul72x13_dsp3/src/zhao_attr_mul72x13_dsp3.sv Line: 23
    Info (15718): Pin "in_a_i[57]" is virtual input pin File: C:/Users/Fabs/AppData/Local/Temp/zhao-block-fit-7608-639251005150838516/zhao_attr_mul72x13_dsp3/src/zhao_attr_mul72x13_dsp3.sv Line: 23
    Info (15718): Pin "in_a_i[58]" is virtual input pin File: C:/Users/Fabs/AppData/Local/Temp/zhao-block-fit-7608-639251005150838516/zhao_attr_mul72x13_dsp3/src/zhao_attr_mul72x13_dsp3.sv Line: 23
    Info (15718): Pin "in_a_i[59]" is virtual input pin File: C:/Users/Fabs/AppData/Local/Temp/zhao-block-fit-7608-639251005150838516/zhao_attr_mul72x13_dsp3/src/zhao_attr_mul72x13_dsp3.sv Line: 23
    Info (15718): Pin "in_a_i[60]" is virtual input pin File: C:/Users/Fabs/AppData/Local/Temp/zhao-block-fit-7608-639251005150838516/zhao_attr_mul72x13_dsp3/src/zhao_attr_mul72x13_dsp3.sv Line: 23
    Info (15718): Pin "in_a_i[61]" is virtual input pin File: C:/Users/Fabs/AppData/Local/Temp/zhao-block-fit-7608-639251005150838516/zhao_attr_mul72x13_dsp3/src/zhao_attr_mul72x13_dsp3.sv Line: 23
    Info (15718): Pin "in_a_i[62]" is virtual input pin File: C:/Users/Fabs/AppData/Local/Temp/zhao-block-fit-7608-639251005150838516/zhao_attr_mul72x13_dsp3/src/zhao_attr_mul72x13_dsp3.sv Line: 23
    Info (15718): Pin "in_a_i[63]" is virtual input pin File: C:/Users/Fabs/AppData/Local/Temp/zhao-block-fit-7608-639251005150838516/zhao_attr_mul72x13_dsp3/src/zhao_attr_mul72x13_dsp3.sv Line: 23
    Info (15718): Pin "in_a_i[64]" is virtual input pin File: C:/Users/Fabs/AppData/Local/Temp/zhao-block-fit-7608-639251005150838516/zhao_attr_mul72x13_dsp3/src/zhao_attr_mul72x13_dsp3.sv Line: 23
    Info (15718): Pin "in_a_i[65]" is virtual input pin File: C:/Users/Fabs/AppData/Local/Temp/zhao-block-fit-7608-639251005150838516/zhao_attr_mul72x13_dsp3/src/zhao_attr_mul72x13_dsp3.sv Line: 23
    Info (15718): Pin "in_a_i[66]" is virtual input pin File: C:/Users/Fabs/AppData/Local/Temp/zhao-block-fit-7608-639251005150838516/zhao_attr_mul72x13_dsp3/src/zhao_attr_mul72x13_dsp3.sv Line: 23
    Info (15718): Pin "in_a_i[67]" is virtual input pin File: C:/Users/Fabs/AppData/Local/Temp/zhao-block-fit-7608-639251005150838516/zhao_attr_mul72x13_dsp3/src/zhao_attr_mul72x13_dsp3.sv Line: 23
    Info (15718): Pin "in_a_i[68]" is virtual input pin File: C:/Users/Fabs/AppData/Local/Temp/zhao-block-fit-7608-639251005150838516/zhao_attr_mul72x13_dsp3/src/zhao_attr_mul72x13_dsp3.sv Line: 23
    Info (15718): Pin "in_a_i[69]" is virtual input pin File: C:/Users/Fabs/AppData/Local/Temp/zhao-block-fit-7608-639251005150838516/zhao_attr_mul72x13_dsp3/src/zhao_attr_mul72x13_dsp3.sv Line: 23
    Info (15718): Pin "in_a_i[70]" is virtual input pin File: C:/Users/Fabs/AppData/Local/Temp/zhao-block-fit-7608-639251005150838516/zhao_attr_mul72x13_dsp3/src/zhao_attr_mul72x13_dsp3.sv Line: 23
    Info (15718): Pin "in_a_i[71]" is virtual input pin File: C:/Users/Fabs/AppData/Local/Temp/zhao-block-fit-7608-639251005150838516/zhao_attr_mul72x13_dsp3/src/zhao_attr_mul72x13_dsp3.sv Line: 23
Warning (15752): Ignored 388 Virtual Pin logic option assignments
    Warning (15720): Ignored Virtual Pin assignment to node "Add0~1"
    Warning (15720): Ignored Virtual Pin assignment to node "Add0~5"
    Warning (15720): Ignored Virtual Pin assignment to node "Add0~9"
    Warning (15720): Ignored Virtual Pin assignment to node "Add0~13"
    Warning (15720): Ignored Virtual Pin assignment to node "Add0~17"
    Warning (15720): Ignored Virtual Pin assignment to node "Add0~21"
    Warning (15720): Ignored Virtual Pin assignment to node "Add0~25"
    Warning (15720): Ignored Virtual Pin assignment to node "Add0~29"
    Warning (15720): Ignored Virtual Pin assignment to node "Add0~33"
    Warning (15720): Ignored Virtual Pin assignment to node "Add0~37"
    Warning (15720): Ignored Virtual Pin assignment to node "Add0~41"
    Warning (15720): Ignored Virtual Pin assignment to node "Add0~45"
    Warning (15720): Ignored Virtual Pin assignment to node "Add0~49"
    Warning (15720): Ignored Virtual Pin assignment to node "Add0~53"
    Warning (15720): Ignored Virtual Pin assignment to node "Add0~57"
    Warning (15720): Ignored Virtual Pin assignment to node "Add0~61"
    Warning (15720): Ignored Virtual Pin assignment to node "Add0~65"
    Warning (15720): Ignored Virtual Pin assignment to node "Add0~69"
    Warning (15720): Ignored Virtual Pin assignment to node "Add0~73"
    Warning (15720): Ignored Virtual Pin assignment to node "Add0~77"
    Warning (15720): Ignored Virtual Pin assignment to node "Add0~81"
    Warning (15720): Ignored Virtual Pin assignment to node "Add0~85"
    Warning (15720): Ignored Virtual Pin assignment to node "Add0~89"
    Warning (15720): Ignored Virtual Pin assignment to node "Add0~93"
    Warning (15720): Ignored Virtual Pin assignment to node "Add0~97"
    Warning (15720): Ignored Virtual Pin assignment to node "Add0~101"
    Warning (15720): Ignored Virtual Pin assignment to node "Add0~105"
    Warning (15720): Ignored Virtual Pin assignment to node "Add0~109"
    Warning (15720): Ignored Virtual Pin assignment to node "Add0~113"
    Warning (15720): Ignored Virtual Pin assignment to node "Add0~117"
    Warning (15720): Ignored Virtual Pin assignment to node "Add0~121"
    Warning (15720): Ignored Virtual Pin assignment to node "Add0~125"
    Warning (15720): Ignored Virtual Pin assignment to node "Add0~129"
    Warning (15720): Ignored Virtual Pin assignment to node "Add0~133"
    Warning (15720): Ignored Virtual Pin assignment to node "Add0~137"
    Warning (15720): Ignored Virtual Pin assignment to node "Add0~141"
    Warning (15720): Ignored Virtual Pin assignment to node "Add0~145"
    Warning (15720): Ignored Virtual Pin assignment to node "Add1~1"
    Warning (15720): Ignored Virtual Pin assignment to node "Add1~5"
    Warning (15720): Ignored Virtual Pin assignment to node "Add1~9"
    Warning (15720): Ignored Virtual Pin assignment to node "Add1~13"
    Warning (15720): Ignored Virtual Pin assignment to node "Add1~17"
    Warning (15720): Ignored Virtual Pin assignment to node "Add1~21"
    Warning (15720): Ignored Virtual Pin assignment to node "Add1~25"
    Warning (15720): Ignored Virtual Pin assignment to node "Add1~29"
    Warning (15720): Ignored Virtual Pin assignment to node "Add1~33"
    Warning (15720): Ignored Virtual Pin assignment to node "Add1~37"
    Warning (15720): Ignored Virtual Pin assignment to node "Add1~41"
    Warning (15720): Ignored Virtual Pin assignment to node "Add1~45"
    Warning (15720): Ignored Virtual Pin assignment to node "Add1~49"
    Warning (15720): Ignored Virtual Pin assignment to node "Add1~53"
    Warning (15720): Ignored Virtual Pin assignment to node "Add1~57"
    Warning (15720): Ignored Virtual Pin assignment to node "Add1~61"
    Warning (15720): Ignored Virtual Pin assignment to node "Add1~65"
    Warning (15720): Ignored Virtual Pin assignment to node "Add1~69"
    Warning (15720): Ignored Virtual Pin assignment to node "Add1~73"
    Warning (15720): Ignored Virtual Pin assignment to node "Add1~77"
    Warning (15720): Ignored Virtual Pin assignment to node "Add1~81"
    Warning (15720): Ignored Virtual Pin assignment to node "Add1~85"
    Warning (15720): Ignored Virtual Pin assignment to node "Add1~89"
    Warning (15720): Ignored Virtual Pin assignment to node "Add1~93"
    Warning (15720): Ignored Virtual Pin assignment to node "zhao_mul27_exact:u_p0|Mult0~mac"
    Warning (15720): Ignored Virtual Pin assignment to node "Add1~97"
    Warning (15720): Ignored Virtual Pin assignment to node "Add1~101"
    Warning (15720): Ignored Virtual Pin assignment to node "Add1~105"
    Warning (15720): Ignored Virtual Pin assignment to node "Add1~109"
    Warning (15720): Ignored Virtual Pin assignment to node "Add1~113"
    Warning (15720): Ignored Virtual Pin assignment to node "Add1~117"
    Warning (15720): Ignored Virtual Pin assignment to node "Add1~121"
    Warning (15720): Ignored Virtual Pin assignment to node "Add1~125"
    Warning (15720): Ignored Virtual Pin assignment to node "Add1~129"
    Warning (15720): Ignored Virtual Pin assignment to node "Add1~133"
    Warning (15720): Ignored Virtual Pin assignment to node "Add1~137"
    Warning (15720): Ignored Virtual Pin assignment to node "Add1~141"
    Warning (15720): Ignored Virtual Pin assignment to node "Add1~145"
    Warning (15720): Ignored Virtual Pin assignment to node "Add1~149"
    Warning (15720): Ignored Virtual Pin assignment to node "zhao_mul27_exact:u_p1|Mult0~mac"
    Warning (15720): Ignored Virtual Pin assignment to node "zhao_mul27_exact:u_ph|Mult0~mac"
    Warning (15720): Ignored Virtual Pin assignment to node "v2_q"
    Warning (15720): Ignored Virtual Pin assignment to node "op2_q[0]"
    Warning (15720): Ignored Virtual Pin assignment to node "op2_q[1]"
    Warning (15720): Ignored Virtual Pin assignment to node "product_q[0]"
    Warning (15720): Ignored Virtual Pin assignment to node "product_q[1]"
    Warning (15720): Ignored Virtual Pin assignment to node "product_q[2]"
    Warning (15720): Ignored Virtual Pin assignment to node "product_q[3]"
    Warning (15720): Ignored Virtual Pin assignment to node "product_q[4]"
    Warning (15720): Ignored Virtual Pin assignment to node "product_q[5]"
    Warning (15720): Ignored Virtual Pin assignment to node "product_q[6]"
    Warning (15720): Ignored Virtual Pin assignment to node "product_q[7]"
    Warning (15720): Ignored Virtual Pin assignment to node "product_q[8]"
    Warning (15720): Ignored Virtual Pin assignment to node "product_q[9]"
    Warning (15720): Ignored Virtual Pin assignment to node "product_q[10]"
    Warning (15720): Ignored Virtual Pin assignment to node "product_q[11]"
    Warning (15720): Ignored Virtual Pin assignment to node "product_q[12]"
    Warning (15720): Ignored Virtual Pin assignment to node "product_q[13]"
    Warning (15720): Ignored Virtual Pin assignment to node "product_q[14]"
    Warning (15720): Ignored Virtual Pin assignment to node "product_q[15]"
    Warning (15720): Ignored Virtual Pin assignment to node "product_q[16]"
    Warning (15720): Ignored Virtual Pin assignment to node "product_q[17]"
    Warning (15720): Ignored Virtual Pin assignment to node "product_q[18]"
    Warning (15720): Ignored Virtual Pin assignment to node "product_q[19]"
    Warning (15720): Ignored Virtual Pin assignment to node "product_q[20]"
    Warning (15720): Ignored Virtual Pin assignment to node "product_q[21]"
    Warning (15720): Ignored Virtual Pin assignment to node "product_q[22]"
    Warning (15720): Ignored Virtual Pin assignment to node "product_q[23]"
    Warning (15720): Ignored Virtual Pin assignment to node "product_q[24]"
    Warning (15720): Ignored Virtual Pin assignment to node "product_q[25]"
    Warning (15720): Ignored Virtual Pin assignment to node "product_q[26]"
    Warning (15720): Ignored Virtual Pin assignment to node "product_q[27]"
    Warning (15720): Ignored Virtual Pin assignment to node "product_q[28]"
    Warning (15720): Ignored Virtual Pin assignment to node "product_q[29]"
    Warning (15720): Ignored Virtual Pin assignment to node "product_q[30]"
    Warning (15720): Ignored Virtual Pin assignment to node "product_q[31]"
    Warning (15720): Ignored Virtual Pin assignment to node "product_q[32]"
    Warning (15720): Ignored Virtual Pin assignment to node "product_q[33]"
    Warning (15720): Ignored Virtual Pin assignment to node "product_q[34]"
    Warning (15720): Ignored Virtual Pin assignment to node "product_q[35]"
    Warning (15720): Ignored Virtual Pin assignment to node "product_q[36]"
    Warning (15720): Ignored Virtual Pin assignment to node "product_q[37]"
    Warning (15720): Ignored Virtual Pin assignment to node "product_q[38]"
    Warning (15720): Ignored Virtual Pin assignment to node "product_q[39]"
    Warning (15720): Ignored Virtual Pin assignment to node "product_q[40]"
    Warning (15720): Ignored Virtual Pin assignment to node "product_q[41]"
    Warning (15720): Ignored Virtual Pin assignment to node "product_q[42]"
    Warning (15720): Ignored Virtual Pin assignment to node "product_q[43]"
    Warning (15720): Ignored Virtual Pin assignment to node "product_q[44]"
    Warning (15720): Ignored Virtual Pin assignment to node "product_q[45]"
    Warning (15720): Ignored Virtual Pin assignment to node "product_q[46]"
    Warning (15720): Ignored Virtual Pin assignment to node "product_q[47]"
    Warning (15720): Ignored Virtual Pin assignment to node "product_q[48]"
    Warning (15720): Ignored Virtual Pin assignment to node "product_q[49]"
    Warning (15720): Ignored Virtual Pin assignment to node "product_q[50]"
    Warning (15720): Ignored Virtual Pin assignment to node "product_q[51]"
    Warning (15720): Ignored Virtual Pin assignment to node "product_q[52]"
    Warning (15720): Ignored Virtual Pin assignment to node "product_q[53]"
    Warning (15720): Ignored Virtual Pin assignment to node "product_q[54]"
    Warning (15720): Ignored Virtual Pin assignment to node "product_q[55]"
    Warning (15720): Ignored Virtual Pin assignment to node "product_q[56]"
    Warning (15720): Ignored Virtual Pin assignment to node "product_q[57]"
    Warning (15720): Ignored Virtual Pin assignment to node "product_q[58]"
    Warning (15720): Ignored Virtual Pin assignment to node "product_q[59]"
    Warning (15720): Ignored Virtual Pin assignment to node "product_q[60]"
    Warning (15720): Ignored Virtual Pin assignment to node "product_q[61]"
    Warning (15720): Ignored Virtual Pin assignment to node "product_q[62]"
    Warning (15720): Ignored Virtual Pin assignment to node "product_q[63]"
    Warning (15720): Ignored Virtual Pin assignment to node "product_q[64]"
    Warning (15720): Ignored Virtual Pin assignment to node "product_q[65]"
    Warning (15720): Ignored Virtual Pin assignment to node "product_q[66]"
    Warning (15720): Ignored Virtual Pin assignment to node "product_q[67]"
    Warning (15720): Ignored Virtual Pin assignment to node "product_q[68]"
    Warning (15720): Ignored Virtual Pin assignment to node "product_q[69]"
    Warning (15720): Ignored Virtual Pin assignment to node "product_q[70]"
    Warning (15720): Ignored Virtual Pin assignment to node "product_q[71]"
    Warning (15720): Ignored Virtual Pin assignment to node "product_q[72]"
    Warning (15720): Ignored Virtual Pin assignment to node "product_q[73]"
    Warning (15720): Ignored Virtual Pin assignment to node "product_q[74]"
    Warning (15720): Ignored Virtual Pin assignment to node "product_q[75]"
    Warning (15720): Ignored Virtual Pin assignment to node "product_q[76]"
    Warning (15720): Ignored Virtual Pin assignment to node "product_q[77]"
    Warning (15720): Ignored Virtual Pin assignment to node "product_q[78]"
    Warning (15720): Ignored Virtual Pin assignment to node "product_q[79]"
    Warning (15720): Ignored Virtual Pin assignment to node "product_q[80]"
    Warning (15720): Ignored Virtual Pin assignment to node "product_q[81]"
    Warning (15720): Ignored Virtual Pin assignment to node "product_q[82]"
    Warning (15720): Ignored Virtual Pin assignment to node "product_q[83]"
    Warning (15720): Ignored Virtual Pin assignment to node "product_q[84]"
    Warning (15720): Ignored Virtual Pin assignment to node "v0_q"
    Warning (15720): Ignored Virtual Pin assignment to node "v1_q"
    Warning (15720): Ignored Virtual Pin assignment to node "idle_o~0"
    Warning (15720): Ignored Virtual Pin assignment to node "op1_q[0]"
    Warning (15720): Ignored Virtual Pin assignment to node "op2_q[0]~0"
    Warning (15720): Ignored Virtual Pin assignment to node "op1_q[1]"
    Warning (15720): Ignored Virtual Pin assignment to node "s01_q[0]"
    Warning (15720): Ignored Virtual Pin assignment to node "s01_q[1]"
    Warning (15720): Ignored Virtual Pin assignment to node "s01_q[2]"
    Warning (15720): Ignored Virtual Pin assignment to node "s01_q[3]"
    Warning (15720): Ignored Virtual Pin assignment to node "s01_q[4]"
    Warning (15720): Ignored Virtual Pin assignment to node "s01_q[5]"
    Warning (15720): Ignored Virtual Pin assignment to node "s01_q[6]"
    Warning (15720): Ignored Virtual Pin assignment to node "s01_q[7]"
    Warning (15720): Ignored Virtual Pin assignment to node "s01_q[8]"
    Warning (15720): Ignored Virtual Pin assignment to node "s01_q[9]"
    Warning (15720): Ignored Virtual Pin assignment to node "s01_q[10]"
    Warning (15720): Ignored Virtual Pin assignment to node "s01_q[11]"
    Warning (15720): Ignored Virtual Pin assignment to node "s01_q[12]"
    Warning (15720): Ignored Virtual Pin assignment to node "s01_q[13]"
    Warning (15720): Ignored Virtual Pin assignment to node "s01_q[14]"
    Warning (15720): Ignored Virtual Pin assignment to node "s01_q[15]"
    Warning (15720): Ignored Virtual Pin assignment to node "s01_q[16]"
    Warning (15720): Ignored Virtual Pin assignment to node "s01_q[17]"
    Warning (15720): Ignored Virtual Pin assignment to node "s01_q[18]"
    Warning (15720): Ignored Virtual Pin assignment to node "s01_q[19]"
    Warning (15720): Ignored Virtual Pin assignment to node "s01_q[20]"
    Warning (15720): Ignored Virtual Pin assignment to node "s01_q[21]"
    Warning (15720): Ignored Virtual Pin assignment to node "s01_q[22]"
    Warning (15720): Ignored Virtual Pin assignment to node "s01_q[23]"
    Warning (15720): Ignored Virtual Pin assignment to node "s01_q[24]"
    Warning (15720): Ignored Virtual Pin assignment to node "s01_q[25]"
    Warning (15720): Ignored Virtual Pin assignment to node "s01_q[26]"
    Warning (15720): Ignored Virtual Pin assignment to node "s01_q[27]"
    Warning (15720): Ignored Virtual Pin assignment to node "s01_q[28]"
    Warning (15720): Ignored Virtual Pin assignment to node "s01_q[29]"
    Warning (15720): Ignored Virtual Pin assignment to node "s01_q[30]"
    Warning (15720): Ignored Virtual Pin assignment to node "s01_q[31]"
    Warning (15720): Ignored Virtual Pin assignment to node "s01_q[32]"
    Warning (15720): Ignored Virtual Pin assignment to node "s01_q[33]"
    Warning (15720): Ignored Virtual Pin assignment to node "s01_q[34]"
    Warning (15720): Ignored Virtual Pin assignment to node "s01_q[35]"
    Warning (15720): Ignored Virtual Pin assignment to node "s01_q[36]"
    Warning (15720): Ignored Virtual Pin assignment to node "s01_q[37]"
    Warning (15720): Ignored Virtual Pin assignment to node "s01_q[38]"
    Warning (15720): Ignored Virtual Pin assignment to node "s01_q[39]"
    Warning (15720): Ignored Virtual Pin assignment to node "s01_q[40]"
    Warning (15720): Ignored Virtual Pin assignment to node "s01_q[41]"
    Warning (15720): Ignored Virtual Pin assignment to node "s01_q[42]"
    Warning (15720): Ignored Virtual Pin assignment to node "s01_q[43]"
    Warning (15720): Ignored Virtual Pin assignment to node "s01_q[44]"
    Warning (15720): Ignored Virtual Pin assignment to node "s01_q[45]"
    Warning (15720): Ignored Virtual Pin assignment to node "s01_q[46]"
    Warning (15720): Ignored Virtual Pin assignment to node "s01_q[47]"
    Warning (15720): Ignored Virtual Pin assignment to node "op0_q[0]"
    Warning (15720): Ignored Virtual Pin assignment to node "op1_q[0]~0"
    Warning (15720): Ignored Virtual Pin assignment to node "op0_q[1]"
    Warning (15720): Ignored Virtual Pin assignment to node "p0_q[0]"
    Warning (15720): Ignored Virtual Pin assignment to node "p0_q[1]"
    Warning (15720): Ignored Virtual Pin assignment to node "p0_q[2]"
    Warning (15720): Ignored Virtual Pin assignment to node "p0_q[3]"
    Warning (15720): Ignored Virtual Pin assignment to node "p0_q[4]"
    Warning (15720): Ignored Virtual Pin assignment to node "p0_q[5]"
    Warning (15720): Ignored Virtual Pin assignment to node "p0_q[6]"
    Warning (15720): Ignored Virtual Pin assignment to node "p0_q[7]"
    Warning (15720): Ignored Virtual Pin assignment to node "p0_q[8]"
    Warning (15720): Ignored Virtual Pin assignment to node "p0_q[9]"
    Warning (15720): Ignored Virtual Pin assignment to node "p0_q[10]"
    Warning (15720): Ignored Virtual Pin assignment to node "p0_q[11]"
    Warning (15720): Ignored Virtual Pin assignment to node "p0_q[12]"
    Warning (15720): Ignored Virtual Pin assignment to node "p0_q[13]"
    Warning (15720): Ignored Virtual Pin assignment to node "p0_q[14]"
    Warning (15720): Ignored Virtual Pin assignment to node "p0_q[15]"
    Warning (15720): Ignored Virtual Pin assignment to node "p0_q[16]"
    Warning (15720): Ignored Virtual Pin assignment to node "p0_q[17]"
    Warning (15720): Ignored Virtual Pin assignment to node "p0_q[18]"
    Warning (15720): Ignored Virtual Pin assignment to node "p0_q[19]"
    Warning (15720): Ignored Virtual Pin assignment to node "p0_q[20]"
    Warning (15720): Ignored Virtual Pin assignment to node "p0_q[21]"
    Warning (15720): Ignored Virtual Pin assignment to node "p0_q[22]"
    Warning (15720): Ignored Virtual Pin assignment to node "p0_q[23]"
    Warning (15720): Ignored Virtual Pin assignment to node "ph1_q[0]"
    Warning (15720): Ignored Virtual Pin assignment to node "s01_q[48]"
    Warning (15720): Ignored Virtual Pin assignment to node "ph1_q[1]"
    Warning (15720): Ignored Virtual Pin assignment to node "s01_q[49]"
    Warning (15720): Ignored Virtual Pin assignment to node "ph1_q[2]"
    Warning (15720): Ignored Virtual Pin assignment to node "s01_q[50]"
    Warning (15720): Ignored Virtual Pin assignment to node "ph1_q[3]"
    Warning (15720): Ignored Virtual Pin assignment to node "s01_q[51]"
    Warning (15720): Ignored Virtual Pin assignment to node "ph1_q[4]"
    Warning (15720): Ignored Virtual Pin assignment to node "s01_q[52]"
    Warning (15720): Ignored Virtual Pin assignment to node "ph1_q[5]"
    Warning (15720): Ignored Virtual Pin assignment to node "s01_q[53]"
    Warning (15720): Ignored Virtual Pin assignment to node "ph1_q[6]"
    Warning (15720): Ignored Virtual Pin assignment to node "s01_q[54]"
    Warning (15720): Ignored Virtual Pin assignment to node "ph1_q[7]"
    Warning (15720): Ignored Virtual Pin assignment to node "s01_q[55]"
    Warning (15720): Ignored Virtual Pin assignment to node "ph1_q[8]"
    Warning (15720): Ignored Virtual Pin assignment to node "s01_q[56]"
    Warning (15720): Ignored Virtual Pin assignment to node "ph1_q[9]"
    Warning (15720): Ignored Virtual Pin assignment to node "s01_q[57]"
    Warning (15720): Ignored Virtual Pin assignment to node "ph1_q[10]"
    Warning (15720): Ignored Virtual Pin assignment to node "s01_q[58]"
    Warning (15720): Ignored Virtual Pin assignment to node "ph1_q[11]"
    Warning (15720): Ignored Virtual Pin assignment to node "s01_q[59]"
    Warning (15720): Ignored Virtual Pin assignment to node "ph1_q[12]"
    Warning (15720): Ignored Virtual Pin assignment to node "s01_q[60]"
    Warning (15720): Ignored Virtual Pin assignment to node "ph1_q[13]"
    Warning (15720): Ignored Virtual Pin assignment to node "s01_q[61]"
    Warning (15720): Ignored Virtual Pin assignment to node "ph1_q[14]"
    Warning (15720): Ignored Virtual Pin assignment to node "ph1_q[15]"
    Warning (15720): Ignored Virtual Pin assignment to node "ph1_q[16]"
    Warning (15720): Ignored Virtual Pin assignment to node "ph1_q[17]"
    Warning (15720): Ignored Virtual Pin assignment to node "ph1_q[18]"
    Warning (15720): Ignored Virtual Pin assignment to node "ph1_q[19]"
    Warning (15720): Ignored Virtual Pin assignment to node "ph1_q[20]"
    Warning (15720): Ignored Virtual Pin assignment to node "ph1_q[21]"
    Warning (15720): Ignored Virtual Pin assignment to node "ph1_q[22]"
    Warning (15720): Ignored Virtual Pin assignment to node "ph1_q[23]"
    Warning (15720): Ignored Virtual Pin assignment to node "ph1_q[24]"
    Warning (15720): Ignored Virtual Pin assignment to node "ph1_q[25]"
    Warning (15720): Ignored Virtual Pin assignment to node "ph1_q[26]"
    Warning (15720): Ignored Virtual Pin assignment to node "ph1_q[27]"
    Warning (15720): Ignored Virtual Pin assignment to node "ph1_q[28]"
    Warning (15720): Ignored Virtual Pin assignment to node "ph1_q[29]"
    Warning (15720): Ignored Virtual Pin assignment to node "ph1_q[30]"
    Warning (15720): Ignored Virtual Pin assignment to node "ph1_q[31]"
    Warning (15720): Ignored Virtual Pin assignment to node "ph1_q[32]"
    Warning (15720): Ignored Virtual Pin assignment to node "ph1_q[33]"
    Warning (15720): Ignored Virtual Pin assignment to node "ph1_q[34]"
    Warning (15720): Ignored Virtual Pin assignment to node "ph1_q[35]"
    Warning (15720): Ignored Virtual Pin assignment to node "ph1_q[36]"
    Warning (15720): Ignored Virtual Pin assignment to node "op0_q[0]~0"
    Warning (15720): Ignored Virtual Pin assignment to node "p1_q[0]"
    Warning (15720): Ignored Virtual Pin assignment to node "p0_q[24]"
    Warning (15720): Ignored Virtual Pin assignment to node "p1_q[1]"
    Warning (15720): Ignored Virtual Pin assignment to node "p0_q[25]"
    Warning (15720): Ignored Virtual Pin assignment to node "p1_q[2]"
    Warning (15720): Ignored Virtual Pin assignment to node "p0_q[26]"
    Warning (15720): Ignored Virtual Pin assignment to node "p1_q[3]"
    Warning (15720): Ignored Virtual Pin assignment to node "p0_q[27]"
    Warning (15720): Ignored Virtual Pin assignment to node "p1_q[4]"
    Warning (15720): Ignored Virtual Pin assignment to node "p0_q[28]"
    Warning (15720): Ignored Virtual Pin assignment to node "p1_q[5]"
    Warning (15720): Ignored Virtual Pin assignment to node "p0_q[29]"
    Warning (15720): Ignored Virtual Pin assignment to node "p1_q[6]"
    Warning (15720): Ignored Virtual Pin assignment to node "p0_q[30]"
    Warning (15720): Ignored Virtual Pin assignment to node "p1_q[7]"
    Warning (15720): Ignored Virtual Pin assignment to node "p0_q[31]"
    Warning (15720): Ignored Virtual Pin assignment to node "p1_q[8]"
    Warning (15720): Ignored Virtual Pin assignment to node "p0_q[32]"
    Warning (15720): Ignored Virtual Pin assignment to node "p1_q[9]"
    Warning (15720): Ignored Virtual Pin assignment to node "p0_q[33]"
    Warning (15720): Ignored Virtual Pin assignment to node "p1_q[10]"
    Warning (15720): Ignored Virtual Pin assignment to node "p0_q[34]"
    Warning (15720): Ignored Virtual Pin assignment to node "p1_q[11]"
    Warning (15720): Ignored Virtual Pin assignment to node "p0_q[35]"
    Warning (15720): Ignored Virtual Pin assignment to node "p1_q[12]"
    Warning (15720): Ignored Virtual Pin assignment to node "p0_q[36]"
    Warning (15720): Ignored Virtual Pin assignment to node "p1_q[13]"
    Warning (15720): Ignored Virtual Pin assignment to node "p0_q[37]"
    Warning (15720): Ignored Virtual Pin assignment to node "p1_q[14]"
    Warning (15720): Ignored Virtual Pin assignment to node "p1_q[15]"
    Warning (15720): Ignored Virtual Pin assignment to node "p1_q[16]"
    Warning (15720): Ignored Virtual Pin assignment to node "p1_q[17]"
    Warning (15720): Ignored Virtual Pin assignment to node "p1_q[18]"
    Warning (15720): Ignored Virtual Pin assignment to node "p1_q[19]"
    Warning (15720): Ignored Virtual Pin assignment to node "p1_q[20]"
    Warning (15720): Ignored Virtual Pin assignment to node "p1_q[21]"
    Warning (15720): Ignored Virtual Pin assignment to node "p1_q[22]"
    Warning (15720): Ignored Virtual Pin assignment to node "p1_q[23]"
    Warning (15720): Ignored Virtual Pin assignment to node "ph0_q[0]"
    Warning (15720): Ignored Virtual Pin assignment to node "ph0_q[1]"
    Warning (15720): Ignored Virtual Pin assignment to node "ph0_q[2]"
    Warning (15720): Ignored Virtual Pin assignment to node "ph0_q[3]"
    Warning (15720): Ignored Virtual Pin assignment to node "ph0_q[4]"
    Warning (15720): Ignored Virtual Pin assignment to node "ph0_q[5]"
    Warning (15720): Ignored Virtual Pin assignment to node "ph0_q[6]"
    Warning (15720): Ignored Virtual Pin assignment to node "ph0_q[7]"
    Warning (15720): Ignored Virtual Pin assignment to node "ph0_q[8]"
    Warning (15720): Ignored Virtual Pin assignment to node "ph0_q[9]"
    Warning (15720): Ignored Virtual Pin assignment to node "ph0_q[10]"
    Warning (15720): Ignored Virtual Pin assignment to node "ph0_q[11]"
    Warning (15720): Ignored Virtual Pin assignment to node "ph0_q[12]"
    Warning (15720): Ignored Virtual Pin assignment to node "ph0_q[13]"
    Warning (15720): Ignored Virtual Pin assignment to node "ph0_q[14]"
    Warning (15720): Ignored Virtual Pin assignment to node "ph0_q[15]"
    Warning (15720): Ignored Virtual Pin assignment to node "ph0_q[16]"
    Warning (15720): Ignored Virtual Pin assignment to node "ph0_q[17]"
    Warning (15720): Ignored Virtual Pin assignment to node "ph0_q[18]"
    Warning (15720): Ignored Virtual Pin assignment to node "ph0_q[19]"
    Warning (15720): Ignored Virtual Pin assignment to node "ph0_q[20]"
    Warning (15720): Ignored Virtual Pin assignment to node "ph0_q[21]"
    Warning (15720): Ignored Virtual Pin assignment to node "ph0_q[22]"
    Warning (15720): Ignored Virtual Pin assignment to node "ph0_q[23]"
    Warning (15720): Ignored Virtual Pin assignment to node "ph0_q[24]"
    Warning (15720): Ignored Virtual Pin assignment to node "ph0_q[25]"
    Warning (15720): Ignored Virtual Pin assignment to node "ph0_q[26]"
    Warning (15720): Ignored Virtual Pin assignment to node "ph0_q[27]"
    Warning (15720): Ignored Virtual Pin assignment to node "ph0_q[28]"
    Warning (15720): Ignored Virtual Pin assignment to node "ph0_q[29]"
    Warning (15720): Ignored Virtual Pin assignment to node "ph0_q[30]"
    Warning (15720): Ignored Virtual Pin assignment to node "ph0_q[31]"
    Warning (15720): Ignored Virtual Pin assignment to node "ph0_q[32]"
    Warning (15720): Ignored Virtual Pin assignment to node "ph0_q[33]"
    Warning (15720): Ignored Virtual Pin assignment to node "ph0_q[34]"
    Warning (15720): Ignored Virtual Pin assignment to node "ph0_q[35]"
    Warning (15720): Ignored Virtual Pin assignment to node "ph0_q[36]"
    Warning (15720): Ignored Virtual Pin assignment to node "p1_q[24]"
    Warning (15720): Ignored Virtual Pin assignment to node "p1_q[25]"
    Warning (15720): Ignored Virtual Pin assignment to node "p1_q[26]"
    Warning (15720): Ignored Virtual Pin assignment to node "p1_q[27]"
    Warning (15720): Ignored Virtual Pin assignment to node "p1_q[28]"
    Warning (15720): Ignored Virtual Pin assignment to node "p1_q[29]"
    Warning (15720): Ignored Virtual Pin assignment to node "p1_q[30]"
    Warning (15720): Ignored Virtual Pin assignment to node "p1_q[31]"
    Warning (15720): Ignored Virtual Pin assignment to node "p1_q[32]"
    Warning (15720): Ignored Virtual Pin assignment to node "p1_q[33]"
    Warning (15720): Ignored Virtual Pin assignment to node "p1_q[34]"
    Warning (15720): Ignored Virtual Pin assignment to node "p1_q[35]"
    Warning (15720): Ignored Virtual Pin assignment to node "p1_q[36]"
    Warning (15720): Ignored Virtual Pin assignment to node "p1_q[37]"
Info (21057): Implemented 490 device resources after synthesis - the final resource count might be different
    Info (21058): Implemented 0 input pins
    Info (21059): Implemented 0 output pins
    Info (21061): Implemented 487 logic cells
    Info (21062): Implemented 3 DSP elements
Info: Quartus Prime Analysis & Synthesis was successful. 0 errors, 393 warnings
    Info: Peak virtual memory: 4959 megabytes
    Info: Processing ended: Tue Sep 15 22:22:12 2026
    Info: Elapsed time: 00:00:16
    Info: Total CPU time (on all processors): 00:00:48
