Flow report for blockfit
Fri Sep 18 20:51:57 2026
Quartus Prime Version 17.0.2 Build 602 07/19/2017 SJ Lite Edition


---------------------
; Table of Contents ;
---------------------
  1. Legal Notice
  2. Flow Summary
  3. Flow Settings
  4. Flow Non-Default Global Settings
  5. Flow Elapsed Time
  6. Flow OS Summary
  7. Flow Log
  8. Flow Messages
  9. Flow Suppressed Messages



----------------
; Legal Notice ;
----------------
Copyright (C) 2017  Intel Corporation. All rights reserved.
Your use of Intel Corporation's design tools, logic functions 
and other software and tools, and its AMPP partner logic 
functions, and any output files from any of the foregoing 
(including device programming or simulation files), and any 
associated documentation or information are expressly subject 
to the terms and conditions of the Intel Program License 
Subscription Agreement, the Intel Quartus Prime License Agreement,
the Intel MegaCore Function License Agreement, or other 
applicable license agreement, including, without limitation, 
that your use is for the sole purpose of programming logic 
devices manufactured by Intel and sold by Intel or its 
authorized distributors.  Please refer to the applicable 
agreement for further details.



+-------------------------------------------------------------------------------+
; Flow Summary                                                                  ;
+---------------------------------+---------------------------------------------+
; Flow Status                     ; Successful - Fri Sep 18 20:51:44 2026       ;
; Quartus Prime Version           ; 17.0.2 Build 602 07/19/2017 SJ Lite Edition ;
; Revision Name                   ; blockfit                                    ;
; Top-level Entity Name           ; zhao_prod_top                               ;
; Family                          ; Cyclone V                                   ;
; Device                          ; 5CEBA9F31C7                                 ;
; Timing Models                   ; Final                                       ;
; Logic utilization (in ALMs)     ; N/A                                         ;
; Total registers                 ; 105881                                      ;
; Total pins                      ; 0                                           ;
; Total virtual pins              ; 4                                           ;
; Total block memory bits         ; 1,029,005                                   ;
; Total DSP Blocks                ; 297                                         ;
; Total HSSI RX PCSs              ; 0                                           ;
; Total HSSI PMA RX Deserializers ; 0                                           ;
; Total HSSI TX PCSs              ; 0                                           ;
; Total HSSI PMA TX Serializers   ; 0                                           ;
; Total PLLs                      ; 0                                           ;
; Total DLLs                      ; 0                                           ;
+---------------------------------+---------------------------------------------+


+-----------------------------------------+
; Flow Settings                           ;
+-------------------+---------------------+
; Option            ; Setting             ;
+-------------------+---------------------+
; Start date & time ; 09/18/2026 17:30:09 ;
; Main task         ; Compilation         ;
; Revision Name     ; blockfit            ;
+-------------------+---------------------+


+---------------------------------------------------------------------------------------------------------------+
; Flow Non-Default Global Settings                                                                              ;
+----------------------------------+---------------------------------+---------------+-------------+------------+
; Assignment Name                  ; Value                           ; Default Value ; Entity Name ; Section Id ;
+----------------------------------+---------------------------------+---------------+-------------+------------+
; COMPILER_SIGNATURE_ID            ; 128481674540011.178974540916944 ; --            ; --          ; --         ;
; FITTER_EFFORT                    ; Standard Fit                    ; Auto Fit      ; --          ; --         ;
; OPTIMIZATION_MODE                ; High Performance Effort         ; Balanced      ; --          ; --         ;
; PHYSICAL_SYNTHESIS_COMBO_LOGIC   ; On                              ; Off           ; --          ; --         ;
; PROJECT_OUTPUT_DIRECTORY         ; output_files                    ; --            ; --          ; --         ;
; ROUTER_TIMING_OPTIMIZATION_LEVEL ; MAXIMUM                         ; Normal        ; --          ; --         ;
; TOP_LEVEL_ENTITY                 ; zhao_prod_top                   ; blockfit      ; --          ; --         ;
; VERILOG_MACRO                    ; QUARTUS_SYNTHESIS=1             ; --            ; --          ; --         ;
; VERILOG_MACRO                    ; SYNTHESIS=1                     ; --            ; --          ; --         ;
+----------------------------------+---------------------------------+---------------+-------------+------------+


+--------------------------------------------------------------------------------------------------------------------------+
; Flow Elapsed Time                                                                                                        ;
+----------------------+--------------+-------------------------+---------------------+------------------------------------+
; Module Name          ; Elapsed Time ; Average Processors Used ; Peak Virtual Memory ; Total CPU Time (on all processors) ;
+----------------------+--------------+-------------------------+---------------------+------------------------------------+
; Analysis & Synthesis ; 03:20:16     ; 1.3                     ; 23405 MB            ; 08:27:18                           ;
; Total                ; 03:20:16     ; --                      ; --                  ; 08:27:18                           ;
+----------------------+--------------+-------------------------+---------------------+------------------------------------+


+------------------------------------------------------------------------------------+
; Flow OS Summary                                                                    ;
+----------------------+------------------+------------+------------+----------------+
; Module Name          ; Machine Hostname ; OS Name    ; OS Version ; Processor type ;
+----------------------+------------------+------------+------------+----------------+
; Analysis & Synthesis ; Zhaozhou         ; Windows 10 ; 10.0       ; x86_64         ;
+----------------------+------------------+------------+------------+----------------+


------------
; Flow Log ;
------------
quartus_map blockfit



