[FRDBG] vertices_o before=0 after_feed=56 (delta=56) of 128 offered
[FRDBG] first triangle emitted with vertices_o=128
[FRDBG] after job: vertices_o=128 (delta=128 of 128) triangles_o=43 jobs_o=1 index_oor=0 dq_refused=0 dq_stray=0 proj_stray=0
[forge_assemble_directed] full-range digest = 0xE40101F80AC8A21F over 43 triangles
[FR]  0 idx( 0, 1, 2) a(1000,2000) b(1007,2013) c(1014,2026) iw(16042833,16042131,16041429)
[FR]  1 idx( 3, 4, 5) a(1021,2039) b(1028,2052) c(1035,2065) iw(16040727,16040025,16039323)
[FR]  2 idx( 6, 7, 8) a(1042,2078) b(1049,2091) c(1056,2104) iw(16038621,16037919,16037217)
[FR]  3 idx( 9,10,11) a(1063,2117) b(1070,2130) c(1077,2143) iw(16036516,16035814,16035112)
[FR]  4 idx(12,13,14) a(1084,2156) b(1091,2169) c(1098,2182) iw(16034411,16033709,16033008)
[FR]  5 idx(15,16,17) a(1105,2195) b(1112,2208) c(1119,2221) iw(16032307,16031605,16030904)
[FR]  6 idx(18,19,20) a(1126,2234) b(1133,2247) c(1140,2260) iw(16030203,16029502,16028801)
[FR]  7 idx(21,22,23) a(1147,2273) b(1154,2286) c(1161,2299) iw(16028100,16027399,16026698)
[FR]  8 idx(24,25,26) a(1168,2312) b(1175,2325) c(1182,2338) iw(16025997,16025297,16024596)
[FR]  9 idx(27,28,29) a(1189,2351) b(1196,2364) c(1203,2377) iw(16023895,16023195,16022494)
[FR] 10 idx(30,31,32) a(1210,2390) b(1217,2403) c(1224,2416) iw(16021794,16021094,16020393)
[FR] 11 idx(33,34,35) a(1231,2429) b(1238,2442) c(1245,2455) iw(16019693,16018993,16018293)
[FR] 12 idx(36,37,38) a(1252,2468) b(1259,2481) c(1266,2494) iw(16017593,16016893,16016193)
[FR] 13 idx(39,40,41) a(1273,2507) b(1280,2520) c(1287,2533) iw(16015493,16014793,16014093)
[FR] 14 idx(42,43,44) a(1294,2546) b(1301,2559) c(1308,2572) iw(16013394,16012694,16011994)
[FR] 15 idx(45,46,47) a(1315,2585) b(1322,2598) c(1329,2611) iw(16011295,16010595,16009896)
[FR] 16 idx(48,49,50) a(1336,2624) b(1343,2637) c(1350,2650) iw(16009197,16008497,16007798)
[FR] 17 idx(51,52,53) a(1357,2663) b(1364,2676) c(1371,2689) iw(16007099,16006400,16005701)
[FR] 18 idx(54,55,56) a(1378,2702) b(1385,2715) c(1392,2728) iw(16005002,16004303,16003604)
[FR] 19 idx(57,58,59) a(1399,2741) b(1406,2754) c(1413,2767) iw(16002905,16002207,16001508)
[FR] 20 idx(60,61,62) a(1420,2780) b(1427,2793) c(1434,2806) iw(16000810,16000111,15999413)
[FR] 21 idx(63,64,65) a(1441,2819) b(1448,2832) c(1455,2845) iw(15998714,15998016,15997317)
[FR] 22 idx(66,67,68) a(1462,2858) b(1469,2871) c(1476,2884) iw(15996619,15995921,15995223)
[FR] 23 idx(69,70,71) a(1483,2897) b(1490,2910) c(1497,2923) iw(15994525,15993827,15993129)
[FR] 24 idx(72,73,74) a(1504,2936) b(1511,2949) c(1518,2962) iw(15992431,15991733,15991036)
[FR] 25 idx(75,76,77) a(1525,2975) b(1532,2988) c(1539,3001) iw(15990338,15989640,15988943)
[FR] 26 idx(78,79,80) a(1546,3014) b(1553,3027) c(1560,3040) iw(15988245,15987548,15986850)
[FR] 27 idx(81,82,83) a(1567,3053) b(1574,3066) c(1581,3079) iw(15986153,15985456,15984759)
[FR] 28 idx(84,85,86) a(1588,3092) b(1595,3105) c(1602,3118) iw(15984062,15983365,15982668)
[FR] 29 idx(87,88,89) a(1609,3131) b(1616,3144) c(1623,3157) iw(15981971,15981274,15980577)
[FR] 30 idx(90,91,92) a(1630,3170) b(1637,3183) c(1644,3196) iw(15979880,15979183,15978487)
[FR] 31 idx(93,94,95) a(1651,3209) b(1658,3222) c(1665,3235) iw(15977790,15977094,15976397)
[FR] 32 idx(96,97,98) a(1672,3248) b(1679,3261) c(1686,3274) iw(15975701,15975004,15974308)
[FR] 33 idx(99,100,101) a(1693,3287) b(1700,3300) c(1707,3313) iw(15973612,15972916,15972220)
[FR] 34 idx(102,103,104) a(1714,3326) b(1721,3339) c(1728,3352) iw(15971524,15970828,15970132)
[FR] 35 idx(105,106,107) a(1735,3365) b(1742,3378) c(1749,3391) iw(15969436,15968740,15968044)
[FR] 36 idx(108,109,110) a(1756,3404) b(1763,3417) c(1770,3430) iw(15967349,15966653,15965957)
[FR] 37 idx(111,112,113) a(1777,3443) b(1784,3456) c(1791,3469) iw(15965262,15964567,15963871)
[FR] 38 idx(114,115,116) a(1798,3482) b(1805,3495) c(1812,3508) iw(15963176,15962481,15961785)
[FR] 39 idx(117,118,119) a(1819,3521) b(1826,3534) c(1833,3547) iw(15961090,15960395,15959700)
[FR] 40 idx(120,121,122) a(1840,3560) b(1847,3573) c(1854,3586) iw(15959005,15958310,15957616)
[FR] 41 idx(123,124,125) a(1861,3599) b(1868,3612) c(1875,3625) iw(15956921,15956226,15955531)
[FR] 42 idx(127, 0,64) a(1889,3651) b(1000,2000) c(1448,2832) iw(15954142,16042833,15998016)
FAIL: THE GOLDEN DIFFERENTIAL: every coordinate and every canonical depth of every triangle across the whole store is BIT-IDENTICAL to the pre-conversion design: expected 0x1, got 0x0
FAIL: THE PRICE: the full-range walk still takes exactly the base commit's clock count -- the read register MOVED, it was not ADDED: expected 0x185, got 0x278
[forge_assemble_directed] 2/127 checks FAILED
