[forge_assemble_directed] full-range digest = 0xFC566C0EAFF41D0A over 22 triangles
[FR]  0 idx( 0, 1, 2) a(1000,2000) b(1007,2013) c(1014,2026) iw(16777215,16042131,16041429)
[FR]  1 idx( 3, 4, 5) a(1021,2039) b(1028,2052) c(1035,2065) iw(16040727,16040025,16039323)
[FR]  2 idx( 6, 7, 8) a(1042,2078) b(1049,2091) c(1056,2104) iw(16038621,16037919,16037217)
[FR]  3 idx( 9,10,11) a(1063,2117) b(1070,2130) c(1077,2143) iw(16036516,16035814,16035112)
[FR]  4 idx(12,13,14) a(1084,2156) b(1091,2169) c(1098,2182) iw(16034411,16033709,16033008)
[FR]  5 idx(15,16,17) a(1105,2195) b(1112,2208) c(1119,2221) iw(16032307,16031605,16030904)
[FR]  6 idx(18,19,20) a(1126,2234) b(1133,2247) c(1140,2260) iw(16030203,16029502,16028801)
[FR]  7 idx(21,22,23) a(1147,2273) b(1154,2286) c(1161,2299) iw(16028100,16027399,16026698)
[FR]  8 idx(24,25,26) a(1168,2312) b(1175,2325) c(1182,2338) iw(16025997,16025297,16024596)
[FR]  9 idx(27,28,29) a(1189,2351) b(1196,2364) c(1203,2377) iw(16023895,16023195,16022494)
[FR] 10 idx(30,31,32) a(1210,2390) b(1217,2403) c(1224,2416) iw(16021794,16021094,16020393)
[FR] 11 idx(33,34,35) a(1231,2429) b(1238,2442) c(1245,2455) iw(16019693,16018993,16018293)
[FR] 12 idx(36,37,38) a(1252,2468) b(1259,2481) c(1266,2494) iw(16017593,16016893,16016193)
[FR] 13 idx(39,40,41) a(1273,2507) b(1280,2520) c(1287,2533) iw(16015493,16014793,16014093)
[FR] 14 idx(42,43,44) a(1294,2546) b(1301,2559) c(1308,2572) iw(16013394,16012694,16011994)
[FR] 15 idx(45,46,47) a(1315,2585) b(1322,2598) c(1329,2611) iw(16011295,16010595,16009896)
[FR] 16 idx(48,49,50) a(1336,2624) b(1343,2637) c(1350,2650) iw(16009197,16008497,16007798)
[FR] 17 idx(51,52,53) a(1357,2663) b(1364,2676) c(1371,2689) iw(16007099,16006400,16005701)
[FR] 18 idx(54,55,56) a(1378,2702) b(1385,2715) c(1392,2728) iw(16005002,16004303,16003604)
[FR] 19 idx(57,58,59) a(1399,2741) b(1406,2754) c(1413,2767) iw(16002905,16002207,16001508)
[FR] 20 idx(60,61,62) a(1420,2780) b(1427,2793) c(1434,2806) iw(16000810,16000111,15999413)
[FR] 21 idx(63, 0,32) a(1441,2819) b(1000,2000) c(1224,2416) iw(15998714,16777215,16020393)
FAIL: THE GOLDEN DIFFERENTIAL: every coordinate and every canonical depth of every triangle across the whole store is BIT-IDENTICAL to the pre-conversion design: expected 0x1, got 0x0
[forge_assemble_directed] 1/127 checks FAILED
