MUTANT BUILD: zhao_console_core_slot_overflow_mutant, INVERTED POLARITY (passes when the counter fires)
closure: 282 RTL sources from fit_targets.yml
verilating
declared model units: 81
compiled 85 translation units
linked 85 objects
--- smoke run ---
[bl8-align] zhao_sdram_model instrumentation ACTIVE (R243 D-SDRAM-A step 0)
SMOKE: packet    records=13 command_bytes=656 pkt_len=696 setview=112
SMOKE: record    off=0 opcode=0001 record_bytes=32 lawful=32
SMOKE: record    off=32 opcode=f003 record_bytes=32 lawful=32
SMOKE: record    off=64 opcode=0020 record_bytes=48 lawful=48
SMOKE: record    off=112 opcode=0010 record_bytes=112 lawful=112
SMOKE: record    off=224 opcode=0030 record_bytes=48 lawful=48
SMOKE: record    off=272 opcode=0030 record_bytes=48 lawful=48
SMOKE: record    off=320 opcode=0030 record_bytes=48 lawful=48
SMOKE: record    off=368 opcode=0311 record_bytes=48 lawful=48
SMOKE: record    off=416 opcode=0040 record_bytes=32 lawful=32
SMOKE: record    off=448 opcode=0041 record_bytes=96 lawful=96
SMOKE: record    off=544 opcode=0303 record_bytes=48 lawful=48
SMOKE: record    off=592 opcode=0300 record_bytes=32 lawful=32
SMOKE: record    off=624 opcode=0002 record_bytes=32 lawful=32
SMOKE: terrcompose WAIT resident=0/3 after 400000 cycles | pl loaded=0 faulted=0 | mipfeed pages_mipped=0 | seq skipped=3 issued=0
SMOKE: post       frames=1 passes=1 src_reads=2880 src_px=92160 line_fill=92160 out=92160 fault=0 unowned=0 share_waits=1215 waited=0
SMOKE: post       lease busy 710340 gpu cycles, frame_end to last retired write-back word (contract: ~103,680 work items for Z60; ~461,000 = five passes)
SMOKE: post census sdram_busy=630720 (88%) bursts[e0 rd/wr, other]=[11520/23360, 17284] conflicts=14755 refresh_stalls=11076 share_reads_in_flight_clks=367134 fbw_px_stall=569972 src_starved=3338 src_blocked=560709
SMOKE: twod band  descs=0 admitted=0 refused_budget=0 desc_overflow=0 bands=68 px=0 clipped=0 oob=0 underrun=10 addr_mismatch=0 order_inv=0 tint_dropped=0 blend_dropped=0
SMOKE: echo       complete=1 torn=0 written=92160 dropped=0 fault=0
SMOKE: post       raster-overwritten=2560 (first drawn pixel 0x0000) | framebuffer after post differs in 0 word(s) | capture differs in 0 word(s)
SMOKE: gouraud    1062 of 2560 drawn word(s) carry a COLOUR (the rest are the tile clear) -- GEOM.LIGHT lit 24 vertex/vertices and GEOM.VATTR stored 48 colour(s)
SMOKE: look      looks=1 grade_entries=8 refused=0 overflow=0 | gain=5a bias=-256/37/255 flash=f81f amt=0 ink=07e0 grade=0 echo_arm=1
SMOKE: cycles=948677 frame_edges=3
SMOKE: particles  read=30 written=36 survivors=30 updated=30
SMOKE: particle->raster  projected=30 behind=30 ladder=30 expanded=0 | clipfeed particles=0 triangles=0 refused_range=0 stall_full=0 dq[refused/stray]=[0 0] | window no_material_spans=0 mode_refused=0 no_record=0 | untex_refused=0
SMOKE: NOTE the particle-to-raster path is QUIESCENT in this fixture: PART.PROJECT projected 30, PART.LADDER made 30 decision(s), and PART.EXPAND emitted NO polygon particle -- so PART.CLIPFEED, the NO_MATERIAL span and GEOM.CLIPDOOR's third client were NEVER REACHED. THIS SMOKE IS NOT EVIDENCE ABOUT THAT PATH. tests/prod/partmat_acceptance.cpp and tests/particles/part_clipfeed_directed.cpp are.
SMOKE: assetpath  considered=3 fetched=3 culled=0 refused[fmt/crc/gen/vc/tc/resv/bound]=[0 0 0 0 0 0 0]
SMOKE: assetpath  meshlets=3 beats=120 denied[mf/af]=[0 0] footprint_refused=0 beat_err[trunc/over/unowned]=[0 0 0]
SMOKE: desc crc   descriptors=3 fail=0 framing=0
SMOKE: memadapter jobs[a/b]=[3 15] denied=0 contention=3 err[short/long/unowned]=[0 0 0]
SMOKE: assemble   meshlets=3 triangles=8 refused[limits/index]=[0 0]
SMOKE: vertid     tris=14 refs=42 published=30 reused=12 unshared=0
SMOKE: vertid     opens=6 sunk=0 stall=1238
SMOKE: paramarena verts=30 tris=14 chunks=0 frames=1 unsealed=0
SMOKE: paramarena denied=0 overflow=0 discarded=0 overrun=0 fault=0 src=0
SMOKE: paramarena flipblock=0 pubblock=46 addrbad=0 scrcontend=0 retireunder=0
SMOKE: paramalign arena_unaligned=0 walk_unaligned=0
SMOKE: paramwalk  dirs=0 dirmiss=0 chunks=0 stale=0 illegal=0 depth=0
SMOKE: paramwalk  tris=0 trisbad=0 cut=0 denied=0 short=0 stray=0 genrace=0
SMOKE: geomwshare denied=0 contention=1 err[short/long/unowned]=[0 0 0] retireunowned=0 wbeatunowned=0 ledgerfull=74
SMOKE: sdram      model_error=0 kinds[trcd/trp/trc/refresh/protocol/mrs]=000000
SMOKE: vdecode    records_expected=24 decoded=24 refused[reserved/w0/format]=[0 0 0]
SMOKE: geometry   skinned=24 vertices_sent=48 a_grants=78 landings=48 groups_opened=6 groups_sealed=6
SMOKE: pose pal   served=24 bones_written=0 bone_unset=48 bone_oob=0 palettes_decoded=0
SMOKE: rate       skin 24 moves, steady 62.47 clk/vertex | landings 48, steady 30.59 clk/landing | replay 16 view-tris, steady 97.60 clk/view-tri | frame span 1743 clk (first decode -> last release)
SMOKE: loop       decode[0..1446] skin[9..1446] land[60..1498] replay[276..1740] release=1743 | total=1743 clk
SMOKE: aflat      GEOM.ASSETFETCH 15 line request(s): contention=171 clk, verdict+SDRAM wait=529 clk, beats=628 clk | 88.53 clk per 64-byte line
SMOKE: invtx      IN-MESHLET vertex rate 10.00 clk/vertex over 8 vertices of meshlet 1 (the frame-wide figure on the rate line spans the gaps BETWEEN meshlets and is a different quantity)
SMOKE: loop2      meshlets=3 retire[first=821 last=1743] steady_period=461.00 clk | af_release[n=3 first=186 last=1553] | meshlet2_first_decode=706
SMOKE: skin norm  vertices=24 degenerate=0 reduced=0 fork_stall_cycles=21
SMOKE: light      lit=24 seen=24 bad=0 last_rgb=64406/44459/31863 (reference 64406/44459/31863) adapter_refused=0 cfg_refused=0
SMOKE: light env  cmd_envs=1 records=1 loads=2 superseded=0 gen=0
SMOKE: replay     meshlets=3 handles=6 tri_in=8 tri_out=16 refused=0 missed=0 att_skew=0 view_bad=0
SMOKE: vattr      landings=48 rows=48 colours=48 uv=24 lq_overflow=0 index_oob=0 look_oob=0 profile_mixed=0 dq_refused=0 dq_stray=0
SMOKE: r31        holes=0 groups_poisoned=0 holes_early=0 replay_poisoned=0
SMOKE: clip       submitted=16 clipped=2 culled=0 setup_submitted=14 (reference: 16 / 2 / 0 / 14)
SMOKE: raster     pixels=2560 bursts=160 issued=94720 retired=94720 busy=0 drained=1 fatal=0 stream_err=0 overflow=0
SMOKE: renderlease leases_granted=1 refused=0 clears=1 frames_admitted=1
SMOKE: terrain    tess_vertices=81 tess_refs=18 fills_forwarded=81 refs_forwarded=16 groups_opened=1 b_grants=81
SMOKE: projector  a_grants=78 b_grants=81 contended=0 replay_triangles=16
SMOKE: terrcompose hdr_headers=0 hdr_refused=0 ps_lattices=0 ps_vertices=0 ps_cells=0 place_patches=0 pt_samples=0 | cc_filled=0 cc_served=0 cc_records=0 cc_serving=0 cc_overrun=0 lat_oob=0 mat_cells=0
SMOKE: terruv    refs_taken=16 emitted=16 stale=0 pitch_clamped=0 pitch_illegal=0
SMOKE: terrlight refs_taken=16 lights=12 shaded=12 normals=14 stale=0 degenerate=12 sat=0 degen_mismatch=0
SMOKE: measure    snapshots=3
SMOKE: spawn-on-collision: collisions_applied=6 contacts_stick=6 spawn_by_event=[0 0 6 0]
SMOKE: children written=6, of which at the POST-CONTACT position (y=102)=6
SMOKE: child accounting: requested=6 emitted=6 refused=0 written=6 dropped_cap=0 staging_stalls=0 max_in_tick=6
SMOKE: particle store: seeds=1 refused=0 ticks=3 dropped=0 unseeded=0 rd_bursts=8 wr_bursts=9 read=30 written=36 ddr_rd_beats=60 ddr_records_landed=36 cur_buf=1 cur_count=12 c3_bursts=17 c3_wait=17
SMOKE: particle store faults: bridge_errs=0 ticks_faulted=0 discarded=0 ; arbiter pend_dropped=0 mask=00000000
[7589420000] %Fatal: tb_zhao_console_core_smoke.sv:6370: Assertion failed in tb_zhao_console_core_smoke.run: SMOKE: 12 of 12 terrain triangles are DEGENERATE -- the compose cache is serving POISON again (see `SMOKE: terrcompose`: patches_filled and serve_valid are the numbers to read)
%Error: C:/programmieren/zencrifice/gz-attrsetup/tests/prod\tb_zhao_console_core_smoke.sv:6370: Verilog $stop
Aborting...
SMOKE_RC=1
