+----------------------------------------------------------------------+
; Setup Transfers                                                      ;
+------------+-----------+------------+----------+----------+----------+
; From Clock ; To Clock  ; RR Paths   ; FR Paths ; RF Paths ; FF Paths ;
+------------+-----------+------------+----------+----------+----------+
; audio_clk  ; audio_clk ; 5583       ; 0        ; 0        ; 0        ;
; gpu_clk    ; audio_clk ; false path ; 0        ; 0        ; 0        ;
; audio_clk  ; gpu_clk   ; false path ; 0        ; 0        ; 0        ;
; gpu_clk    ; gpu_clk   ; 1089062086 ; 0        ; 0        ; 0        ;
; vid_clk    ; gpu_clk   ; 173        ; 0        ; 0        ; 0        ;
; gpu_clk    ; vid_clk   ; 20         ; 0        ; 0        ; 0        ;
; vid_clk    ; vid_clk   ; 94212      ; 0        ; 0        ; 0        ;
+------------+-----------+------------+----------+----------+----------+
Entries labeled "false path" only account for clock-to-clock false paths and not path-based false paths. As a result, actual path counts may be lower than reported.

+----------------------------------------------------------------------+
; Hold Transfers                                                       ;
+------------+-----------+------------+----------+----------+----------+
; From Clock ; To Clock  ; RR Paths   ; FR Paths ; RF Paths ; FF Paths ;
+------------+-----------+------------+----------+----------+----------+
; audio_clk  ; audio_clk ; 5583       ; 0        ; 0        ; 0        ;
; gpu_clk    ; audio_clk ; false path ; 0        ; 0        ; 0        ;
; audio_clk  ; gpu_clk   ; false path ; 0        ; 0        ; 0        ;
; gpu_clk    ; gpu_clk   ; 1089062086 ; 0        ; 0        ; 0        ;
; vid_clk    ; gpu_clk   ; 173        ; 0        ; 0        ; 0        ;
; gpu_clk    ; vid_clk   ; 20         ; 0        ; 0        ; 0        ;
; vid_clk    ; vid_clk   ; 94212      ; 0        ; 0        ; 0        ;
+------------+-----------+------------+----------+----------+----------+
Entries labeled "false path" only account for clock-to-clock false paths and not path-based false paths. As a result, actual path counts may be lower than reported.

